
> myloginappfrontend@0.0.0 test
> vitest --run


[1m[7m[36m RUN [39m[27m[22m [36mv2.1.9 [39m[90mD:/Projects/MyLogin/frontend[39m

 [31mΓ¥»[39m src/tests/API.test.js [2m([22m[2m3 tests[22m[2m | [22m[31m2 failed[39m[2m)[22m[90m 273[2mms[22m[39m
[31m   [31m├ù[31m API Configuration[2m > [22mshould add authorization header when token exists[90m 14[2mms[22m[31m[39m
[31m     ΓåÆ expected undefined to be 'test-token-12345' // Object.is equality[39m
[31m   [31m├ù[31m API Configuration[2m > [22mshould not add authorization header when token is missing[90m 1[2mms[22m[31m[39m
[31m     ΓåÆ expected undefined to be null[39m
node.exe : [90mstderr[2m | src/tests/Profile.test.jsx[2m > [22m[2mProfile Component[2m > [22m[2mshould render profile 
page with heading
At line:1 char:1
+ & "C:\Program Files\nodejs/node.exe" "C:\Users\#A.W\AppData\Roaming\n ...
+ ~~~~~~~~~~~~~~~~~~~~~~~~~~~~~~~~~~~~~~~~~~~~~~~~~~~~~~~~~~~~~~~~~~~~~
    + CategoryInfo          : NotSpecified: ([90mstderr[2m...ge with heading:String) [], RemoteException
    + FullyQualifiedErrorId : NativeCommandError
 
[22m[39mError: Not implemented: window.alert
    at module.exports (D:\Projects\MyLogin\frontend\node_modules\jsdom\lib\jsdom\browser\not-implemented.js:9:17)
    at D:\Projects\MyLogin\frontend\node_modules\jsdom\lib\jsdom\browser\Window.js:962:7
    at fetchProfile (D:\Projects\MyLogin\frontend\src\pages\Profile.jsx:15:9)
    at D:\Projects\MyLogin\frontend\src\pages\Profile.jsx:19:5
    at Object.react_stack_bottom_frame 
(D:\Projects\MyLogin\frontend\node_modules\react-dom\cjs\react-dom-client.development.js:25989:20)
    at runWithFiberInDEV (D:\Projects\MyLogin\frontend\node_modules\react-dom\cjs\react-dom-client.development.js:874:13)
    at commitHookEffectListMount 
(D:\Projects\MyLogin\frontend\node_modules\react-dom\cjs\react-dom-client.development.js:13249:29)
    at commitHookPassiveMountEffects 
(D:\Projects\MyLogin\frontend\node_modules\react-dom\cjs\react-dom-client.development.js:13336:11)
    at commitPassiveMountOnFiber 
(D:\Projects\MyLogin\frontend\node_modules\react-dom\cjs\react-dom-client.development.js:15484:13)
    at recursivelyTraversePassiveMountEffects 
(D:\Projects\MyLogin\frontend\node_modules\react-dom\cjs\react-dom-client.development.js:15439:11) [90mundefined[39m

[90mstderr[2m | src/tests/Profile.test.jsx[2m > [22m[2mProfile Component[2m > [22m[2mshould display user name when 
profile data loads
[22m[39mError: Not implemented: window.alert
    at module.exports (D:\Projects\MyLogin\frontend\node_modules\jsdom\lib\jsdom\browser\not-implemented.js:9:17)
    at D:\Projects\MyLogin\frontend\node_modules\jsdom\lib\jsdom\browser\Window.js:962:7
    at fetchProfile (D:\Projects\MyLogin\frontend\src\pages\Profile.jsx:15:9)
    at D:\Projects\MyLogin\frontend\src\pages\Profile.jsx:19:5
    at Object.react_stack_bottom_frame 
(D:\Projects\MyLogin\frontend\node_modules\react-dom\cjs\react-dom-client.development.js:25989:20)
    at runWithFiberInDEV (D:\Projects\MyLogin\frontend\node_modules\react-dom\cjs\react-dom-client.development.js:874:13)
    at commitHookEffectListMount 
(D:\Projects\MyLogin\frontend\node_modules\react-dom\cjs\react-dom-client.development.js:13249:29)
    at commitHookPassiveMountEffects 
(D:\Projects\MyLogin\frontend\node_modules\react-dom\cjs\react-dom-client.development.js:13336:11)
    at commitPassiveMountOnFiber 
(D:\Projects\MyLogin\frontend\node_modules\react-dom\cjs\react-dom-client.development.js:15484:13)
    at recursivelyTraversePassiveMountEffects 
(D:\Projects\MyLogin\frontend\node_modules\react-dom\cjs\react-dom-client.development.js:15439:11) [90mundefined[39m

 [31mΓ¥»[39m src/tests/Navbar.test.jsx [2m([22m[2m8 tests[22m[2m | [22m[31m6 failed[39m[2m)[22m[90m 201[2mms[22m[39m
[31m   [31m├ù[31m Navbar Component[2m > [22mshould render navbar when authenticated as user[90m 24[2mms[22m[31m[39m
[31m     ΓåÆ Unable to find an element with the text: My Login. This could be because the text is broken up by multiple elements. In this case, you can provide a function for your text matcher to make your matcher more flexible.

Ignored nodes: comments, script, style
[36m<body>[31m
  [36m<div />[31m
[36m</body>[31m[39m
[31m   [31m├ù[31m Navbar Component[2m > [22mshould render admin link when authenticated as admin[90m 19[2mms[22m[31m[39m
[31m     ΓåÆ Unable to find an element with the text: My Login. This could be because the text is broken up by multiple elements. In this case, you can provide a function for your text matcher to make your matcher more flexible.

Ignored nodes: comments, script, style
[36m<body>[31m
  [36m<div />[31m
[36m</body>[31m[39m
[31m   [31m├ù[31m Navbar Component[2m > [22mshould have logout button[90m 69[2mms[22m[31m[39m
[31m     ΓåÆ Unable to find an accessible element with the role "button" and name `/logout/i`

There are no accessible roles. But there might be some inaccessible roles. If you wish to access them, then set the `hidden` option to `true`. Learn more about this here: https://testing-library.com/docs/dom-testing-library/api-queries#byrole

Ignored nodes: comments, script, style
[36m<body>[31m
  [36m<div />[31m
[36m</body>[31m[39m
[31m   [31m├ù[31m Navbar Component[2m > [22mshould have hamburger menu on mobile[90m 9[2mms[22m[31m[39m
[31m     ΓåÆ Unable to find an accessible element with the role "button"

There are no accessible roles. But there might be some inaccessible roles. If you wish to access them, then set the `hidden` option to `true`. Learn more about this here: https://testing-library.com/docs/dom-testing-library/api-queries#byrole

Ignored nodes: comments, script, style
[36m<body>[31m
  [36m<div />[31m
[36m</body>[31m[39m
[31m   [31m├ù[31m Navbar Component[2m > [22mshould toggle mobile menu[90m 14[2mms[22m[31m[39m
[31m     ΓåÆ Unable to find an accessible element with the role "button"

There are no accessible roles. But there might be some inaccessible roles. If you wish to access them, then set the `hidden` option to `true`. Learn more about this here: https://testing-library.com/docs/dom-testing-library/api-queries#byrole

Ignored nodes: comments, script, style
[36m<body>[31m
  [36m<div />[31m
[36m</body>[31m[39m
[31m   [31m├ù[31m Navbar Component[2m > [22mshould clear localStorage on logout[90m 7[2mms[22m[31m[39m
[31m     ΓåÆ Unable to find an accessible element with the role "button" and name `/logout/i`

There are no accessible roles. But there might be some inaccessible roles. If you wish to access them, then set the `hidden` option to `true`. Learn more about this here: https://testing-library.com/docs/dom-testing-library/api-queries#byrole

Ignored nodes: comments, script, style
[36m<body>[31m
  [36m<div />[31m
[36m</body>[31m[39m
[90mstderr[2m | src/tests/AdminDashboard.test.jsx[2m > [22m[2mAdminDashboard Component[2m > [22m[2mshould render Admin 
Dashboard heading
[22m[39mError: Not implemented: window.alert
    at module.exports (D:\Projects\MyLogin\frontend\node_modules\jsdom\lib\jsdom\browser\not-implemented.js:9:17)
    at D:\Projects\MyLogin\frontend\node_modules\jsdom\lib\jsdom\browser\Window.js:962:7
    at fetchUsers (D:\Projects\MyLogin\frontend\src\pages\AdminDashboard.jsx:21:7)
    at D:\Projects\MyLogin\frontend\src\pages\AdminDashboard.jsx:35:5
    at Object.react_stack_bottom_frame 
(D:\Projects\MyLogin\frontend\node_modules\react-dom\cjs\react-dom-client.development.js:25989:20)
    at runWithFiberInDEV (D:\Projects\MyLogin\frontend\node_modules\react-dom\cjs\react-dom-client.development.js:874:13)
    at commitHookEffectListMount 
(D:\Projects\MyLogin\frontend\node_modules\react-dom\cjs\react-dom-client.development.js:13249:29)
    at commitHookPassiveMountEffects 
(D:\Projects\MyLogin\frontend\node_modules\react-dom\cjs\react-dom-client.development.js:13336:11)
    at commitPassiveMountOnFiber 
(D:\Projects\MyLogin\frontend\node_modules\react-dom\cjs\react-dom-client.development.js:15484:13)
    at recursivelyTraversePassiveMountEffects 
(D:\Projects\MyLogin\frontend\node_modules\react-dom\cjs\react-dom-client.development.js:15439:11) [90mundefined[39m
Error: Not implemented: window.alert
    at module.exports (D:\Projects\MyLogin\frontend\node_modules\jsdom\lib\jsdom\browser\not-implemented.js:9:17)
    at D:\Projects\MyLogin\frontend\node_modules\jsdom\lib\jsdom\browser\Window.js:962:7
    at fetchTasks (D:\Projects\MyLogin\frontend\src\pages\AdminDashboard.jsx:30:7)
    at D:\Projects\MyLogin\frontend\src\pages\AdminDashboard.jsx:36:5
    at Object.react_stack_bottom_frame 
(D:\Projects\MyLogin\frontend\node_modules\react-dom\cjs\react-dom-client.development.js:25989:20)
    at runWithFiberInDEV (D:\Projects\MyLogin\frontend\node_modules\react-dom\cjs\react-dom-client.development.js:874:13)
    at commitHookEffectListMount 
(D:\Projects\MyLogin\frontend\node_modules\react-dom\cjs\react-dom-client.development.js:13249:29)
    at commitHookPassiveMountEffects 
(D:\Projects\MyLogin\frontend\node_modules\react-dom\cjs\react-dom-client.development.js:13336:11)
    at commitPassiveMountOnFiber 
(D:\Projects\MyLogin\frontend\node_modules\react-dom\cjs\react-dom-client.development.js:15484:13)
    at recursivelyTraversePassiveMountEffects 
(D:\Projects\MyLogin\frontend\node_modules\react-dom\cjs\react-dom-client.development.js:15439:11) [90mundefined[39m

[90mstderr[2m | src/tests/AdminDashboard.test.jsx[2m > [22m[2mAdminDashboard Component[2m > [22m[2mshould display 
Users tab
[22m[39mError: Not implemented: window.alert
    at module.exports (D:\Projects\MyLogin\frontend\node_modules\jsdom\lib\jsdom\browser\not-implemented.js:9:17)
    at D:\Projects\MyLogin\frontend\node_modules\jsdom\lib\jsdom\browser\Window.js:962:7
    at fetchUsers (D:\Projects\MyLogin\frontend\src\pages\AdminDashboard.jsx:21:7)
    at D:\Projects\MyLogin\frontend\src\pages\AdminDashboard.jsx:35:5
    at Object.react_stack_bottom_frame 
(D:\Projects\MyLogin\frontend\node_modules\react-dom\cjs\react-dom-client.development.js:25989:20)
    at runWithFiberInDEV (D:\Projects\MyLogin\frontend\node_modules\react-dom\cjs\react-dom-client.development.js:874:13)
    at commitHookEffectListMount 
(D:\Projects\MyLogin\frontend\node_modules\react-dom\cjs\react-dom-client.development.js:13249:29)
    at commitHookPassiveMountEffects 
(D:\Projects\MyLogin\frontend\node_modules\react-dom\cjs\react-dom-client.development.js:13336:11)
    at commitPassiveMountOnFiber 
(D:\Projects\MyLogin\frontend\node_modules\react-dom\cjs\react-dom-client.development.js:15484:13)
    at recursivelyTraversePassiveMountEffects 
(D:\Projects\MyLogin\frontend\node_modules\react-dom\cjs\react-dom-client.development.js:15439:11) [90mundefined[39m
Error: Not implemented: window.alert
    at module.exports (D:\Projects\MyLogin\frontend\node_modules\jsdom\lib\jsdom\browser\not-implemented.js:9:17)
    at D:\Projects\MyLogin\frontend\node_modules\jsdom\lib\jsdom\browser\Window.js:962:7
    at fetchTasks (D:\Projects\MyLogin\frontend\src\pages\AdminDashboard.jsx:30:7)
    at D:\Projects\MyLogin\frontend\src\pages\AdminDashboard.jsx:36:5
    at Object.react_stack_bottom_frame 
(D:\Projects\MyLogin\frontend\node_modules\react-dom\cjs\react-dom-client.development.js:25989:20)
    at runWithFiberInDEV (D:\Projects\MyLogin\frontend\node_modules\react-dom\cjs\react-dom-client.development.js:874:13)
    at commitHookEffectListMount 
(D:\Projects\MyLogin\frontend\node_modules\react-dom\cjs\react-dom-client.development.js:13249:29)
    at commitHookPassiveMountEffects 
(D:\Projects\MyLogin\frontend\node_modules\react-dom\cjs\react-dom-client.development.js:13336:11)
    at commitPassiveMountOnFiber 
(D:\Projects\MyLogin\frontend\node_modules\react-dom\cjs\react-dom-client.development.js:15484:13)
    at recursivelyTraversePassiveMountEffects 
(D:\Projects\MyLogin\frontend\node_modules\react-dom\cjs\react-dom-client.development.js:15439:11) [90mundefined[39m

[90mstderr[2m | src/tests/AdminDashboard.test.jsx[2m > [22m[2mAdminDashboard Component[2m > [22m[2mshould display 
Tasks tab
[22m[39mError: Not implemented: window.alert
    at module.exports (D:\Projects\MyLogin\frontend\node_modules\jsdom\lib\jsdom\browser\not-implemented.js:9:17)
    at D:\Projects\MyLogin\frontend\node_modules\jsdom\lib\jsdom\browser\Window.js:962:7
    at fetchUsers (D:\Projects\MyLogin\frontend\src\pages\AdminDashboard.jsx:21:7)
    at D:\Projects\MyLogin\frontend\src\pages\AdminDashboard.jsx:35:5
    at Object.react_stack_bottom_frame 
(D:\Projects\MyLogin\frontend\node_modules\react-dom\cjs\react-dom-client.development.js:25989:20)
    at runWithFiberInDEV (D:\Projects\MyLogin\frontend\node_modules\react-dom\cjs\react-dom-client.development.js:874:13)
    at commitHookEffectListMount 
(D:\Projects\MyLogin\frontend\node_modules\react-dom\cjs\react-dom-client.development.js:13249:29)
    at commitHookPassiveMountEffects 
(D:\Projects\MyLogin\frontend\node_modules\react-dom\cjs\react-dom-client.development.js:13336:11)
    at commitPassiveMountOnFiber 
(D:\Projects\MyLogin\frontend\node_modules\react-dom\cjs\react-dom-client.development.js:15484:13)
    at recursivelyTraversePassiveMountEffects 
(D:\Projects\MyLogin\frontend\node_modules\react-dom\cjs\react-dom-client.development.js:15439:11) [90mundefined[39m
Error: Not implemented: window.alert
    at module.exports (D:\Projects\MyLogin\frontend\node_modules\jsdom\lib\jsdom\browser\not-implemented.js:9:17)
    at D:\Projects\MyLogin\frontend\node_modules\jsdom\lib\jsdom\browser\Window.js:962:7
    at fetchTasks (D:\Projects\MyLogin\frontend\src\pages\AdminDashboard.jsx:30:7)
    at D:\Projects\MyLogin\frontend\src\pages\AdminDashboard.jsx:36:5
    at Object.react_stack_bottom_frame 
(D:\Projects\MyLogin\frontend\node_modules\react-dom\cjs\react-dom-client.development.js:25989:20)
    at runWithFiberInDEV (D:\Projects\MyLogin\frontend\node_modules\react-dom\cjs\react-dom-client.development.js:874:13)
    at commitHookEffectListMount 
(D:\Projects\MyLogin\frontend\node_modules\react-dom\cjs\react-dom-client.development.js:13249:29)
    at commitHookPassiveMountEffects 
(D:\Projects\MyLogin\frontend\node_modules\react-dom\cjs\react-dom-client.development.js:13336:11)
    at commitPassiveMountOnFiber 
(D:\Projects\MyLogin\frontend\node_modules\react-dom\cjs\react-dom-client.development.js:15484:13)
    at recursivelyTraversePassiveMountEffects 
(D:\Projects\MyLogin\frontend\node_modules\react-dom\cjs\react-dom-client.development.js:15439:11) [90mundefined[39m

[90mstderr[2m | src/tests/AdminDashboard.test.jsx[2m > [22m[2mAdminDashboard Component[2m > [22m[2mshould fetch users 
on mount
[22m[39mError: Not implemented: window.alert
    at module.exports (D:\Projects\MyLogin\frontend\node_modules\jsdom\lib\jsdom\browser\not-implemented.js:9:17)
    at D:\Projects\MyLogin\frontend\node_modules\jsdom\lib\jsdom\browser\Window.js:962:7
    at fetchUsers (D:\Projects\MyLogin\frontend\src\pages\AdminDashboard.jsx:21:7)
    at D:\Projects\MyLogin\frontend\src\pages\AdminDashboard.jsx:35:5
    at Object.react_stack_bottom_frame 
(D:\Projects\MyLogin\frontend\node_modules\react-dom\cjs\react-dom-client.development.js:25989:20)
    at runWithFiberInDEV (D:\Projects\MyLogin\frontend\node_modules\react-dom\cjs\react-dom-client.development.js:874:13)
    at commitHookEffectListMount 
(D:\Projects\MyLogin\frontend\node_modules\react-dom\cjs\react-dom-client.development.js:13249:29)
    at commitHookPassiveMountEffects 
(D:\Projects\MyLogin\frontend\node_modules\react-dom\cjs\react-dom-client.development.js:13336:11)
    at commitPassiveMountOnFiber 
(D:\Projects\MyLogin\frontend\node_modules\react-dom\cjs\react-dom-client.development.js:15484:13)
    at recursivelyTraversePassiveMountEffects 
(D:\Projects\MyLogin\frontend\node_modules\react-dom\cjs\react-dom-client.development.js:15439:11) [90mundefined[39m
Error: Not implemented: window.alert
    at module.exports (D:\Projects\MyLogin\frontend\node_modules\jsdom\lib\jsdom\browser\not-implemented.js:9:17)
    at D:\Projects\MyLogin\frontend\node_modules\jsdom\lib\jsdom\browser\Window.js:962:7
    at fetchTasks (D:\Projects\MyLogin\frontend\src\pages\AdminDashboard.jsx:30:7)
    at D:\Projects\MyLogin\frontend\src\pages\AdminDashboard.jsx:36:5
    at Object.react_stack_bottom_frame 
(D:\Projects\MyLogin\frontend\node_modules\react-dom\cjs\react-dom-client.development.js:25989:20)
    at runWithFiberInDEV (D:\Projects\MyLogin\frontend\node_modules\react-dom\cjs\react-dom-client.development.js:874:13)
    at commitHookEffectListMount 
(D:\Projects\MyLogin\frontend\node_modules\react-dom\cjs\react-dom-client.development.js:13249:29)
    at commitHookPassiveMountEffects 
(D:\Projects\MyLogin\frontend\node_modules\react-dom\cjs\react-dom-client.development.js:13336:11)
    at commitPassiveMountOnFiber 
(D:\Projects\MyLogin\frontend\node_modules\react-dom\cjs\react-dom-client.development.js:15484:13)
    at recursivelyTraversePassiveMountEffects 
(D:\Projects\MyLogin\frontend\node_modules\react-dom\cjs\react-dom-client.development.js:15439:11) [90mundefined[39m

[90mstderr[2m | src/tests/Tasks.test.jsx[2m > [22m[2mTasks Component[2m > [22m[2mshould render Tasks page with heading
[22m[39mError: Not implemented: window.alert
    at module.exports (D:\Projects\MyLogin\frontend\node_modules\jsdom\lib\jsdom\browser\not-implemented.js:9:17)
    at D:\Projects\MyLogin\frontend\node_modules\jsdom\lib\jsdom\browser\Window.js:962:7
    at fetchTasks (D:\Projects\MyLogin\frontend\src\pages\Tasks.jsx:17:7)
    at D:\Projects\MyLogin\frontend\src\pages\Tasks.jsx:22:5
    at Object.react_stack_bottom_frame 
(D:\Projects\MyLogin\frontend\node_modules\react-dom\cjs\react-dom-client.development.js:25989:20)
    at runWithFiberInDEV (D:\Projects\MyLogin\frontend\node_modules\react-dom\cjs\react-dom-client.development.js:874:13)
    at commitHookEffectListMount 
(D:\Projects\MyLogin\frontend\node_modules\react-dom\cjs\react-dom-client.development.js:13249:29)
    at commitHookPassiveMountEffects 
(D:\Projects\MyLogin\frontend\node_modules\react-dom\cjs\react-dom-client.development.js:13336:11)
    at commitPassiveMountOnFiber 
(D:\Projects\MyLogin\frontend\node_modules\react-dom\cjs\react-dom-client.development.js:15484:13)
    at recursivelyTraversePassiveMountEffects 
(D:\Projects\MyLogin\frontend\node_modules\react-dom\cjs\react-dom-client.development.js:15439:11) [90mundefined[39m

[90mstderr[2m | src/tests/Tasks.test.jsx[2m > [22m[2mTasks Component[2m > [22m[2mshould display create task form
[22m[39mError: Not implemented: window.alert
    at module.exports (D:\Projects\MyLogin\frontend\node_modules\jsdom\lib\jsdom\browser\not-implemented.js:9:17)
    at D:\Projects\MyLogin\frontend\node_modules\jsdom\lib\jsdom\browser\Window.js:962:7
    at fetchTasks (D:\Projects\MyLogin\frontend\src\pages\Tasks.jsx:17:7)
    at D:\Projects\MyLogin\frontend\src\pages\Tasks.jsx:22:5
    at Object.react_stack_bottom_frame 
(D:\Projects\MyLogin\frontend\node_modules\react-dom\cjs\react-dom-client.development.js:25989:20)
    at runWithFiberInDEV (D:\Projects\MyLogin\frontend\node_modules\react-dom\cjs\react-dom-client.development.js:874:13)
    at commitHookEffectListMount 
(D:\Projects\MyLogin\frontend\node_modules\react-dom\cjs\react-dom-client.development.js:13249:29)
    at commitHookPassiveMountEffects 
(D:\Projects\MyLogin\frontend\node_modules\react-dom\cjs\react-dom-client.development.js:13336:11)
    at commitPassiveMountOnFiber 
(D:\Projects\MyLogin\frontend\node_modules\react-dom\cjs\react-dom-client.development.js:15484:13)
    at recursivelyTraversePassiveMountEffects 
(D:\Projects\MyLogin\frontend\node_modules\react-dom\cjs\react-dom-client.development.js:15439:11) [90mundefined[39m

[90mstderr[2m | src/tests/Tasks.test.jsx[2m > [22m[2mTasks Component[2m > [22m[2mshould have task description input 
field
[22m[39mError: Not implemented: window.alert
    at module.exports (D:\Projects\MyLogin\frontend\node_modules\jsdom\lib\jsdom\browser\not-implemented.js:9:17)
    at D:\Projects\MyLogin\frontend\node_modules\jsdom\lib\jsdom\browser\Window.js:962:7
    at fetchTasks (D:\Projects\MyLogin\frontend\src\pages\Tasks.jsx:17:7)
    at D:\Projects\MyLogin\frontend\src\pages\Tasks.jsx:22:5
    at Object.react_stack_bottom_frame 
(D:\Projects\MyLogin\frontend\node_modules\react-dom\cjs\react-dom-client.development.js:25989:20)
    at runWithFiberInDEV (D:\Projects\MyLogin\frontend\node_modules\react-dom\cjs\react-dom-client.development.js:874:13)
    at commitHookEffectListMount 
(D:\Projects\MyLogin\frontend\node_modules\react-dom\cjs\react-dom-client.development.js:13249:29)
    at commitHookPassiveMountEffects 
(D:\Projects\MyLogin\frontend\node_modules\react-dom\cjs\react-dom-client.development.js:13336:11)
    at commitPassiveMountOnFiber 
(D:\Projects\MyLogin\frontend\node_modules\react-dom\cjs\react-dom-client.development.js:15484:13)
    at recursivelyTraversePassiveMountEffects 
(D:\Projects\MyLogin\frontend\node_modules\react-dom\cjs\react-dom-client.development.js:15439:11) [90mundefined[39m

[90mstderr[2m | src/tests/Tasks.test.jsx[2m > [22m[2mTasks Component[2m > [22m[2mshould have Add Task or Create button
[22m[39mError: Not implemented: window.alert
    at module.exports (D:\Projects\MyLogin\frontend\node_modules\jsdom\lib\jsdom\browser\not-implemented.js:9:17)
    at D:\Projects\MyLogin\frontend\node_modules\jsdom\lib\jsdom\browser\Window.js:962:7
    at fetchTasks (D:\Projects\MyLogin\frontend\src\pages\Tasks.jsx:17:7)
    at D:\Projects\MyLogin\frontend\src\pages\Tasks.jsx:22:5
    at Object.react_stack_bottom_frame 
(D:\Projects\MyLogin\frontend\node_modules\react-dom\cjs\react-dom-client.development.js:25989:20)
    at runWithFiberInDEV (D:\Projects\MyLogin\frontend\node_modules\react-dom\cjs\react-dom-client.development.js:874:13)
    at commitHookEffectListMount 
(D:\Projects\MyLogin\frontend\node_modules\react-dom\cjs\react-dom-client.development.js:13249:29)
    at commitHookPassiveMountEffects 
(D:\Projects\MyLogin\frontend\node_modules\react-dom\cjs\react-dom-client.development.js:13336:11)
    at commitPassiveMountOnFiber 
(D:\Projects\MyLogin\frontend\node_modules\react-dom\cjs\react-dom-client.development.js:15484:13)
    at recursivelyTraversePassiveMountEffects 
(D:\Projects\MyLogin\frontend\node_modules\react-dom\cjs\react-dom-client.development.js:15439:11) [90mundefined[39m

[90mstderr[2m | src/tests/Tasks.test.jsx[2m > [22m[2mTasks Component[2m > [22m[2mshould fetch user tasks on mount
[22m[39mError: Not implemented: window.alert
    at module.exports (D:\Projects\MyLogin\frontend\node_modules\jsdom\lib\jsdom\browser\not-implemented.js:9:17)
    at D:\Projects\MyLogin\frontend\node_modules\jsdom\lib\jsdom\browser\Window.js:962:7
    at fetchTasks (D:\Projects\MyLogin\frontend\src\pages\Tasks.jsx:17:7)
    at D:\Projects\MyLogin\frontend\src\pages\Tasks.jsx:22:5
    at Object.react_stack_bottom_frame 
(D:\Projects\MyLogin\frontend\node_modules\react-dom\cjs\react-dom-client.development.js:25989:20)
    at runWithFiberInDEV (D:\Projects\MyLogin\frontend\node_modules\react-dom\cjs\react-dom-client.development.js:874:13)
    at commitHookEffectListMount 
(D:\Projects\MyLogin\frontend\node_modules\react-dom\cjs\react-dom-client.development.js:13249:29)
    at commitHookPassiveMountEffects 
(D:\Projects\MyLogin\frontend\node_modules\react-dom\cjs\react-dom-client.development.js:13336:11)
    at commitPassiveMountOnFiber 
(D:\Projects\MyLogin\frontend\node_modules\react-dom\cjs\react-dom-client.development.js:15484:13)
    at recursivelyTraversePassiveMountEffects 
(D:\Projects\MyLogin\frontend\node_modules\react-dom\cjs\react-dom-client.development.js:15439:11) [90mundefined[39m

 [32mΓ£ô[39m src/tests/Login.test.jsx [2m([22m[2m7 tests[22m[2m)[22m[33m 791[2mms[22m[39m
 [31mΓ¥»[39m src/tests/Signup.test.jsx [2m([22m[2m8 tests[22m[2m | [22m[31m1 failed[39m[2m)[22m[33m 907[2mms[22m[39m
[31m   [31m├ù[31m Signup Component[2m > [22mshould render create account heading[90m 23[2mms[22m[31m[39m
[31m     ΓåÆ Found multiple elements with the text: Create Account

Here are the matching elements:

Ignored nodes: comments, script, style
[36m<h2[31m
  [33mclass[31m=[32m"text-2xl sm:text-4xl font-extrabold bg-gradient-to-r from-purple-400 to-pink-300 bg-clip-text text-transparent"[31m
[36m>[31m
  [0mCreate Account[0m
[36m</h2>[31m

Ignored nodes: comments, script, style
[36m<button[31m
  [33mclass[31m=[32m"w-full mt-6 sm:mt-8 bg-gradient-to-r from-purple-600 to-pink-500 hover:from-purple-700 hover:to-pink-600 text-white font-bold py-3 sm:py-4 rounded-2xl transition-all duration-300 shadow-lg hover:shadow-pink-500/50 text-sm sm:text-base"[31m
[36m>[31m
  [0mCreate Account[0m
[36m</button>[31m

(If this is intentional, then use the `*AllBy*` variant of the query (like `queryAllByText`, `getAllByText`, or `findAllByText`)).

Ignored nodes: comments, script, style
[36m<body>[31m
  [36m<div>[31m
    [36m<div[31m
      [33mclass[31m=[32m"flex items-center justify-center min-h-screen bg-gradient-to-br from-slate-900 via-slate-800 to-slate-900 relative overflow-hidden p-4"[31m
    [36m>[31m
      [36m<div[31m
        [33mclass[31m=[32m"absolute top-0 left-0 w-48 h-48 sm:w-96 sm:h-96 bg-purple-500 opacity-10 rounded-full blur-3xl -translate-x-1/2 -translate-y-1/2 animate-pulse"[31m
      [36m/>[31m
      [36m<div[31m
        [33mclass[31m=[32m"absolute bottom-0 right-0 w-48 h-48 sm:w-96 sm:h-96 bg-pink-500 opacity-10 rounded-full blur-3xl translate-x-1/2 translate-y-1/2 animate-pulse"[31m
      [36m/>[31m
      [36m<form[31m
        [33mclass[31m=[32m"relative bg-slate-800 bg-opacity-60 backdrop-blur-xl p-6 sm:p-10 rounded-3xl border border-slate-700 border-opacity-50 shadow-2xl w-full sm:w-96 hover:scale-105 transition-transform duration-500"[31m
      [36m>[31m
        [36m<div[31m
          [33mclass[31m=[32m"mb-6 sm:mb-8 text-center"[31m
        [36m>[31m
          [36m<h2[31m
            [33mclass[31m=[32m"text-2xl sm:text-4xl font-extrabold bg-gradient-to-r from-purple-400 to-pink-300 bg-clip-text text-transparent"[31m
          [36m>[31m
            [0mCreate Account[0m
          [36m</h2>[31m
          [36m<p[31m
            [33mclass[31m=[32m"text-slate-400 text-xs sm:text-sm mt-2"[31m
          [36m>[31m
            [0mJoin us and unlock amazing features[0m
          [36m</p>[31m
        [36m</div>[31m
        [36m<div[31m
          [33mclass[31m=[32m"space-y-4 sm:space-y-5"[31m
        [36m>[31m
          [36m<input[31m
            [33mclass[31m=[32m"w-full px-4 sm:px-5 py-3 sm:py-4 bg-slate-700 bg-opacity-50 border border-slate-600 rounded-2xl text-white placeholder-slate-400 focus:outline-none focus:ring-2 focus:ring-purple-500 transition duration-300 text-sm sm:text-base"[31m
            [33mplaceholder[31m=[32m"Full Name"[31m
            [33mrequired[31m=[32m""[31m
            [33mtype[31m=[32m"text"[31m
            [33mvalue[31m=[32m""[31m
          [36m/>[31m
          [36m<input[31m
            [33mclass[31m=[32m"w-full px-4 sm:px-5 py-3 sm:py-4 bg-slate-700 bg-opacity-50 border border-slate-600 rounded-2xl text-white placeholder-slate-400 focus:outline-none focus:ring-2 focus:ring-purple-500 transition duration-300 text-sm sm:text-base"[31m
            [33mplaceholder[31m=[32m"Email Address"[31m
            [33mrequired[31m=[32m""[31m
            [33mtype[31m=[32m"email"[31m
            [33mvalue[31m=[32m""[31m
          [36m/>[31m
          [36m<div[31m
            [33mclass[31m=[32m"relative"[31m
          [36m>[31m
            [36m<input[31m
              [33mclass[31m=[32m"w-full px-4 sm:px-5 py-3 sm:py-4 bg-slate-700 bg-opacity-50 border border-slate-600 rounded-2xl text-white placeholder-slate-400 focus:outline-none focus:ring-2 focus:ring-purple-500 transition duration-300 text-sm sm:text-base"[31m
              [33mplaceholder[31m=[32m"Password"[31m
              [33mrequired[31m=[32m""[31m
              [33mtype[31m=[32m"password"[31m
              [33mvalue[31m=[32m""[31m
            [36m/>[31m
            [36m<button[31m
              [33mclass[31m=[32m"absolute right-4 top-1/2 -translate-y-1/2 text-slate-400 hover:text-white transition"[31m
              [33mtype[31m=[32m"button"[31m
            [36m>[31m
              [36m<svg[31m
                [33mclass[31m=[32m"w-5 h-5"[31m
                [33mfill[31m=[32m"currentColor"[31m
                [33mviewBox[31m=[32m"0 0 20 20"[31m
              [36m>[31m
                [36m<path[31m
                  [33mclip-rule[31m=[32m"evenodd"[31m
                  [33md[31m=[32m"M3.707 2.293a1 1 0 00-1.414 1.414l14 14a1 1 0 001.414-1.414l-1.473-1.473A10.014 10.014 0 0019.542 10C18.268 5.943 14.478 3 10 3a9.958 9.958 0 00-4.512 1.074l-1.78-1.781zm4.261 4.26l1.514 1.515a2.003 2.003 0 012.45 2.45l1.514 1.514a4 4 0 00-5.478-5.478z"[31m
                  [33mfill-rule[31m=[32m"evenodd"[31m
                [36m/>[31m
                [36m<path[31m
                  [33md[31m=[32m"M15.171 13.576l1.473 1.473A10.014 10.014 0 0019.542 10c-1.274-4.057-5.064-7-9.542-7a9.958 9.958 0 00-4.512 1.074l1.473 1.473C9.773 3.645 9.88 3.645 10 3.645a4 4 0 014 4v.17l1.171 1.171z"[31m
                [36m/>[31m
              [36m</svg>[31m
            [36m</button>[31m
          [36m</div>[31m
        [36m</div>[31m
        [36m<button[31m
          [33mclass[31m=[32m"w-full mt-6 sm:mt-8 bg-gradient-to-r from-purple-600 to-pink-500 hover:from-purple-700 hover:to-pink-600 text-white font-bold py-3 sm:py-4 rounded-2xl transition-all duration-300 shadow-lg hover:shadow-pink-500/50 text-sm sm:text-base"[31m
        [36m>[31m
          [0mCreate Account[0m
        [36m</button>[31m
        [36m<p[31m
          [33mclass[31m=[32m"mt-4 sm:mt-6 text-center text-slate-400 text-xs sm:text-sm"[31m
        [36m>[31m
          [0mAlready have an account?[0m
          [0m [0m
          [36m<a[31m
            [33mclass[31m=[32m"text-purple-400 font-semibold hover:text-purple-300 transition"[31m
            [33mdata-discover[31m=[32m"true"[31m
            [33mhref[31m=[32m"/login"[31m
          [36m>[31m
            [0mSign In[0m
          [36m</a>[31m
        [36m</p>[31m
      [36m</form>[31m
    [36m</div>[31m
  [36m</div>[31m
[36m</body>[31m[39m
[90mstderr[2m | src/tests/Profile.test.jsx[2m > [22m[2mProfile Component[2m > [22m[2mshould display user email
[22m[39mError: Not implemented: window.alert
    at module.exports (D:\Projects\MyLogin\frontend\node_modules\jsdom\lib\jsdom\browser\not-implemented.js:9:17)
    at D:\Projects\MyLogin\frontend\node_modules\jsdom\lib\jsdom\browser\Window.js:962:7
    at fetchProfile (D:\Projects\MyLogin\frontend\src\pages\Profile.jsx:15:9)
    at D:\Projects\MyLogin\frontend\src\pages\Profile.jsx:19:5
    at Object.react_stack_bottom_frame 
(D:\Projects\MyLogin\frontend\node_modules\react-dom\cjs\react-dom-client.development.js:25989:20)
    at runWithFiberInDEV (D:\Projects\MyLogin\frontend\node_modules\react-dom\cjs\react-dom-client.development.js:874:13)
    at commitHookEffectListMount 
(D:\Projects\MyLogin\frontend\node_modules\react-dom\cjs\react-dom-client.development.js:13249:29)
    at commitHookPassiveMountEffects 
(D:\Projects\MyLogin\frontend\node_modules\react-dom\cjs\react-dom-client.development.js:13336:11)
    at commitPassiveMountOnFiber 
(D:\Projects\MyLogin\frontend\node_modules\react-dom\cjs\react-dom-client.development.js:15484:13)
    at recursivelyTraversePassiveMountEffects 
(D:\Projects\MyLogin\frontend\node_modules\react-dom\cjs\react-dom-client.development.js:15439:11) [90mundefined[39m

[90mstderr[2m | src/tests/AdminDashboard.test.jsx[2m > [22m[2mAdminDashboard Component[2m > [22m[2mshould fetch tasks 
on mount
[22m[39mError: Not implemented: window.alert
    at module.exports (D:\Projects\MyLogin\frontend\node_modules\jsdom\lib\jsdom\browser\not-implemented.js:9:17)
    at D:\Projects\MyLogin\frontend\node_modules\jsdom\lib\jsdom\browser\Window.js:962:7
    at fetchUsers (D:\Projects\MyLogin\frontend\src\pages\AdminDashboard.jsx:21:7)
    at D:\Projects\MyLogin\frontend\src\pages\AdminDashboard.jsx:35:5
    at Object.react_stack_bottom_frame 
(D:\Projects\MyLogin\frontend\node_modules\react-dom\cjs\react-dom-client.development.js:25989:20)
    at runWithFiberInDEV (D:\Projects\MyLogin\frontend\node_modules\react-dom\cjs\react-dom-client.development.js:874:13)
    at commitHookEffectListMount 
(D:\Projects\MyLogin\frontend\node_modules\react-dom\cjs\react-dom-client.development.js:13249:29)
    at commitHookPassiveMountEffects 
(D:\Projects\MyLogin\frontend\node_modules\react-dom\cjs\react-dom-client.development.js:13336:11)
    at commitPassiveMountOnFiber 
(D:\Projects\MyLogin\frontend\node_modules\react-dom\cjs\react-dom-client.development.js:15484:13)
    at recursivelyTraversePassiveMountEffects 
(D:\Projects\MyLogin\frontend\node_modules\react-dom\cjs\react-dom-client.development.js:15439:11) [90mundefined[39m
Error: Not implemented: window.alert
    at module.exports (D:\Projects\MyLogin\frontend\node_modules\jsdom\lib\jsdom\browser\not-implemented.js:9:17)
    at D:\Projects\MyLogin\frontend\node_modules\jsdom\lib\jsdom\browser\Window.js:962:7
    at fetchTasks (D:\Projects\MyLogin\frontend\src\pages\AdminDashboard.jsx:30:7)
    at D:\Projects\MyLogin\frontend\src\pages\AdminDashboard.jsx:36:5
    at Object.react_stack_bottom_frame 
(D:\Projects\MyLogin\frontend\node_modules\react-dom\cjs\react-dom-client.development.js:25989:20)
    at runWithFiberInDEV (D:\Projects\MyLogin\frontend\node_modules\react-dom\cjs\react-dom-client.development.js:874:13)
    at commitHookEffectListMount 
(D:\Projects\MyLogin\frontend\node_modules\react-dom\cjs\react-dom-client.development.js:13249:29)
    at commitHookPassiveMountEffects 
(D:\Projects\MyLogin\frontend\node_modules\react-dom\cjs\react-dom-client.development.js:13336:11)
    at commitPassiveMountOnFiber 
(D:\Projects\MyLogin\frontend\node_modules\react-dom\cjs\react-dom-client.development.js:15484:13)
    at recursivelyTraversePassiveMountEffects 
(D:\Projects\MyLogin\frontend\node_modules\react-dom\cjs\react-dom-client.development.js:15439:11) [90mundefined[39m

[90mstderr[2m | src/tests/Tasks.test.jsx[2m > [22m[2mTasks Component[2m > [22m[2mshould display task list
[22m[39mError: Not implemented: window.alert
    at module.exports (D:\Projects\MyLogin\frontend\node_modules\jsdom\lib\jsdom\browser\not-implemented.js:9:17)
    at D:\Projects\MyLogin\frontend\node_modules\jsdom\lib\jsdom\browser\Window.js:962:7
    at fetchTasks (D:\Projects\MyLogin\frontend\src\pages\Tasks.jsx:17:7)
    at D:\Projects\MyLogin\frontend\src\pages\Tasks.jsx:22:5
    at Object.react_stack_bottom_frame 
(D:\Projects\MyLogin\frontend\node_modules\react-dom\cjs\react-dom-client.development.js:25989:20)
    at runWithFiberInDEV (D:\Projects\MyLogin\frontend\node_modules\react-dom\cjs\react-dom-client.development.js:874:13)
    at commitHookEffectListMount 
(D:\Projects\MyLogin\frontend\node_modules\react-dom\cjs\react-dom-client.development.js:13249:29)
    at commitHookPassiveMountEffects 
(D:\Projects\MyLogin\frontend\node_modules\react-dom\cjs\react-dom-client.development.js:13336:11)
    at commitPassiveMountOnFiber 
(D:\Projects\MyLogin\frontend\node_modules\react-dom\cjs\react-dom-client.development.js:15484:13)
    at recursivelyTraversePassiveMountEffects 
(D:\Projects\MyLogin\frontend\node_modules\react-dom\cjs\react-dom-client.development.js:15439:11) [90mundefined[39m

[90mstderr[2m | src/tests/Profile.test.jsx[2m > [22m[2mProfile Component[2m > [22m[2mshould display admin status when 
user is admin
[22m[39mError: Not implemented: window.alert
    at module.exports (D:\Projects\MyLogin\frontend\node_modules\jsdom\lib\jsdom\browser\not-implemented.js:9:17)
    at D:\Projects\MyLogin\frontend\node_modules\jsdom\lib\jsdom\browser\Window.js:962:7
    at fetchProfile (D:\Projects\MyLogin\frontend\src\pages\Profile.jsx:15:9)
    at D:\Projects\MyLogin\frontend\src\pages\Profile.jsx:19:5
    at Object.react_stack_bottom_frame 
(D:\Projects\MyLogin\frontend\node_modules\react-dom\cjs\react-dom-client.development.js:25989:20)
    at runWithFiberInDEV (D:\Projects\MyLogin\frontend\node_modules\react-dom\cjs\react-dom-client.development.js:874:13)
    at commitHookEffectListMount 
(D:\Projects\MyLogin\frontend\node_modules\react-dom\cjs\react-dom-client.development.js:13249:29)
    at commitHookPassiveMountEffects 
(D:\Projects\MyLogin\frontend\node_modules\react-dom\cjs\react-dom-client.development.js:13336:11)
    at commitPassiveMountOnFiber 
(D:\Projects\MyLogin\frontend\node_modules\react-dom\cjs\react-dom-client.development.js:15484:13)
    at recursivelyTraversePassiveMountEffects 
(D:\Projects\MyLogin\frontend\node_modules\react-dom\cjs\react-dom-client.development.js:15439:11) [90mundefined[39m

[90mstderr[2m | src/tests/AdminDashboard.test.jsx[2m > [22m[2mAdminDashboard Component[2m > [22m[2mshould display 
users in Users tab
[22m[39mError: Not implemented: window.alert
    at module.exports (D:\Projects\MyLogin\frontend\node_modules\jsdom\lib\jsdom\browser\not-implemented.js:9:17)
    at D:\Projects\MyLogin\frontend\node_modules\jsdom\lib\jsdom\browser\Window.js:962:7
    at fetchUsers (D:\Projects\MyLogin\frontend\src\pages\AdminDashboard.jsx:21:7)
    at D:\Projects\MyLogin\frontend\src\pages\AdminDashboard.jsx:35:5
    at Object.react_stack_bottom_frame 
(D:\Projects\MyLogin\frontend\node_modules\react-dom\cjs\react-dom-client.development.js:25989:20)
    at runWithFiberInDEV (D:\Projects\MyLogin\frontend\node_modules\react-dom\cjs\react-dom-client.development.js:874:13)
    at commitHookEffectListMount 
(D:\Projects\MyLogin\frontend\node_modules\react-dom\cjs\react-dom-client.development.js:13249:29)
    at commitHookPassiveMountEffects 
(D:\Projects\MyLogin\frontend\node_modules\react-dom\cjs\react-dom-client.development.js:13336:11)
    at commitPassiveMountOnFiber 
(D:\Projects\MyLogin\frontend\node_modules\react-dom\cjs\react-dom-client.development.js:15484:13)
    at recursivelyTraversePassiveMountEffects 
(D:\Projects\MyLogin\frontend\node_modules\react-dom\cjs\react-dom-client.development.js:15439:11) [90mundefined[39m
Error: Not implemented: window.alert
    at module.exports (D:\Projects\MyLogin\frontend\node_modules\jsdom\lib\jsdom\browser\not-implemented.js:9:17)
    at D:\Projects\MyLogin\frontend\node_modules\jsdom\lib\jsdom\browser\Window.js:962:7
    at fetchTasks (D:\Projects\MyLogin\frontend\src\pages\AdminDashboard.jsx:30:7)
    at D:\Projects\MyLogin\frontend\src\pages\AdminDashboard.jsx:36:5
    at Object.react_stack_bottom_frame 
(D:\Projects\MyLogin\frontend\node_modules\react-dom\cjs\react-dom-client.development.js:25989:20)
    at runWithFiberInDEV (D:\Projects\MyLogin\frontend\node_modules\react-dom\cjs\react-dom-client.development.js:874:13)
    at commitHookEffectListMount 
(D:\Projects\MyLogin\frontend\node_modules\react-dom\cjs\react-dom-client.development.js:13249:29)
    at commitHookPassiveMountEffects 
(D:\Projects\MyLogin\frontend\node_modules\react-dom\cjs\react-dom-client.development.js:13336:11)
    at commitPassiveMountOnFiber 
(D:\Projects\MyLogin\frontend\node_modules\react-dom\cjs\react-dom-client.development.js:15484:13)
    at recursivelyTraversePassiveMountEffects 
(D:\Projects\MyLogin\frontend\node_modules\react-dom\cjs\react-dom-client.development.js:15439:11) [90mundefined[39m

[90mstderr[2m | src/tests/Tasks.test.jsx[2m > [22m[2mTasks Component[2m > [22m[2mshould display all user tasks
[22m[39mError: Not implemented: window.alert
    at module.exports (D:\Projects\MyLogin\frontend\node_modules\jsdom\lib\jsdom\browser\not-implemented.js:9:17)
    at D:\Projects\MyLogin\frontend\node_modules\jsdom\lib\jsdom\browser\Window.js:962:7
    at fetchTasks (D:\Projects\MyLogin\frontend\src\pages\Tasks.jsx:17:7)
    at D:\Projects\MyLogin\frontend\src\pages\Tasks.jsx:22:5
    at Object.react_stack_bottom_frame 
(D:\Projects\MyLogin\frontend\node_modules\react-dom\cjs\react-dom-client.development.js:25989:20)
    at runWithFiberInDEV (D:\Projects\MyLogin\frontend\node_modules\react-dom\cjs\react-dom-client.development.js:874:13)
    at commitHookEffectListMount 
(D:\Projects\MyLogin\frontend\node_modules\react-dom\cjs\react-dom-client.development.js:13249:29)
    at commitHookPassiveMountEffects 
(D:\Projects\MyLogin\frontend\node_modules\react-dom\cjs\react-dom-client.development.js:13336:11)
    at commitPassiveMountOnFiber 
(D:\Projects\MyLogin\frontend\node_modules\react-dom\cjs\react-dom-client.development.js:15484:13)
    at recursivelyTraversePassiveMountEffects 
(D:\Projects\MyLogin\frontend\node_modules\react-dom\cjs\react-dom-client.development.js:15439:11) [90mundefined[39m

[90mstderr[2m | src/tests/Tasks.test.jsx[2m > [22m[2mTasks Component[2m > [22m[2mshould allow adding a new task
[22m[39mError: Not implemented: window.alert
    at module.exports (D:\Projects\MyLogin\frontend\node_modules\jsdom\lib\jsdom\browser\not-implemented.js:9:17)
    at D:\Projects\MyLogin\frontend\node_modules\jsdom\lib\jsdom\browser\Window.js:962:7
    at fetchTasks (D:\Projects\MyLogin\frontend\src\pages\Tasks.jsx:17:7)
    at D:\Projects\MyLogin\frontend\src\pages\Tasks.jsx:22:5
    at Object.react_stack_bottom_frame 
(D:\Projects\MyLogin\frontend\node_modules\react-dom\cjs\react-dom-client.development.js:25989:20)
    at runWithFiberInDEV (D:\Projects\MyLogin\frontend\node_modules\react-dom\cjs\react-dom-client.development.js:874:13)
    at commitHookEffectListMount 
(D:\Projects\MyLogin\frontend\node_modules\react-dom\cjs\react-dom-client.development.js:13249:29)
    at commitHookPassiveMountEffects 
(D:\Projects\MyLogin\frontend\node_modules\react-dom\cjs\react-dom-client.development.js:13336:11)
    at commitPassiveMountOnFiber 
(D:\Projects\MyLogin\frontend\node_modules\react-dom\cjs\react-dom-client.development.js:15484:13)
    at recursivelyTraversePassiveMountEffects 
(D:\Projects\MyLogin\frontend\node_modules\react-dom\cjs\react-dom-client.development.js:15439:11) [90mundefined[39m

[90mstderr[2m | src/tests/Tasks.test.jsx[2m > [22m[2mTasks Component[2m > [22m[2mshould have delete button for each 
task
[22m[39mError: Not implemented: window.alert
    at module.exports (D:\Projects\MyLogin\frontend\node_modules\jsdom\lib\jsdom\browser\not-implemented.js:9:17)
    at D:\Projects\MyLogin\frontend\node_modules\jsdom\lib\jsdom\browser\Window.js:962:7
    at fetchTasks (D:\Projects\MyLogin\frontend\src\pages\Tasks.jsx:17:7)
    at D:\Projects\MyLogin\frontend\src\pages\Tasks.jsx:22:5
    at Object.react_stack_bottom_frame 
(D:\Projects\MyLogin\frontend\node_modules\react-dom\cjs\react-dom-client.development.js:25989:20)
    at runWithFiberInDEV (D:\Projects\MyLogin\frontend\node_modules\react-dom\cjs\react-dom-client.development.js:874:13)
    at commitHookEffectListMount 
(D:\Projects\MyLogin\frontend\node_modules\react-dom\cjs\react-dom-client.development.js:13249:29)
    at commitHookPassiveMountEffects 
(D:\Projects\MyLogin\frontend\node_modules\react-dom\cjs\react-dom-client.development.js:13336:11)
    at commitPassiveMountOnFiber 
(D:\Projects\MyLogin\frontend\node_modules\react-dom\cjs\react-dom-client.development.js:15484:13)
    at recursivelyTraversePassiveMountEffects 
(D:\Projects\MyLogin\frontend\node_modules\react-dom\cjs\react-dom-client.development.js:15439:11) [90mundefined[39m

[90mstderr[2m | src/tests/Profile.test.jsx[2m > [22m[2mProfile Component[2m > [22m[2mshould have View Tasks button
[22m[39mError: Not implemented: window.alert
    at module.exports (D:\Projects\MyLogin\frontend\node_modules\jsdom\lib\jsdom\browser\not-implemented.js:9:17)
    at D:\Projects\MyLogin\frontend\node_modules\jsdom\lib\jsdom\browser\Window.js:962:7
    at fetchProfile (D:\Projects\MyLogin\frontend\src\pages\Profile.jsx:15:9)
    at D:\Projects\MyLogin\frontend\src\pages\Profile.jsx:19:5
    at Object.react_stack_bottom_frame 
(D:\Projects\MyLogin\frontend\node_modules\react-dom\cjs\react-dom-client.development.js:25989:20)
    at runWithFiberInDEV (D:\Projects\MyLogin\frontend\node_modules\react-dom\cjs\react-dom-client.development.js:874:13)
    at commitHookEffectListMount 
(D:\Projects\MyLogin\frontend\node_modules\react-dom\cjs\react-dom-client.development.js:13249:29)
    at commitHookPassiveMountEffects 
(D:\Projects\MyLogin\frontend\node_modules\react-dom\cjs\react-dom-client.development.js:13336:11)
    at commitPassiveMountOnFiber 
(D:\Projects\MyLogin\frontend\node_modules\react-dom\cjs\react-dom-client.development.js:15484:13)
    at recursivelyTraversePassiveMountEffects 
(D:\Projects\MyLogin\frontend\node_modules\react-dom\cjs\react-dom-client.development.js:15439:11) [90mundefined[39m

[90mstderr[2m | src/tests/Profile.test.jsx[2m > [22m[2mProfile Component[2m > [22m[2mshould have Logout button
[22m[39mError: Not implemented: window.alert
    at module.exports (D:\Projects\MyLogin\frontend\node_modules\jsdom\lib\jsdom\browser\not-implemented.js:9:17)
    at D:\Projects\MyLogin\frontend\node_modules\jsdom\lib\jsdom\browser\Window.js:962:7
    at fetchProfile (D:\Projects\MyLogin\frontend\src\pages\Profile.jsx:15:9)
    at D:\Projects\MyLogin\frontend\src\pages\Profile.jsx:19:5
    at Object.react_stack_bottom_frame 
(D:\Projects\MyLogin\frontend\node_modules\react-dom\cjs\react-dom-client.development.js:25989:20)
    at runWithFiberInDEV (D:\Projects\MyLogin\frontend\node_modules\react-dom\cjs\react-dom-client.development.js:874:13)
    at commitHookEffectListMount 
(D:\Projects\MyLogin\frontend\node_modules\react-dom\cjs\react-dom-client.development.js:13249:29)
    at commitHookPassiveMountEffects 
(D:\Projects\MyLogin\frontend\node_modules\react-dom\cjs\react-dom-client.development.js:13336:11)
    at commitPassiveMountOnFiber 
(D:\Projects\MyLogin\frontend\node_modules\react-dom\cjs\react-dom-client.development.js:15484:13)
    at recursivelyTraversePassiveMountEffects 
(D:\Projects\MyLogin\frontend\node_modules\react-dom\cjs\react-dom-client.development.js:15439:11) [90mundefined[39m

[90mstderr[2m | src/tests/Profile.test.jsx[2m > [22m[2mProfile Component[2m > [22m[2mshould have responsive button 
styling
[22m[39mError: Not implemented: window.alert
    at module.exports (D:\Projects\MyLogin\frontend\node_modules\jsdom\lib\jsdom\browser\not-implemented.js:9:17)
    at D:\Projects\MyLogin\frontend\node_modules\jsdom\lib\jsdom\browser\Window.js:962:7
    at fetchProfile (D:\Projects\MyLogin\frontend\src\pages\Profile.jsx:15:9)
    at D:\Projects\MyLogin\frontend\src\pages\Profile.jsx:19:5
    at Object.react_stack_bottom_frame 
(D:\Projects\MyLogin\frontend\node_modules\react-dom\cjs\react-dom-client.development.js:25989:20)
    at runWithFiberInDEV (D:\Projects\MyLogin\frontend\node_modules\react-dom\cjs\react-dom-client.development.js:874:13)
    at commitHookEffectListMount 
(D:\Projects\MyLogin\frontend\node_modules\react-dom\cjs\react-dom-client.development.js:13249:29)
    at commitHookPassiveMountEffects 
(D:\Projects\MyLogin\frontend\node_modules\react-dom\cjs\react-dom-client.development.js:13336:11)
    at commitPassiveMountOnFiber 
(D:\Projects\MyLogin\frontend\node_modules\react-dom\cjs\react-dom-client.development.js:15484:13)
    at recursivelyTraversePassiveMountEffects 
(D:\Projects\MyLogin\frontend\node_modules\react-dom\cjs\react-dom-client.development.js:15439:11) [90mundefined[39m

[90mstderr[2m | src/tests/Profile.test.jsx[2m > [22m[2mProfile Component[2m > [22m[2mshould fetch profile data on 
component mount
[22m[39mError: Not implemented: window.alert
    at module.exports (D:\Projects\MyLogin\frontend\node_modules\jsdom\lib\jsdom\browser\not-implemented.js:9:17)
    at D:\Projects\MyLogin\frontend\node_modules\jsdom\lib\jsdom\browser\Window.js:962:7
    at fetchProfile (D:\Projects\MyLogin\frontend\src\pages\Profile.jsx:15:9)
    at D:\Projects\MyLogin\frontend\src\pages\Profile.jsx:19:5
    at Object.react_stack_bottom_frame 
(D:\Projects\MyLogin\frontend\node_modules\react-dom\cjs\react-dom-client.development.js:25989:20)
    at runWithFiberInDEV (D:\Projects\MyLogin\frontend\node_modules\react-dom\cjs\react-dom-client.development.js:874:13)
    at commitHookEffectListMount 
(D:\Projects\MyLogin\frontend\node_modules\react-dom\cjs\react-dom-client.development.js:13249:29)
    at commitHookPassiveMountEffects 
(D:\Projects\MyLogin\frontend\node_modules\react-dom\cjs\react-dom-client.development.js:13336:11)
    at commitPassiveMountOnFiber 
(D:\Projects\MyLogin\frontend\node_modules\react-dom\cjs\react-dom-client.development.js:15484:13)
    at recursivelyTraversePassiveMountEffects 
(D:\Projects\MyLogin\frontend\node_modules\react-dom\cjs\react-dom-client.development.js:15439:11) [90mundefined[39m

[90mstderr[2m | src/tests/AdminDashboard.test.jsx[2m > [22m[2mAdminDashboard Component[2m > [22m[2mshould display all 
users in list
[22m[39mError: Not implemented: window.alert
    at module.exports (D:\Projects\MyLogin\frontend\node_modules\jsdom\lib\jsdom\browser\not-implemented.js:9:17)
    at D:\Projects\MyLogin\frontend\node_modules\jsdom\lib\jsdom\browser\Window.js:962:7
    at fetchUsers (D:\Projects\MyLogin\frontend\src\pages\AdminDashboard.jsx:21:7)
    at D:\Projects\MyLogin\frontend\src\pages\AdminDashboard.jsx:35:5
    at Object.react_stack_bottom_frame 
(D:\Projects\MyLogin\frontend\node_modules\react-dom\cjs\react-dom-client.development.js:25989:20)
    at runWithFiberInDEV (D:\Projects\MyLogin\frontend\node_modules\react-dom\cjs\react-dom-client.development.js:874:13)
    at commitHookEffectListMount 
(D:\Projects\MyLogin\frontend\node_modules\react-dom\cjs\react-dom-client.development.js:13249:29)
    at commitHookPassiveMountEffects 
(D:\Projects\MyLogin\frontend\node_modules\react-dom\cjs\react-dom-client.development.js:13336:11)
    at commitPassiveMountOnFiber 
(D:\Projects\MyLogin\frontend\node_modules\react-dom\cjs\react-dom-client.development.js:15484:13)
    at recursivelyTraversePassiveMountEffects 
(D:\Projects\MyLogin\frontend\node_modules\react-dom\cjs\react-dom-client.development.js:15439:11) [90mundefined[39m
Error: Not implemented: window.alert
    at module.exports (D:\Projects\MyLogin\frontend\node_modules\jsdom\lib\jsdom\browser\not-implemented.js:9:17)
    at D:\Projects\MyLogin\frontend\node_modules\jsdom\lib\jsdom\browser\Window.js:962:7
    at fetchTasks (D:\Projects\MyLogin\frontend\src\pages\AdminDashboard.jsx:30:7)
    at D:\Projects\MyLogin\frontend\src\pages\AdminDashboard.jsx:36:5
    at Object.react_stack_bottom_frame 
(D:\Projects\MyLogin\frontend\node_modules\react-dom\cjs\react-dom-client.development.js:25989:20)
    at runWithFiberInDEV (D:\Projects\MyLogin\frontend\node_modules\react-dom\cjs\react-dom-client.development.js:874:13)
    at commitHookEffectListMount 
(D:\Projects\MyLogin\frontend\node_modules\react-dom\cjs\react-dom-client.development.js:13249:29)
    at commitHookPassiveMountEffects 
(D:\Projects\MyLogin\frontend\node_modules\react-dom\cjs\react-dom-client.development.js:13336:11)
    at commitPassiveMountOnFiber 
(D:\Projects\MyLogin\frontend\node_modules\react-dom\cjs\react-dom-client.development.js:15484:13)
    at recursivelyTraversePassiveMountEffects 
(D:\Projects\MyLogin\frontend\node_modules\react-dom\cjs\react-dom-client.development.js:15439:11) [90mundefined[39m

[90mstderr[2m | src/tests/AdminDashboard.test.jsx[2m > [22m[2mAdminDashboard Component[2m > [22m[2mshould display user 
email in Users tab
[22m[39mError: Not implemented: window.alert
    at module.exports (D:\Projects\MyLogin\frontend\node_modules\jsdom\lib\jsdom\browser\not-implemented.js:9:17)
    at D:\Projects\MyLogin\frontend\node_modules\jsdom\lib\jsdom\browser\Window.js:962:7
    at fetchUsers (D:\Projects\MyLogin\frontend\src\pages\AdminDashboard.jsx:21:7)
    at D:\Projects\MyLogin\frontend\src\pages\AdminDashboard.jsx:35:5
    at Object.react_stack_bottom_frame 
(D:\Projects\MyLogin\frontend\node_modules\react-dom\cjs\react-dom-client.development.js:25989:20)
    at runWithFiberInDEV (D:\Projects\MyLogin\frontend\node_modules\react-dom\cjs\react-dom-client.development.js:874:13)
    at commitHookEffectListMount 
(D:\Projects\MyLogin\frontend\node_modules\react-dom\cjs\react-dom-client.development.js:13249:29)
    at commitHookPassiveMountEffects 
(D:\Projects\MyLogin\frontend\node_modules\react-dom\cjs\react-dom-client.development.js:13336:11)
    at commitPassiveMountOnFiber 
(D:\Projects\MyLogin\frontend\node_modules\react-dom\cjs\react-dom-client.development.js:15484:13)
    at recursivelyTraversePassiveMountEffects 
(D:\Projects\MyLogin\frontend\node_modules\react-dom\cjs\react-dom-client.development.js:15439:11) [90mundefined[39m
Error: Not implemented: window.alert
    at module.exports (D:\Projects\MyLogin\frontend\node_modules\jsdom\lib\jsdom\browser\not-implemented.js:9:17)
    at D:\Projects\MyLogin\frontend\node_modules\jsdom\lib\jsdom\browser\Window.js:962:7
    at fetchTasks (D:\Projects\MyLogin\frontend\src\pages\AdminDashboard.jsx:30:7)
    at D:\Projects\MyLogin\frontend\src\pages\AdminDashboard.jsx:36:5
    at Object.react_stack_bottom_frame 
(D:\Projects\MyLogin\frontend\node_modules\react-dom\cjs\react-dom-client.development.js:25989:20)
    at runWithFiberInDEV (D:\Projects\MyLogin\frontend\node_modules\react-dom\cjs\react-dom-client.development.js:874:13)
    at commitHookEffectListMount 
(D:\Projects\MyLogin\frontend\node_modules\react-dom\cjs\react-dom-client.development.js:13249:29)
    at commitHookPassiveMountEffects 
(D:\Projects\MyLogin\frontend\node_modules\react-dom\cjs\react-dom-client.development.js:13336:11)
    at commitPassiveMountOnFiber 
(D:\Projects\MyLogin\frontend\node_modules\react-dom\cjs\react-dom-client.development.js:15484:13)
    at recursivelyTraversePassiveMountEffects 
(D:\Projects\MyLogin\frontend\node_modules\react-dom\cjs\react-dom-client.development.js:15439:11) [90mundefined[39m

[90mstderr[2m | src/tests/Tasks.test.jsx[2m > [22m[2mTasks Component[2m > [22m[2mshould have edit button for each task
[22m[39mError: Not implemented: window.alert
    at module.exports (D:\Projects\MyLogin\frontend\node_modules\jsdom\lib\jsdom\browser\not-implemented.js:9:17)
    at D:\Projects\MyLogin\frontend\node_modules\jsdom\lib\jsdom\browser\Window.js:962:7
    at fetchTasks (D:\Projects\MyLogin\frontend\src\pages\Tasks.jsx:17:7)
    at D:\Projects\MyLogin\frontend\src\pages\Tasks.jsx:22:5
    at Object.react_stack_bottom_frame 
(D:\Projects\MyLogin\frontend\node_modules\react-dom\cjs\react-dom-client.development.js:25989:20)
    at runWithFiberInDEV (D:\Projects\MyLogin\frontend\node_modules\react-dom\cjs\react-dom-client.development.js:874:13)
    at commitHookEffectListMount 
(D:\Projects\MyLogin\frontend\node_modules\react-dom\cjs\react-dom-client.development.js:13249:29)
    at commitHookPassiveMountEffects 
(D:\Projects\MyLogin\frontend\node_modules\react-dom\cjs\react-dom-client.development.js:13336:11)
    at commitPassiveMountOnFiber 
(D:\Projects\MyLogin\frontend\node_modules\react-dom\cjs\react-dom-client.development.js:15484:13)
    at recursivelyTraversePassiveMountEffects 
(D:\Projects\MyLogin\frontend\node_modules\react-dom\cjs\react-dom-client.development.js:15439:11) [90mundefined[39m

[90mstderr[2m | src/tests/Profile.test.jsx[2m > [22m[2mProfile Component[2m > [22m[2mshould handle API errors 
gracefully
[22m[39mError: Not implemented: window.alert
    at module.exports (D:\Projects\MyLogin\frontend\node_modules\jsdom\lib\jsdom\browser\not-implemented.js:9:17)
    at D:\Projects\MyLogin\frontend\node_modules\jsdom\lib\jsdom\browser\Window.js:962:7
    at fetchProfile (D:\Projects\MyLogin\frontend\src\pages\Profile.jsx:15:9)
    at D:\Projects\MyLogin\frontend\src\pages\Profile.jsx:19:5
    at Object.react_stack_bottom_frame 
(D:\Projects\MyLogin\frontend\node_modules\react-dom\cjs\react-dom-client.development.js:25989:20)
    at runWithFiberInDEV (D:\Projects\MyLogin\frontend\node_modules\react-dom\cjs\react-dom-client.development.js:874:13)
    at commitHookEffectListMount 
(D:\Projects\MyLogin\frontend\node_modules\react-dom\cjs\react-dom-client.development.js:13249:29)
    at commitHookPassiveMountEffects 
(D:\Projects\MyLogin\frontend\node_modules\react-dom\cjs\react-dom-client.development.js:13336:11)
    at commitPassiveMountOnFiber 
(D:\Projects\MyLogin\frontend\node_modules\react-dom\cjs\react-dom-client.development.js:15484:13)
    at recursivelyTraversePassiveMountEffects 
(D:\Projects\MyLogin\frontend\node_modules\react-dom\cjs\react-dom-client.development.js:15439:11) [90mundefined[39m

[90mstderr[2m | src/tests/AdminDashboard.test.jsx[2m > [22m[2mAdminDashboard Component[2m > [22m[2mshould have edit 
button for each user
[22m[39mError: Not implemented: window.alert
    at module.exports (D:\Projects\MyLogin\frontend\node_modules\jsdom\lib\jsdom\browser\not-implemented.js:9:17)
    at D:\Projects\MyLogin\frontend\node_modules\jsdom\lib\jsdom\browser\Window.js:962:7
    at fetchUsers (D:\Projects\MyLogin\frontend\src\pages\AdminDashboard.jsx:21:7)
    at D:\Projects\MyLogin\frontend\src\pages\AdminDashboard.jsx:35:5
    at Object.react_stack_bottom_frame 
(D:\Projects\MyLogin\frontend\node_modules\react-dom\cjs\react-dom-client.development.js:25989:20)
    at runWithFiberInDEV (D:\Projects\MyLogin\frontend\node_modules\react-dom\cjs\react-dom-client.development.js:874:13)
    at commitHookEffectListMount 
(D:\Projects\MyLogin\frontend\node_modules\react-dom\cjs\react-dom-client.development.js:13249:29)
    at commitHookPassiveMountEffects 
(D:\Projects\MyLogin\frontend\node_modules\react-dom\cjs\react-dom-client.development.js:13336:11)
    at commitPassiveMountOnFiber 
(D:\Projects\MyLogin\frontend\node_modules\react-dom\cjs\react-dom-client.development.js:15484:13)
    at recursivelyTraversePassiveMountEffects 
(D:\Projects\MyLogin\frontend\node_modules\react-dom\cjs\react-dom-client.development.js:15439:11) [90mundefined[39m
Error: Not implemented: window.alert
    at module.exports (D:\Projects\MyLogin\frontend\node_modules\jsdom\lib\jsdom\browser\not-implemented.js:9:17)
    at D:\Projects\MyLogin\frontend\node_modules\jsdom\lib\jsdom\browser\Window.js:962:7
    at fetchTasks (D:\Projects\MyLogin\frontend\src\pages\AdminDashboard.jsx:30:7)
    at D:\Projects\MyLogin\frontend\src\pages\AdminDashboard.jsx:36:5
    at Object.react_stack_bottom_frame 
(D:\Projects\MyLogin\frontend\node_modules\react-dom\cjs\react-dom-client.development.js:25989:20)
    at runWithFiberInDEV (D:\Projects\MyLogin\frontend\node_modules\react-dom\cjs\react-dom-client.development.js:874:13)
    at commitHookEffectListMount 
(D:\Projects\MyLogin\frontend\node_modules\react-dom\cjs\react-dom-client.development.js:13249:29)
    at commitHookPassiveMountEffects 
(D:\Projects\MyLogin\frontend\node_modules\react-dom\cjs\react-dom-client.development.js:13336:11)
    at commitPassiveMountOnFiber 
(D:\Projects\MyLogin\frontend\node_modules\react-dom\cjs\react-dom-client.development.js:15484:13)
    at recursivelyTraversePassiveMountEffects 
(D:\Projects\MyLogin\frontend\node_modules\react-dom\cjs\react-dom-client.development.js:15439:11) [90mundefined[39m

[90mstderr[2m | src/tests/Tasks.test.jsx[2m > [22m[2mTasks Component[2m > [22m[2mshould show task description in list
[22m[39mError: Not implemented: window.alert
    at module.exports (D:\Projects\MyLogin\frontend\node_modules\jsdom\lib\jsdom\browser\not-implemented.js:9:17)
    at D:\Projects\MyLogin\frontend\node_modules\jsdom\lib\jsdom\browser\Window.js:962:7
    at fetchTasks (D:\Projects\MyLogin\frontend\src\pages\Tasks.jsx:17:7)
    at D:\Projects\MyLogin\frontend\src\pages\Tasks.jsx:22:5
    at Object.react_stack_bottom_frame 
(D:\Projects\MyLogin\frontend\node_modules\react-dom\cjs\react-dom-client.development.js:25989:20)
    at runWithFiberInDEV (D:\Projects\MyLogin\frontend\node_modules\react-dom\cjs\react-dom-client.development.js:874:13)
    at commitHookEffectListMount 
(D:\Projects\MyLogin\frontend\node_modules\react-dom\cjs\react-dom-client.development.js:13249:29)
    at commitHookPassiveMountEffects 
(D:\Projects\MyLogin\frontend\node_modules\react-dom\cjs\react-dom-client.development.js:13336:11)
    at commitPassiveMountOnFiber 
(D:\Projects\MyLogin\frontend\node_modules\react-dom\cjs\react-dom-client.development.js:15484:13)
    at recursivelyTraversePassiveMountEffects 
(D:\Projects\MyLogin\frontend\node_modules\react-dom\cjs\react-dom-client.development.js:15439:11) [90mundefined[39m

[90mstderr[2m | src/tests/Tasks.test.jsx[2m > [22m[2mTasks Component[2m > [22m[2mshould handle empty task list
[22m[39mError: Not implemented: window.alert
    at module.exports (D:\Projects\MyLogin\frontend\node_modules\jsdom\lib\jsdom\browser\not-implemented.js:9:17)
    at D:\Projects\MyLogin\frontend\node_modules\jsdom\lib\jsdom\browser\Window.js:962:7
    at fetchTasks (D:\Projects\MyLogin\frontend\src\pages\Tasks.jsx:17:7)
    at D:\Projects\MyLogin\frontend\src\pages\Tasks.jsx:22:5
    at Object.react_stack_bottom_frame 
(D:\Projects\MyLogin\frontend\node_modules\react-dom\cjs\react-dom-client.development.js:25989:20)
    at runWithFiberInDEV (D:\Projects\MyLogin\frontend\node_modules\react-dom\cjs\react-dom-client.development.js:874:13)
    at commitHookEffectListMount 
(D:\Projects\MyLogin\frontend\node_modules\react-dom\cjs\react-dom-client.development.js:13249:29)
    at commitHookPassiveMountEffects 
(D:\Projects\MyLogin\frontend\node_modules\react-dom\cjs\react-dom-client.development.js:13336:11)
    at commitPassiveMountOnFiber 
(D:\Projects\MyLogin\frontend\node_modules\react-dom\cjs\react-dom-client.development.js:15484:13)
    at recursivelyTraversePassiveMountEffects 
(D:\Projects\MyLogin\frontend\node_modules\react-dom\cjs\react-dom-client.development.js:15439:11) [90mundefined[39m

[90mstderr[2m | src/tests/Profile.test.jsx[2m > [22m[2mProfile Component[2m > [22m[2mshould clear localStorage on 
logout
[22m[39mError: Not implemented: window.alert
    at module.exports (D:\Projects\MyLogin\frontend\node_modules\jsdom\lib\jsdom\browser\not-implemented.js:9:17)
    at D:\Projects\MyLogin\frontend\node_modules\jsdom\lib\jsdom\browser\Window.js:962:7
    at fetchProfile (D:\Projects\MyLogin\frontend\src\pages\Profile.jsx:15:9)
    at D:\Projects\MyLogin\frontend\src\pages\Profile.jsx:19:5
    at Object.react_stack_bottom_frame 
(D:\Projects\MyLogin\frontend\node_modules\react-dom\cjs\react-dom-client.development.js:25989:20)
    at runWithFiberInDEV (D:\Projects\MyLogin\frontend\node_modules\react-dom\cjs\react-dom-client.development.js:874:13)
    at commitHookEffectListMount 
(D:\Projects\MyLogin\frontend\node_modules\react-dom\cjs\react-dom-client.development.js:13249:29)
    at commitHookPassiveMountEffects 
(D:\Projects\MyLogin\frontend\node_modules\react-dom\cjs\react-dom-client.development.js:13336:11)
    at commitPassiveMountOnFiber 
(D:\Projects\MyLogin\frontend\node_modules\react-dom\cjs\react-dom-client.development.js:15484:13)
    at recursivelyTraversePassiveMountEffects 
(D:\Projects\MyLogin\frontend\node_modules\react-dom\cjs\react-dom-client.development.js:15439:11) [90mundefined[39m

[90mstderr[2m | src/tests/Profile.test.jsx[2m > [22m[2mProfile Component[2m > [22m[2mshould display profile container 
with proper structure
[22m[39mError: Not implemented: window.alert
    at module.exports (D:\Projects\MyLogin\frontend\node_modules\jsdom\lib\jsdom\browser\not-implemented.js:9:17)
    at D:\Projects\MyLogin\frontend\node_modules\jsdom\lib\jsdom\browser\Window.js:962:7
    at fetchProfile (D:\Projects\MyLogin\frontend\src\pages\Profile.jsx:15:9)
    at D:\Projects\MyLogin\frontend\src\pages\Profile.jsx:19:5
    at Object.react_stack_bottom_frame 
(D:\Projects\MyLogin\frontend\node_modules\react-dom\cjs\react-dom-client.development.js:25989:20)
    at runWithFiberInDEV (D:\Projects\MyLogin\frontend\node_modules\react-dom\cjs\react-dom-client.development.js:874:13)
    at commitHookEffectListMount 
(D:\Projects\MyLogin\frontend\node_modules\react-dom\cjs\react-dom-client.development.js:13249:29)
    at commitHookPassiveMountEffects 
(D:\Projects\MyLogin\frontend\node_modules\react-dom\cjs\react-dom-client.development.js:13336:11)
    at commitPassiveMountOnFiber 
(D:\Projects\MyLogin\frontend\node_modules\react-dom\cjs\react-dom-client.development.js:15484:13)
    at recursivelyTraversePassiveMountEffects 
(D:\Projects\MyLogin\frontend\node_modules\react-dom\cjs\react-dom-client.development.js:15439:11) [90mundefined[39m

[90mstderr[2m | src/tests/Profile.test.jsx[2m > [22m[2mProfile Component[2m > [22m[2mshould show gradient text for 
heading
[22m[39mError: Not implemented: window.alert
    at module.exports (D:\Projects\MyLogin\frontend\node_modules\jsdom\lib\jsdom\browser\not-implemented.js:9:17)
    at D:\Projects\MyLogin\frontend\node_modules\jsdom\lib\jsdom\browser\Window.js:962:7
    at fetchProfile (D:\Projects\MyLogin\frontend\src\pages\Profile.jsx:15:9)
    at D:\Projects\MyLogin\frontend\src\pages\Profile.jsx:19:5
    at Object.react_stack_bottom_frame 
(D:\Projects\MyLogin\frontend\node_modules\react-dom\cjs\react-dom-client.development.js:25989:20)
    at runWithFiberInDEV (D:\Projects\MyLogin\frontend\node_modules\react-dom\cjs\react-dom-client.development.js:874:13)
    at commitHookEffectListMount 
(D:\Projects\MyLogin\frontend\node_modules\react-dom\cjs\react-dom-client.development.js:13249:29)
    at commitHookPassiveMountEffects 
(D:\Projects\MyLogin\frontend\node_modules\react-dom\cjs\react-dom-client.development.js:13336:11)
    at commitPassiveMountOnFiber 
(D:\Projects\MyLogin\frontend\node_modules\react-dom\cjs\react-dom-client.development.js:15484:13)
    at recursivelyTraversePassiveMountEffects 
(D:\Projects\MyLogin\frontend\node_modules\react-dom\cjs\react-dom-client.development.js:15439:11) [90mundefined[39m

 [31mΓ¥»[39m src/tests/Profile.test.jsx [2m([22m[2m12 tests[22m[2m | [22m[31m6 failed[39m[2m)[22m[33m 5246[2mms[22m[39m
[31m   [31m├ù[31m Profile Component[2m > [22mshould display user name when profile data loads[33m 1027[2mms[22m[31m[39m
[31m     ΓåÆ Unable to find an element with the text: /John Doe/i. This could be because the text is broken up by multiple elements. In this case, you can provide a function for your text matcher to make your matcher more flexible.

Ignored nodes: comments, script, style
[36m<body>[31m
  [36m<div>[31m
    [36m<div[31m
      [33mclass[31m=[32m"min-h-screen bg-gradient-to-br from-slate-900 via-slate-800 to-slate-900 p-4 sm:p-8"[31m
    [36m>[31m
      [36m<div[31m
        [33mclass[31m=[32m"max-w-2xl mx-auto"[31m
      [36m>[31m
        [36m<div[31m
          [33mclass[31m=[32m"bg-slate-800 bg-opacity-60 backdrop-blur-xl p-6 sm:p-8 rounded-3xl border border-slate-700 border-opacity-50 shadow-2xl mb-6"[31m
        [36m>[31m
          [36m<h2[31m
            [33mclass[31m=[32m"text-3xl sm:text-4xl font-extrabold bg-gradient-to-r from-purple-400 to-pink-300 bg-clip-text text-transparent mb-6"[31m
          [36m>[31m
            [0mYour Profile[0m
          [36m</h2>[31m
          [36m<div[31m
            [33mclass[31m=[32m"space-y-4"[31m
          [36m>[31m
            [36m<div[31m
              [33mclass[31m=[32m"bg-slate-700 bg-opacity-50 p-4 rounded-2xl border border-slate-600"[31m
            [36m>[31m
              [36m<p[31m
                [33mclass[31m=[32m"text-slate-400 text-xs sm:text-sm"[31m
              [36m>[31m
                [0mName[0m
              [36m</p>[31m
              [36m<p[31m
                [33mclass[31m=[32m"text-white text-base sm:text-lg font-semibold"[31m
              [36m/>[31m
            [36m</div>[31m
            [36m<div[31m
              [33mclass[31m=[32m"bg-slate-700 bg-opacity-50 p-4 rounded-2xl border border-slate-600"[31m
            [36m>[31m
              [36m<p[31m
                [33mclass[31m=[32m"text-slate-400 text-xs sm:text-sm"[31m
              [36m>[31m
                [0mEmail[0m
              [36m</p>[31m
              [36m<p[31m
                [33mclass[31m=[32m"text-white text-base sm:text-lg font-semibold break-all"[31m
              [36m/>[31m
            [36m</div>[31m
            [36m<div[31m
              [33mclass[31m=[32m"bg-slate-700 bg-opacity-50 p-4 rounded-2xl border border-slate-600"[31m
            [36m>[31m
              [36m<p[31m
                [33mclass[31m=[32m"text-slate-400 text-xs sm:text-sm"[31m
              [36m>[31m
                [0mStatus[0m
              [36m</p>[31m
              [36m<p[31m
                [33mclass[31m=[32m"text-white text-base sm:text-lg font-semibold"[31m
              [36m>[31m
                [0mUser[0m
              [36m</p>[31m
            [36m</div>[31m
          [36m</div>[31m
          [36m<div[31m
            [33mclass[31m=[32m"mt-8 flex flex-col sm:flex-row gap-3"[31m
          [36m>[31m
            [36m<button[31m
              [33mclass[31m=[32m"flex-1 bg-gradient-to-r from-purple-600 to-pink-500 hover:from-purple-700 hover:to-pink-600 text-white font-bold py-3 rounded-2xl transition-all duration-300 shadow-lg hover:shadow-pink-500/50 text-sm sm:text-base"[31m
            [36m>[31m
              [0mView Tasks[0m
            [36m</button>[31m
            [36m<button[31m
              [33mclass[31m=[32m"flex-1 bg-slate-700 hover:bg-slate-600 text-white font-bold py-3 rounded-2xl transition-all duration-300 text-sm sm:text-base"[31m
            [36m>[31m
              [0mLogout[0m
            [36m</button>[31m
          [36m</div>[31m
        [36m</div>[31m
      [36m</div>[31m
    [36m</div>[31m
  [36m</div>[31m
[36m</body>[31m

Ignored nodes: comments, script, style
[36m<html>[31m
  [36m<head />[31m
  [36m<body>[31m
    [36m<div>[31m
      [36m<div[31m
        [33mclass[31m=[32m"min-h-screen bg-gradient-to-br from-slate-900 via-slate-800 to-slate-900 p-4 sm:p-8"[31m
      [36m>[31m
        [36m<div[31m
          [33mclass[31m=[32m"max-w-2xl mx-auto"[31m
        [36m>[31m
          [36m<div[31m
            [33mclass[31m=[32m"bg-slate-800 bg-opacity-60 backdrop-blur-xl p-6 sm:p-8 rounded-3xl border border-slate-700 border-opacity-50 shadow-2xl mb-6"[31m
          [36m>[31m
            [36m<h2[31m
              [33mclass[31m=[32m"text-3xl sm:text-4xl font-extrabold bg-gradient-to-r from-purple-400 to-pink-300 bg-clip-text text-transparent mb-6"[31m
            [36m>[31m
              [0mYour Profile[0m
            [36m</h2>[31m
            [36m<div[31m
              [33mclass[31m=[32m"space-y-4"[31m
            [36m>[31m
              [36m<div[31m
                [33mclass[31m=[32m"bg-slate-700 bg-opacity-50 p-4 rounded-2xl border border-slate-600"[31m
              [36m>[31m
                [36m<p[31m
                  [33mclass[31m=[32m"text-slate-400 text-xs sm:text-sm"[31m
                [36m>[31m
                  [0mName[0m
                [36m</p>[31m
                [36m<p[31m
                  [33mclass[31m=[32m"text-white text-base sm:text-lg font-semibold"[31m
                [36m/>[31m
              [36m</div>[31m
              [36m<div[31m
                [33mclass[31m=[32m"bg-slate-700 bg-opacity-50 p-4 rounded-2xl border border-slate-600"[31m
              [36m>[31m
                [36m<p[31m
                  [33mclass[31m=[32m"text-slate-400 text-xs sm:text-sm"[31m
                [36m>[31m
                  [0mEmail[0m
                [36m</p>[31m
                [36m<p[31m
                  [33mclass[31m=[32m"text-white text-base sm:text-lg font-semibold break-all"[31m
                [36m/>[31m
              [36m</div>[31m
              [36m<div[31m
                [33mclass[31m=[32m"bg-slate-700 bg-opacity-50 p-4 rounded-2xl border border-slate-600"[31m
              [36m>[31m
                [36m<p[31m
                  [33mclass[31m=[32m"text-slate-400 text-xs sm:text-sm"[31m
                [36m>[31m
                  [0mStatus[0m
                [36m</p>[31m
                [36m<p[31m
                  [33mclass[31m=[32m"text-white text-base sm:text-lg font-semibold"[31m
                [36m>[31m
                  [0mUser[0m
                [36m</p>[31m
              [36m</div>[31m
            [36m</div>[31m
            [36m<div[31m
              [33mclass[31m=[32m"mt-8 flex flex-col sm:flex-row gap-3"[31m
            [36m>[31m
              [36m<button[31m
                [33mclass[31m=[32m"flex-1 bg-gradient-to-r from-purple-600 to-pink-500 hover:from-purple-700 hover:to-pink-600 text-white font-bold py-3 rounded-2xl transition-all duration-300 shadow-lg hover:shadow-pink-500/50 text-sm sm:text-base"[31m
              [36m>[31m
                [0mView Tasks[0m
              [36m</button>[31m
              [36m<button[31m
                [33mclass[31m=[32m"flex-1 bg-slate-700 hover:bg-slate-600 text-white font-bold py-3 rounded-2xl transition-all duration-300 text-sm sm:text-base"[31m
              [36m>[31m
                [0mLogout[0m
              [36m</button>[31m
            [36m</div>[31m
          [36m</div>[31m
        [36m</div>[31m
      [36m</div>[31m
    [36m</div>[31m
  [36m</body>[31m
[36m</html>[31m[39m
[31m   [31m├ù[31m Profile Component[2m > [22mshould display user email[33m 1008[2mms[22m[31m[39m
[31m     ΓåÆ Unable to find an element with the text: /john@example.com/i. This could be because the text is broken up by multiple elements. In this case, you can provide a function for your text matcher to make your matcher more flexible.

Ignored nodes: comments, script, style
[36m<body>[31m
  [36m<div>[31m
    [36m<div[31m
      [33mclass[31m=[32m"min-h-screen bg-gradient-to-br from-slate-900 via-slate-800 to-slate-900 p-4 sm:p-8"[31m
    [36m>[31m
      [36m<div[31m
        [33mclass[31m=[32m"max-w-2xl mx-auto"[31m
      [36m>[31m
        [36m<div[31m
          [33mclass[31m=[32m"bg-slate-800 bg-opacity-60 backdrop-blur-xl p-6 sm:p-8 rounded-3xl border border-slate-700 border-opacity-50 shadow-2xl mb-6"[31m
        [36m>[31m
          [36m<h2[31m
            [33mclass[31m=[32m"text-3xl sm:text-4xl font-extrabold bg-gradient-to-r from-purple-400 to-pink-300 bg-clip-text text-transparent mb-6"[31m
          [36m>[31m
            [0mYour Profile[0m
          [36m</h2>[31m
          [36m<div[31m
            [33mclass[31m=[32m"space-y-4"[31m
          [36m>[31m
            [36m<div[31m
              [33mclass[31m=[32m"bg-slate-700 bg-opacity-50 p-4 rounded-2xl border border-slate-600"[31m
            [36m>[31m
              [36m<p[31m
                [33mclass[31m=[32m"text-slate-400 text-xs sm:text-sm"[31m
              [36m>[31m
                [0mName[0m
              [36m</p>[31m
              [36m<p[31m
                [33mclass[31m=[32m"text-white text-base sm:text-lg font-semibold"[31m
              [36m/>[31m
            [36m</div>[31m
            [36m<div[31m
              [33mclass[31m=[32m"bg-slate-700 bg-opacity-50 p-4 rounded-2xl border border-slate-600"[31m
            [36m>[31m
              [36m<p[31m
                [33mclass[31m=[32m"text-slate-400 text-xs sm:text-sm"[31m
              [36m>[31m
                [0mEmail[0m
              [36m</p>[31m
              [36m<p[31m
                [33mclass[31m=[32m"text-white text-base sm:text-lg font-semibold break-all"[31m
              [36m/>[31m
            [36m</div>[31m
            [36m<div[31m
              [33mclass[31m=[32m"bg-slate-700 bg-opacity-50 p-4 rounded-2xl border border-slate-600"[31m
            [36m>[31m
              [36m<p[31m
                [33mclass[31m=[32m"text-slate-400 text-xs sm:text-sm"[31m
              [36m>[31m
                [0mStatus[0m
              [36m</p>[31m
              [36m<p[31m
                [33mclass[31m=[32m"text-white text-base sm:text-lg font-semibold"[31m
              [36m>[31m
                [0mUser[0m
              [36m</p>[31m
            [36m</div>[31m
          [36m</div>[31m
          [36m<div[31m
            [33mclass[31m=[32m"mt-8 flex flex-col sm:flex-row gap-3"[31m
          [36m>[31m
            [36m<button[31m
              [33mclass[31m=[32m"flex-1 bg-gradient-to-r from-purple-600 to-pink-500 hover:from-purple-700 hover:to-pink-600 text-white font-bold py-3 rounded-2xl transition-all duration-300 shadow-lg hover:shadow-pink-500/50 text-sm sm:text-base"[31m
            [36m>[31m
              [0mView Tasks[0m
            [36m</button>[31m
            [36m<button[31m
              [33mclass[31m=[32m"flex-1 bg-slate-700 hover:bg-slate-600 text-white font-bold py-3 rounded-2xl transition-all duration-300 text-sm sm:text-base"[31m
            [36m>[31m
              [0mLogout[0m
            [36m</button>[31m
          [36m</div>[31m
        [36m</div>[31m
      [36m</div>[31m
    [36m</div>[31m
  [36m</div>[31m
[36m</body>[31m

Ignored nodes: comments, script, style
[36m<html>[31m
  [36m<head />[31m
  [36m<body>[31m
    [36m<div>[31m
      [36m<div[31m
        [33mclass[31m=[32m"min-h-screen bg-gradient-to-br from-slate-900 via-slate-800 to-slate-900 p-4 sm:p-8"[31m
      [36m>[31m
        [36m<div[31m
          [33mclass[31m=[32m"max-w-2xl mx-auto"[31m
        [36m>[31m
          [36m<div[31m
            [33mclass[31m=[32m"bg-slate-800 bg-opacity-60 backdrop-blur-xl p-6 sm:p-8 rounded-3xl border border-slate-700 border-opacity-50 shadow-2xl mb-6"[31m
          [36m>[31m
            [36m<h2[31m
              [33mclass[31m=[32m"text-3xl sm:text-4xl font-extrabold bg-gradient-to-r from-purple-400 to-pink-300 bg-clip-text text-transparent mb-6"[31m
            [36m>[31m
              [0mYour Profile[0m
            [36m</h2>[31m
            [36m<div[31m
              [33mclass[31m=[32m"space-y-4"[31m
            [36m>[31m
              [36m<div[31m
                [33mclass[31m=[32m"bg-slate-700 bg-opacity-50 p-4 rounded-2xl border border-slate-600"[31m
              [36m>[31m
                [36m<p[31m
                  [33mclass[31m=[32m"text-slate-400 text-xs sm:text-sm"[31m
                [36m>[31m
                  [0mName[0m
                [36m</p>[31m
                [36m<p[31m
                  [33mclass[31m=[32m"text-white text-base sm:text-lg font-semibold"[31m
                [36m/>[31m
              [36m</div>[31m
              [36m<div[31m
                [33mclass[31m=[32m"bg-slate-700 bg-opacity-50 p-4 rounded-2xl border border-slate-600"[31m
              [36m>[31m
                [36m<p[31m
                  [33mclass[31m=[32m"text-slate-400 text-xs sm:text-sm"[31m
                [36m>[31m
                  [0mEmail[0m
                [36m</p>[31m
                [36m<p[31m
                  [33mclass[31m=[32m"text-white text-base sm:text-lg font-semibold break-all"[31m
                [36m/>[31m
              [36m</div>[31m
              [36m<div[31m
                [33mclass[31m=[32m"bg-slate-700 bg-opacity-50 p-4 rounded-2xl border border-slate-600"[31m
              [36m>[31m
                [36m<p[31m
                  [33mclass[31m=[32m"text-slate-400 text-xs sm:text-sm"[31m
                [36m>[31m
                  [0mStatus[0m
                [36m</p>[31m
                [36m<p[31m
                  [33mclass[31m=[32m"text-white text-base sm:text-lg font-semibold"[31m
                [36m>[31m
                  [0mUser[0m
                [36m</p>[31m
              [36m</div>[31m
            [36m</div>[31m
            [36m<div[31m
              [33mclass[31m=[32m"mt-8 flex flex-col sm:flex-row gap-3"[31m
            [36m>[31m
              [36m<button[31m
                [33mclass[31m=[32m"flex-1 bg-gradient-to-r from-purple-600 to-pink-500 hover:from-purple-700 hover:to-pink-600 text-white font-bold py-3 rounded-2xl transition-all duration-300 shadow-lg hover:shadow-pink-500/50 text-sm sm:text-base"[31m
              [36m>[31m
                [0mView Tasks[0m
              [36m</button>[31m
              [36m<button[31m
                [33mclass[31m=[32m"flex-1 bg-slate-700 hover:bg-slate-600 text-white font-bold py-3 rounded-2xl transition-all duration-300 text-sm sm:text-base"[31m
              [36m>[31m
                [0mLogout[0m
              [36m</button>[31m
            [36m</div>[31m
          [36m</div>[31m
        [36m</div>[31m
      [36m</div>[31m
    [36m</div>[31m
  [36m</body>[31m
[36m</html>[31m[39m
[31m   [31m├ù[31m Profile Component[2m > [22mshould display admin status when user is admin[33m 1010[2mms[22m[31m[39m
[31m     ΓåÆ expected null to be truthy

Ignored nodes: comments, script, style
[36m<html>[31m
  [36m<head />[31m
  [36m<body>[31m
    [36m<div>[31m
      [36m<div[31m
        [33mclass[31m=[32m"min-h-screen bg-gradient-to-br from-slate-900 via-slate-800 to-slate-900 p-4 sm:p-8"[31m
      [36m>[31m
        [36m<div[31m
          [33mclass[31m=[32m"max-w-2xl mx-auto"[31m
        [36m>[31m
          [36m<div[31m
            [33mclass[31m=[32m"bg-slate-800 bg-opacity-60 backdrop-blur-xl p-6 sm:p-8 rounded-3xl border border-slate-700 border-opacity-50 shadow-2xl mb-6"[31m
          [36m>[31m
            [36m<h2[31m
              [33mclass[31m=[32m"text-3xl sm:text-4xl font-extrabold bg-gradient-to-r from-purple-400 to-pink-300 bg-clip-text text-transparent mb-6"[31m
            [36m>[31m
              [0mYour Profile[0m
            [36m</h2>[31m
            [36m<div[31m
              [33mclass[31m=[32m"space-y-4"[31m
            [36m>[31m
              [36m<div[31m
                [33mclass[31m=[32m"bg-slate-700 bg-opacity-50 p-4 rounded-2xl border border-slate-600"[31m
              [36m>[31m
                [36m<p[31m
                  [33mclass[31m=[32m"text-slate-400 text-xs sm:text-sm"[31m
                [36m>[31m
                  [0mName[0m
                [36m</p>[31m
                [36m<p[31m
                  [33mclass[31m=[32m"text-white text-base sm:text-lg font-semibold"[31m
                [36m/>[31m
              [36m</div>[31m
              [36m<div[31m
                [33mclass[31m=[32m"bg-slate-700 bg-opacity-50 p-4 rounded-2xl border border-slate-600"[31m
              [36m>[31m
                [36m<p[31m
                  [33mclass[31m=[32m"text-slate-400 text-xs sm:text-sm"[31m
                [36m>[31m
                  [0mEmail[0m
                [36m</p>[31m
                [36m<p[31m
                  [33mclass[31m=[32m"text-white text-base sm:text-lg font-semibold break-all"[31m
                [36m/>[31m
              [36m</div>[31m
              [36m<div[31m
                [33mclass[31m=[32m"bg-slate-700 bg-opacity-50 p-4 rounded-2xl border border-slate-600"[31m
              [36m>[31m
                [36m<p[31m
                  [33mclass[31m=[32m"text-slate-400 text-xs sm:text-sm"[31m
                [36m>[31m
                  [0mStatus[0m
                [36m</p>[31m
                [36m<p[31m
                  [33mclass[31m=[32m"text-white text-base sm:text-lg font-semibold"[31m
                [36m>[31m
                  [0mUser[0m
                [36m</p>[31m
              [36m</div>[31m
            [36m</div>[31m
            [36m<div[31m
              [33mclass[31m=[32m"mt-8 flex flex-col sm:flex-row gap-3"[31m
            [36m>[31m
              [36m<button[31m
                [33mclass[31m=[32m"flex-1 bg-gradient-to-r from-purple-600 to-pink-500 hover:from-purple-700 hover:to-pink-600 text-white font-bold py-3 rounded-2xl transition-all duration-300 shadow-lg hover:shadow-pink-500/50 text-sm sm:text-base"[31m
              [36m>[31m
                [0mView Tasks[0m
              [36m</button>[31m
              [36m<button[31m
                [33mclass[31m=[32m"flex-1 bg-slate-700 hover:bg-slate-600 text-white font-bold py-3 rounded-2xl transition-all duration-300 text-sm sm:text-base"[31m
              [36m>[31m
                [0mLogout[0m
              [36m</button>[31m
            [36m</div>[31m
          [36m</div>[31m
        [36m</div>[31m
      [36m</div>[31m
    [36m</div>[31m
  [36m</body>[31m
[36m</html>[31m[39m
[31m   [31m├ù[31m Profile Component[2m > [22mshould fetch profile data on component mount[33m 1013[2mms[22m[31m[39m
[31m     ΓåÆ expected "spy" to be called with arguments: [ '/auth/profile' ][90m

Received: 

[31m[90m

Number of calls: [1m0[22m
[31m

Ignored nodes: comments, script, style
[36m<html>[31m
  [36m<head />[31m
  [36m<body>[31m
    [36m<div>[31m
      [36m<div[31m
        [33mclass[31m=[32m"min-h-screen bg-gradient-to-br from-slate-900 via-slate-800 to-slate-900 p-4 sm:p-8"[31m
      [36m>[31m
        [36m<div[31m
          [33mclass[31m=[32m"max-w-2xl mx-auto"[31m
        [36m>[31m
          [36m<div[31m
            [33mclass[31m=[32m"bg-slate-800 bg-opacity-60 backdrop-blur-xl p-6 sm:p-8 rounded-3xl border border-slate-700 border-opacity-50 shadow-2xl mb-6"[31m
          [36m>[31m
            [36m<h2[31m
              [33mclass[31m=[32m"text-3xl sm:text-4xl font-extrabold bg-gradient-to-r from-purple-400 to-pink-300 bg-clip-text text-transparent mb-6"[31m
            [36m>[31m
              [0mYour Profile[0m
            [36m</h2>[31m
            [36m<div[31m
              [33mclass[31m=[32m"space-y-4"[31m
            [36m>[31m
              [36m<div[31m
                [33mclass[31m=[32m"bg-slate-700 bg-opacity-50 p-4 rounded-2xl border border-slate-600"[31m
              [36m>[31m
                [36m<p[31m
                  [33mclass[31m=[32m"text-slate-400 text-xs sm:text-sm"[31m
                [36m>[31m
                  [0mName[0m
                [36m</p>[31m
                [36m<p[31m
                  [33mclass[31m=[32m"text-white text-base sm:text-lg font-semibold"[31m
                [36m/>[31m
              [36m</div>[31m
              [36m<div[31m
                [33mclass[31m=[32m"bg-slate-700 bg-opacity-50 p-4 rounded-2xl border border-slate-600"[31m
              [36m>[31m
                [36m<p[31m
                  [33mclass[31m=[32m"text-slate-400 text-xs sm:text-sm"[31m
                [36m>[31m
                  [0mEmail[0m
                [36m</p>[31m
                [36m<p[31m
                  [33mclass[31m=[32m"text-white text-base sm:text-lg font-semibold break-all"[31m
                [36m/>[31m
              [36m</div>[31m
              [36m<div[31m
                [33mclass[31m=[32m"bg-slate-700 bg-opacity-50 p-4 rounded-2xl border border-slate-600"[31m
              [36m>[31m
                [36m<p[31m
                  [33mclass[31m=[32m"text-slate-400 text-xs sm:text-sm"[31m
                [36m>[31m
                  [0mStatus[0m
                [36m</p>[31m
                [36m<p[31m
                  [33mclass[31m=[32m"text-white text-base sm:text-lg font-semibold"[31m
                [36m>[31m
                  [0mUser[0m
                [36m</p>[31m
              [36m</div>[31m
            [36m</div>[31m
            [36m<div[31m
              [33mclass[31m=[32m"mt-8 flex flex-col sm:flex-row gap-3"[31m
            [36m>[31m
              [36m<button[31m
                [33mclass[31m=[32m"flex-1 bg-gradient-to-r from-purple-600 to-pink-500 hover:from-purple-700 hover:to-pink-600 text-white font-bold py-3 rounded-2xl transition-all duration-300 shadow-lg hover:shadow-pink-500/50 text-sm sm:text-base"[31m
              [36m>[31m
                [0mView Tasks[0m
              [36m</button>[31m
              [36m<button[31m
                [33mclass[31m=[32m"flex-1 bg-slate-700 hover:bg-slate-600 text-white font-bold py-3 rounded-2xl transition-all duration-300 text-sm sm:text-base"[31m
              [36m>[31m
                [0mLogout[0m
              [36m</button>[31m
            [36m</div>[31m
          [36m</div>[31m
        [36m</div>[31m
      [36m</div>[31m
    [36m</div>[31m
  [36m</body>[31m
[36m</html>[31m[39m
[31m   [31m├ù[31m Profile Component[2m > [22mshould handle API errors gracefully[33m 1012[2mms[22m[31m[39m
[31m     ΓåÆ expected "spy" to be called at least once

Ignored nodes: comments, script, style
[36m<html>[31m
  [36m<head />[31m
  [36m<body>[31m
    [36m<div>[31m
      [36m<div[31m
        [33mclass[31m=[32m"min-h-screen bg-gradient-to-br from-slate-900 via-slate-800 to-slate-900 p-4 sm:p-8"[31m
      [36m>[31m
        [36m<div[31m
          [33mclass[31m=[32m"max-w-2xl mx-auto"[31m
        [36m>[31m
          [36m<div[31m
            [33mclass[31m=[32m"bg-slate-800 bg-opacity-60 backdrop-blur-xl p-6 sm:p-8 rounded-3xl border border-slate-700 border-opacity-50 shadow-2xl mb-6"[31m
          [36m>[31m
            [36m<h2[31m
              [33mclass[31m=[32m"text-3xl sm:text-4xl font-extrabold bg-gradient-to-r from-purple-400 to-pink-300 bg-clip-text text-transparent mb-6"[31m
            [36m>[31m
              [0mYour Profile[0m
            [36m</h2>[31m
            [36m<div[31m
              [33mclass[31m=[32m"space-y-4"[31m
            [36m>[31m
              [36m<div[31m
                [33mclass[31m=[32m"bg-slate-700 bg-opacity-50 p-4 rounded-2xl border border-slate-600"[31m
              [36m>[31m
                [36m<p[31m
                  [33mclass[31m=[32m"text-slate-400 text-xs sm:text-sm"[31m
                [36m>[31m
                  [0mName[0m
                [36m</p>[31m
                [36m<p[31m
                  [33mclass[31m=[32m"text-white text-base sm:text-lg font-semibold"[31m
                [36m/>[31m
              [36m</div>[31m
              [36m<div[31m
                [33mclass[31m=[32m"bg-slate-700 bg-opacity-50 p-4 rounded-2xl border border-slate-600"[31m
              [36m>[31m
                [36m<p[31m
                  [33mclass[31m=[32m"text-slate-400 text-xs sm:text-sm"[31m
                [36m>[31m
                  [0mEmail[0m
                [36m</p>[31m
                [36m<p[31m
                  [33mclass[31m=[32m"text-white text-base sm:text-lg font-semibold break-all"[31m
                [36m/>[31m
              [36m</div>[31m
              [36m<div[31m
                [33mclass[31m=[32m"bg-slate-700 bg-opacity-50 p-4 rounded-2xl border border-slate-600"[31m
              [36m>[31m
                [36m<p[31m
                  [33mclass[31m=[32m"text-slate-400 text-xs sm:text-sm"[31m
                [36m>[31m
                  [0mStatus[0m
                [36m</p>[31m
                [36m<p[31m
                  [33mclass[31m=[32m"text-white text-base sm:text-lg font-semibold"[31m
                [36m>[31m
                  [0mUser[0m
                [36m</p>[31m
              [36m</div>[31m
            [36m</div>[31m
            [36m<div[31m
              [33mclass[31m=[32m"mt-8 flex flex-col sm:flex-row gap-3"[31m
            [36m>[31m
              [36m<button[31m
                [33mclass[31m=[32m"flex-1 bg-gradient-to-r from-purple-600 to-pink-500 hover:from-purple-700 hover:to-pink-600 text-white font-bold py-3 rounded-2xl transition-all duration-300 shadow-lg hover:shadow-pink-500/50 text-sm sm:text-base"[31m
              [36m>[31m
                [0mView Tasks[0m
              [36m</button>[31m
              [36m<button[31m
                [33mclass[31m=[32m"flex-1 bg-slate-700 hover:bg-slate-600 text-white font-bold py-3 rounded-2xl transition-all duration-300 text-sm sm:text-base"[31m
              [36m>[31m
                [0mLogout[0m
              [36m</button>[31m
            [36m</div>[31m
          [36m</div>[31m
        [36m</div>[31m
      [36m</div>[31m
    [36m</div>[31m
  [36m</body>[31m
[36m</html>[31m[39m
[31m   [31m├ù[31m Profile Component[2m > [22mshould clear localStorage on logout[90m 4[2mms[22m[31m[39m
[31m     ΓåÆ expected undefined to be 'test-token' // Object.is equality[39m
[90mstderr[2m | src/tests/AdminDashboard.test.jsx[2m > [22m[2mAdminDashboard Component[2m > [22m[2mshould have delete 
button for each user
[22m[39mError: Not implemented: window.alert
    at module.exports (D:\Projects\MyLogin\frontend\node_modules\jsdom\lib\jsdom\browser\not-implemented.js:9:17)
    at D:\Projects\MyLogin\frontend\node_modules\jsdom\lib\jsdom\browser\Window.js:962:7
    at fetchUsers (D:\Projects\MyLogin\frontend\src\pages\AdminDashboard.jsx:21:7)
    at D:\Projects\MyLogin\frontend\src\pages\AdminDashboard.jsx:35:5
    at Object.react_stack_bottom_frame 
(D:\Projects\MyLogin\frontend\node_modules\react-dom\cjs\react-dom-client.development.js:25989:20)
    at runWithFiberInDEV (D:\Projects\MyLogin\frontend\node_modules\react-dom\cjs\react-dom-client.development.js:874:13)
    at commitHookEffectListMount 
(D:\Projects\MyLogin\frontend\node_modules\react-dom\cjs\react-dom-client.development.js:13249:29)
    at commitHookPassiveMountEffects 
(D:\Projects\MyLogin\frontend\node_modules\react-dom\cjs\react-dom-client.development.js:13336:11)
    at commitPassiveMountOnFiber 
(D:\Projects\MyLogin\frontend\node_modules\react-dom\cjs\react-dom-client.development.js:15484:13)
    at recursivelyTraversePassiveMountEffects 
(D:\Projects\MyLogin\frontend\node_modules\react-dom\cjs\react-dom-client.development.js:15439:11) [90mundefined[39m
Error: Not implemented: window.alert
    at module.exports (D:\Projects\MyLogin\frontend\node_modules\jsdom\lib\jsdom\browser\not-implemented.js:9:17)
    at D:\Projects\MyLogin\frontend\node_modules\jsdom\lib\jsdom\browser\Window.js:962:7
    at fetchTasks (D:\Projects\MyLogin\frontend\src\pages\AdminDashboard.jsx:30:7)
    at D:\Projects\MyLogin\frontend\src\pages\AdminDashboard.jsx:36:5
    at Object.react_stack_bottom_frame 
(D:\Projects\MyLogin\frontend\node_modules\react-dom\cjs\react-dom-client.development.js:25989:20)
    at runWithFiberInDEV (D:\Projects\MyLogin\frontend\node_modules\react-dom\cjs\react-dom-client.development.js:874:13)
    at commitHookEffectListMount 
(D:\Projects\MyLogin\frontend\node_modules\react-dom\cjs\react-dom-client.development.js:13249:29)
    at commitHookPassiveMountEffects 
(D:\Projects\MyLogin\frontend\node_modules\react-dom\cjs\react-dom-client.development.js:13336:11)
    at commitPassiveMountOnFiber 
(D:\Projects\MyLogin\frontend\node_modules\react-dom\cjs\react-dom-client.development.js:15484:13)
    at recursivelyTraversePassiveMountEffects 
(D:\Projects\MyLogin\frontend\node_modules\react-dom\cjs\react-dom-client.development.js:15439:11) [90mundefined[39m

[90mstderr[2m | src/tests/Tasks.test.jsx[2m > [22m[2mTasks Component[2m > [22m[2mshould display task cards in 
responsive layout
[22m[39mError: Not implemented: window.alert
    at module.exports (D:\Projects\MyLogin\frontend\node_modules\jsdom\lib\jsdom\browser\not-implemented.js:9:17)
    at D:\Projects\MyLogin\frontend\node_modules\jsdom\lib\jsdom\browser\Window.js:962:7
    at fetchTasks (D:\Projects\MyLogin\frontend\src\pages\Tasks.jsx:17:7)
    at D:\Projects\MyLogin\frontend\src\pages\Tasks.jsx:22:5
    at Object.react_stack_bottom_frame 
(D:\Projects\MyLogin\frontend\node_modules\react-dom\cjs\react-dom-client.development.js:25989:20)
    at runWithFiberInDEV (D:\Projects\MyLogin\frontend\node_modules\react-dom\cjs\react-dom-client.development.js:874:13)
    at commitHookEffectListMount 
(D:\Projects\MyLogin\frontend\node_modules\react-dom\cjs\react-dom-client.development.js:13249:29)
    at commitHookPassiveMountEffects 
(D:\Projects\MyLogin\frontend\node_modules\react-dom\cjs\react-dom-client.development.js:13336:11)
    at commitPassiveMountOnFiber 
(D:\Projects\MyLogin\frontend\node_modules\react-dom\cjs\react-dom-client.development.js:15484:13)
    at recursivelyTraversePassiveMountEffects 
(D:\Projects\MyLogin\frontend\node_modules\react-dom\cjs\react-dom-client.development.js:15439:11) [90mundefined[39m

[90mstderr[2m | src/tests/AdminDashboard.test.jsx[2m > [22m[2mAdminDashboard Component[2m > [22m[2mshould display 
admin status for users
[22m[39mError: Not implemented: window.alert
    at module.exports (D:\Projects\MyLogin\frontend\node_modules\jsdom\lib\jsdom\browser\not-implemented.js:9:17)
    at D:\Projects\MyLogin\frontend\node_modules\jsdom\lib\jsdom\browser\Window.js:962:7
    at fetchUsers (D:\Projects\MyLogin\frontend\src\pages\AdminDashboard.jsx:21:7)
    at D:\Projects\MyLogin\frontend\src\pages\AdminDashboard.jsx:35:5
    at Object.react_stack_bottom_frame 
(D:\Projects\MyLogin\frontend\node_modules\react-dom\cjs\react-dom-client.development.js:25989:20)
    at runWithFiberInDEV (D:\Projects\MyLogin\frontend\node_modules\react-dom\cjs\react-dom-client.development.js:874:13)
    at commitHookEffectListMount 
(D:\Projects\MyLogin\frontend\node_modules\react-dom\cjs\react-dom-client.development.js:13249:29)
    at commitHookPassiveMountEffects 
(D:\Projects\MyLogin\frontend\node_modules\react-dom\cjs\react-dom-client.development.js:13336:11)
    at commitPassiveMountOnFiber 
(D:\Projects\MyLogin\frontend\node_modules\react-dom\cjs\react-dom-client.development.js:15484:13)
    at recursivelyTraversePassiveMountEffects 
(D:\Projects\MyLogin\frontend\node_modules\react-dom\cjs\react-dom-client.development.js:15439:11) [90mundefined[39m
Error: Not implemented: window.alert
    at module.exports (D:\Projects\MyLogin\frontend\node_modules\jsdom\lib\jsdom\browser\not-implemented.js:9:17)
    at D:\Projects\MyLogin\frontend\node_modules\jsdom\lib\jsdom\browser\Window.js:962:7
    at fetchTasks (D:\Projects\MyLogin\frontend\src\pages\AdminDashboard.jsx:30:7)
    at D:\Projects\MyLogin\frontend\src\pages\AdminDashboard.jsx:36:5
    at Object.react_stack_bottom_frame 
(D:\Projects\MyLogin\frontend\node_modules\react-dom\cjs\react-dom-client.development.js:25989:20)
    at runWithFiberInDEV (D:\Projects\MyLogin\frontend\node_modules\react-dom\cjs\react-dom-client.development.js:874:13)
    at commitHookEffectListMount 
(D:\Projects\MyLogin\frontend\node_modules\react-dom\cjs\react-dom-client.development.js:13249:29)
    at commitHookPassiveMountEffects 
(D:\Projects\MyLogin\frontend\node_modules\react-dom\cjs\react-dom-client.development.js:13336:11)
    at commitPassiveMountOnFiber 
(D:\Projects\MyLogin\frontend\node_modules\react-dom\cjs\react-dom-client.development.js:15484:13)
    at recursivelyTraversePassiveMountEffects 
(D:\Projects\MyLogin\frontend\node_modules\react-dom\cjs\react-dom-client.development.js:15439:11) [90mundefined[39m

[90mstderr[2m | src/tests/AdminDashboard.test.jsx[2m > [22m[2mAdminDashboard Component[2m > [22m[2mshould display 
tasks in Tasks tab
[22m[39mError: Not implemented: window.alert
    at module.exports (D:\Projects\MyLogin\frontend\node_modules\jsdom\lib\jsdom\browser\not-implemented.js:9:17)
    at D:\Projects\MyLogin\frontend\node_modules\jsdom\lib\jsdom\browser\Window.js:962:7
    at fetchUsers (D:\Projects\MyLogin\frontend\src\pages\AdminDashboard.jsx:21:7)
    at D:\Projects\MyLogin\frontend\src\pages\AdminDashboard.jsx:35:5
    at Object.react_stack_bottom_frame 
(D:\Projects\MyLogin\frontend\node_modules\react-dom\cjs\react-dom-client.development.js:25989:20)
    at runWithFiberInDEV (D:\Projects\MyLogin\frontend\node_modules\react-dom\cjs\react-dom-client.development.js:874:13)
    at commitHookEffectListMount 
(D:\Projects\MyLogin\frontend\node_modules\react-dom\cjs\react-dom-client.development.js:13249:29)
    at commitHookPassiveMountEffects 
(D:\Projects\MyLogin\frontend\node_modules\react-dom\cjs\react-dom-client.development.js:13336:11)
    at commitPassiveMountOnFiber 
(D:\Projects\MyLogin\frontend\node_modules\react-dom\cjs\react-dom-client.development.js:15484:13)
    at recursivelyTraversePassiveMountEffects 
(D:\Projects\MyLogin\frontend\node_modules\react-dom\cjs\react-dom-client.development.js:15439:11) [90mundefined[39m
Error: Not implemented: window.alert
    at module.exports (D:\Projects\MyLogin\frontend\node_modules\jsdom\lib\jsdom\browser\not-implemented.js:9:17)
    at D:\Projects\MyLogin\frontend\node_modules\jsdom\lib\jsdom\browser\Window.js:962:7
    at fetchTasks (D:\Projects\MyLogin\frontend\src\pages\AdminDashboard.jsx:30:7)
    at D:\Projects\MyLogin\frontend\src\pages\AdminDashboard.jsx:36:5
    at Object.react_stack_bottom_frame 
(D:\Projects\MyLogin\frontend\node_modules\react-dom\cjs\react-dom-client.development.js:25989:20)
    at runWithFiberInDEV (D:\Projects\MyLogin\frontend\node_modules\react-dom\cjs\react-dom-client.development.js:874:13)
    at commitHookEffectListMount 
(D:\Projects\MyLogin\frontend\node_modules\react-dom\cjs\react-dom-client.development.js:13249:29)
    at commitHookPassiveMountEffects 
(D:\Projects\MyLogin\frontend\node_modules\react-dom\cjs\react-dom-client.development.js:13336:11)
    at commitPassiveMountOnFiber 
(D:\Projects\MyLogin\frontend\node_modules\react-dom\cjs\react-dom-client.development.js:15484:13)
    at recursivelyTraversePassiveMountEffects 
(D:\Projects\MyLogin\frontend\node_modules\react-dom\cjs\react-dom-client.development.js:15439:11) [90mundefined[39m

[90mstderr[2m | src/tests/Tasks.test.jsx[2m > [22m[2mTasks Component[2m > [22m[2mshould have responsive grid layout 
for tasks
[22m[39mError: Not implemented: window.alert
    at module.exports (D:\Projects\MyLogin\frontend\node_modules\jsdom\lib\jsdom\browser\not-implemented.js:9:17)
    at D:\Projects\MyLogin\frontend\node_modules\jsdom\lib\jsdom\browser\Window.js:962:7
    at fetchTasks (D:\Projects\MyLogin\frontend\src\pages\Tasks.jsx:17:7)
    at D:\Projects\MyLogin\frontend\src\pages\Tasks.jsx:22:5
    at Object.react_stack_bottom_frame 
(D:\Projects\MyLogin\frontend\node_modules\react-dom\cjs\react-dom-client.development.js:25989:20)
    at runWithFiberInDEV (D:\Projects\MyLogin\frontend\node_modules\react-dom\cjs\react-dom-client.development.js:874:13)
    at commitHookEffectListMount 
(D:\Projects\MyLogin\frontend\node_modules\react-dom\cjs\react-dom-client.development.js:13249:29)
    at commitHookPassiveMountEffects 
(D:\Projects\MyLogin\frontend\node_modules\react-dom\cjs\react-dom-client.development.js:13336:11)
    at commitPassiveMountOnFiber 
(D:\Projects\MyLogin\frontend\node_modules\react-dom\cjs\react-dom-client.development.js:15484:13)
    at recursivelyTraversePassiveMountEffects 
(D:\Projects\MyLogin\frontend\node_modules\react-dom\cjs\react-dom-client.development.js:15439:11) [90mundefined[39m

[90mstderr[2m | src/tests/Tasks.test.jsx[2m > [22m[2mTasks Component[2m > [22m[2mshould show task form with two input 
fields
[22m[39mError: Not implemented: window.alert
    at module.exports (D:\Projects\MyLogin\frontend\node_modules\jsdom\lib\jsdom\browser\not-implemented.js:9:17)
    at D:\Projects\MyLogin\frontend\node_modules\jsdom\lib\jsdom\browser\Window.js:962:7
    at fetchTasks (D:\Projects\MyLogin\frontend\src\pages\Tasks.jsx:17:7)
    at D:\Projects\MyLogin\frontend\src\pages\Tasks.jsx:22:5
    at Object.react_stack_bottom_frame 
(D:\Projects\MyLogin\frontend\node_modules\react-dom\cjs\react-dom-client.development.js:25989:20)
    at runWithFiberInDEV (D:\Projects\MyLogin\frontend\node_modules\react-dom\cjs\react-dom-client.development.js:874:13)
    at commitHookEffectListMount 
(D:\Projects\MyLogin\frontend\node_modules\react-dom\cjs\react-dom-client.development.js:13249:29)
    at commitHookPassiveMountEffects 
(D:\Projects\MyLogin\frontend\node_modules\react-dom\cjs\react-dom-client.development.js:13336:11)
    at commitPassiveMountOnFiber 
(D:\Projects\MyLogin\frontend\node_modules\react-dom\cjs\react-dom-client.development.js:15484:13)
    at recursivelyTraversePassiveMountEffects 
(D:\Projects\MyLogin\frontend\node_modules\react-dom\cjs\react-dom-client.development.js:15439:11) [90mundefined[39m

[90mstderr[2m | src/tests/Tasks.test.jsx[2m > [22m[2mTasks Component[2m > [22m[2mshould handle task creation form 
submission
[22m[39mError: Not implemented: window.alert
    at module.exports (D:\Projects\MyLogin\frontend\node_modules\jsdom\lib\jsdom\browser\not-implemented.js:9:17)
    at D:\Projects\MyLogin\frontend\node_modules\jsdom\lib\jsdom\browser\Window.js:962:7
    at fetchTasks (D:\Projects\MyLogin\frontend\src\pages\Tasks.jsx:17:7)
    at D:\Projects\MyLogin\frontend\src\pages\Tasks.jsx:22:5
    at Object.react_stack_bottom_frame 
(D:\Projects\MyLogin\frontend\node_modules\react-dom\cjs\react-dom-client.development.js:25989:20)
    at runWithFiberInDEV (D:\Projects\MyLogin\frontend\node_modules\react-dom\cjs\react-dom-client.development.js:874:13)
    at commitHookEffectListMount 
(D:\Projects\MyLogin\frontend\node_modules\react-dom\cjs\react-dom-client.development.js:13249:29)
    at commitHookPassiveMountEffects 
(D:\Projects\MyLogin\frontend\node_modules\react-dom\cjs\react-dom-client.development.js:13336:11)
    at commitPassiveMountOnFiber 
(D:\Projects\MyLogin\frontend\node_modules\react-dom\cjs\react-dom-client.development.js:15484:13)
    at recursivelyTraversePassiveMountEffects 
(D:\Projects\MyLogin\frontend\node_modules\react-dom\cjs\react-dom-client.development.js:15439:11) [90mundefined[39m

[90mstderr[2m | src/tests/Tasks.test.jsx[2m > [22m[2mTasks Component[2m > [22m[2mshould fetch tasks after successful 
creation
[22m[39mError: Not implemented: window.alert
    at module.exports (D:\Projects\MyLogin\frontend\node_modules\jsdom\lib\jsdom\browser\not-implemented.js:9:17)
    at D:\Projects\MyLogin\frontend\node_modules\jsdom\lib\jsdom\browser\Window.js:962:7
    at fetchTasks (D:\Projects\MyLogin\frontend\src\pages\Tasks.jsx:17:7)
    at D:\Projects\MyLogin\frontend\src\pages\Tasks.jsx:22:5
    at Object.react_stack_bottom_frame 
(D:\Projects\MyLogin\frontend\node_modules\react-dom\cjs\react-dom-client.development.js:25989:20)
    at runWithFiberInDEV (D:\Projects\MyLogin\frontend\node_modules\react-dom\cjs\react-dom-client.development.js:874:13)
    at commitHookEffectListMount 
(D:\Projects\MyLogin\frontend\node_modules\react-dom\cjs\react-dom-client.development.js:13249:29)
    at commitHookPassiveMountEffects 
(D:\Projects\MyLogin\frontend\node_modules\react-dom\cjs\react-dom-client.development.js:13336:11)
    at commitPassiveMountOnFiber 
(D:\Projects\MyLogin\frontend\node_modules\react-dom\cjs\react-dom-client.development.js:15484:13)
    at recursivelyTraversePassiveMountEffects 
(D:\Projects\MyLogin\frontend\node_modules\react-dom\cjs\react-dom-client.development.js:15439:11) [90mundefined[39m

[90mstderr[2m | src/tests/AdminDashboard.test.jsx[2m > [22m[2mAdminDashboard Component[2m > [22m[2mshould show all 
tasks
[22m[39mError: Not implemented: window.alert
    at module.exports (D:\Projects\MyLogin\frontend\node_modules\jsdom\lib\jsdom\browser\not-implemented.js:9:17)
    at D:\Projects\MyLogin\frontend\node_modules\jsdom\lib\jsdom\browser\Window.js:962:7
    at fetchUsers (D:\Projects\MyLogin\frontend\src\pages\AdminDashboard.jsx:21:7)
    at D:\Projects\MyLogin\frontend\src\pages\AdminDashboard.jsx:35:5
    at Object.react_stack_bottom_frame 
(D:\Projects\MyLogin\frontend\node_modules\react-dom\cjs\react-dom-client.development.js:25989:20)
    at runWithFiberInDEV (D:\Projects\MyLogin\frontend\node_modules\react-dom\cjs\react-dom-client.development.js:874:13)
    at commitHookEffectListMount 
(D:\Projects\MyLogin\frontend\node_modules\react-dom\cjs\react-dom-client.development.js:13249:29)
    at commitHookPassiveMountEffects 
(D:\Projects\MyLogin\frontend\node_modules\react-dom\cjs\react-dom-client.development.js:13336:11)
    at commitPassiveMountOnFiber 
(D:\Projects\MyLogin\frontend\node_modules\react-dom\cjs\react-dom-client.development.js:15484:13)
    at recursivelyTraversePassiveMountEffects 
(D:\Projects\MyLogin\frontend\node_modules\react-dom\cjs\react-dom-client.development.js:15439:11) [90mundefined[39m
Error: Not implemented: window.alert
    at module.exports (D:\Projects\MyLogin\frontend\node_modules\jsdom\lib\jsdom\browser\not-implemented.js:9:17)
    at D:\Projects\MyLogin\frontend\node_modules\jsdom\lib\jsdom\browser\Window.js:962:7
    at fetchTasks (D:\Projects\MyLogin\frontend\src\pages\AdminDashboard.jsx:30:7)
    at D:\Projects\MyLogin\frontend\src\pages\AdminDashboard.jsx:36:5
    at Object.react_stack_bottom_frame 
(D:\Projects\MyLogin\frontend\node_modules\react-dom\cjs\react-dom-client.development.js:25989:20)
    at runWithFiberInDEV (D:\Projects\MyLogin\frontend\node_modules\react-dom\cjs\react-dom-client.development.js:874:13)
    at commitHookEffectListMount 
(D:\Projects\MyLogin\frontend\node_modules\react-dom\cjs\react-dom-client.development.js:13249:29)
    at commitHookPassiveMountEffects 
(D:\Projects\MyLogin\frontend\node_modules\react-dom\cjs\react-dom-client.development.js:13336:11)
    at commitPassiveMountOnFiber 
(D:\Projects\MyLogin\frontend\node_modules\react-dom\cjs\react-dom-client.development.js:15484:13)
    at recursivelyTraversePassiveMountEffects 
(D:\Projects\MyLogin\frontend\node_modules\react-dom\cjs\react-dom-client.development.js:15439:11) [90mundefined[39m

[90mstderr[2m | src/tests/AdminDashboard.test.jsx[2m > [22m[2mAdminDashboard Component[2m > [22m[2mshould display task 
description
[22m[39mError: Not implemented: window.alert
    at module.exports (D:\Projects\MyLogin\frontend\node_modules\jsdom\lib\jsdom\browser\not-implemented.js:9:17)
    at D:\Projects\MyLogin\frontend\node_modules\jsdom\lib\jsdom\browser\Window.js:962:7
    at fetchUsers (D:\Projects\MyLogin\frontend\src\pages\AdminDashboard.jsx:21:7)
    at D:\Projects\MyLogin\frontend\src\pages\AdminDashboard.jsx:35:5
    at Object.react_stack_bottom_frame 
(D:\Projects\MyLogin\frontend\node_modules\react-dom\cjs\react-dom-client.development.js:25989:20)
    at runWithFiberInDEV (D:\Projects\MyLogin\frontend\node_modules\react-dom\cjs\react-dom-client.development.js:874:13)
    at commitHookEffectListMount 
(D:\Projects\MyLogin\frontend\node_modules\react-dom\cjs\react-dom-client.development.js:13249:29)
    at commitHookPassiveMountEffects 
(D:\Projects\MyLogin\frontend\node_modules\react-dom\cjs\react-dom-client.development.js:13336:11)
    at commitPassiveMountOnFiber 
(D:\Projects\MyLogin\frontend\node_modules\react-dom\cjs\react-dom-client.development.js:15484:13)
    at recursivelyTraversePassiveMountEffects 
(D:\Projects\MyLogin\frontend\node_modules\react-dom\cjs\react-dom-client.development.js:15439:11) [90mundefined[39m
Error: Not implemented: window.alert
    at module.exports (D:\Projects\MyLogin\frontend\node_modules\jsdom\lib\jsdom\browser\not-implemented.js:9:17)
    at D:\Projects\MyLogin\frontend\node_modules\jsdom\lib\jsdom\browser\Window.js:962:7
    at fetchTasks (D:\Projects\MyLogin\frontend\src\pages\AdminDashboard.jsx:30:7)
    at D:\Projects\MyLogin\frontend\src\pages\AdminDashboard.jsx:36:5
    at Object.react_stack_bottom_frame 
(D:\Projects\MyLogin\frontend\node_modules\react-dom\cjs\react-dom-client.development.js:25989:20)
    at runWithFiberInDEV (D:\Projects\MyLogin\frontend\node_modules\react-dom\cjs\react-dom-client.development.js:874:13)
    at commitHookEffectListMount 
(D:\Projects\MyLogin\frontend\node_modules\react-dom\cjs\react-dom-client.development.js:13249:29)
    at commitHookPassiveMountEffects 
(D:\Projects\MyLogin\frontend\node_modules\react-dom\cjs\react-dom-client.development.js:13336:11)
    at commitPassiveMountOnFiber 
(D:\Projects\MyLogin\frontend\node_modules\react-dom\cjs\react-dom-client.development.js:15484:13)
    at recursivelyTraversePassiveMountEffects 
(D:\Projects\MyLogin\frontend\node_modules\react-dom\cjs\react-dom-client.development.js:15439:11) [90mundefined[39m

[90mstderr[2m | src/tests/AdminDashboard.test.jsx[2m > [22m[2mAdminDashboard Component[2m > [22m[2mshould have edit 
button for each task
[22m[39mError: Not implemented: window.alert
    at module.exports (D:\Projects\MyLogin\frontend\node_modules\jsdom\lib\jsdom\browser\not-implemented.js:9:17)
    at D:\Projects\MyLogin\frontend\node_modules\jsdom\lib\jsdom\browser\Window.js:962:7
    at fetchUsers (D:\Projects\MyLogin\frontend\src\pages\AdminDashboard.jsx:21:7)
    at D:\Projects\MyLogin\frontend\src\pages\AdminDashboard.jsx:35:5
    at Object.react_stack_bottom_frame 
(D:\Projects\MyLogin\frontend\node_modules\react-dom\cjs\react-dom-client.development.js:25989:20)
    at runWithFiberInDEV (D:\Projects\MyLogin\frontend\node_modules\react-dom\cjs\react-dom-client.development.js:874:13)
    at commitHookEffectListMount 
(D:\Projects\MyLogin\frontend\node_modules\react-dom\cjs\react-dom-client.development.js:13249:29)
    at commitHookPassiveMountEffects 
(D:\Projects\MyLogin\frontend\node_modules\react-dom\cjs\react-dom-client.development.js:13336:11)
    at commitPassiveMountOnFiber 
(D:\Projects\MyLogin\frontend\node_modules\react-dom\cjs\react-dom-client.development.js:15484:13)
    at recursivelyTraversePassiveMountEffects 
(D:\Projects\MyLogin\frontend\node_modules\react-dom\cjs\react-dom-client.development.js:15439:11) [90mundefined[39m
Error: Not implemented: window.alert
    at module.exports (D:\Projects\MyLogin\frontend\node_modules\jsdom\lib\jsdom\browser\not-implemented.js:9:17)
    at D:\Projects\MyLogin\frontend\node_modules\jsdom\lib\jsdom\browser\Window.js:962:7
    at fetchTasks (D:\Projects\MyLogin\frontend\src\pages\AdminDashboard.jsx:30:7)
    at D:\Projects\MyLogin\frontend\src\pages\AdminDashboard.jsx:36:5
    at Object.react_stack_bottom_frame 
(D:\Projects\MyLogin\frontend\node_modules\react-dom\cjs\react-dom-client.development.js:25989:20)
    at runWithFiberInDEV (D:\Projects\MyLogin\frontend\node_modules\react-dom\cjs\react-dom-client.development.js:874:13)
    at commitHookEffectListMount 
(D:\Projects\MyLogin\frontend\node_modules\react-dom\cjs\react-dom-client.development.js:13249:29)
    at commitHookPassiveMountEffects 
(D:\Projects\MyLogin\frontend\node_modules\react-dom\cjs\react-dom-client.development.js:13336:11)
    at commitPassiveMountOnFiber 
(D:\Projects\MyLogin\frontend\node_modules\react-dom\cjs\react-dom-client.development.js:15484:13)
    at recursivelyTraversePassiveMountEffects 
(D:\Projects\MyLogin\frontend\node_modules\react-dom\cjs\react-dom-client.development.js:15439:11) [90mundefined[39m

[90mstderr[2m | src/tests/Tasks.test.jsx[2m > [22m[2mTasks Component[2m > [22m[2mshould handle API errors when 
fetching tasks
[22m[39mError: Not implemented: window.alert
    at module.exports (D:\Projects\MyLogin\frontend\node_modules\jsdom\lib\jsdom\browser\not-implemented.js:9:17)
    at D:\Projects\MyLogin\frontend\node_modules\jsdom\lib\jsdom\browser\Window.js:962:7
    at fetchTasks (D:\Projects\MyLogin\frontend\src\pages\Tasks.jsx:17:7)
    at D:\Projects\MyLogin\frontend\src\pages\Tasks.jsx:22:5
    at Object.react_stack_bottom_frame 
(D:\Projects\MyLogin\frontend\node_modules\react-dom\cjs\react-dom-client.development.js:25989:20)
    at runWithFiberInDEV (D:\Projects\MyLogin\frontend\node_modules\react-dom\cjs\react-dom-client.development.js:874:13)
    at commitHookEffectListMount 
(D:\Projects\MyLogin\frontend\node_modules\react-dom\cjs\react-dom-client.development.js:13249:29)
    at commitHookPassiveMountEffects 
(D:\Projects\MyLogin\frontend\node_modules\react-dom\cjs\react-dom-client.development.js:13336:11)
    at commitPassiveMountOnFiber 
(D:\Projects\MyLogin\frontend\node_modules\react-dom\cjs\react-dom-client.development.js:15484:13)
    at recursivelyTraversePassiveMountEffects 
(D:\Projects\MyLogin\frontend\node_modules\react-dom\cjs\react-dom-client.development.js:15439:11) [90mundefined[39m

[90mstderr[2m | src/tests/AdminDashboard.test.jsx[2m > [22m[2mAdminDashboard Component[2m > [22m[2mshould have delete 
button for each task
[22m[39mError: Not implemented: window.alert
    at module.exports (D:\Projects\MyLogin\frontend\node_modules\jsdom\lib\jsdom\browser\not-implemented.js:9:17)
    at D:\Projects\MyLogin\frontend\node_modules\jsdom\lib\jsdom\browser\Window.js:962:7
    at fetchUsers (D:\Projects\MyLogin\frontend\src\pages\AdminDashboard.jsx:21:7)
    at D:\Projects\MyLogin\frontend\src\pages\AdminDashboard.jsx:35:5
    at Object.react_stack_bottom_frame 
(D:\Projects\MyLogin\frontend\node_modules\react-dom\cjs\react-dom-client.development.js:25989:20)
    at runWithFiberInDEV (D:\Projects\MyLogin\frontend\node_modules\react-dom\cjs\react-dom-client.development.js:874:13)
    at commitHookEffectListMount 
(D:\Projects\MyLogin\frontend\node_modules\react-dom\cjs\react-dom-client.development.js:13249:29)
    at commitHookPassiveMountEffects 
(D:\Projects\MyLogin\frontend\node_modules\react-dom\cjs\react-dom-client.development.js:13336:11)
    at commitPassiveMountOnFiber 
(D:\Projects\MyLogin\frontend\node_modules\react-dom\cjs\react-dom-client.development.js:15484:13)
    at recursivelyTraversePassiveMountEffects 
(D:\Projects\MyLogin\frontend\node_modules\react-dom\cjs\react-dom-client.development.js:15439:11) [90mundefined[39m
Error: Not implemented: window.alert
    at module.exports (D:\Projects\MyLogin\frontend\node_modules\jsdom\lib\jsdom\browser\not-implemented.js:9:17)
    at D:\Projects\MyLogin\frontend\node_modules\jsdom\lib\jsdom\browser\Window.js:962:7
    at fetchTasks (D:\Projects\MyLogin\frontend\src\pages\AdminDashboard.jsx:30:7)
    at D:\Projects\MyLogin\frontend\src\pages\AdminDashboard.jsx:36:5
    at Object.react_stack_bottom_frame 
(D:\Projects\MyLogin\frontend\node_modules\react-dom\cjs\react-dom-client.development.js:25989:20)
    at runWithFiberInDEV (D:\Projects\MyLogin\frontend\node_modules\react-dom\cjs\react-dom-client.development.js:874:13)
    at commitHookEffectListMount 
(D:\Projects\MyLogin\frontend\node_modules\react-dom\cjs\react-dom-client.development.js:13249:29)
    at commitHookPassiveMountEffects 
(D:\Projects\MyLogin\frontend\node_modules\react-dom\cjs\react-dom-client.development.js:13336:11)
    at commitPassiveMountOnFiber 
(D:\Projects\MyLogin\frontend\node_modules\react-dom\cjs\react-dom-client.development.js:15484:13)
    at recursivelyTraversePassiveMountEffects 
(D:\Projects\MyLogin\frontend\node_modules\react-dom\cjs\react-dom-client.development.js:15439:11) [90mundefined[39m

[90mstderr[2m | src/tests/Tasks.test.jsx[2m > [22m[2mTasks Component[2m > [22m[2mshould display task title as heading 
in card
[22m[39mError: Not implemented: window.alert
    at module.exports (D:\Projects\MyLogin\frontend\node_modules\jsdom\lib\jsdom\browser\not-implemented.js:9:17)
    at D:\Projects\MyLogin\frontend\node_modules\jsdom\lib\jsdom\browser\Window.js:962:7
    at fetchTasks (D:\Projects\MyLogin\frontend\src\pages\Tasks.jsx:17:7)
    at D:\Projects\MyLogin\frontend\src\pages\Tasks.jsx:22:5
    at Object.react_stack_bottom_frame 
(D:\Projects\MyLogin\frontend\node_modules\react-dom\cjs\react-dom-client.development.js:25989:20)
    at runWithFiberInDEV (D:\Projects\MyLogin\frontend\node_modules\react-dom\cjs\react-dom-client.development.js:874:13)
    at commitHookEffectListMount 
(D:\Projects\MyLogin\frontend\node_modules\react-dom\cjs\react-dom-client.development.js:13249:29)
    at commitHookPassiveMountEffects 
(D:\Projects\MyLogin\frontend\node_modules\react-dom\cjs\react-dom-client.development.js:13336:11)
    at commitPassiveMountOnFiber 
(D:\Projects\MyLogin\frontend\node_modules\react-dom\cjs\react-dom-client.development.js:15484:13)
    at recursivelyTraversePassiveMountEffects 
(D:\Projects\MyLogin\frontend\node_modules\react-dom\cjs\react-dom-client.development.js:15439:11) [90mundefined[39m

[90mstderr[2m | src/tests/Tasks.test.jsx[2m > [22m[2mTasks Component[2m > [22m[2mshould show task description text in 
card
[22m[39mError: Not implemented: window.alert
    at module.exports (D:\Projects\MyLogin\frontend\node_modules\jsdom\lib\jsdom\browser\not-implemented.js:9:17)
    at D:\Projects\MyLogin\frontend\node_modules\jsdom\lib\jsdom\browser\Window.js:962:7
    at fetchTasks (D:\Projects\MyLogin\frontend\src\pages\Tasks.jsx:17:7)
    at D:\Projects\MyLogin\frontend\src\pages\Tasks.jsx:22:5
    at Object.react_stack_bottom_frame 
(D:\Projects\MyLogin\frontend\node_modules\react-dom\cjs\react-dom-client.development.js:25989:20)
    at runWithFiberInDEV (D:\Projects\MyLogin\frontend\node_modules\react-dom\cjs\react-dom-client.development.js:874:13)
    at commitHookEffectListMount 
(D:\Projects\MyLogin\frontend\node_modules\react-dom\cjs\react-dom-client.development.js:13249:29)
    at commitHookPassiveMountEffects 
(D:\Projects\MyLogin\frontend\node_modules\react-dom\cjs\react-dom-client.development.js:13336:11)
    at commitPassiveMountOnFiber 
(D:\Projects\MyLogin\frontend\node_modules\react-dom\cjs\react-dom-client.development.js:15484:13)
    at recursivelyTraversePassiveMountEffects 
(D:\Projects\MyLogin\frontend\node_modules\react-dom\cjs\react-dom-client.development.js:15439:11) [90mundefined[39m

[90mstderr[2m | src/tests/Tasks.test.jsx[2m > [22m[2mTasks Component[2m > [22m[2mshould render with proper container 
styling
[22m[39mError: Not implemented: window.alert
    at module.exports (D:\Projects\MyLogin\frontend\node_modules\jsdom\lib\jsdom\browser\not-implemented.js:9:17)
    at D:\Projects\MyLogin\frontend\node_modules\jsdom\lib\jsdom\browser\Window.js:962:7
    at fetchTasks (D:\Projects\MyLogin\frontend\src\pages\Tasks.jsx:17:7)
    at D:\Projects\MyLogin\frontend\src\pages\Tasks.jsx:22:5
    at Object.react_stack_bottom_frame 
(D:\Projects\MyLogin\frontend\node_modules\react-dom\cjs\react-dom-client.development.js:25989:20)
    at runWithFiberInDEV (D:\Projects\MyLogin\frontend\node_modules\react-dom\cjs\react-dom-client.development.js:874:13)
    at commitHookEffectListMount 
(D:\Projects\MyLogin\frontend\node_modules\react-dom\cjs\react-dom-client.development.js:13249:29)
    at commitHookPassiveMountEffects 
(D:\Projects\MyLogin\frontend\node_modules\react-dom\cjs\react-dom-client.development.js:13336:11)
    at commitPassiveMountOnFiber 
(D:\Projects\MyLogin\frontend\node_modules\react-dom\cjs\react-dom-client.development.js:15484:13)
    at recursivelyTraversePassiveMountEffects 
(D:\Projects\MyLogin\frontend\node_modules\react-dom\cjs\react-dom-client.development.js:15439:11) [90mundefined[39m

[90mstderr[2m | src/tests/Tasks.test.jsx[2m > [22m[2mTasks Component[2m > [22m[2mshould have padding and spacing 
classes
[22m[39mError: Not implemented: window.alert
    at module.exports (D:\Projects\MyLogin\frontend\node_modules\jsdom\lib\jsdom\browser\not-implemented.js:9:17)
    at D:\Projects\MyLogin\frontend\node_modules\jsdom\lib\jsdom\browser\Window.js:962:7
    at fetchTasks (D:\Projects\MyLogin\frontend\src\pages\Tasks.jsx:17:7)
    at D:\Projects\MyLogin\frontend\src\pages\Tasks.jsx:22:5
    at Object.react_stack_bottom_frame 
(D:\Projects\MyLogin\frontend\node_modules\react-dom\cjs\react-dom-client.development.js:25989:20)
    at runWithFiberInDEV (D:\Projects\MyLogin\frontend\node_modules\react-dom\cjs\react-dom-client.development.js:874:13)
    at commitHookEffectListMount 
(D:\Projects\MyLogin\frontend\node_modules\react-dom\cjs\react-dom-client.development.js:13249:29)
    at commitHookPassiveMountEffects 
(D:\Projects\MyLogin\frontend\node_modules\react-dom\cjs\react-dom-client.development.js:13336:11)
    at commitPassiveMountOnFiber 
(D:\Projects\MyLogin\frontend\node_modules\react-dom\cjs\react-dom-client.development.js:15484:13)
    at recursivelyTraversePassiveMountEffects 
(D:\Projects\MyLogin\frontend\node_modules\react-dom\cjs\react-dom-client.development.js:15439:11) [90mundefined[39m

[90mstderr[2m | src/tests/Tasks.test.jsx[2m > [22m[2mTasks Component[2m > [22m[2mshould display form section 
separately from task list
[22m[39mError: Not implemented: window.alert
    at module.exports (D:\Projects\MyLogin\frontend\node_modules\jsdom\lib\jsdom\browser\not-implemented.js:9:17)
    at D:\Projects\MyLogin\frontend\node_modules\jsdom\lib\jsdom\browser\Window.js:962:7
    at fetchTasks (D:\Projects\MyLogin\frontend\src\pages\Tasks.jsx:17:7)
    at D:\Projects\MyLogin\frontend\src\pages\Tasks.jsx:22:5
    at Object.react_stack_bottom_frame 
(D:\Projects\MyLogin\frontend\node_modules\react-dom\cjs\react-dom-client.development.js:25989:20)
    at runWithFiberInDEV (D:\Projects\MyLogin\frontend\node_modules\react-dom\cjs\react-dom-client.development.js:874:13)
    at commitHookEffectListMount 
(D:\Projects\MyLogin\frontend\node_modules\react-dom\cjs\react-dom-client.development.js:13249:29)
    at commitHookPassiveMountEffects 
(D:\Projects\MyLogin\frontend\node_modules\react-dom\cjs\react-dom-client.development.js:13336:11)
    at commitPassiveMountOnFiber 
(D:\Projects\MyLogin\frontend\node_modules\react-dom\cjs\react-dom-client.development.js:15484:13)
    at recursivelyTraversePassiveMountEffects 
(D:\Projects\MyLogin\frontend\node_modules\react-dom\cjs\react-dom-client.development.js:15439:11) [90mundefined[39m

 [31mΓ¥»[39m src/tests/Tasks.test.jsx [2m([22m[2m23 tests[22m[2m | [22m[31m10 failed[39m[2m)[22m[33m 8281[2mms[22m[39m
[31m   [31m├ù[31m Tasks Component[2m > [22mshould render Tasks page with heading[90m 86[2mms[22m[31m[39m
[31m     ΓåÆ Found multiple elements with the text: /tasks|Task/i

Here are the matching elements:

Ignored nodes: comments, script, style
[36m<h2[31m
  [33mclass[31m=[32m"text-3xl sm:text-4xl font-extrabold bg-gradient-to-r from-purple-400 to-pink-300 bg-clip-text text-transparent"[31m
[36m>[31m
  [0mYour Tasks[0m
[36m</h2>[31m

Ignored nodes: comments, script, style
[36m<h3[31m
  [33mclass[31m=[32m"text-lg sm:text-xl font-bold text-white mb-4"[31m
[36m>[31m
  [0mCreate New Task[0m
[36m</h3>[31m

Ignored nodes: comments, script, style
[36m<button[31m
  [33mclass[31m=[32m"flex-1 bg-gradient-to-r from-purple-600 to-pink-500 hover:from-purple-700 hover:to-pink-600 text-white font-bold py-2 sm:py-3 rounded-2xl transition-all duration-300 shadow-lg hover:shadow-pink-500/50 text-sm sm:text-base"[31m
  [33mtype[31m=[32m"submit"[31m
[36m>[31m
  [0mCreate Task[0m
[36m</button>[31m

Ignored nodes: comments, script, style
[36m<p[31m
  [33mclass[31m=[32m"text-slate-400 text-base sm:text-lg"[31m
[36m>[31m
  [0mNo tasks yet. Create your first task above![0m
[36m</p>[31m

(If this is intentional, then use the `*AllBy*` variant of the query (like `queryAllByText`, `getAllByText`, or `findAllByText`)).

Ignored nodes: comments, script, style
[36m<body>[31m
  [36m<div>[31m
    [36m<div[31m
      [33mclass[31m=[32m"min-h-screen bg-gradient-to-br from-slate-900 via-slate-800 to-slate-900 p-4 sm:p-8"[31m
    [36m>[31m
      [36m<div[31m
        [33mclass[31m=[32m"max-w-4xl mx-auto"[31m
      [36m>[31m
        [36m<div[31m
          [33mclass[31m=[32m"flex flex-col sm:flex-row justify-between items-start sm:items-center mb-8 gap-4"[31m
        [36m>[31m
          [36m<h2[31m
            [33mclass[31m=[32m"text-3xl sm:text-4xl font-extrabold bg-gradient-to-r from-purple-400 to-pink-300 bg-clip-text text-transparent"[31m
          [36m>[31m
            [0mYour Tasks[0m
          [36m</h2>[31m
          [36m<button[31m
            [33mclass[31m=[32m"w-full sm:w-auto bg-slate-700 hover:bg-slate-600 text-white font-semibold py-2 px-4 rounded-2xl transition-all duration-300 text-sm sm:text-base"[31m
          [36m>[31m
            [0mBack to Profile[0m
          [36m</button>[31m
        [36m</div>[31m
        [36m<form[31m
          [33mclass[31m=[32m"bg-slate-800 bg-opacity-60 backdrop-blur-xl p-4 sm:p-6 rounded-3xl border border-slate-700 border-opacity-50 shadow-2xl mb-8"[31m
        [36m>[31m
          [36m<h3[31m
            [33mclass[31m=[32m"text-lg sm:text-xl font-bold text-white mb-4"[31m
          [36m>[31m
            [0mCreate New Task[0m
          [36m</h3>[31m
          [36m<div[31m
            [33mclass[31m=[32m"space-y-4"[31m
          [36m>[31m
            [36m<input[31m
              [33mclass[31m=[32m"w-full px-4 sm:px-5 py-2 sm:py-3 bg-slate-700 bg-opacity-50 border border-slate-600 rounded-2xl text-white placeholder-slate-400 focus:outline-none focus:ring-2 focus:ring-purple-500 transition duration-300 text-sm sm:text-base"[31m
              [33mplaceholder[31m=[32m"Task Title"[31m
              [33mrequired[31m=[32m""[31m
              [33mtype[31m=[32m"text"[31m
              [33mvalue[31m=[32m""[31m
            [36m/>[31m
            [36m<textarea[31m
              [33mclass[31m=[32m"w-full px-4 sm:px-5 py-2 sm:py-3 bg-slate-700 bg-opacity-50 border border-slate-600 rounded-2xl text-white placeholder-slate-400 focus:outline-none focus:ring-2 focus:ring-purple-500 transition duration-300 resize-none h-20 sm:h-24 text-sm sm:text-base"[31m
              [33mplaceholder[31m=[32m"Task Description (optional)"[31m
            [36m/>[31m
            [36m<div[31m
              [33mclass[31m=[32m"flex flex-col sm:flex-row gap-3"[31m
            [36m>[31m
              [36m<button[31m
                [33mclass[31m=[32m"flex-1 bg-gradient-to-r from-purple-600 to-pink-500 hover:from-purple-700 hover:to-pink-600 text-white font-bold py-2 sm:py-3 rounded-2xl transition-all duration-300 shadow-lg hover:shadow-pink-500/50 text-sm sm:text-base"[31m
                [33mtype[31m=[32m"submit"[31m
              [36m>[31m
                [0mCreate Task[0m
              [36m</button>[31m
            [36m</div>[31m
          [36m</div>[31m
        [36m</form>[31m
        [36m<div[31m
          [33mclass[31m=[32m"space-y-4"[31m
        [36m>[31m
          [36m<div[31m
            [33mclass[31m=[32m"bg-slate-800 bg-opacity-60 backdrop-blur-xl p-6 sm:p-8 rounded-3xl border border-slate-700 border-opacity-50 shadow-2xl text-center"[31m
          [36m>[31m
            [36m<p[31m
              [33mclass[31m=[32m"text-slate-400 text-base sm:text-lg"[31m
            [36m>[31m
              [0mNo tasks yet. Create your first task above![0m
            [36m</p>[31m
          [36m</div>[31m
        [36m</div>[31m
      [36m</div>[31m
    [36m</div>[31m
  [36m</div>[31m
[36m</body>[31m[39m
[31m   [31m├ù[31m Tasks Component[2m > [22mshould have Add Task or Create button[90m 10[2mms[22m[31m[39m
[31m     ΓåÆ Found multiple elements with the text: /Add|Create|add task|create task/i

Here are the matching elements:

Ignored nodes: comments, script, style
[36m<h3[31m
  [33mclass[31m=[32m"text-lg sm:text-xl font-bold text-white mb-4"[31m
[36m>[31m
  [0mCreate New Task[0m
[36m</h3>[31m

Ignored nodes: comments, script, style
[36m<button[31m
  [33mclass[31m=[32m"flex-1 bg-gradient-to-r from-purple-600 to-pink-500 hover:from-purple-700 hover:to-pink-600 text-white font-bold py-2 sm:py-3 rounded-2xl transition-all duration-300 shadow-lg hover:shadow-pink-500/50 text-sm sm:text-base"[31m
  [33mtype[31m=[32m"submit"[31m
[36m>[31m
  [0mCreate Task[0m
[36m</button>[31m

Ignored nodes: comments, script, style
[36m<p[31m
  [33mclass[31m=[32m"text-slate-400 text-base sm:text-lg"[31m
[36m>[31m
  [0mNo tasks yet. Create your first task above![0m
[36m</p>[31m

(If this is intentional, then use the `*AllBy*` variant of the query (like `queryAllByText`, `getAllByText`, or `findAllByText`)).

Ignored nodes: comments, script, style
[36m<body>[31m
  [36m<div>[31m
    [36m<div[31m
      [33mclass[31m=[32m"min-h-screen bg-gradient-to-br from-slate-900 via-slate-800 to-slate-900 p-4 sm:p-8"[31m
    [36m>[31m
      [36m<div[31m
        [33mclass[31m=[32m"max-w-4xl mx-auto"[31m
      [36m>[31m
        [36m<div[31m
          [33mclass[31m=[32m"flex flex-col sm:flex-row justify-between items-start sm:items-center mb-8 gap-4"[31m
        [36m>[31m
          [36m<h2[31m
            [33mclass[31m=[32m"text-3xl sm:text-4xl font-extrabold bg-gradient-to-r from-purple-400 to-pink-300 bg-clip-text text-transparent"[31m
          [36m>[31m
            [0mYour Tasks[0m
          [36m</h2>[31m
          [36m<button[31m
            [33mclass[31m=[32m"w-full sm:w-auto bg-slate-700 hover:bg-slate-600 text-white font-semibold py-2 px-4 rounded-2xl transition-all duration-300 text-sm sm:text-base"[31m
          [36m>[31m
            [0mBack to Profile[0m
          [36m</button>[31m
        [36m</div>[31m
        [36m<form[31m
          [33mclass[31m=[32m"bg-slate-800 bg-opacity-60 backdrop-blur-xl p-4 sm:p-6 rounded-3xl border border-slate-700 border-opacity-50 shadow-2xl mb-8"[31m
        [36m>[31m
          [36m<h3[31m
            [33mclass[31m=[32m"text-lg sm:text-xl font-bold text-white mb-4"[31m
          [36m>[31m
            [0mCreate New Task[0m
          [36m</h3>[31m
          [36m<div[31m
            [33mclass[31m=[32m"space-y-4"[31m
          [36m>[31m
            [36m<input[31m
              [33mclass[31m=[32m"w-full px-4 sm:px-5 py-2 sm:py-3 bg-slate-700 bg-opacity-50 border border-slate-600 rounded-2xl text-white placeholder-slate-400 focus:outline-none focus:ring-2 focus:ring-purple-500 transition duration-300 text-sm sm:text-base"[31m
              [33mplaceholder[31m=[32m"Task Title"[31m
              [33mrequired[31m=[32m""[31m
              [33mtype[31m=[32m"text"[31m
              [33mvalue[31m=[32m""[31m
            [36m/>[31m
            [36m<textarea[31m
              [33mclass[31m=[32m"w-full px-4 sm:px-5 py-2 sm:py-3 bg-slate-700 bg-opacity-50 border border-slate-600 rounded-2xl text-white placeholder-slate-400 focus:outline-none focus:ring-2 focus:ring-purple-500 transition duration-300 resize-none h-20 sm:h-24 text-sm sm:text-base"[31m
              [33mplaceholder[31m=[32m"Task Description (optional)"[31m
            [36m/>[31m
            [36m<div[31m
              [33mclass[31m=[32m"flex flex-col sm:flex-row gap-3"[31m
            [36m>[31m
              [36m<button[31m
                [33mclass[31m=[32m"flex-1 bg-gradient-to-r from-purple-600 to-pink-500 hover:from-purple-700 hover:to-pink-600 text-white font-bold py-2 sm:py-3 rounded-2xl transition-all duration-300 shadow-lg hover:shadow-pink-500/50 text-sm sm:text-base"[31m
                [33mtype[31m=[32m"submit"[31m
              [36m>[31m
                [0mCreate Task[0m
              [36m</button>[31m
            [36m</div>[31m
          [36m</div>[31m
        [36m</form>[31m
        [36m<div[31m
          [33mclass[31m=[32m"space-y-4"[31m
        [36m>[31m
          [36m<div[31m
            [33mclass[31m=[32m"bg-slate-800 bg-opacity-60 backdrop-blur-xl p-6 sm:p-8 rounded-3xl border border-slate-700 border-opacity-50 shadow-2xl text-center"[31m
          [36m>[31m
            [36m<p[31m
              [33mclass[31m=[32m"text-slate-400 text-base sm:text-lg"[31m
            [36m>[31m
              [0mNo tasks yet. Create your first task above![0m
            [36m</p>[31m
          [36m</div>[31m
        [36m</div>[31m
      [36m</div>[31m
    [36m</div>[31m
  [36m</div>[31m
[36m</body>[31m[39m
[31m   [31m├ù[31m Tasks Component[2m > [22mshould fetch user tasks on mount[33m 1017[2mms[22m[31m[39m
[31m     ΓåÆ expected "spy" to be called with arguments: [ '/tasks' ][90m

Received: 

[31m[90m

Number of calls: [1m0[22m
[31m

Ignored nodes: comments, script, style
[36m<html>[31m
  [36m<head />[31m
  [36m<body>[31m
    [36m<div>[31m
      [36m<div[31m
        [33mclass[31m=[32m"min-h-screen bg-gradient-to-br from-slate-900 via-slate-800 to-slate-900 p-4 sm:p-8"[31m
      [36m>[31m
        [36m<div[31m
          [33mclass[31m=[32m"max-w-4xl mx-auto"[31m
        [36m>[31m
          [36m<div[31m
            [33mclass[31m=[32m"flex flex-col sm:flex-row justify-between items-start sm:items-center mb-8 gap-4"[31m
          [36m>[31m
            [36m<h2[31m
              [33mclass[31m=[32m"text-3xl sm:text-4xl font-extrabold bg-gradient-to-r from-purple-400 to-pink-300 bg-clip-text text-transparent"[31m
            [36m>[31m
              [0mYour Tasks[0m
            [36m</h2>[31m
            [36m<button[31m
              [33mclass[31m=[32m"w-full sm:w-auto bg-slate-700 hover:bg-slate-600 text-white font-semibold py-2 px-4 rounded-2xl transition-all duration-300 text-sm sm:text-base"[31m
            [36m>[31m
              [0mBack to Profile[0m
            [36m</button>[31m
          [36m</div>[31m
          [36m<form[31m
            [33mclass[31m=[32m"bg-slate-800 bg-opacity-60 backdrop-blur-xl p-4 sm:p-6 rounded-3xl border border-slate-700 border-opacity-50 shadow-2xl mb-8"[31m
          [36m>[31m
            [36m<h3[31m
              [33mclass[31m=[32m"text-lg sm:text-xl font-bold text-white mb-4"[31m
            [36m>[31m
              [0mCreate New Task[0m
            [36m</h3>[31m
            [36m<div[31m
              [33mclass[31m=[32m"space-y-4"[31m
            [36m>[31m
              [36m<input[31m
                [33mclass[31m=[32m"w-full px-4 sm:px-5 py-2 sm:py-3 bg-slate-700 bg-opacity-50 border border-slate-600 rounded-2xl text-white placeholder-slate-400 focus:outline-none focus:ring-2 focus:ring-purple-500 transition duration-300 text-sm sm:text-base"[31m
                [33mplaceholder[31m=[32m"Task Title"[31m
                [33mrequired[31m=[32m""[31m
                [33mtype[31m=[32m"text"[31m
                [33mvalue[31m=[32m""[31m
              [36m/>[31m
              [36m<textarea[31m
                [33mclass[31m=[32m"w-full px-4 sm:px-5 py-2 sm:py-3 bg-slate-700 bg-opacity-50 border border-slate-600 rounded-2xl text-white placeholder-slate-400 focus:outline-none focus:ring-2 focus:ring-purple-500 transition duration-300 resize-none h-20 sm:h-24 text-sm sm:text-base"[31m
                [33mplaceholder[31m=[32m"Task Description (optional)"[31m
              [36m/>[31m
              [36m<div[31m
                [33mclass[31m=[32m"flex flex-col sm:flex-row gap-3"[31m
              [36m>[31m
                [36m<button[31m
                  [33mclass[31m=[32m"flex-1 bg-gradient-to-r from-purple-600 to-pink-500 hover:from-purple-700 hover:to-pink-600 text-white font-bold py-2 sm:py-3 rounded-2xl transition-all duration-300 shadow-lg hover:shadow-pink-500/50 text-sm sm:text-base"[31m
                  [33mtype[31m=[32m"submit"[31m
                [36m>[31m
                  [0mCreate Task[0m
                [36m</button>[31m
              [36m</div>[31m
            [36m</div>[31m
          [36m</form>[31m
          [36m<div[31m
            [33mclass[31m=[32m"space-y-4"[31m
          [36m>[31m
            [36m<div[31m
              [33mclass[31m=[32m"bg-slate-800 bg-opacity-60 backdrop-blur-xl p-6 sm:p-8 rounded-3xl border border-slate-700 border-opacity-50 shadow-2xl text-center"[31m
            [36m>[31m
              [36m<p[31m
                [33mclass[31m=[32m"text-slate-400 text-base sm:text-lg"[31m
              [36m>[31m
                [0mNo tasks yet. Create your first task above![0m
              [36m</p>[31m
            [36m</div>[31m
          [36m</div>[31m
        [36m</div>[31m
      [36m</div>[31m
    [36m</div>[31m
  [36m</body>[31m
[36m</html>[31m[39m
[31m   [31m├ù[31m Tasks Component[2m > [22mshould display task list[33m 1009[2mms[22m[31m[39m
[31m     ΓåÆ Unable to find an element with the text: /Task 1/i. This could be because the text is broken up by multiple elements. In this case, you can provide a function for your text matcher to make your matcher more flexible.

Ignored nodes: comments, script, style
[36m<body>[31m
  [36m<div>[31m
    [36m<div[31m
      [33mclass[31m=[32m"min-h-screen bg-gradient-to-br from-slate-900 via-slate-800 to-slate-900 p-4 sm:p-8"[31m
    [36m>[31m
      [36m<div[31m
        [33mclass[31m=[32m"max-w-4xl mx-auto"[31m
      [36m>[31m
        [36m<div[31m
          [33mclass[31m=[32m"flex flex-col sm:flex-row justify-between items-start sm:items-center mb-8 gap-4"[31m
        [36m>[31m
          [36m<h2[31m
            [33mclass[31m=[32m"text-3xl sm:text-4xl font-extrabold bg-gradient-to-r from-purple-400 to-pink-300 bg-clip-text text-transparent"[31m
          [36m>[31m
            [0mYour Tasks[0m
          [36m</h2>[31m
          [36m<button[31m
            [33mclass[31m=[32m"w-full sm:w-auto bg-slate-700 hover:bg-slate-600 text-white font-semibold py-2 px-4 rounded-2xl transition-all duration-300 text-sm sm:text-base"[31m
          [36m>[31m
            [0mBack to Profile[0m
          [36m</button>[31m
        [36m</div>[31m
        [36m<form[31m
          [33mclass[31m=[32m"bg-slate-800 bg-opacity-60 backdrop-blur-xl p-4 sm:p-6 rounded-3xl border border-slate-700 border-opacity-50 shadow-2xl mb-8"[31m
        [36m>[31m
          [36m<h3[31m
            [33mclass[31m=[32m"text-lg sm:text-xl font-bold text-white mb-4"[31m
          [36m>[31m
            [0mCreate New Task[0m
          [36m</h3>[31m
          [36m<div[31m
            [33mclass[31m=[32m"space-y-4"[31m
          [36m>[31m
            [36m<input[31m
              [33mclass[31m=[32m"w-full px-4 sm:px-5 py-2 sm:py-3 bg-slate-700 bg-opacity-50 border border-slate-600 rounded-2xl text-white placeholder-slate-400 focus:outline-none focus:ring-2 focus:ring-purple-500 transition duration-300 text-sm sm:text-base"[31m
              [33mplaceholder[31m=[32m"Task Title"[31m
              [33mrequired[31m=[32m""[31m
              [33mtype[31m=[32m"text"[31m
              [33mvalue[31m=[32m""[31m
            [36m/>[31m
            [36m<textarea[31m
              [33mclass[31m=[32m"w-full px-4 sm:px-5 py-2 sm:py-3 bg-slate-700 bg-opacity-50 border border-slate-600 rounded-2xl text-white placeholder-slate-400 focus:outline-none focus:ring-2 focus:ring-purple-500 transition duration-300 resize-none h-20 sm:h-24 text-sm sm:text-base"[31m
              [33mplaceholder[31m=[32m"Task Description (optional)"[31m
            [36m/>[31m
            [36m<div[31m
              [33mclass[31m=[32m"flex flex-col sm:flex-row gap-3"[31m
            [36m>[31m
              [36m<button[31m
                [33mclass[31m=[32m"flex-1 bg-gradient-to-r from-purple-600 to-pink-500 hover:from-purple-700 hover:to-pink-600 text-white font-bold py-2 sm:py-3 rounded-2xl transition-all duration-300 shadow-lg hover:shadow-pink-500/50 text-sm sm:text-base"[31m
                [33mtype[31m=[32m"submit"[31m
              [36m>[31m
                [0mCreate Task[0m
              [36m</button>[31m
            [36m</div>[31m
          [36m</div>[31m
        [36m</form>[31m
        [36m<div[31m
          [33mclass[31m=[32m"space-y-4"[31m
        [36m>[31m
          [36m<div[31m
            [33mclass[31m=[32m"bg-slate-800 bg-opacity-60 backdrop-blur-xl p-6 sm:p-8 rounded-3xl border border-slate-700 border-opacity-50 shadow-2xl text-center"[31m
          [36m>[31m
            [36m<p[31m
              [33mclass[31m=[32m"text-slate-400 text-base sm:text-lg"[31m
            [36m>[31m
              [0mNo tasks yet. Create your first task above![0m
            [36m</p>[31m
          [36m</div>[31m
        [36m</div>[31m
      [36m</div>[31m
    [36m</div>[31m
  [36m</div>[31m
[36m</body>[31m

Ignored nodes: comments, script, style
[36m<html>[31m
  [36m<head />[31m
  [36m<body>[31m
    [36m<div>[31m
      [36m<div[31m
        [33mclass[31m=[32m"min-h-screen bg-gradient-to-br from-slate-900 via-slate-800 to-slate-900 p-4 sm:p-8"[31m
      [36m>[31m
        [36m<div[31m
          [33mclass[31m=[32m"max-w-4xl mx-auto"[31m
        [36m>[31m
          [36m<div[31m
            [33mclass[31m=[32m"flex flex-col sm:flex-row justify-between items-start sm:items-center mb-8 gap-4"[31m
          [36m>[31m
            [36m<h2[31m
              [33mclass[31m=[32m"text-3xl sm:text-4xl font-extrabold bg-gradient-to-r from-purple-400 to-pink-300 bg-clip-text text-transparent"[31m
            [36m>[31m
              [0mYour Tasks[0m
            [36m</h2>[31m
            [36m<button[31m
              [33mclass[31m=[32m"w-full sm:w-auto bg-slate-700 hover:bg-slate-600 text-white font-semibold py-2 px-4 rounded-2xl transition-all duration-300 text-sm sm:text-base"[31m
            [36m>[31m
              [0mBack to Profile[0m
            [36m</button>[31m
          [36m</div>[31m
          [36m<form[31m
            [33mclass[31m=[32m"bg-slate-800 bg-opacity-60 backdrop-blur-xl p-4 sm:p-6 rounded-3xl border border-slate-700 border-opacity-50 shadow-2xl mb-8"[31m
          [36m>[31m
            [36m<h3[31m
              [33mclass[31m=[32m"text-lg sm:text-xl font-bold text-white mb-4"[31m
            [36m>[31m
              [0mCreate New Task[0m
            [36m</h3>[31m
            [36m<div[31m
              [33mclass[31m=[32m"space-y-4"[31m
            [36m>[31m
              [36m<input[31m
                [33mclass[31m=[32m"w-full px-4 sm:px-5 py-2 sm:py-3 bg-slate-700 bg-opacity-50 border border-slate-600 rounded-2xl text-white placeholder-slate-400 focus:outline-none focus:ring-2 focus:ring-purple-500 transition duration-300 text-sm sm:text-base"[31m
                [33mplaceholder[31m=[32m"Task Title"[31m
                [33mrequired[31m=[32m""[31m
                [33mtype[31m=[32m"text"[31m
                [33mvalue[31m=[32m""[31m
              [36m/>[31m
              [36m<textarea[31m
                [33mclass[31m=[32m"w-full px-4 sm:px-5 py-2 sm:py-3 bg-slate-700 bg-opacity-50 border border-slate-600 rounded-2xl text-white placeholder-slate-400 focus:outline-none focus:ring-2 focus:ring-purple-500 transition duration-300 resize-none h-20 sm:h-24 text-sm sm:text-base"[31m
                [33mplaceholder[31m=[32m"Task Description (optional)"[31m
              [36m/>[31m
              [36m<div[31m
                [33mclass[31m=[32m"flex flex-col sm:flex-row gap-3"[31m
              [36m>[31m
                [36m<button[31m
                  [33mclass[31m=[32m"flex-1 bg-gradient-to-r from-purple-600 to-pink-500 hover:from-purple-700 hover:to-pink-600 text-white font-bold py-2 sm:py-3 rounded-2xl transition-all duration-300 shadow-lg hover:shadow-pink-500/50 text-sm sm:text-base"[31m
                  [33mtype[31m=[32m"submit"[31m
                [36m>[31m
                  [0mCreate Task[0m
                [36m</button>[31m
              [36m</div>[31m
            [36m</div>[31m
          [36m</form>[31m
          [36m<div[31m
            [33mclass[31m=[32m"space-y-4"[31m
          [36m>[31m
            [36m<div[31m
              [33mclass[31m=[32m"bg-slate-800 bg-opacity-60 backdrop-blur-xl p-6 sm:p-8 rounded-3xl border border-slate-700 border-opacity-50 shadow-2xl text-center"[31m
            [36m>[31m
              [36m<p[31m
                [33mclass[31m=[32m"text-slate-400 text-base sm:text-lg"[31m
              [36m>[31m
                [0mNo tasks yet. Create your first task above![0m
              [36m</p>[31m
            [36m</div>[31m
          [36m</div>[31m
        [36m</div>[31m
      [36m</div>[31m
    [36m</div>[31m
  [36m</body>[31m
[36m</html>[31m[39m
[31m   [31m├ù[31m Tasks Component[2m > [22mshould have delete button for each task[33m 1019[2mms[22m[31m[39m
[31m     ΓåÆ expected 0 to be greater than 0

Ignored nodes: comments, script, style
[36m<html>[31m
  [36m<head />[31m
  [36m<body>[31m
    [36m<div>[31m
      [36m<div[31m
        [33mclass[31m=[32m"min-h-screen bg-gradient-to-br from-slate-900 via-slate-800 to-slate-900 p-4 sm:p-8"[31m
      [36m>[31m
        [36m<div[31m
          [33mclass[31m=[32m"max-w-4xl mx-auto"[31m
        [36m>[31m
          [36m<div[31m
            [33mclass[31m=[32m"flex flex-col sm:flex-row justify-between items-start sm:items-center mb-8 gap-4"[31m
          [36m>[31m
            [36m<h2[31m
              [33mclass[31m=[32m"text-3xl sm:text-4xl font-extrabold bg-gradient-to-r from-purple-400 to-pink-300 bg-clip-text text-transparent"[31m
            [36m>[31m
              [0mYour Tasks[0m
            [36m</h2>[31m
            [36m<button[31m
              [33mclass[31m=[32m"w-full sm:w-auto bg-slate-700 hover:bg-slate-600 text-white font-semibold py-2 px-4 rounded-2xl transition-all duration-300 text-sm sm:text-base"[31m
            [36m>[31m
              [0mBack to Profile[0m
            [36m</button>[31m
          [36m</div>[31m
          [36m<form[31m
            [33mclass[31m=[32m"bg-slate-800 bg-opacity-60 backdrop-blur-xl p-4 sm:p-6 rounded-3xl border border-slate-700 border-opacity-50 shadow-2xl mb-8"[31m
          [36m>[31m
            [36m<h3[31m
              [33mclass[31m=[32m"text-lg sm:text-xl font-bold text-white mb-4"[31m
            [36m>[31m
              [0mCreate New Task[0m
            [36m</h3>[31m
            [36m<div[31m
              [33mclass[31m=[32m"space-y-4"[31m
            [36m>[31m
              [36m<input[31m
                [33mclass[31m=[32m"w-full px-4 sm:px-5 py-2 sm:py-3 bg-slate-700 bg-opacity-50 border border-slate-600 rounded-2xl text-white placeholder-slate-400 focus:outline-none focus:ring-2 focus:ring-purple-500 transition duration-300 text-sm sm:text-base"[31m
                [33mplaceholder[31m=[32m"Task Title"[31m
                [33mrequired[31m=[32m""[31m
                [33mtype[31m=[32m"text"[31m
                [33mvalue[31m=[32m""[31m
              [36m/>[31m
              [36m<textarea[31m
                [33mclass[31m=[32m"w-full px-4 sm:px-5 py-2 sm:py-3 bg-slate-700 bg-opacity-50 border border-slate-600 rounded-2xl text-white placeholder-slate-400 focus:outline-none focus:ring-2 focus:ring-purple-500 transition duration-300 resize-none h-20 sm:h-24 text-sm sm:text-base"[31m
                [33mplaceholder[31m=[32m"Task Description (optional)"[31m
              [36m/>[31m
              [36m<div[31m
                [33mclass[31m=[32m"flex flex-col sm:flex-row gap-3"[31m
              [36m>[31m
                [36m<button[31m
                  [33mclass[31m=[32m"flex-1 bg-gradient-to-r from-purple-600 to-pink-500 hover:from-purple-700 hover:to-pink-600 text-white font-bold py-2 sm:py-3 rounded-2xl transition-all duration-300 shadow-lg hover:shadow-pink-500/50 text-sm sm:text-base"[31m
                  [33mtype[31m=[32m"submit"[31m
                [36m>[31m
                  [0mCreate Task[0m
                [36m</button>[31m
              [36m</div>[31m
            [36m</div>[31m
          [36m</form>[31m
          [36m<div[31m
            [33mclass[31m=[32m"space-y-4"[31m
          [36m>[31m
            [36m<div[31m
              [33mclass[31m=[32m"bg-slate-800 bg-opacity-60 backdrop-blur-xl p-6 sm:p-8 rounded-3xl border border-slate-700 border-opacity-50 shadow-2xl text-center"[31m
            [36m>[31m
              [36m<p[31m
                [33mclass[31m=[32m"text-slate-400 text-base sm:text-lg"[31m
              [36m>[31m
                [0mNo tasks yet. Create your first task above![0m
              [36m</p>[31m
            [36m</div>[31m
          [36m</div>[31m
        [36m</div>[31m
      [36m</div>[31m
    [36m</div>[31m
  [36m</body>[31m
[36m</html>[31m[39m
[31m   [31m├ù[31m Tasks Component[2m > [22mshould have edit button for each task[33m 1011[2mms[22m[31m[39m
[31m     ΓåÆ expected 0 to be greater than 0

Ignored nodes: comments, script, style
[36m<html>[31m
  [36m<head />[31m
  [36m<body>[31m
    [36m<div>[31m
      [36m<div[31m
        [33mclass[31m=[32m"min-h-screen bg-gradient-to-br from-slate-900 via-slate-800 to-slate-900 p-4 sm:p-8"[31m
      [36m>[31m
        [36m<div[31m
          [33mclass[31m=[32m"max-w-4xl mx-auto"[31m
        [36m>[31m
          [36m<div[31m
            [33mclass[31m=[32m"flex flex-col sm:flex-row justify-between items-start sm:items-center mb-8 gap-4"[31m
          [36m>[31m
            [36m<h2[31m
              [33mclass[31m=[32m"text-3xl sm:text-4xl font-extrabold bg-gradient-to-r from-purple-400 to-pink-300 bg-clip-text text-transparent"[31m
            [36m>[31m
              [0mYour Tasks[0m
            [36m</h2>[31m
            [36m<button[31m
              [33mclass[31m=[32m"w-full sm:w-auto bg-slate-700 hover:bg-slate-600 text-white font-semibold py-2 px-4 rounded-2xl transition-all duration-300 text-sm sm:text-base"[31m
            [36m>[31m
              [0mBack to Profile[0m
            [36m</button>[31m
          [36m</div>[31m
          [36m<form[31m
            [33mclass[31m=[32m"bg-slate-800 bg-opacity-60 backdrop-blur-xl p-4 sm:p-6 rounded-3xl border border-slate-700 border-opacity-50 shadow-2xl mb-8"[31m
          [36m>[31m
            [36m<h3[31m
              [33mclass[31m=[32m"text-lg sm:text-xl font-bold text-white mb-4"[31m
            [36m>[31m
              [0mCreate New Task[0m
            [36m</h3>[31m
            [36m<div[31m
              [33mclass[31m=[32m"space-y-4"[31m
            [36m>[31m
              [36m<input[31m
                [33mclass[31m=[32m"w-full px-4 sm:px-5 py-2 sm:py-3 bg-slate-700 bg-opacity-50 border border-slate-600 rounded-2xl text-white placeholder-slate-400 focus:outline-none focus:ring-2 focus:ring-purple-500 transition duration-300 text-sm sm:text-base"[31m
                [33mplaceholder[31m=[32m"Task Title"[31m
                [33mrequired[31m=[32m""[31m
                [33mtype[31m=[32m"text"[31m
                [33mvalue[31m=[32m""[31m
              [36m/>[31m
              [36m<textarea[31m
                [33mclass[31m=[32m"w-full px-4 sm:px-5 py-2 sm:py-3 bg-slate-700 bg-opacity-50 border border-slate-600 rounded-2xl text-white placeholder-slate-400 focus:outline-none focus:ring-2 focus:ring-purple-500 transition duration-300 resize-none h-20 sm:h-24 text-sm sm:text-base"[31m
                [33mplaceholder[31m=[32m"Task Description (optional)"[31m
              [36m/>[31m
              [36m<div[31m
                [33mclass[31m=[32m"flex flex-col sm:flex-row gap-3"[31m
              [36m>[31m
                [36m<button[31m
                  [33mclass[31m=[32m"flex-1 bg-gradient-to-r from-purple-600 to-pink-500 hover:from-purple-700 hover:to-pink-600 text-white font-bold py-2 sm:py-3 rounded-2xl transition-all duration-300 shadow-lg hover:shadow-pink-500/50 text-sm sm:text-base"[31m
                  [33mtype[31m=[32m"submit"[31m
                [36m>[31m
                  [0mCreate Task[0m
                [36m</button>[31m
              [36m</div>[31m
            [36m</div>[31m
          [36m</form>[31m
          [36m<div[31m
            [33mclass[31m=[32m"space-y-4"[31m
          [36m>[31m
            [36m<div[31m
              [33mclass[31m=[32m"bg-slate-800 bg-opacity-60 backdrop-blur-xl p-6 sm:p-8 rounded-3xl border border-slate-700 border-opacity-50 shadow-2xl text-center"[31m
            [36m>[31m
              [36m<p[31m
                [33mclass[31m=[32m"text-slate-400 text-base sm:text-lg"[31m
              [36m>[31m
                [0mNo tasks yet. Create your first task above![0m
              [36m</p>[31m
            [36m</div>[31m
          [36m</div>[31m
        [36m</div>[31m
      [36m</div>[31m
    [36m</div>[31m
  [36m</body>[31m
[36m</html>[31m[39m
[31m   [31m├ù[31m Tasks Component[2m > [22mshould handle empty task list[33m 1010[2mms[22m[31m[39m
[31m     ΓåÆ expected "spy" to be called with arguments: [ '/tasks' ][90m

Received: 

[31m[90m

Number of calls: [1m0[22m
[31m

Ignored nodes: comments, script, style
[36m<html>[31m
  [36m<head />[31m
  [36m<body>[31m
    [36m<div>[31m
      [36m<div[31m
        [33mclass[31m=[32m"min-h-screen bg-gradient-to-br from-slate-900 via-slate-800 to-slate-900 p-4 sm:p-8"[31m
      [36m>[31m
        [36m<div[31m
          [33mclass[31m=[32m"max-w-4xl mx-auto"[31m
        [36m>[31m
          [36m<div[31m
            [33mclass[31m=[32m"flex flex-col sm:flex-row justify-between items-start sm:items-center mb-8 gap-4"[31m
          [36m>[31m
            [36m<h2[31m
              [33mclass[31m=[32m"text-3xl sm:text-4xl font-extrabold bg-gradient-to-r from-purple-400 to-pink-300 bg-clip-text text-transparent"[31m
            [36m>[31m
              [0mYour Tasks[0m
            [36m</h2>[31m
            [36m<button[31m
              [33mclass[31m=[32m"w-full sm:w-auto bg-slate-700 hover:bg-slate-600 text-white font-semibold py-2 px-4 rounded-2xl transition-all duration-300 text-sm sm:text-base"[31m
            [36m>[31m
              [0mBack to Profile[0m
            [36m</button>[31m
          [36m</div>[31m
          [36m<form[31m
            [33mclass[31m=[32m"bg-slate-800 bg-opacity-60 backdrop-blur-xl p-4 sm:p-6 rounded-3xl border border-slate-700 border-opacity-50 shadow-2xl mb-8"[31m
          [36m>[31m
            [36m<h3[31m
              [33mclass[31m=[32m"text-lg sm:text-xl font-bold text-white mb-4"[31m
            [36m>[31m
              [0mCreate New Task[0m
            [36m</h3>[31m
            [36m<div[31m
              [33mclass[31m=[32m"space-y-4"[31m
            [36m>[31m
              [36m<input[31m
                [33mclass[31m=[32m"w-full px-4 sm:px-5 py-2 sm:py-3 bg-slate-700 bg-opacity-50 border border-slate-600 rounded-2xl text-white placeholder-slate-400 focus:outline-none focus:ring-2 focus:ring-purple-500 transition duration-300 text-sm sm:text-base"[31m
                [33mplaceholder[31m=[32m"Task Title"[31m
                [33mrequired[31m=[32m""[31m
                [33mtype[31m=[32m"text"[31m
                [33mvalue[31m=[32m""[31m
              [36m/>[31m
              [36m<textarea[31m
                [33mclass[31m=[32m"w-full px-4 sm:px-5 py-2 sm:py-3 bg-slate-700 bg-opacity-50 border border-slate-600 rounded-2xl text-white placeholder-slate-400 focus:outline-none focus:ring-2 focus:ring-purple-500 transition duration-300 resize-none h-20 sm:h-24 text-sm sm:text-base"[31m
                [33mplaceholder[31m=[32m"Task Description (optional)"[31m
              [36m/>[31m
              [36m<div[31m
                [33mclass[31m=[32m"flex flex-col sm:flex-row gap-3"[31m
              [36m>[31m
                [36m<button[31m
                  [33mclass[31m=[32m"flex-1 bg-gradient-to-r from-purple-600 to-pink-500 hover:from-purple-700 hover:to-pink-600 text-white font-bold py-2 sm:py-3 rounded-2xl transition-all duration-300 shadow-lg hover:shadow-pink-500/50 text-sm sm:text-base"[31m
                  [33mtype[31m=[32m"submit"[31m
                [36m>[31m
                  [0mCreate Task[0m
                [36m</button>[31m
              [36m</div>[31m
            [36m</div>[31m
          [36m</form>[31m
          [36m<div[31m
            [33mclass[31m=[32m"space-y-4"[31m
          [36m>[31m
            [36m<div[31m
              [33mclass[31m=[32m"bg-slate-800 bg-opacity-60 backdrop-blur-xl p-6 sm:p-8 rounded-3xl border border-slate-700 border-opacity-50 shadow-2xl text-center"[31m
            [36m>[31m
              [36m<p[31m
                [33mclass[31m=[32m"text-slate-400 text-base sm:text-lg"[31m
              [36m>[31m
                [0mNo tasks yet. Create your first task above![0m
              [36m</p>[31m
            [36m</div>[31m
          [36m</div>[31m
        [36m</div>[31m
      [36m</div>[31m
    [36m</div>[31m
  [36m</body>[31m
[36m</html>[31m[39m
[31m   [31m├ù[31m Tasks Component[2m > [22mshould display task cards in responsive layout[33m 1015[2mms[22m[31m[39m
[31m     ΓåÆ expected 0 to be greater than 0

Ignored nodes: comments, script, style
[36m<html>[31m
  [36m<head />[31m
  [36m<body>[31m
    [36m<div>[31m
      [36m<div[31m
        [33mclass[31m=[32m"min-h-screen bg-gradient-to-br from-slate-900 via-slate-800 to-slate-900 p-4 sm:p-8"[31m
      [36m>[31m
        [36m<div[31m
          [33mclass[31m=[32m"max-w-4xl mx-auto"[31m
        [36m>[31m
          [36m<div[31m
            [33mclass[31m=[32m"flex flex-col sm:flex-row justify-between items-start sm:items-center mb-8 gap-4"[31m
          [36m>[31m
            [36m<h2[31m
              [33mclass[31m=[32m"text-3xl sm:text-4xl font-extrabold bg-gradient-to-r from-purple-400 to-pink-300 bg-clip-text text-transparent"[31m
            [36m>[31m
              [0mYour Tasks[0m
            [36m</h2>[31m
            [36m<button[31m
              [33mclass[31m=[32m"w-full sm:w-auto bg-slate-700 hover:bg-slate-600 text-white font-semibold py-2 px-4 rounded-2xl transition-all duration-300 text-sm sm:text-base"[31m
            [36m>[31m
              [0mBack to Profile[0m
            [36m</button>[31m
          [36m</div>[31m
          [36m<form[31m
            [33mclass[31m=[32m"bg-slate-800 bg-opacity-60 backdrop-blur-xl p-4 sm:p-6 rounded-3xl border border-slate-700 border-opacity-50 shadow-2xl mb-8"[31m
          [36m>[31m
            [36m<h3[31m
              [33mclass[31m=[32m"text-lg sm:text-xl font-bold text-white mb-4"[31m
            [36m>[31m
              [0mCreate New Task[0m
            [36m</h3>[31m
            [36m<div[31m
              [33mclass[31m=[32m"space-y-4"[31m
            [36m>[31m
              [36m<input[31m
                [33mclass[31m=[32m"w-full px-4 sm:px-5 py-2 sm:py-3 bg-slate-700 bg-opacity-50 border border-slate-600 rounded-2xl text-white placeholder-slate-400 focus:outline-none focus:ring-2 focus:ring-purple-500 transition duration-300 text-sm sm:text-base"[31m
                [33mplaceholder[31m=[32m"Task Title"[31m
                [33mrequired[31m=[32m""[31m
                [33mtype[31m=[32m"text"[31m
                [33mvalue[31m=[32m""[31m
              [36m/>[31m
              [36m<textarea[31m
                [33mclass[31m=[32m"w-full px-4 sm:px-5 py-2 sm:py-3 bg-slate-700 bg-opacity-50 border border-slate-600 rounded-2xl text-white placeholder-slate-400 focus:outline-none focus:ring-2 focus:ring-purple-500 transition duration-300 resize-none h-20 sm:h-24 text-sm sm:text-base"[31m
                [33mplaceholder[31m=[32m"Task Description (optional)"[31m
              [36m/>[31m
              [36m<div[31m
                [33mclass[31m=[32m"flex flex-col sm:flex-row gap-3"[31m
              [36m>[31m
                [36m<button[31m
                  [33mclass[31m=[32m"flex-1 bg-gradient-to-r from-purple-600 to-pink-500 hover:from-purple-700 hover:to-pink-600 text-white font-bold py-2 sm:py-3 rounded-2xl transition-all duration-300 shadow-lg hover:shadow-pink-500/50 text-sm sm:text-base"[31m
                  [33mtype[31m=[32m"submit"[31m
                [36m>[31m
                  [0mCreate Task[0m
                [36m</button>[31m
              [36m</div>[31m
            [36m</div>[31m
          [36m</form>[31m
          [36m<div[31m
            [33mclass[31m=[32m"space-y-4"[31m
          [36m>[31m
            [36m<div[31m
              [33mclass[31m=[32m"bg-slate-800 bg-opacity-60 backdrop-blur-xl p-6 sm:p-8 rounded-3xl border border-slate-700 border-opacity-50 shadow-2xl text-center"[31m
            [36m>[31m
              [36m<p[31m
                [33mclass[31m=[32m"text-slate-400 text-base sm:text-lg"[31m
              [36m>[31m
                [0mNo tasks yet. Create your first task above![0m
              [36m</p>[31m
            [36m</div>[31m
          [36m</div>[31m
        [36m</div>[31m
      [36m</div>[31m
    [36m</div>[31m
  [36m</body>[31m
[36m</html>[31m[39m
[31m   [31m├ù[31m Tasks Component[2m > [22mshould fetch tasks after successful creation[33m 1005[2mms[22m[31m[39m
[31m     ΓåÆ expected "spy" to be called with arguments: [ '/tasks' ][90m

Received: 

[31m[90m

Number of calls: [1m0[22m
[31m

Ignored nodes: comments, script, style
[36m<html>[31m
  [36m<head />[31m
  [36m<body>[31m
    [36m<div>[31m
      [36m<div[31m
        [33mclass[31m=[32m"min-h-screen bg-gradient-to-br from-slate-900 via-slate-800 to-slate-900 p-4 sm:p-8"[31m
      [36m>[31m
        [36m<div[31m
          [33mclass[31m=[32m"max-w-4xl mx-auto"[31m
        [36m>[31m
          [36m<div[31m
            [33mclass[31m=[32m"flex flex-col sm:flex-row justify-between items-start sm:items-center mb-8 gap-4"[31m
          [36m>[31m
            [36m<h2[31m
              [33mclass[31m=[32m"text-3xl sm:text-4xl font-extrabold bg-gradient-to-r from-purple-400 to-pink-300 bg-clip-text text-transparent"[31m
            [36m>[31m
              [0mYour Tasks[0m
            [36m</h2>[31m
            [36m<button[31m
              [33mclass[31m=[32m"w-full sm:w-auto bg-slate-700 hover:bg-slate-600 text-white font-semibold py-2 px-4 rounded-2xl transition-all duration-300 text-sm sm:text-base"[31m
            [36m>[31m
              [0mBack to Profile[0m
            [36m</button>[31m
          [36m</div>[31m
          [36m<form[31m
            [33mclass[31m=[32m"bg-slate-800 bg-opacity-60 backdrop-blur-xl p-4 sm:p-6 rounded-3xl border border-slate-700 border-opacity-50 shadow-2xl mb-8"[31m
          [36m>[31m
            [36m<h3[31m
              [33mclass[31m=[32m"text-lg sm:text-xl font-bold text-white mb-4"[31m
            [36m>[31m
              [0mCreate New Task[0m
            [36m</h3>[31m
            [36m<div[31m
              [33mclass[31m=[32m"space-y-4"[31m
            [36m>[31m
              [36m<input[31m
                [33mclass[31m=[32m"w-full px-4 sm:px-5 py-2 sm:py-3 bg-slate-700 bg-opacity-50 border border-slate-600 rounded-2xl text-white placeholder-slate-400 focus:outline-none focus:ring-2 focus:ring-purple-500 transition duration-300 text-sm sm:text-base"[31m
                [33mplaceholder[31m=[32m"Task Title"[31m
                [33mrequired[31m=[32m""[31m
                [33mtype[31m=[32m"text"[31m
                [33mvalue[31m=[32m""[31m
              [36m/>[31m
              [36m<textarea[31m
                [33mclass[31m=[32m"w-full px-4 sm:px-5 py-2 sm:py-3 bg-slate-700 bg-opacity-50 border border-slate-600 rounded-2xl text-white placeholder-slate-400 focus:outline-none focus:ring-2 focus:ring-purple-500 transition duration-300 resize-none h-20 sm:h-24 text-sm sm:text-base"[31m
                [33mplaceholder[31m=[32m"Task Description (optional)"[31m
              [36m/>[31m
              [36m<div[31m
                [33mclass[31m=[32m"flex flex-col sm:flex-row gap-3"[31m
              [36m>[31m
                [36m<button[31m
                  [33mclass[31m=[32m"flex-1 bg-gradient-to-r from-purple-600 to-pink-500 hover:from-purple-700 hover:to-pink-600 text-white font-bold py-2 sm:py-3 rounded-2xl transition-all duration-300 shadow-lg hover:shadow-pink-500/50 text-sm sm:text-base"[31m
                  [33mtype[31m=[32m"submit"[31m
                [36m>[31m
                  [0mCreate Task[0m
                [36m</button>[31m
              [36m</div>[31m
            [36m</div>[31m
          [36m</form>[31m
          [36m<div[31m
            [33mclass[31m=[32m"space-y-4"[31m
          [36m>[31m
            [36m<div[31m
              [33mclass[31m=[32m"bg-slate-800 bg-opacity-60 backdrop-blur-xl p-6 sm:p-8 rounded-3xl border border-slate-700 border-opacity-50 shadow-2xl text-center"[31m
            [36m>[31m
              [36m<p[31m
                [33mclass[31m=[32m"text-slate-400 text-base sm:text-lg"[31m
              [36m>[31m
                [0mNo tasks yet. Create your first task above![0m
              [36m</p>[31m
            [36m</div>[31m
          [36m</div>[31m
        [36m</div>[31m
      [36m</div>[31m
    [36m</div>[31m
  [36m</body>[31m
[36m</html>[31m[39m
[31m   [31m├ù[31m Tasks Component[2m > [22mshould handle API errors when fetching tasks[33m 1018[2mms[22m[31m[39m
[31m     ΓåÆ expected "spy" to be called at least once

Ignored nodes: comments, script, style
[36m<html>[31m
  [36m<head />[31m
  [36m<body>[31m
    [36m<div>[31m
      [36m<div[31m
        [33mclass[31m=[32m"min-h-screen bg-gradient-to-br from-slate-900 via-slate-800 to-slate-900 p-4 sm:p-8"[31m
      [36m>[31m
        [36m<div[31m
          [33mclass[31m=[32m"max-w-4xl mx-auto"[31m
        [36m>[31m
          [36m<div[31m
            [33mclass[31m=[32m"flex flex-col sm:flex-row justify-between items-start sm:items-center mb-8 gap-4"[31m
          [36m>[31m
            [36m<h2[31m
              [33mclass[31m=[32m"text-3xl sm:text-4xl font-extrabold bg-gradient-to-r from-purple-400 to-pink-300 bg-clip-text text-transparent"[31m
            [36m>[31m
              [0mYour Tasks[0m
            [36m</h2>[31m
            [36m<button[31m
              [33mclass[31m=[32m"w-full sm:w-auto bg-slate-700 hover:bg-slate-600 text-white font-semibold py-2 px-4 rounded-2xl transition-all duration-300 text-sm sm:text-base"[31m
            [36m>[31m
              [0mBack to Profile[0m
            [36m</button>[31m
          [36m</div>[31m
          [36m<form[31m
            [33mclass[31m=[32m"bg-slate-800 bg-opacity-60 backdrop-blur-xl p-4 sm:p-6 rounded-3xl border border-slate-700 border-opacity-50 shadow-2xl mb-8"[31m
          [36m>[31m
            [36m<h3[31m
              [33mclass[31m=[32m"text-lg sm:text-xl font-bold text-white mb-4"[31m
            [36m>[31m
              [0mCreate New Task[0m
            [36m</h3>[31m
            [36m<div[31m
              [33mclass[31m=[32m"space-y-4"[31m
            [36m>[31m
              [36m<input[31m
                [33mclass[31m=[32m"w-full px-4 sm:px-5 py-2 sm:py-3 bg-slate-700 bg-opacity-50 border border-slate-600 rounded-2xl text-white placeholder-slate-400 focus:outline-none focus:ring-2 focus:ring-purple-500 transition duration-300 text-sm sm:text-base"[31m
                [33mplaceholder[31m=[32m"Task Title"[31m
                [33mrequired[31m=[32m""[31m
                [33mtype[31m=[32m"text"[31m
                [33mvalue[31m=[32m""[31m
              [36m/>[31m
              [36m<textarea[31m
                [33mclass[31m=[32m"w-full px-4 sm:px-5 py-2 sm:py-3 bg-slate-700 bg-opacity-50 border border-slate-600 rounded-2xl text-white placeholder-slate-400 focus:outline-none focus:ring-2 focus:ring-purple-500 transition duration-300 resize-none h-20 sm:h-24 text-sm sm:text-base"[31m
                [33mplaceholder[31m=[32m"Task Description (optional)"[31m
              [36m/>[31m
              [36m<div[31m
                [33mclass[31m=[32m"flex flex-col sm:flex-row gap-3"[31m
              [36m>[31m
                [36m<button[31m
                  [33mclass[31m=[32m"flex-1 bg-gradient-to-r from-purple-600 to-pink-500 hover:from-purple-700 hover:to-pink-600 text-white font-bold py-2 sm:py-3 rounded-2xl transition-all duration-300 shadow-lg hover:shadow-pink-500/50 text-sm sm:text-base"[31m
                  [33mtype[31m=[32m"submit"[31m
                [36m>[31m
                  [0mCreate Task[0m
                [36m</button>[31m
              [36m</div>[31m
            [36m</div>[31m
          [36m</form>[31m
          [36m<div[31m
            [33mclass[31m=[32m"space-y-4"[31m
          [36m>[31m
            [36m<div[31m
              [33mclass[31m=[32m"bg-slate-800 bg-opacity-60 backdrop-blur-xl p-6 sm:p-8 rounded-3xl border border-slate-700 border-opacity-50 shadow-2xl text-center"[31m
            [36m>[31m
              [36m<p[31m
                [33mclass[31m=[32m"text-slate-400 text-base sm:text-lg"[31m
              [36m>[31m
                [0mNo tasks yet. Create your first task above![0m
              [36m</p>[31m
            [36m</div>[31m
          [36m</div>[31m
        [36m</div>[31m
      [36m</div>[31m
    [36m</div>[31m
  [36m</body>[31m
[36m</html>[31m[39m
[90mstderr[2m | src/tests/AdminDashboard.test.jsx[2m > [22m[2mAdminDashboard Component[2m > [22m[2mshould switch 
between Users and Tasks tabs
[22m[39mError: Not implemented: window.alert
    at module.exports (D:\Projects\MyLogin\frontend\node_modules\jsdom\lib\jsdom\browser\not-implemented.js:9:17)
    at D:\Projects\MyLogin\frontend\node_modules\jsdom\lib\jsdom\browser\Window.js:962:7
    at fetchUsers (D:\Projects\MyLogin\frontend\src\pages\AdminDashboard.jsx:21:7)
    at D:\Projects\MyLogin\frontend\src\pages\AdminDashboard.jsx:35:5
    at Object.react_stack_bottom_frame 
(D:\Projects\MyLogin\frontend\node_modules\react-dom\cjs\react-dom-client.development.js:25989:20)
    at runWithFiberInDEV (D:\Projects\MyLogin\frontend\node_modules\react-dom\cjs\react-dom-client.development.js:874:13)
    at commitHookEffectListMount 
(D:\Projects\MyLogin\frontend\node_modules\react-dom\cjs\react-dom-client.development.js:13249:29)
    at commitHookPassiveMountEffects 
(D:\Projects\MyLogin\frontend\node_modules\react-dom\cjs\react-dom-client.development.js:13336:11)
    at commitPassiveMountOnFiber 
(D:\Projects\MyLogin\frontend\node_modules\react-dom\cjs\react-dom-client.development.js:15484:13)
    at recursivelyTraversePassiveMountEffects 
(D:\Projects\MyLogin\frontend\node_modules\react-dom\cjs\react-dom-client.development.js:15439:11) [90mundefined[39m
Error: Not implemented: window.alert
    at module.exports (D:\Projects\MyLogin\frontend\node_modules\jsdom\lib\jsdom\browser\not-implemented.js:9:17)
    at D:\Projects\MyLogin\frontend\node_modules\jsdom\lib\jsdom\browser\Window.js:962:7
    at fetchTasks (D:\Projects\MyLogin\frontend\src\pages\AdminDashboard.jsx:30:7)
    at D:\Projects\MyLogin\frontend\src\pages\AdminDashboard.jsx:36:5
    at Object.react_stack_bottom_frame 
(D:\Projects\MyLogin\frontend\node_modules\react-dom\cjs\react-dom-client.development.js:25989:20)
    at runWithFiberInDEV (D:\Projects\MyLogin\frontend\node_modules\react-dom\cjs\react-dom-client.development.js:874:13)
    at commitHookEffectListMount 
(D:\Projects\MyLogin\frontend\node_modules\react-dom\cjs\react-dom-client.development.js:13249:29)
    at commitHookPassiveMountEffects 
(D:\Projects\MyLogin\frontend\node_modules\react-dom\cjs\react-dom-client.development.js:13336:11)
    at commitPassiveMountOnFiber 
(D:\Projects\MyLogin\frontend\node_modules\react-dom\cjs\react-dom-client.development.js:15484:13)
    at recursivelyTraversePassiveMountEffects 
(D:\Projects\MyLogin\frontend\node_modules\react-dom\cjs\react-dom-client.development.js:15439:11) [90mundefined[39m

[90mstderr[2m | src/tests/AdminDashboard.test.jsx[2m > [22m[2mAdminDashboard Component[2m > [22m[2mshould display 
responsive user card layout
[22m[39mError: Not implemented: window.alert
    at module.exports (D:\Projects\MyLogin\frontend\node_modules\jsdom\lib\jsdom\browser\not-implemented.js:9:17)
    at D:\Projects\MyLogin\frontend\node_modules\jsdom\lib\jsdom\browser\Window.js:962:7
    at fetchUsers (D:\Projects\MyLogin\frontend\src\pages\AdminDashboard.jsx:21:7)
    at D:\Projects\MyLogin\frontend\src\pages\AdminDashboard.jsx:35:5
    at Object.react_stack_bottom_frame 
(D:\Projects\MyLogin\frontend\node_modules\react-dom\cjs\react-dom-client.development.js:25989:20)
    at runWithFiberInDEV (D:\Projects\MyLogin\frontend\node_modules\react-dom\cjs\react-dom-client.development.js:874:13)
    at commitHookEffectListMount 
(D:\Projects\MyLogin\frontend\node_modules\react-dom\cjs\react-dom-client.development.js:13249:29)
    at commitHookPassiveMountEffects 
(D:\Projects\MyLogin\frontend\node_modules\react-dom\cjs\react-dom-client.development.js:13336:11)
    at commitPassiveMountOnFiber 
(D:\Projects\MyLogin\frontend\node_modules\react-dom\cjs\react-dom-client.development.js:15484:13)
    at recursivelyTraversePassiveMountEffects 
(D:\Projects\MyLogin\frontend\node_modules\react-dom\cjs\react-dom-client.development.js:15439:11) [90mundefined[39m
Error: Not implemented: window.alert
    at module.exports (D:\Projects\MyLogin\frontend\node_modules\jsdom\lib\jsdom\browser\not-implemented.js:9:17)
    at D:\Projects\MyLogin\frontend\node_modules\jsdom\lib\jsdom\browser\Window.js:962:7
    at fetchTasks (D:\Projects\MyLogin\frontend\src\pages\AdminDashboard.jsx:30:7)
    at D:\Projects\MyLogin\frontend\src\pages\AdminDashboard.jsx:36:5
    at Object.react_stack_bottom_frame 
(D:\Projects\MyLogin\frontend\node_modules\react-dom\cjs\react-dom-client.development.js:25989:20)
    at runWithFiberInDEV (D:\Projects\MyLogin\frontend\node_modules\react-dom\cjs\react-dom-client.development.js:874:13)
    at commitHookEffectListMount 
(D:\Projects\MyLogin\frontend\node_modules\react-dom\cjs\react-dom-client.development.js:13249:29)
    at commitHookPassiveMountEffects 
(D:\Projects\MyLogin\frontend\node_modules\react-dom\cjs\react-dom-client.development.js:13336:11)
    at commitPassiveMountOnFiber 
(D:\Projects\MyLogin\frontend\node_modules\react-dom\cjs\react-dom-client.development.js:15484:13)
    at recursivelyTraversePassiveMountEffects 
(D:\Projects\MyLogin\frontend\node_modules\react-dom\cjs\react-dom-client.development.js:15439:11) [90mundefined[39m

[90mstderr[2m | src/tests/AdminDashboard.test.jsx[2m > [22m[2mAdminDashboard Component[2m > [22m[2mshould display 
responsive task card layout
[22m[39mError: Not implemented: window.alert
    at module.exports (D:\Projects\MyLogin\frontend\node_modules\jsdom\lib\jsdom\browser\not-implemented.js:9:17)
    at D:\Projects\MyLogin\frontend\node_modules\jsdom\lib\jsdom\browser\Window.js:962:7
    at fetchUsers (D:\Projects\MyLogin\frontend\src\pages\AdminDashboard.jsx:21:7)
    at D:\Projects\MyLogin\frontend\src\pages\AdminDashboard.jsx:35:5
    at Object.react_stack_bottom_frame 
(D:\Projects\MyLogin\frontend\node_modules\react-dom\cjs\react-dom-client.development.js:25989:20)
    at runWithFiberInDEV (D:\Projects\MyLogin\frontend\node_modules\react-dom\cjs\react-dom-client.development.js:874:13)
    at commitHookEffectListMount 
(D:\Projects\MyLogin\frontend\node_modules\react-dom\cjs\react-dom-client.development.js:13249:29)
    at commitHookPassiveMountEffects 
(D:\Projects\MyLogin\frontend\node_modules\react-dom\cjs\react-dom-client.development.js:13336:11)
    at commitPassiveMountOnFiber 
(D:\Projects\MyLogin\frontend\node_modules\react-dom\cjs\react-dom-client.development.js:15484:13)
    at recursivelyTraversePassiveMountEffects 
(D:\Projects\MyLogin\frontend\node_modules\react-dom\cjs\react-dom-client.development.js:15439:11) [90mundefined[39m
Error: Not implemented: window.alert
    at module.exports (D:\Projects\MyLogin\frontend\node_modules\jsdom\lib\jsdom\browser\not-implemented.js:9:17)
    at D:\Projects\MyLogin\frontend\node_modules\jsdom\lib\jsdom\browser\Window.js:962:7
    at fetchTasks (D:\Projects\MyLogin\frontend\src\pages\AdminDashboard.jsx:30:7)
    at D:\Projects\MyLogin\frontend\src\pages\AdminDashboard.jsx:36:5
    at Object.react_stack_bottom_frame 
(D:\Projects\MyLogin\frontend\node_modules\react-dom\cjs\react-dom-client.development.js:25989:20)
    at runWithFiberInDEV (D:\Projects\MyLogin\frontend\node_modules\react-dom\cjs\react-dom-client.development.js:874:13)
    at commitHookEffectListMount 
(D:\Projects\MyLogin\frontend\node_modules\react-dom\cjs\react-dom-client.development.js:13249:29)
    at commitHookPassiveMountEffects 
(D:\Projects\MyLogin\frontend\node_modules\react-dom\cjs\react-dom-client.development.js:13336:11)
    at commitPassiveMountOnFiber 
(D:\Projects\MyLogin\frontend\node_modules\react-dom\cjs\react-dom-client.development.js:15484:13)
    at recursivelyTraversePassiveMountEffects 
(D:\Projects\MyLogin\frontend\node_modules\react-dom\cjs\react-dom-client.development.js:15439:11) [90mundefined[39m

[90mstderr[2m | src/tests/AdminDashboard.test.jsx[2m > [22m[2mAdminDashboard Component[2m > [22m[2mshould have tab 
buttons with proper styling
[22m[39mError: Not implemented: window.alert
    at module.exports (D:\Projects\MyLogin\frontend\node_modules\jsdom\lib\jsdom\browser\not-implemented.js:9:17)
    at D:\Projects\MyLogin\frontend\node_modules\jsdom\lib\jsdom\browser\Window.js:962:7
    at fetchUsers (D:\Projects\MyLogin\frontend\src\pages\AdminDashboard.jsx:21:7)
    at D:\Projects\MyLogin\frontend\src\pages\AdminDashboard.jsx:35:5
    at Object.react_stack_bottom_frame 
(D:\Projects\MyLogin\frontend\node_modules\react-dom\cjs\react-dom-client.development.js:25989:20)
    at runWithFiberInDEV (D:\Projects\MyLogin\frontend\node_modules\react-dom\cjs\react-dom-client.development.js:874:13)
    at commitHookEffectListMount 
(D:\Projects\MyLogin\frontend\node_modules\react-dom\cjs\react-dom-client.development.js:13249:29)
    at commitHookPassiveMountEffects 
(D:\Projects\MyLogin\frontend\node_modules\react-dom\cjs\react-dom-client.development.js:13336:11)
    at commitPassiveMountOnFiber 
(D:\Projects\MyLogin\frontend\node_modules\react-dom\cjs\react-dom-client.development.js:15484:13)
    at recursivelyTraversePassiveMountEffects 
(D:\Projects\MyLogin\frontend\node_modules\react-dom\cjs\react-dom-client.development.js:15439:11) [90mundefined[39m
Error: Not implemented: window.alert
    at module.exports (D:\Projects\MyLogin\frontend\node_modules\jsdom\lib\jsdom\browser\not-implemented.js:9:17)
    at D:\Projects\MyLogin\frontend\node_modules\jsdom\lib\jsdom\browser\Window.js:962:7
    at fetchTasks (D:\Projects\MyLogin\frontend\src\pages\AdminDashboard.jsx:30:7)
    at D:\Projects\MyLogin\frontend\src\pages\AdminDashboard.jsx:36:5
    at Object.react_stack_bottom_frame 
(D:\Projects\MyLogin\frontend\node_modules\react-dom\cjs\react-dom-client.development.js:25989:20)
    at runWithFiberInDEV (D:\Projects\MyLogin\frontend\node_modules\react-dom\cjs\react-dom-client.development.js:874:13)
    at commitHookEffectListMount 
(D:\Projects\MyLogin\frontend\node_modules\react-dom\cjs\react-dom-client.development.js:13249:29)
    at commitHookPassiveMountEffects 
(D:\Projects\MyLogin\frontend\node_modules\react-dom\cjs\react-dom-client.development.js:13336:11)
    at commitPassiveMountOnFiber 
(D:\Projects\MyLogin\frontend\node_modules\react-dom\cjs\react-dom-client.development.js:15484:13)
    at recursivelyTraversePassiveMountEffects 
(D:\Projects\MyLogin\frontend\node_modules\react-dom\cjs\react-dom-client.development.js:15439:11) [90mundefined[39m

[90mstderr[2m | src/tests/AdminDashboard.test.jsx[2m > [22m[2mAdminDashboard Component[2m > [22m[2mshould display user 
management interface
[22m[39mError: Not implemented: window.alert
    at module.exports (D:\Projects\MyLogin\frontend\node_modules\jsdom\lib\jsdom\browser\not-implemented.js:9:17)
    at D:\Projects\MyLogin\frontend\node_modules\jsdom\lib\jsdom\browser\Window.js:962:7
    at fetchUsers (D:\Projects\MyLogin\frontend\src\pages\AdminDashboard.jsx:21:7)
    at D:\Projects\MyLogin\frontend\src\pages\AdminDashboard.jsx:35:5
    at Object.react_stack_bottom_frame 
(D:\Projects\MyLogin\frontend\node_modules\react-dom\cjs\react-dom-client.development.js:25989:20)
    at runWithFiberInDEV (D:\Projects\MyLogin\frontend\node_modules\react-dom\cjs\react-dom-client.development.js:874:13)
    at commitHookEffectListMount 
(D:\Projects\MyLogin\frontend\node_modules\react-dom\cjs\react-dom-client.development.js:13249:29)
    at commitHookPassiveMountEffects 
(D:\Projects\MyLogin\frontend\node_modules\react-dom\cjs\react-dom-client.development.js:13336:11)
    at commitPassiveMountOnFiber 
(D:\Projects\MyLogin\frontend\node_modules\react-dom\cjs\react-dom-client.development.js:15484:13)
    at recursivelyTraversePassiveMountEffects 
(D:\Projects\MyLogin\frontend\node_modules\react-dom\cjs\react-dom-client.development.js:15439:11) [90mundefined[39m
Error: Not implemented: window.alert
    at module.exports (D:\Projects\MyLogin\frontend\node_modules\jsdom\lib\jsdom\browser\not-implemented.js:9:17)
    at D:\Projects\MyLogin\frontend\node_modules\jsdom\lib\jsdom\browser\Window.js:962:7
    at fetchTasks (D:\Projects\MyLogin\frontend\src\pages\AdminDashboard.jsx:30:7)
    at D:\Projects\MyLogin\frontend\src\pages\AdminDashboard.jsx:36:5
    at Object.react_stack_bottom_frame 
(D:\Projects\MyLogin\frontend\node_modules\react-dom\cjs\react-dom-client.development.js:25989:20)
    at runWithFiberInDEV (D:\Projects\MyLogin\frontend\node_modules\react-dom\cjs\react-dom-client.development.js:874:13)
    at commitHookEffectListMount 
(D:\Projects\MyLogin\frontend\node_modules\react-dom\cjs\react-dom-client.development.js:13249:29)
    at commitHookPassiveMountEffects 
(D:\Projects\MyLogin\frontend\node_modules\react-dom\cjs\react-dom-client.development.js:13336:11)
    at commitPassiveMountOnFiber 
(D:\Projects\MyLogin\frontend\node_modules\react-dom\cjs\react-dom-client.development.js:15484:13)
    at recursivelyTraversePassiveMountEffects 
(D:\Projects\MyLogin\frontend\node_modules\react-dom\cjs\react-dom-client.development.js:15439:11) [90mundefined[39m

[90mstderr[2m | src/tests/AdminDashboard.test.jsx[2m > [22m[2mAdminDashboard Component[2m > [22m[2mshould display task 
management interface
[22m[39mError: Not implemented: window.alert
    at module.exports (D:\Projects\MyLogin\frontend\node_modules\jsdom\lib\jsdom\browser\not-implemented.js:9:17)
    at D:\Projects\MyLogin\frontend\node_modules\jsdom\lib\jsdom\browser\Window.js:962:7
    at fetchUsers (D:\Projects\MyLogin\frontend\src\pages\AdminDashboard.jsx:21:7)
    at D:\Projects\MyLogin\frontend\src\pages\AdminDashboard.jsx:35:5
    at Object.react_stack_bottom_frame 
(D:\Projects\MyLogin\frontend\node_modules\react-dom\cjs\react-dom-client.development.js:25989:20)
    at runWithFiberInDEV (D:\Projects\MyLogin\frontend\node_modules\react-dom\cjs\react-dom-client.development.js:874:13)
    at commitHookEffectListMount 
(D:\Projects\MyLogin\frontend\node_modules\react-dom\cjs\react-dom-client.development.js:13249:29)
    at commitHookPassiveMountEffects 
(D:\Projects\MyLogin\frontend\node_modules\react-dom\cjs\react-dom-client.development.js:13336:11)
    at commitPassiveMountOnFiber 
(D:\Projects\MyLogin\frontend\node_modules\react-dom\cjs\react-dom-client.development.js:15484:13)
    at recursivelyTraversePassiveMountEffects 
(D:\Projects\MyLogin\frontend\node_modules\react-dom\cjs\react-dom-client.development.js:15439:11) [90mundefined[39m
Error: Not implemented: window.alert
    at module.exports (D:\Projects\MyLogin\frontend\node_modules\jsdom\lib\jsdom\browser\not-implemented.js:9:17)
    at D:\Projects\MyLogin\frontend\node_modules\jsdom\lib\jsdom\browser\Window.js:962:7
    at fetchTasks (D:\Projects\MyLogin\frontend\src\pages\AdminDashboard.jsx:30:7)
    at D:\Projects\MyLogin\frontend\src\pages\AdminDashboard.jsx:36:5
    at Object.react_stack_bottom_frame 
(D:\Projects\MyLogin\frontend\node_modules\react-dom\cjs\react-dom-client.development.js:25989:20)
    at runWithFiberInDEV (D:\Projects\MyLogin\frontend\node_modules\react-dom\cjs\react-dom-client.development.js:874:13)
    at commitHookEffectListMount 
(D:\Projects\MyLogin\frontend\node_modules\react-dom\cjs\react-dom-client.development.js:13249:29)
    at commitHookPassiveMountEffects 
(D:\Projects\MyLogin\frontend\node_modules\react-dom\cjs\react-dom-client.development.js:13336:11)
    at commitPassiveMountOnFiber 
(D:\Projects\MyLogin\frontend\node_modules\react-dom\cjs\react-dom-client.development.js:15484:13)
    at recursivelyTraversePassiveMountEffects 
(D:\Projects\MyLogin\frontend\node_modules\react-dom\cjs\react-dom-client.development.js:15439:11) [90mundefined[39m

[90mstderr[2m | src/tests/AdminDashboard.test.jsx[2m > [22m[2mAdminDashboard Component[2m > [22m[2mshould handle empty 
user list
[22m[39mError: Not implemented: window.alert
    at module.exports (D:\Projects\MyLogin\frontend\node_modules\jsdom\lib\jsdom\browser\not-implemented.js:9:17)
    at D:\Projects\MyLogin\frontend\node_modules\jsdom\lib\jsdom\browser\Window.js:962:7
    at fetchUsers (D:\Projects\MyLogin\frontend\src\pages\AdminDashboard.jsx:21:7)
    at D:\Projects\MyLogin\frontend\src\pages\AdminDashboard.jsx:35:5
    at Object.react_stack_bottom_frame 
(D:\Projects\MyLogin\frontend\node_modules\react-dom\cjs\react-dom-client.development.js:25989:20)
    at runWithFiberInDEV (D:\Projects\MyLogin\frontend\node_modules\react-dom\cjs\react-dom-client.development.js:874:13)
    at commitHookEffectListMount 
(D:\Projects\MyLogin\frontend\node_modules\react-dom\cjs\react-dom-client.development.js:13249:29)
    at commitHookPassiveMountEffects 
(D:\Projects\MyLogin\frontend\node_modules\react-dom\cjs\react-dom-client.development.js:13336:11)
    at commitPassiveMountOnFiber 
(D:\Projects\MyLogin\frontend\node_modules\react-dom\cjs\react-dom-client.development.js:15484:13)
    at recursivelyTraversePassiveMountEffects 
(D:\Projects\MyLogin\frontend\node_modules\react-dom\cjs\react-dom-client.development.js:15439:11) [90mundefined[39m
Error: Not implemented: window.alert
    at module.exports (D:\Projects\MyLogin\frontend\node_modules\jsdom\lib\jsdom\browser\not-implemented.js:9:17)
    at D:\Projects\MyLogin\frontend\node_modules\jsdom\lib\jsdom\browser\Window.js:962:7
    at fetchTasks (D:\Projects\MyLogin\frontend\src\pages\AdminDashboard.jsx:30:7)
    at D:\Projects\MyLogin\frontend\src\pages\AdminDashboard.jsx:36:5
    at Object.react_stack_bottom_frame 
(D:\Projects\MyLogin\frontend\node_modules\react-dom\cjs\react-dom-client.development.js:25989:20)
    at runWithFiberInDEV (D:\Projects\MyLogin\frontend\node_modules\react-dom\cjs\react-dom-client.development.js:874:13)
    at commitHookEffectListMount 
(D:\Projects\MyLogin\frontend\node_modules\react-dom\cjs\react-dom-client.development.js:13249:29)
    at commitHookPassiveMountEffects 
(D:\Projects\MyLogin\frontend\node_modules\react-dom\cjs\react-dom-client.development.js:13336:11)
    at commitPassiveMountOnFiber 
(D:\Projects\MyLogin\frontend\node_modules\react-dom\cjs\react-dom-client.development.js:15484:13)
    at recursivelyTraversePassiveMountEffects 
(D:\Projects\MyLogin\frontend\node_modules\react-dom\cjs\react-dom-client.development.js:15439:11) [90mundefined[39m

[90mstderr[2m | src/tests/AdminDashboard.test.jsx[2m > [22m[2mAdminDashboard Component[2m > [22m[2mshould handle empty 
task list
[22m[39mError: Not implemented: window.alert
    at module.exports (D:\Projects\MyLogin\frontend\node_modules\jsdom\lib\jsdom\browser\not-implemented.js:9:17)
    at D:\Projects\MyLogin\frontend\node_modules\jsdom\lib\jsdom\browser\Window.js:962:7
    at fetchUsers (D:\Projects\MyLogin\frontend\src\pages\AdminDashboard.jsx:21:7)
    at D:\Projects\MyLogin\frontend\src\pages\AdminDashboard.jsx:35:5
    at Object.react_stack_bottom_frame 
(D:\Projects\MyLogin\frontend\node_modules\react-dom\cjs\react-dom-client.development.js:25989:20)
    at runWithFiberInDEV (D:\Projects\MyLogin\frontend\node_modules\react-dom\cjs\react-dom-client.development.js:874:13)
    at commitHookEffectListMount 
(D:\Projects\MyLogin\frontend\node_modules\react-dom\cjs\react-dom-client.development.js:13249:29)
    at commitHookPassiveMountEffects 
(D:\Projects\MyLogin\frontend\node_modules\react-dom\cjs\react-dom-client.development.js:13336:11)
    at commitPassiveMountOnFiber 
(D:\Projects\MyLogin\frontend\node_modules\react-dom\cjs\react-dom-client.development.js:15484:13)
    at recursivelyTraversePassiveMountEffects 
(D:\Projects\MyLogin\frontend\node_modules\react-dom\cjs\react-dom-client.development.js:15439:11) [90mundefined[39m
Error: Not implemented: window.alert
    at module.exports (D:\Projects\MyLogin\frontend\node_modules\jsdom\lib\jsdom\browser\not-implemented.js:9:17)
    at D:\Projects\MyLogin\frontend\node_modules\jsdom\lib\jsdom\browser\Window.js:962:7
    at fetchTasks (D:\Projects\MyLogin\frontend\src\pages\AdminDashboard.jsx:30:7)
    at D:\Projects\MyLogin\frontend\src\pages\AdminDashboard.jsx:36:5
    at Object.react_stack_bottom_frame 
(D:\Projects\MyLogin\frontend\node_modules\react-dom\cjs\react-dom-client.development.js:25989:20)
    at runWithFiberInDEV (D:\Projects\MyLogin\frontend\node_modules\react-dom\cjs\react-dom-client.development.js:874:13)
    at commitHookEffectListMount 
(D:\Projects\MyLogin\frontend\node_modules\react-dom\cjs\react-dom-client.development.js:13249:29)
    at commitHookPassiveMountEffects 
(D:\Projects\MyLogin\frontend\node_modules\react-dom\cjs\react-dom-client.development.js:13336:11)
    at commitPassiveMountOnFiber 
(D:\Projects\MyLogin\frontend\node_modules\react-dom\cjs\react-dom-client.development.js:15484:13)
    at recursivelyTraversePassiveMountEffects 
(D:\Projects\MyLogin\frontend\node_modules\react-dom\cjs\react-dom-client.development.js:15439:11) [90mundefined[39m

[90mstderr[2m | src/tests/AdminDashboard.test.jsx[2m > [22m[2mAdminDashboard Component[2m > [22m[2mshould handle API 
errors gracefully
[22m[39mError: Not implemented: window.alert
    at module.exports (D:\Projects\MyLogin\frontend\node_modules\jsdom\lib\jsdom\browser\not-implemented.js:9:17)
    at D:\Projects\MyLogin\frontend\node_modules\jsdom\lib\jsdom\browser\Window.js:962:7
    at fetchUsers (D:\Projects\MyLogin\frontend\src\pages\AdminDashboard.jsx:21:7)
    at D:\Projects\MyLogin\frontend\src\pages\AdminDashboard.jsx:35:5
    at Object.react_stack_bottom_frame 
(D:\Projects\MyLogin\frontend\node_modules\react-dom\cjs\react-dom-client.development.js:25989:20)
    at runWithFiberInDEV (D:\Projects\MyLogin\frontend\node_modules\react-dom\cjs\react-dom-client.development.js:874:13)
    at commitHookEffectListMount 
(D:\Projects\MyLogin\frontend\node_modules\react-dom\cjs\react-dom-client.development.js:13249:29)
    at commitHookPassiveMountEffects 
(D:\Projects\MyLogin\frontend\node_modules\react-dom\cjs\react-dom-client.development.js:13336:11)
    at commitPassiveMountOnFiber 
(D:\Projects\MyLogin\frontend\node_modules\react-dom\cjs\react-dom-client.development.js:15484:13)
    at recursivelyTraversePassiveMountEffects 
(D:\Projects\MyLogin\frontend\node_modules\react-dom\cjs\react-dom-client.development.js:15439:11) [90mundefined[39m
Error: Not implemented: window.alert
    at module.exports (D:\Projects\MyLogin\frontend\node_modules\jsdom\lib\jsdom\browser\not-implemented.js:9:17)
    at D:\Projects\MyLogin\frontend\node_modules\jsdom\lib\jsdom\browser\Window.js:962:7
    at fetchTasks (D:\Projects\MyLogin\frontend\src\pages\AdminDashboard.jsx:30:7)
    at D:\Projects\MyLogin\frontend\src\pages\AdminDashboard.jsx:36:5
    at Object.react_stack_bottom_frame 
(D:\Projects\MyLogin\frontend\node_modules\react-dom\cjs\react-dom-client.development.js:25989:20)
    at runWithFiberInDEV (D:\Projects\MyLogin\frontend\node_modules\react-dom\cjs\react-dom-client.development.js:874:13)
    at commitHookEffectListMount 
(D:\Projects\MyLogin\frontend\node_modules\react-dom\cjs\react-dom-client.development.js:13249:29)
    at commitHookPassiveMountEffects 
(D:\Projects\MyLogin\frontend\node_modules\react-dom\cjs\react-dom-client.development.js:13336:11)
    at commitPassiveMountOnFiber 
(D:\Projects\MyLogin\frontend\node_modules\react-dom\cjs\react-dom-client.development.js:15484:13)
    at recursivelyTraversePassiveMountEffects 
(D:\Projects\MyLogin\frontend\node_modules\react-dom\cjs\react-dom-client.development.js:15439:11) [90mundefined[39m

[90mstderr[2m | src/tests/AdminDashboard.test.jsx[2m > [22m[2mAdminDashboard Component[2m > [22m[2mshould display 
admin dashboard container
[22m[39mError: Not implemented: window.alert
    at module.exports (D:\Projects\MyLogin\frontend\node_modules\jsdom\lib\jsdom\browser\not-implemented.js:9:17)
    at D:\Projects\MyLogin\frontend\node_modules\jsdom\lib\jsdom\browser\Window.js:962:7
    at fetchUsers (D:\Projects\MyLogin\frontend\src\pages\AdminDashboard.jsx:21:7)
    at D:\Projects\MyLogin\frontend\src\pages\AdminDashboard.jsx:35:5
    at Object.react_stack_bottom_frame 
(D:\Projects\MyLogin\frontend\node_modules\react-dom\cjs\react-dom-client.development.js:25989:20)
    at runWithFiberInDEV (D:\Projects\MyLogin\frontend\node_modules\react-dom\cjs\react-dom-client.development.js:874:13)
    at commitHookEffectListMount 
(D:\Projects\MyLogin\frontend\node_modules\react-dom\cjs\react-dom-client.development.js:13249:29)
    at commitHookPassiveMountEffects 
(D:\Projects\MyLogin\frontend\node_modules\react-dom\cjs\react-dom-client.development.js:13336:11)
    at commitPassiveMountOnFiber 
(D:\Projects\MyLogin\frontend\node_modules\react-dom\cjs\react-dom-client.development.js:15484:13)
    at recursivelyTraversePassiveMountEffects 
(D:\Projects\MyLogin\frontend\node_modules\react-dom\cjs\react-dom-client.development.js:15439:11) [90mundefined[39m
Error: Not implemented: window.alert
    at module.exports (D:\Projects\MyLogin\frontend\node_modules\jsdom\lib\jsdom\browser\not-implemented.js:9:17)
    at D:\Projects\MyLogin\frontend\node_modules\jsdom\lib\jsdom\browser\Window.js:962:7
    at fetchTasks (D:\Projects\MyLogin\frontend\src\pages\AdminDashboard.jsx:30:7)
    at D:\Projects\MyLogin\frontend\src\pages\AdminDashboard.jsx:36:5
    at Object.react_stack_bottom_frame 
(D:\Projects\MyLogin\frontend\node_modules\react-dom\cjs\react-dom-client.development.js:25989:20)
    at runWithFiberInDEV (D:\Projects\MyLogin\frontend\node_modules\react-dom\cjs\react-dom-client.development.js:874:13)
    at commitHookEffectListMount 
(D:\Projects\MyLogin\frontend\node_modules\react-dom\cjs\react-dom-client.development.js:13249:29)
    at commitHookPassiveMountEffects 
(D:\Projects\MyLogin\frontend\node_modules\react-dom\cjs\react-dom-client.development.js:13336:11)
    at commitPassiveMountOnFiber 
(D:\Projects\MyLogin\frontend\node_modules\react-dom\cjs\react-dom-client.development.js:15484:13)
    at recursivelyTraversePassiveMountEffects 
(D:\Projects\MyLogin\frontend\node_modules\react-dom\cjs\react-dom-client.development.js:15439:11) [90mundefined[39m

[90mstderr[2m | src/tests/AdminDashboard.test.jsx[2m > [22m[2mAdminDashboard Component[2m > [22m[2mshould show 
password field in user edit interface
[22m[39mError: Not implemented: window.alert
    at module.exports (D:\Projects\MyLogin\frontend\node_modules\jsdom\lib\jsdom\browser\not-implemented.js:9:17)
    at D:\Projects\MyLogin\frontend\node_modules\jsdom\lib\jsdom\browser\Window.js:962:7
    at fetchUsers (D:\Projects\MyLogin\frontend\src\pages\AdminDashboard.jsx:21:7)
    at D:\Projects\MyLogin\frontend\src\pages\AdminDashboard.jsx:35:5
    at Object.react_stack_bottom_frame 
(D:\Projects\MyLogin\frontend\node_modules\react-dom\cjs\react-dom-client.development.js:25989:20)
    at runWithFiberInDEV (D:\Projects\MyLogin\frontend\node_modules\react-dom\cjs\react-dom-client.development.js:874:13)
    at commitHookEffectListMount 
(D:\Projects\MyLogin\frontend\node_modules\react-dom\cjs\react-dom-client.development.js:13249:29)
    at commitHookPassiveMountEffects 
(D:\Projects\MyLogin\frontend\node_modules\react-dom\cjs\react-dom-client.development.js:13336:11)
    at commitPassiveMountOnFiber 
(D:\Projects\MyLogin\frontend\node_modules\react-dom\cjs\react-dom-client.development.js:15484:13)
    at recursivelyTraversePassiveMountEffects 
(D:\Projects\MyLogin\frontend\node_modules\react-dom\cjs\react-dom-client.development.js:15439:11) [90mundefined[39m
Error: Not implemented: window.alert
    at module.exports (D:\Projects\MyLogin\frontend\node_modules\jsdom\lib\jsdom\browser\not-implemented.js:9:17)
    at D:\Projects\MyLogin\frontend\node_modules\jsdom\lib\jsdom\browser\Window.js:962:7
    at fetchTasks (D:\Projects\MyLogin\frontend\src\pages\AdminDashboard.jsx:30:7)
    at D:\Projects\MyLogin\frontend\src\pages\AdminDashboard.jsx:36:5
    at Object.react_stack_bottom_frame 
(D:\Projects\MyLogin\frontend\node_modules\react-dom\cjs\react-dom-client.development.js:25989:20)
    at runWithFiberInDEV (D:\Projects\MyLogin\frontend\node_modules\react-dom\cjs\react-dom-client.development.js:874:13)
    at commitHookEffectListMount 
(D:\Projects\MyLogin\frontend\node_modules\react-dom\cjs\react-dom-client.development.js:13249:29)
    at commitHookPassiveMountEffects 
(D:\Projects\MyLogin\frontend\node_modules\react-dom\cjs\react-dom-client.development.js:13336:11)
    at commitPassiveMountOnFiber 
(D:\Projects\MyLogin\frontend\node_modules\react-dom\cjs\react-dom-client.development.js:15484:13)
    at recursivelyTraversePassiveMountEffects 
(D:\Projects\MyLogin\frontend\node_modules\react-dom\cjs\react-dom-client.development.js:15439:11) [90mundefined[39m

[90mstderr[2m | src/tests/AdminDashboard.test.jsx[2m > [22m[2mAdminDashboard Component[2m > [22m[2mshould display user 
email field
[22m[39mError: Not implemented: window.alert
    at module.exports (D:\Projects\MyLogin\frontend\node_modules\jsdom\lib\jsdom\browser\not-implemented.js:9:17)
    at D:\Projects\MyLogin\frontend\node_modules\jsdom\lib\jsdom\browser\Window.js:962:7
    at fetchUsers (D:\Projects\MyLogin\frontend\src\pages\AdminDashboard.jsx:21:7)
    at D:\Projects\MyLogin\frontend\src\pages\AdminDashboard.jsx:35:5
    at Object.react_stack_bottom_frame 
(D:\Projects\MyLogin\frontend\node_modules\react-dom\cjs\react-dom-client.development.js:25989:20)
    at runWithFiberInDEV (D:\Projects\MyLogin\frontend\node_modules\react-dom\cjs\react-dom-client.development.js:874:13)
    at commitHookEffectListMount 
(D:\Projects\MyLogin\frontend\node_modules\react-dom\cjs\react-dom-client.development.js:13249:29)
    at commitHookPassiveMountEffects 
(D:\Projects\MyLogin\frontend\node_modules\react-dom\cjs\react-dom-client.development.js:13336:11)
    at commitPassiveMountOnFiber 
(D:\Projects\MyLogin\frontend\node_modules\react-dom\cjs\react-dom-client.development.js:15484:13)
    at recursivelyTraversePassiveMountEffects 
(D:\Projects\MyLogin\frontend\node_modules\react-dom\cjs\react-dom-client.development.js:15439:11) [90mundefined[39m
Error: Not implemented: window.alert
    at module.exports (D:\Projects\MyLogin\frontend\node_modules\jsdom\lib\jsdom\browser\not-implemented.js:9:17)
    at D:\Projects\MyLogin\frontend\node_modules\jsdom\lib\jsdom\browser\Window.js:962:7
    at fetchTasks (D:\Projects\MyLogin\frontend\src\pages\AdminDashboard.jsx:30:7)
    at D:\Projects\MyLogin\frontend\src\pages\AdminDashboard.jsx:36:5
    at Object.react_stack_bottom_frame 
(D:\Projects\MyLogin\frontend\node_modules\react-dom\cjs\react-dom-client.development.js:25989:20)
    at runWithFiberInDEV (D:\Projects\MyLogin\frontend\node_modules\react-dom\cjs\react-dom-client.development.js:874:13)
    at commitHookEffectListMount 
(D:\Projects\MyLogin\frontend\node_modules\react-dom\cjs\react-dom-client.development.js:13249:29)
    at commitHookPassiveMountEffects 
(D:\Projects\MyLogin\frontend\node_modules\react-dom\cjs\react-dom-client.development.js:13336:11)
    at commitPassiveMountOnFiber 
(D:\Projects\MyLogin\frontend\node_modules\react-dom\cjs\react-dom-client.development.js:15484:13)
    at recursivelyTraversePassiveMountEffects 
(D:\Projects\MyLogin\frontend\node_modules\react-dom\cjs\react-dom-client.development.js:15439:11) [90mundefined[39m

[90mstderr[2m | src/tests/AdminDashboard.test.jsx[2m > [22m[2mAdminDashboard Component[2m > [22m[2mshould display task 
title in task list
[22m[39mError: Not implemented: window.alert
    at module.exports (D:\Projects\MyLogin\frontend\node_modules\jsdom\lib\jsdom\browser\not-implemented.js:9:17)
    at D:\Projects\MyLogin\frontend\node_modules\jsdom\lib\jsdom\browser\Window.js:962:7
    at fetchUsers (D:\Projects\MyLogin\frontend\src\pages\AdminDashboard.jsx:21:7)
    at D:\Projects\MyLogin\frontend\src\pages\AdminDashboard.jsx:35:5
    at Object.react_stack_bottom_frame 
(D:\Projects\MyLogin\frontend\node_modules\react-dom\cjs\react-dom-client.development.js:25989:20)
    at runWithFiberInDEV (D:\Projects\MyLogin\frontend\node_modules\react-dom\cjs\react-dom-client.development.js:874:13)
    at commitHookEffectListMount 
(D:\Projects\MyLogin\frontend\node_modules\react-dom\cjs\react-dom-client.development.js:13249:29)
    at commitHookPassiveMountEffects 
(D:\Projects\MyLogin\frontend\node_modules\react-dom\cjs\react-dom-client.development.js:13336:11)
    at commitPassiveMountOnFiber 
(D:\Projects\MyLogin\frontend\node_modules\react-dom\cjs\react-dom-client.development.js:15484:13)
    at recursivelyTraversePassiveMountEffects 
(D:\Projects\MyLogin\frontend\node_modules\react-dom\cjs\react-dom-client.development.js:15439:11) [90mundefined[39m
Error: Not implemented: window.alert
    at module.exports (D:\Projects\MyLogin\frontend\node_modules\jsdom\lib\jsdom\browser\not-implemented.js:9:17)
    at D:\Projects\MyLogin\frontend\node_modules\jsdom\lib\jsdom\browser\Window.js:962:7
    at fetchTasks (D:\Projects\MyLogin\frontend\src\pages\AdminDashboard.jsx:30:7)
    at D:\Projects\MyLogin\frontend\src\pages\AdminDashboard.jsx:36:5
    at Object.react_stack_bottom_frame 
(D:\Projects\MyLogin\frontend\node_modules\react-dom\cjs\react-dom-client.development.js:25989:20)
    at runWithFiberInDEV (D:\Projects\MyLogin\frontend\node_modules\react-dom\cjs\react-dom-client.development.js:874:13)
    at commitHookEffectListMount 
(D:\Projects\MyLogin\frontend\node_modules\react-dom\cjs\react-dom-client.development.js:13249:29)
    at commitHookPassiveMountEffects 
(D:\Projects\MyLogin\frontend\node_modules\react-dom\cjs\react-dom-client.development.js:13336:11)
    at commitPassiveMountOnFiber 
(D:\Projects\MyLogin\frontend\node_modules\react-dom\cjs\react-dom-client.development.js:15484:13)
    at recursivelyTraversePassiveMountEffects 
(D:\Projects\MyLogin\frontend\node_modules\react-dom\cjs\react-dom-client.development.js:15439:11) [90mundefined[39m

[90mstderr[2m | src/tests/AdminDashboard.test.jsx[2m > [22m[2mAdminDashboard Component[2m > [22m[2mshould have grid 
layout for task cards
[22m[39mError: Not implemented: window.alert
    at module.exports (D:\Projects\MyLogin\frontend\node_modules\jsdom\lib\jsdom\browser\not-implemented.js:9:17)
    at D:\Projects\MyLogin\frontend\node_modules\jsdom\lib\jsdom\browser\Window.js:962:7
    at fetchUsers (D:\Projects\MyLogin\frontend\src\pages\AdminDashboard.jsx:21:7)
    at D:\Projects\MyLogin\frontend\src\pages\AdminDashboard.jsx:35:5
    at Object.react_stack_bottom_frame 
(D:\Projects\MyLogin\frontend\node_modules\react-dom\cjs\react-dom-client.development.js:25989:20)
    at runWithFiberInDEV (D:\Projects\MyLogin\frontend\node_modules\react-dom\cjs\react-dom-client.development.js:874:13)
    at commitHookEffectListMount 
(D:\Projects\MyLogin\frontend\node_modules\react-dom\cjs\react-dom-client.development.js:13249:29)
    at commitHookPassiveMountEffects 
(D:\Projects\MyLogin\frontend\node_modules\react-dom\cjs\react-dom-client.development.js:13336:11)
    at commitPassiveMountOnFiber 
(D:\Projects\MyLogin\frontend\node_modules\react-dom\cjs\react-dom-client.development.js:15484:13)
    at recursivelyTraversePassiveMountEffects 
(D:\Projects\MyLogin\frontend\node_modules\react-dom\cjs\react-dom-client.development.js:15439:11) [90mundefined[39m
Error: Not implemented: window.alert
    at module.exports (D:\Projects\MyLogin\frontend\node_modules\jsdom\lib\jsdom\browser\not-implemented.js:9:17)
    at D:\Projects\MyLogin\frontend\node_modules\jsdom\lib\jsdom\browser\Window.js:962:7
    at fetchTasks (D:\Projects\MyLogin\frontend\src\pages\AdminDashboard.jsx:30:7)
    at D:\Projects\MyLogin\frontend\src\pages\AdminDashboard.jsx:36:5
    at Object.react_stack_bottom_frame 
(D:\Projects\MyLogin\frontend\node_modules\react-dom\cjs\react-dom-client.development.js:25989:20)
    at runWithFiberInDEV (D:\Projects\MyLogin\frontend\node_modules\react-dom\cjs\react-dom-client.development.js:874:13)
    at commitHookEffectListMount 
(D:\Projects\MyLogin\frontend\node_modules\react-dom\cjs\react-dom-client.development.js:13249:29)
    at commitHookPassiveMountEffects 
(D:\Projects\MyLogin\frontend\node_modules\react-dom\cjs\react-dom-client.development.js:13336:11)
    at commitPassiveMountOnFiber 
(D:\Projects\MyLogin\frontend\node_modules\react-dom\cjs\react-dom-client.development.js:15484:13)
    at recursivelyTraversePassiveMountEffects 
(D:\Projects\MyLogin\frontend\node_modules\react-dom\cjs\react-dom-client.development.js:15439:11) [90mundefined[39m

 [31mΓ¥»[39m src/tests/AdminDashboard.test.jsx [2m([22m[2m30 tests[22m[2m | [22m[31m21 failed[39m[2m)[22m[33m 20353[2mms[22m[39m
[31m   [31m├ù[31m AdminDashboard Component[2m > [22mshould display Users tab[90m 17[2mms[22m[31m[39m
[31m     ΓåÆ Found multiple elements with the text: /Users|users/i

Here are the matching elements:

Ignored nodes: comments, script, style
[36m<button[31m
  [33mclass[31m=[32m"px-4 sm:px-6 py-2 sm:py-3 rounded-2xl font-bold transition-all duration-300 text-sm sm:text-base bg-gradient-to-r from-purple-600 to-pink-500 text-white shadow-lg"[31m
[36m>[31m
  [0mUsers[0m
[36m</button>[31m

Ignored nodes: comments, script, style
[36m<h2[31m
  [33mclass[31m=[32m"text-xl sm:text-2xl font-bold text-white mb-4"[31m
[36m>[31m
  [0mAll Users ([0m
  [0m0[0m
  [0m)[0m
[36m</h2>[31m

Ignored nodes: comments, script, style
[36m<p[31m
  [33mclass[31m=[32m"text-slate-400 text-sm sm:text-base"[31m
[36m>[31m
  [0mNo users found[0m
[36m</p>[31m

(If this is intentional, then use the `*AllBy*` variant of the query (like `queryAllByText`, `getAllByText`, or `findAllByText`)).

Ignored nodes: comments, script, style
[36m<body>[31m
  [36m<div>[31m
    [36m<div[31m
      [33mclass[31m=[32m"min-h-screen bg-gradient-to-br from-slate-900 via-slate-800 to-slate-900 p-4 sm:p-8"[31m
    [36m>[31m
      [36m<div[31m
        [33mclass[31m=[32m"max-w-6xl mx-auto"[31m
      [36m>[31m
        [36m<div[31m
          [33mclass[31m=[32m"flex flex-col sm:flex-row justify-between items-start sm:items-center mb-8 gap-4"[31m
        [36m>[31m
          [36m<h1[31m
            [33mclass[31m=[32m"text-3xl sm:text-4xl font-extrabold bg-gradient-to-r from-purple-400 to-pink-300 bg-clip-text text-transparent"[31m
          [36m>[31m
            [0mAdmin Dashboard[0m
          [36m</h1>[31m
          [36m<button[31m
            [33mclass[31m=[32m"w-full sm:w-auto bg-red-500 hover:bg-red-600 text-white font-bold py-2 px-6 rounded-2xl transition-all duration-300 text-sm sm:text-base"[31m
          [36m>[31m
            [0mLogout[0m
          [36m</button>[31m
        [36m</div>[31m
        [36m<div[31m
          [33mclass[31m=[32m"flex gap-2 sm:gap-4 mb-8 flex-wrap"[31m
        [36m>[31m
          [36m<button[31m
            [33mclass[31m=[32m"px-4 sm:px-6 py-2 sm:py-3 rounded-2xl font-bold transition-all duration-300 text-sm sm:text-base bg-gradient-to-r from-purple-600 to-pink-500 text-white shadow-lg"[31m
          [36m>[31m
            [0mUsers[0m
          [36m</button>[31m
          [36m<button[31m
            [33mclass[31m=[32m"px-4 sm:px-6 py-2 sm:py-3 rounded-2xl font-bold transition-all duration-300 text-sm sm:text-base bg-slate-700 text-slate-300 hover:bg-slate-600"[31m
          [36m>[31m
            [0mTasks[0m
          [36m</button>[31m
        [36m</div>[31m
        [36m<div[31m
          [33mclass[31m=[32m"space-y-4"[31m
        [36m>[31m
          [36m<h2[31m
            [33mclass[31m=[32m"text-xl sm:text-2xl font-bold text-white mb-4"[31m
          [36m>[31m
            [0mAll Users ([0m
            [0m0[0m
            [0m)[0m
          [36m</h2>[31m
          [36m<div[31m
            [33mclass[31m=[32m"bg-slate-800 bg-opacity-60 backdrop-blur-xl p-6 sm:p-8 rounded-3xl border border-slate-700 border-opacity-50 text-center"[31m
          [36m>[31m
            [36m<p[31m
              [33mclass[31m=[32m"text-slate-400 text-sm sm:text-base"[31m
            [36m>[31m
              [0mNo users found[0m
            [36m</p>[31m
          [36m</div>[31m
        [36m</div>[31m
      [36m</div>[31m
    [36m</div>[31m
  [36m</div>[31m
[36m</body>[31m[39m
[31m   [31m├ù[31m AdminDashboard Component[2m > [22mshould fetch users on mount[33m 1016[2mms[22m[31m[39m
[31m     ΓåÆ expected "spy" to be called with arguments: [ '/admin/users' ][90m

Received: 

[31m[90m

Number of calls: [1m0[22m
[31m

Ignored nodes: comments, script, style
[36m<html>[31m
  [36m<head />[31m
  [36m<body>[31m
    [36m<div>[31m
      [36m<div[31m
        [33mclass[31m=[32m"min-h-screen bg-gradient-to-br from-slate-900 via-slate-800 to-slate-900 p-4 sm:p-8"[31m
      [36m>[31m
        [36m<div[31m
          [33mclass[31m=[32m"max-w-6xl mx-auto"[31m
        [36m>[31m
          [36m<div[31m
            [33mclass[31m=[32m"flex flex-col sm:flex-row justify-between items-start sm:items-center mb-8 gap-4"[31m
          [36m>[31m
            [36m<h1[31m
              [33mclass[31m=[32m"text-3xl sm:text-4xl font-extrabold bg-gradient-to-r from-purple-400 to-pink-300 bg-clip-text text-transparent"[31m
            [36m>[31m
              [0mAdmin Dashboard[0m
            [36m</h1>[31m
            [36m<button[31m
              [33mclass[31m=[32m"w-full sm:w-auto bg-red-500 hover:bg-red-600 text-white font-bold py-2 px-6 rounded-2xl transition-all duration-300 text-sm sm:text-base"[31m
            [36m>[31m
              [0mLogout[0m
            [36m</button>[31m
          [36m</div>[31m
          [36m<div[31m
            [33mclass[31m=[32m"flex gap-2 sm:gap-4 mb-8 flex-wrap"[31m
          [36m>[31m
            [36m<button[31m
              [33mclass[31m=[32m"px-4 sm:px-6 py-2 sm:py-3 rounded-2xl font-bold transition-all duration-300 text-sm sm:text-base bg-gradient-to-r from-purple-600 to-pink-500 text-white shadow-lg"[31m
            [36m>[31m
              [0mUsers[0m
            [36m</button>[31m
            [36m<button[31m
              [33mclass[31m=[32m"px-4 sm:px-6 py-2 sm:py-3 rounded-2xl font-bold transition-all duration-300 text-sm sm:text-base bg-slate-700 text-slate-300 hover:bg-slate-600"[31m
            [36m>[31m
              [0mTasks[0m
            [36m</button>[31m
          [36m</div>[31m
          [36m<div[31m
            [33mclass[31m=[32m"space-y-4"[31m
          [36m>[31m
            [36m<h2[31m
              [33mclass[31m=[32m"text-xl sm:text-2xl font-bold text-white mb-4"[31m
            [36m>[31m
              [0mAll Users ([0m
              [0m0[0m
              [0m)[0m
            [36m</h2>[31m
            [36m<div[31m
              [33mclass[31m=[32m"bg-slate-800 bg-opacity-60 backdrop-blur-xl p-6 sm:p-8 rounded-3xl border border-slate-700 border-opacity-50 text-center"[31m
            [36m>[31m
              [36m<p[31m
                [33mclass[31m=[32m"text-slate-400 text-sm sm:text-base"[31m
              [36m>[31m
                [0mNo users found[0m
              [36m</p>[31m
            [36m</div>[31m
          [36m</div>[31m
        [36m</div>[31m
      [36m</div>[31m
    [36m</div>[31m
  [36m</body>[31m
[36m</html>[31m[39m
[31m   [31m├ù[31m AdminDashboard Component[2m > [22mshould fetch tasks on mount[33m 1012[2mms[22m[31m[39m
[31m     ΓåÆ expected "spy" to be called with arguments: [ '/admin/tasks' ][90m

Received: 

[31m[90m

Number of calls: [1m0[22m
[31m

Ignored nodes: comments, script, style
[36m<html>[31m
  [36m<head />[31m
  [36m<body>[31m
    [36m<div>[31m
      [36m<div[31m
        [33mclass[31m=[32m"min-h-screen bg-gradient-to-br from-slate-900 via-slate-800 to-slate-900 p-4 sm:p-8"[31m
      [36m>[31m
        [36m<div[31m
          [33mclass[31m=[32m"max-w-6xl mx-auto"[31m
        [36m>[31m
          [36m<div[31m
            [33mclass[31m=[32m"flex flex-col sm:flex-row justify-between items-start sm:items-center mb-8 gap-4"[31m
          [36m>[31m
            [36m<h1[31m
              [33mclass[31m=[32m"text-3xl sm:text-4xl font-extrabold bg-gradient-to-r from-purple-400 to-pink-300 bg-clip-text text-transparent"[31m
            [36m>[31m
              [0mAdmin Dashboard[0m
            [36m</h1>[31m
            [36m<button[31m
              [33mclass[31m=[32m"w-full sm:w-auto bg-red-500 hover:bg-red-600 text-white font-bold py-2 px-6 rounded-2xl transition-all duration-300 text-sm sm:text-base"[31m
            [36m>[31m
              [0mLogout[0m
            [36m</button>[31m
          [36m</div>[31m
          [36m<div[31m
            [33mclass[31m=[32m"flex gap-2 sm:gap-4 mb-8 flex-wrap"[31m
          [36m>[31m
            [36m<button[31m
              [33mclass[31m=[32m"px-4 sm:px-6 py-2 sm:py-3 rounded-2xl font-bold transition-all duration-300 text-sm sm:text-base bg-gradient-to-r from-purple-600 to-pink-500 text-white shadow-lg"[31m
            [36m>[31m
              [0mUsers[0m
            [36m</button>[31m
            [36m<button[31m
              [33mclass[31m=[32m"px-4 sm:px-6 py-2 sm:py-3 rounded-2xl font-bold transition-all duration-300 text-sm sm:text-base bg-slate-700 text-slate-300 hover:bg-slate-600"[31m
            [36m>[31m
              [0mTasks[0m
            [36m</button>[31m
          [36m</div>[31m
          [36m<div[31m
            [33mclass[31m=[32m"space-y-4"[31m
          [36m>[31m
            [36m<h2[31m
              [33mclass[31m=[32m"text-xl sm:text-2xl font-bold text-white mb-4"[31m
            [36m>[31m
              [0mAll Users ([0m
              [0m0[0m
              [0m)[0m
            [36m</h2>[31m
            [36m<div[31m
              [33mclass[31m=[32m"bg-slate-800 bg-opacity-60 backdrop-blur-xl p-6 sm:p-8 rounded-3xl border border-slate-700 border-opacity-50 text-center"[31m
            [36m>[31m
              [36m<p[31m
                [33mclass[31m=[32m"text-slate-400 text-sm sm:text-base"[31m
              [36m>[31m
                [0mNo users found[0m
              [36m</p>[31m
            [36m</div>[31m
          [36m</div>[31m
        [36m</div>[31m
      [36m</div>[31m
    [36m</div>[31m
  [36m</body>[31m
[36m</html>[31m[39m
[31m   [31m├ù[31m AdminDashboard Component[2m > [22mshould display users in Users tab[33m 1007[2mms[22m[31m[39m
[31m     ΓåÆ Unable to find an element with the text: /User One/i. This could be because the text is broken up by multiple elements. In this case, you can provide a function for your text matcher to make your matcher more flexible.

Ignored nodes: comments, script, style
[36m<body>[31m
  [36m<div>[31m
    [36m<div[31m
      [33mclass[31m=[32m"min-h-screen bg-gradient-to-br from-slate-900 via-slate-800 to-slate-900 p-4 sm:p-8"[31m
    [36m>[31m
      [36m<div[31m
        [33mclass[31m=[32m"max-w-6xl mx-auto"[31m
      [36m>[31m
        [36m<div[31m
          [33mclass[31m=[32m"flex flex-col sm:flex-row justify-between items-start sm:items-center mb-8 gap-4"[31m
        [36m>[31m
          [36m<h1[31m
            [33mclass[31m=[32m"text-3xl sm:text-4xl font-extrabold bg-gradient-to-r from-purple-400 to-pink-300 bg-clip-text text-transparent"[31m
          [36m>[31m
            [0mAdmin Dashboard[0m
          [36m</h1>[31m
          [36m<button[31m
            [33mclass[31m=[32m"w-full sm:w-auto bg-red-500 hover:bg-red-600 text-white font-bold py-2 px-6 rounded-2xl transition-all duration-300 text-sm sm:text-base"[31m
          [36m>[31m
            [0mLogout[0m
          [36m</button>[31m
        [36m</div>[31m
        [36m<div[31m
          [33mclass[31m=[32m"flex gap-2 sm:gap-4 mb-8 flex-wrap"[31m
        [36m>[31m
          [36m<button[31m
            [33mclass[31m=[32m"px-4 sm:px-6 py-2 sm:py-3 rounded-2xl font-bold transition-all duration-300 text-sm sm:text-base bg-gradient-to-r from-purple-600 to-pink-500 text-white shadow-lg"[31m
          [36m>[31m
            [0mUsers[0m
          [36m</button>[31m
          [36m<button[31m
            [33mclass[31m=[32m"px-4 sm:px-6 py-2 sm:py-3 rounded-2xl font-bold transition-all duration-300 text-sm sm:text-base bg-slate-700 text-slate-300 hover:bg-slate-600"[31m
          [36m>[31m
            [0mTasks[0m
          [36m</button>[31m
        [36m</div>[31m
        [36m<div[31m
          [33mclass[31m=[32m"space-y-4"[31m
        [36m>[31m
          [36m<h2[31m
            [33mclass[31m=[32m"text-xl sm:text-2xl font-bold text-white mb-4"[31m
          [36m>[31m
            [0mAll Users ([0m
            [0m0[0m
            [0m)[0m
          [36m</h2>[31m
          [36m<div[31m
            [33mclass[31m=[32m"bg-slate-800 bg-opacity-60 backdrop-blur-xl p-6 sm:p-8 rounded-3xl border border-slate-700 border-opacity-50 text-center"[31m
          [36m>[31m
            [36m<p[31m
              [33mclass[31m=[32m"text-slate-400 text-sm sm:text-base"[31m
            [36m>[31m
              [0mNo users found[0m
            [36m</p>[31m
          [36m</div>[31m
        [36m</div>[31m
      [36m</div>[31m
    [36m</div>[31m
  [36m</div>[31m
[36m</body>[31m

Ignored nodes: comments, script, style
[36m<html>[31m
  [36m<head />[31m
  [36m<body>[31m
    [36m<div>[31m
      [36m<div[31m
        [33mclass[31m=[32m"min-h-screen bg-gradient-to-br from-slate-900 via-slate-800 to-slate-900 p-4 sm:p-8"[31m
      [36m>[31m
        [36m<div[31m
          [33mclass[31m=[32m"max-w-6xl mx-auto"[31m
        [36m>[31m
          [36m<div[31m
            [33mclass[31m=[32m"flex flex-col sm:flex-row justify-between items-start sm:items-center mb-8 gap-4"[31m
          [36m>[31m
            [36m<h1[31m
              [33mclass[31m=[32m"text-3xl sm:text-4xl font-extrabold bg-gradient-to-r from-purple-400 to-pink-300 bg-clip-text text-transparent"[31m
            [36m>[31m
              [0mAdmin Dashboard[0m
            [36m</h1>[31m
            [36m<button[31m
              [33mclass[31m=[32m"w-full sm:w-auto bg-red-500 hover:bg-red-600 text-white font-bold py-2 px-6 rounded-2xl transition-all duration-300 text-sm sm:text-base"[31m
            [36m>[31m
              [0mLogout[0m
            [36m</button>[31m
          [36m</div>[31m
          [36m<div[31m
            [33mclass[31m=[32m"flex gap-2 sm:gap-4 mb-8 flex-wrap"[31m
          [36m>[31m
            [36m<button[31m
              [33mclass[31m=[32m"px-4 sm:px-6 py-2 sm:py-3 rounded-2xl font-bold transition-all duration-300 text-sm sm:text-base bg-gradient-to-r from-purple-600 to-pink-500 text-white shadow-lg"[31m
            [36m>[31m
              [0mUsers[0m
            [36m</button>[31m
            [36m<button[31m
              [33mclass[31m=[32m"px-4 sm:px-6 py-2 sm:py-3 rounded-2xl font-bold transition-all duration-300 text-sm sm:text-base bg-slate-700 text-slate-300 hover:bg-slate-600"[31m
            [36m>[31m
              [0mTasks[0m
            [36m</button>[31m
          [36m</div>[31m
          [36m<div[31m
            [33mclass[31m=[32m"space-y-4"[31m
          [36m>[31m
            [36m<h2[31m
              [33mclass[31m=[32m"text-xl sm:text-2xl font-bold text-white mb-4"[31m
            [36m>[31m
              [0mAll Users ([0m
              [0m0[0m
              [0m)[0m
            [36m</h2>[31m
            [36m<div[31m
              [33mclass[31m=[32m"bg-slate-800 bg-opacity-60 backdrop-blur-xl p-6 sm:p-8 rounded-3xl border border-slate-700 border-opacity-50 text-center"[31m
            [36m>[31m
              [36m<p[31m
                [33mclass[31m=[32m"text-slate-400 text-sm sm:text-base"[31m
              [36m>[31m
                [0mNo users found[0m
              [36m</p>[31m
            [36m</div>[31m
          [36m</div>[31m
        [36m</div>[31m
      [36m</div>[31m
    [36m</div>[31m
  [36m</body>[31m
[36m</html>[31m[39m
[31m   [31m├ù[31m AdminDashboard Component[2m > [22mshould display user email in Users tab[33m 1007[2mms[22m[31m[39m
[31m     ΓåÆ Unable to find an element with the text: /user1@example.com/i. This could be because the text is broken up by multiple elements. In this case, you can provide a function for your text matcher to make your matcher more flexible.

Ignored nodes: comments, script, style
[36m<body>[31m
  [36m<div>[31m
    [36m<div[31m
      [33mclass[31m=[32m"min-h-screen bg-gradient-to-br from-slate-900 via-slate-800 to-slate-900 p-4 sm:p-8"[31m
    [36m>[31m
      [36m<div[31m
        [33mclass[31m=[32m"max-w-6xl mx-auto"[31m
      [36m>[31m
        [36m<div[31m
          [33mclass[31m=[32m"flex flex-col sm:flex-row justify-between items-start sm:items-center mb-8 gap-4"[31m
        [36m>[31m
          [36m<h1[31m
            [33mclass[31m=[32m"text-3xl sm:text-4xl font-extrabold bg-gradient-to-r from-purple-400 to-pink-300 bg-clip-text text-transparent"[31m
          [36m>[31m
            [0mAdmin Dashboard[0m
          [36m</h1>[31m
          [36m<button[31m
            [33mclass[31m=[32m"w-full sm:w-auto bg-red-500 hover:bg-red-600 text-white font-bold py-2 px-6 rounded-2xl transition-all duration-300 text-sm sm:text-base"[31m
          [36m>[31m
            [0mLogout[0m
          [36m</button>[31m
        [36m</div>[31m
        [36m<div[31m
          [33mclass[31m=[32m"flex gap-2 sm:gap-4 mb-8 flex-wrap"[31m
        [36m>[31m
          [36m<button[31m
            [33mclass[31m=[32m"px-4 sm:px-6 py-2 sm:py-3 rounded-2xl font-bold transition-all duration-300 text-sm sm:text-base bg-gradient-to-r from-purple-600 to-pink-500 text-white shadow-lg"[31m
          [36m>[31m
            [0mUsers[0m
          [36m</button>[31m
          [36m<button[31m
            [33mclass[31m=[32m"px-4 sm:px-6 py-2 sm:py-3 rounded-2xl font-bold transition-all duration-300 text-sm sm:text-base bg-slate-700 text-slate-300 hover:bg-slate-600"[31m
          [36m>[31m
            [0mTasks[0m
          [36m</button>[31m
        [36m</div>[31m
        [36m<div[31m
          [33mclass[31m=[32m"space-y-4"[31m
        [36m>[31m
          [36m<h2[31m
            [33mclass[31m=[32m"text-xl sm:text-2xl font-bold text-white mb-4"[31m
          [36m>[31m
            [0mAll Users ([0m
            [0m0[0m
            [0m)[0m
          [36m</h2>[31m
          [36m<div[31m
            [33mclass[31m=[32m"bg-slate-800 bg-opacity-60 backdrop-blur-xl p-6 sm:p-8 rounded-3xl border border-slate-700 border-opacity-50 text-center"[31m
          [36m>[31m
            [36m<p[31m
              [33mclass[31m=[32m"text-slate-400 text-sm sm:text-base"[31m
            [36m>[31m
              [0mNo users found[0m
            [36m</p>[31m
          [36m</div>[31m
        [36m</div>[31m
      [36m</div>[31m
    [36m</div>[31m
  [36m</div>[31m
[36m</body>[31m

Ignored nodes: comments, script, style
[36m<html>[31m
  [36m<head />[31m
  [36m<body>[31m
    [36m<div>[31m
      [36m<div[31m
        [33mclass[31m=[32m"min-h-screen bg-gradient-to-br from-slate-900 via-slate-800 to-slate-900 p-4 sm:p-8"[31m
      [36m>[31m
        [36m<div[31m
          [33mclass[31m=[32m"max-w-6xl mx-auto"[31m
        [36m>[31m
          [36m<div[31m
            [33mclass[31m=[32m"flex flex-col sm:flex-row justify-between items-start sm:items-center mb-8 gap-4"[31m
          [36m>[31m
            [36m<h1[31m
              [33mclass[31m=[32m"text-3xl sm:text-4xl font-extrabold bg-gradient-to-r from-purple-400 to-pink-300 bg-clip-text text-transparent"[31m
            [36m>[31m
              [0mAdmin Dashboard[0m
            [36m</h1>[31m
            [36m<button[31m
              [33mclass[31m=[32m"w-full sm:w-auto bg-red-500 hover:bg-red-600 text-white font-bold py-2 px-6 rounded-2xl transition-all duration-300 text-sm sm:text-base"[31m
            [36m>[31m
              [0mLogout[0m
            [36m</button>[31m
          [36m</div>[31m
          [36m<div[31m
            [33mclass[31m=[32m"flex gap-2 sm:gap-4 mb-8 flex-wrap"[31m
          [36m>[31m
            [36m<button[31m
              [33mclass[31m=[32m"px-4 sm:px-6 py-2 sm:py-3 rounded-2xl font-bold transition-all duration-300 text-sm sm:text-base bg-gradient-to-r from-purple-600 to-pink-500 text-white shadow-lg"[31m
            [36m>[31m
              [0mUsers[0m
            [36m</button>[31m
            [36m<button[31m
              [33mclass[31m=[32m"px-4 sm:px-6 py-2 sm:py-3 rounded-2xl font-bold transition-all duration-300 text-sm sm:text-base bg-slate-700 text-slate-300 hover:bg-slate-600"[31m
            [36m>[31m
              [0mTasks[0m
            [36m</button>[31m
          [36m</div>[31m
          [36m<div[31m
            [33mclass[31m=[32m"space-y-4"[31m
          [36m>[31m
            [36m<h2[31m
              [33mclass[31m=[32m"text-xl sm:text-2xl font-bold text-white mb-4"[31m
            [36m>[31m
              [0mAll Users ([0m
              [0m0[0m
              [0m)[0m
            [36m</h2>[31m
            [36m<div[31m
              [33mclass[31m=[32m"bg-slate-800 bg-opacity-60 backdrop-blur-xl p-6 sm:p-8 rounded-3xl border border-slate-700 border-opacity-50 text-center"[31m
            [36m>[31m
              [36m<p[31m
                [33mclass[31m=[32m"text-slate-400 text-sm sm:text-base"[31m
              [36m>[31m
                [0mNo users found[0m
              [36m</p>[31m
            [36m</div>[31m
          [36m</div>[31m
        [36m</div>[31m
      [36m</div>[31m
    [36m</div>[31m
  [36m</body>[31m
[36m</html>[31m[39m
[31m   [31m├ù[31m AdminDashboard Component[2m > [22mshould have edit button for each user[33m 1015[2mms[22m[31m[39m
[31m     ΓåÆ expected 0 to be greater than 0

Ignored nodes: comments, script, style
[36m<html>[31m
  [36m<head />[31m
  [36m<body>[31m
    [36m<div>[31m
      [36m<div[31m
        [33mclass[31m=[32m"min-h-screen bg-gradient-to-br from-slate-900 via-slate-800 to-slate-900 p-4 sm:p-8"[31m
      [36m>[31m
        [36m<div[31m
          [33mclass[31m=[32m"max-w-6xl mx-auto"[31m
        [36m>[31m
          [36m<div[31m
            [33mclass[31m=[32m"flex flex-col sm:flex-row justify-between items-start sm:items-center mb-8 gap-4"[31m
          [36m>[31m
            [36m<h1[31m
              [33mclass[31m=[32m"text-3xl sm:text-4xl font-extrabold bg-gradient-to-r from-purple-400 to-pink-300 bg-clip-text text-transparent"[31m
            [36m>[31m
              [0mAdmin Dashboard[0m
            [36m</h1>[31m
            [36m<button[31m
              [33mclass[31m=[32m"w-full sm:w-auto bg-red-500 hover:bg-red-600 text-white font-bold py-2 px-6 rounded-2xl transition-all duration-300 text-sm sm:text-base"[31m
            [36m>[31m
              [0mLogout[0m
            [36m</button>[31m
          [36m</div>[31m
          [36m<div[31m
            [33mclass[31m=[32m"flex gap-2 sm:gap-4 mb-8 flex-wrap"[31m
          [36m>[31m
            [36m<button[31m
              [33mclass[31m=[32m"px-4 sm:px-6 py-2 sm:py-3 rounded-2xl font-bold transition-all duration-300 text-sm sm:text-base bg-gradient-to-r from-purple-600 to-pink-500 text-white shadow-lg"[31m
            [36m>[31m
              [0mUsers[0m
            [36m</button>[31m
            [36m<button[31m
              [33mclass[31m=[32m"px-4 sm:px-6 py-2 sm:py-3 rounded-2xl font-bold transition-all duration-300 text-sm sm:text-base bg-slate-700 text-slate-300 hover:bg-slate-600"[31m
            [36m>[31m
              [0mTasks[0m
            [36m</button>[31m
          [36m</div>[31m
          [36m<div[31m
            [33mclass[31m=[32m"space-y-4"[31m
          [36m>[31m
            [36m<h2[31m
              [33mclass[31m=[32m"text-xl sm:text-2xl font-bold text-white mb-4"[31m
            [36m>[31m
              [0mAll Users ([0m
              [0m0[0m
              [0m)[0m
            [36m</h2>[31m
            [36m<div[31m
              [33mclass[31m=[32m"bg-slate-800 bg-opacity-60 backdrop-blur-xl p-6 sm:p-8 rounded-3xl border border-slate-700 border-opacity-50 text-center"[31m
            [36m>[31m
              [36m<p[31m
                [33mclass[31m=[32m"text-slate-400 text-sm sm:text-base"[31m
              [36m>[31m
                [0mNo users found[0m
              [36m</p>[31m
            [36m</div>[31m
          [36m</div>[31m
        [36m</div>[31m
      [36m</div>[31m
    [36m</div>[31m
  [36m</body>[31m
[36m</html>[31m[39m
[31m   [31m├ù[31m AdminDashboard Component[2m > [22mshould have delete button for each user[33m 1012[2mms[22m[31m[39m
[31m     ΓåÆ expected 0 to be greater than 0

Ignored nodes: comments, script, style
[36m<html>[31m
  [36m<head />[31m
  [36m<body>[31m
    [36m<div>[31m
      [36m<div[31m
        [33mclass[31m=[32m"min-h-screen bg-gradient-to-br from-slate-900 via-slate-800 to-slate-900 p-4 sm:p-8"[31m
      [36m>[31m
        [36m<div[31m
          [33mclass[31m=[32m"max-w-6xl mx-auto"[31m
        [36m>[31m
          [36m<div[31m
            [33mclass[31m=[32m"flex flex-col sm:flex-row justify-between items-start sm:items-center mb-8 gap-4"[31m
          [36m>[31m
            [36m<h1[31m
              [33mclass[31m=[32m"text-3xl sm:text-4xl font-extrabold bg-gradient-to-r from-purple-400 to-pink-300 bg-clip-text text-transparent"[31m
            [36m>[31m
              [0mAdmin Dashboard[0m
            [36m</h1>[31m
            [36m<button[31m
              [33mclass[31m=[32m"w-full sm:w-auto bg-red-500 hover:bg-red-600 text-white font-bold py-2 px-6 rounded-2xl transition-all duration-300 text-sm sm:text-base"[31m
            [36m>[31m
              [0mLogout[0m
            [36m</button>[31m
          [36m</div>[31m
          [36m<div[31m
            [33mclass[31m=[32m"flex gap-2 sm:gap-4 mb-8 flex-wrap"[31m
          [36m>[31m
            [36m<button[31m
              [33mclass[31m=[32m"px-4 sm:px-6 py-2 sm:py-3 rounded-2xl font-bold transition-all duration-300 text-sm sm:text-base bg-gradient-to-r from-purple-600 to-pink-500 text-white shadow-lg"[31m
            [36m>[31m
              [0mUsers[0m
            [36m</button>[31m
            [36m<button[31m
              [33mclass[31m=[32m"px-4 sm:px-6 py-2 sm:py-3 rounded-2xl font-bold transition-all duration-300 text-sm sm:text-base bg-slate-700 text-slate-300 hover:bg-slate-600"[31m
            [36m>[31m
              [0mTasks[0m
            [36m</button>[31m
          [36m</div>[31m
          [36m<div[31m
            [33mclass[31m=[32m"space-y-4"[31m
          [36m>[31m
            [36m<h2[31m
              [33mclass[31m=[32m"text-xl sm:text-2xl font-bold text-white mb-4"[31m
            [36m>[31m
              [0mAll Users ([0m
              [0m0[0m
              [0m)[0m
            [36m</h2>[31m
            [36m<div[31m
              [33mclass[31m=[32m"bg-slate-800 bg-opacity-60 backdrop-blur-xl p-6 sm:p-8 rounded-3xl border border-slate-700 border-opacity-50 text-center"[31m
            [36m>[31m
              [36m<p[31m
                [33mclass[31m=[32m"text-slate-400 text-sm sm:text-base"[31m
              [36m>[31m
                [0mNo users found[0m
              [36m</p>[31m
            [36m</div>[31m
          [36m</div>[31m
        [36m</div>[31m
      [36m</div>[31m
    [36m</div>[31m
  [36m</body>[31m
[36m</html>[31m[39m
[31m   [31m├ù[31m AdminDashboard Component[2m > [22mshould display tasks in Tasks tab[33m 1012[2mms[22m[31m[39m
[31m     ΓåÆ Unable to find an element with the text: /Admin Task 1/i. This could be because the text is broken up by multiple elements. In this case, you can provide a function for your text matcher to make your matcher more flexible.

Ignored nodes: comments, script, style
[36m<body>[31m
  [36m<div>[31m
    [36m<div[31m
      [33mclass[31m=[32m"min-h-screen bg-gradient-to-br from-slate-900 via-slate-800 to-slate-900 p-4 sm:p-8"[31m
    [36m>[31m
      [36m<div[31m
        [33mclass[31m=[32m"max-w-6xl mx-auto"[31m
      [36m>[31m
        [36m<div[31m
          [33mclass[31m=[32m"flex flex-col sm:flex-row justify-between items-start sm:items-center mb-8 gap-4"[31m
        [36m>[31m
          [36m<h1[31m
            [33mclass[31m=[32m"text-3xl sm:text-4xl font-extrabold bg-gradient-to-r from-purple-400 to-pink-300 bg-clip-text text-transparent"[31m
          [36m>[31m
            [0mAdmin Dashboard[0m
          [36m</h1>[31m
          [36m<button[31m
            [33mclass[31m=[32m"w-full sm:w-auto bg-red-500 hover:bg-red-600 text-white font-bold py-2 px-6 rounded-2xl transition-all duration-300 text-sm sm:text-base"[31m
          [36m>[31m
            [0mLogout[0m
          [36m</button>[31m
        [36m</div>[31m
        [36m<div[31m
          [33mclass[31m=[32m"flex gap-2 sm:gap-4 mb-8 flex-wrap"[31m
        [36m>[31m
          [36m<button[31m
            [33mclass[31m=[32m"px-4 sm:px-6 py-2 sm:py-3 rounded-2xl font-bold transition-all duration-300 text-sm sm:text-base bg-gradient-to-r from-purple-600 to-pink-500 text-white shadow-lg"[31m
          [36m>[31m
            [0mUsers[0m
          [36m</button>[31m
          [36m<button[31m
            [33mclass[31m=[32m"px-4 sm:px-6 py-2 sm:py-3 rounded-2xl font-bold transition-all duration-300 text-sm sm:text-base bg-slate-700 text-slate-300 hover:bg-slate-600"[31m
          [36m>[31m
            [0mTasks[0m
          [36m</button>[31m
        [36m</div>[31m
        [36m<div[31m
          [33mclass[31m=[32m"space-y-4"[31m
        [36m>[31m
          [36m<h2[31m
            [33mclass[31m=[32m"text-xl sm:text-2xl font-bold text-white mb-4"[31m
          [36m>[31m
            [0mAll Users ([0m
            [0m0[0m
            [0m)[0m
          [36m</h2>[31m
          [36m<div[31m
            [33mclass[31m=[32m"bg-slate-800 bg-opacity-60 backdrop-blur-xl p-6 sm:p-8 rounded-3xl border border-slate-700 border-opacity-50 text-center"[31m
          [36m>[31m
            [36m<p[31m
              [33mclass[31m=[32m"text-slate-400 text-sm sm:text-base"[31m
            [36m>[31m
              [0mNo users found[0m
            [36m</p>[31m
          [36m</div>[31m
        [36m</div>[31m
      [36m</div>[31m
    [36m</div>[31m
  [36m</div>[31m
[36m</body>[31m

Ignored nodes: comments, script, style
[36m<html>[31m
  [36m<head />[31m
  [36m<body>[31m
    [36m<div>[31m
      [36m<div[31m
        [33mclass[31m=[32m"min-h-screen bg-gradient-to-br from-slate-900 via-slate-800 to-slate-900 p-4 sm:p-8"[31m
      [36m>[31m
        [36m<div[31m
          [33mclass[31m=[32m"max-w-6xl mx-auto"[31m
        [36m>[31m
          [36m<div[31m
            [33mclass[31m=[32m"flex flex-col sm:flex-row justify-between items-start sm:items-center mb-8 gap-4"[31m
          [36m>[31m
            [36m<h1[31m
              [33mclass[31m=[32m"text-3xl sm:text-4xl font-extrabold bg-gradient-to-r from-purple-400 to-pink-300 bg-clip-text text-transparent"[31m
            [36m>[31m
              [0mAdmin Dashboard[0m
            [36m</h1>[31m
            [36m<button[31m
              [33mclass[31m=[32m"w-full sm:w-auto bg-red-500 hover:bg-red-600 text-white font-bold py-2 px-6 rounded-2xl transition-all duration-300 text-sm sm:text-base"[31m
            [36m>[31m
              [0mLogout[0m
            [36m</button>[31m
          [36m</div>[31m
          [36m<div[31m
            [33mclass[31m=[32m"flex gap-2 sm:gap-4 mb-8 flex-wrap"[31m
          [36m>[31m
            [36m<button[31m
              [33mclass[31m=[32m"px-4 sm:px-6 py-2 sm:py-3 rounded-2xl font-bold transition-all duration-300 text-sm sm:text-base bg-gradient-to-r from-purple-600 to-pink-500 text-white shadow-lg"[31m
            [36m>[31m
              [0mUsers[0m
            [36m</button>[31m
            [36m<button[31m
              [33mclass[31m=[32m"px-4 sm:px-6 py-2 sm:py-3 rounded-2xl font-bold transition-all duration-300 text-sm sm:text-base bg-slate-700 text-slate-300 hover:bg-slate-600"[31m
            [36m>[31m
              [0mTasks[0m
            [36m</button>[31m
          [36m</div>[31m
          [36m<div[31m
            [33mclass[31m=[32m"space-y-4"[31m
          [36m>[31m
            [36m<h2[31m
              [33mclass[31m=[32m"text-xl sm:text-2xl font-bold text-white mb-4"[31m
            [36m>[31m
              [0mAll Users ([0m
              [0m0[0m
              [0m)[0m
            [36m</h2>[31m
            [36m<div[31m
              [33mclass[31m=[32m"bg-slate-800 bg-opacity-60 backdrop-blur-xl p-6 sm:p-8 rounded-3xl border border-slate-700 border-opacity-50 text-center"[31m
            [36m>[31m
              [36m<p[31m
                [33mclass[31m=[32m"text-slate-400 text-sm sm:text-base"[31m
              [36m>[31m
                [0mNo users found[0m
              [36m</p>[31m
            [36m</div>[31m
          [36m</div>[31m
        [36m</div>[31m
      [36m</div>[31m
    [36m</div>[31m
  [36m</body>[31m
[36m</html>[31m[39m
[31m   [31m├ù[31m AdminDashboard Component[2m > [22mshould have edit button for each task[33m 1011[2mms[22m[31m[39m
[31m     ΓåÆ expected 0 to be greater than 0

Ignored nodes: comments, script, style
[36m<html>[31m
  [36m<head />[31m
  [36m<body>[31m
    [36m<div>[31m
      [36m<div[31m
        [33mclass[31m=[32m"min-h-screen bg-gradient-to-br from-slate-900 via-slate-800 to-slate-900 p-4 sm:p-8"[31m
      [36m>[31m
        [36m<div[31m
          [33mclass[31m=[32m"max-w-6xl mx-auto"[31m
        [36m>[31m
          [36m<div[31m
            [33mclass[31m=[32m"flex flex-col sm:flex-row justify-between items-start sm:items-center mb-8 gap-4"[31m
          [36m>[31m
            [36m<h1[31m
              [33mclass[31m=[32m"text-3xl sm:text-4xl font-extrabold bg-gradient-to-r from-purple-400 to-pink-300 bg-clip-text text-transparent"[31m
            [36m>[31m
              [0mAdmin Dashboard[0m
            [36m</h1>[31m
            [36m<button[31m
              [33mclass[31m=[32m"w-full sm:w-auto bg-red-500 hover:bg-red-600 text-white font-bold py-2 px-6 rounded-2xl transition-all duration-300 text-sm sm:text-base"[31m
            [36m>[31m
              [0mLogout[0m
            [36m</button>[31m
          [36m</div>[31m
          [36m<div[31m
            [33mclass[31m=[32m"flex gap-2 sm:gap-4 mb-8 flex-wrap"[31m
          [36m>[31m
            [36m<button[31m
              [33mclass[31m=[32m"px-4 sm:px-6 py-2 sm:py-3 rounded-2xl font-bold transition-all duration-300 text-sm sm:text-base bg-gradient-to-r from-purple-600 to-pink-500 text-white shadow-lg"[31m
            [36m>[31m
              [0mUsers[0m
            [36m</button>[31m
            [36m<button[31m
              [33mclass[31m=[32m"px-4 sm:px-6 py-2 sm:py-3 rounded-2xl font-bold transition-all duration-300 text-sm sm:text-base bg-slate-700 text-slate-300 hover:bg-slate-600"[31m
            [36m>[31m
              [0mTasks[0m
            [36m</button>[31m
          [36m</div>[31m
          [36m<div[31m
            [33mclass[31m=[32m"space-y-4"[31m
          [36m>[31m
            [36m<h2[31m
              [33mclass[31m=[32m"text-xl sm:text-2xl font-bold text-white mb-4"[31m
            [36m>[31m
              [0mAll Users ([0m
              [0m0[0m
              [0m)[0m
            [36m</h2>[31m
            [36m<div[31m
              [33mclass[31m=[32m"bg-slate-800 bg-opacity-60 backdrop-blur-xl p-6 sm:p-8 rounded-3xl border border-slate-700 border-opacity-50 text-center"[31m
            [36m>[31m
              [36m<p[31m
                [33mclass[31m=[32m"text-slate-400 text-sm sm:text-base"[31m
              [36m>[31m
                [0mNo users found[0m
              [36m</p>[31m
            [36m</div>[31m
          [36m</div>[31m
        [36m</div>[31m
      [36m</div>[31m
    [36m</div>[31m
  [36m</body>[31m
[36m</html>[31m[39m
[31m   [31m├ù[31m AdminDashboard Component[2m > [22mshould have delete button for each task[33m 1013[2mms[22m[31m[39m
[31m     ΓåÆ expected 0 to be greater than 0

Ignored nodes: comments, script, style
[36m<html>[31m
  [36m<head />[31m
  [36m<body>[31m
    [36m<div>[31m
      [36m<div[31m
        [33mclass[31m=[32m"min-h-screen bg-gradient-to-br from-slate-900 via-slate-800 to-slate-900 p-4 sm:p-8"[31m
      [36m>[31m
        [36m<div[31m
          [33mclass[31m=[32m"max-w-6xl mx-auto"[31m
        [36m>[31m
          [36m<div[31m
            [33mclass[31m=[32m"flex flex-col sm:flex-row justify-between items-start sm:items-center mb-8 gap-4"[31m
          [36m>[31m
            [36m<h1[31m
              [33mclass[31m=[32m"text-3xl sm:text-4xl font-extrabold bg-gradient-to-r from-purple-400 to-pink-300 bg-clip-text text-transparent"[31m
            [36m>[31m
              [0mAdmin Dashboard[0m
            [36m</h1>[31m
            [36m<button[31m
              [33mclass[31m=[32m"w-full sm:w-auto bg-red-500 hover:bg-red-600 text-white font-bold py-2 px-6 rounded-2xl transition-all duration-300 text-sm sm:text-base"[31m
            [36m>[31m
              [0mLogout[0m
            [36m</button>[31m
          [36m</div>[31m
          [36m<div[31m
            [33mclass[31m=[32m"flex gap-2 sm:gap-4 mb-8 flex-wrap"[31m
          [36m>[31m
            [36m<button[31m
              [33mclass[31m=[32m"px-4 sm:px-6 py-2 sm:py-3 rounded-2xl font-bold transition-all duration-300 text-sm sm:text-base bg-gradient-to-r from-purple-600 to-pink-500 text-white shadow-lg"[31m
            [36m>[31m
              [0mUsers[0m
            [36m</button>[31m
            [36m<button[31m
              [33mclass[31m=[32m"px-4 sm:px-6 py-2 sm:py-3 rounded-2xl font-bold transition-all duration-300 text-sm sm:text-base bg-slate-700 text-slate-300 hover:bg-slate-600"[31m
            [36m>[31m
              [0mTasks[0m
            [36m</button>[31m
          [36m</div>[31m
          [36m<div[31m
            [33mclass[31m=[32m"space-y-4"[31m
          [36m>[31m
            [36m<h2[31m
              [33mclass[31m=[32m"text-xl sm:text-2xl font-bold text-white mb-4"[31m
            [36m>[31m
              [0mAll Users ([0m
              [0m0[0m
              [0m)[0m
            [36m</h2>[31m
            [36m<div[31m
              [33mclass[31m=[32m"bg-slate-800 bg-opacity-60 backdrop-blur-xl p-6 sm:p-8 rounded-3xl border border-slate-700 border-opacity-50 text-center"[31m
            [36m>[31m
              [36m<p[31m
                [33mclass[31m=[32m"text-slate-400 text-sm sm:text-base"[31m
              [36m>[31m
                [0mNo users found[0m
              [36m</p>[31m
            [36m</div>[31m
          [36m</div>[31m
        [36m</div>[31m
      [36m</div>[31m
    [36m</div>[31m
  [36m</body>[31m
[36m</html>[31m[39m
[31m   [31m├ù[31m AdminDashboard Component[2m > [22mshould switch between Users and Tasks tabs[33m 1015[2mms[22m[31m[39m
[31m     ΓåÆ Unable to find an element with the text: /User One/i. This could be because the text is broken up by multiple elements. In this case, you can provide a function for your text matcher to make your matcher more flexible.

Ignored nodes: comments, script, style
[36m<body>[31m
  [36m<div>[31m
    [36m<div[31m
      [33mclass[31m=[32m"min-h-screen bg-gradient-to-br from-slate-900 via-slate-800 to-slate-900 p-4 sm:p-8"[31m
    [36m>[31m
      [36m<div[31m
        [33mclass[31m=[32m"max-w-6xl mx-auto"[31m
      [36m>[31m
        [36m<div[31m
          [33mclass[31m=[32m"flex flex-col sm:flex-row justify-between items-start sm:items-center mb-8 gap-4"[31m
        [36m>[31m
          [36m<h1[31m
            [33mclass[31m=[32m"text-3xl sm:text-4xl font-extrabold bg-gradient-to-r from-purple-400 to-pink-300 bg-clip-text text-transparent"[31m
          [36m>[31m
            [0mAdmin Dashboard[0m
          [36m</h1>[31m
          [36m<button[31m
            [33mclass[31m=[32m"w-full sm:w-auto bg-red-500 hover:bg-red-600 text-white font-bold py-2 px-6 rounded-2xl transition-all duration-300 text-sm sm:text-base"[31m
          [36m>[31m
            [0mLogout[0m
          [36m</button>[31m
        [36m</div>[31m
        [36m<div[31m
          [33mclass[31m=[32m"flex gap-2 sm:gap-4 mb-8 flex-wrap"[31m
        [36m>[31m
          [36m<button[31m
            [33mclass[31m=[32m"px-4 sm:px-6 py-2 sm:py-3 rounded-2xl font-bold transition-all duration-300 text-sm sm:text-base bg-gradient-to-r from-purple-600 to-pink-500 text-white shadow-lg"[31m
          [36m>[31m
            [0mUsers[0m
          [36m</button>[31m
          [36m<button[31m
            [33mclass[31m=[32m"px-4 sm:px-6 py-2 sm:py-3 rounded-2xl font-bold transition-all duration-300 text-sm sm:text-base bg-slate-700 text-slate-300 hover:bg-slate-600"[31m
          [36m>[31m
            [0mTasks[0m
          [36m</button>[31m
        [36m</div>[31m
        [36m<div[31m
          [33mclass[31m=[32m"space-y-4"[31m
        [36m>[31m
          [36m<h2[31m
            [33mclass[31m=[32m"text-xl sm:text-2xl font-bold text-white mb-4"[31m
          [36m>[31m
            [0mAll Users ([0m
            [0m0[0m
            [0m)[0m
          [36m</h2>[31m
          [36m<div[31m
            [33mclass[31m=[32m"bg-slate-800 bg-opacity-60 backdrop-blur-xl p-6 sm:p-8 rounded-3xl border border-slate-700 border-opacity-50 text-center"[31m
          [36m>[31m
            [36m<p[31m
              [33mclass[31m=[32m"text-slate-400 text-sm sm:text-base"[31m
            [36m>[31m
              [0mNo users found[0m
            [36m</p>[31m
          [36m</div>[31m
        [36m</div>[31m
      [36m</div>[31m
    [36m</div>[31m
  [36m</div>[31m
[36m</body>[31m

Ignored nodes: comments, script, style
[36m<html>[31m
  [36m<head />[31m
  [36m<body>[31m
    [36m<div>[31m
      [36m<div[31m
        [33mclass[31m=[32m"min-h-screen bg-gradient-to-br from-slate-900 via-slate-800 to-slate-900 p-4 sm:p-8"[31m
      [36m>[31m
        [36m<div[31m
          [33mclass[31m=[32m"max-w-6xl mx-auto"[31m
        [36m>[31m
          [36m<div[31m
            [33mclass[31m=[32m"flex flex-col sm:flex-row justify-between items-start sm:items-center mb-8 gap-4"[31m
          [36m>[31m
            [36m<h1[31m
              [33mclass[31m=[32m"text-3xl sm:text-4xl font-extrabold bg-gradient-to-r from-purple-400 to-pink-300 bg-clip-text text-transparent"[31m
            [36m>[31m
              [0mAdmin Dashboard[0m
            [36m</h1>[31m
            [36m<button[31m
              [33mclass[31m=[32m"w-full sm:w-auto bg-red-500 hover:bg-red-600 text-white font-bold py-2 px-6 rounded-2xl transition-all duration-300 text-sm sm:text-base"[31m
            [36m>[31m
              [0mLogout[0m
            [36m</button>[31m
          [36m</div>[31m
          [36m<div[31m
            [33mclass[31m=[32m"flex gap-2 sm:gap-4 mb-8 flex-wrap"[31m
          [36m>[31m
            [36m<button[31m
              [33mclass[31m=[32m"px-4 sm:px-6 py-2 sm:py-3 rounded-2xl font-bold transition-all duration-300 text-sm sm:text-base bg-gradient-to-r from-purple-600 to-pink-500 text-white shadow-lg"[31m
            [36m>[31m
              [0mUsers[0m
            [36m</button>[31m
            [36m<button[31m
              [33mclass[31m=[32m"px-4 sm:px-6 py-2 sm:py-3 rounded-2xl font-bold transition-all duration-300 text-sm sm:text-base bg-slate-700 text-slate-300 hover:bg-slate-600"[31m
            [36m>[31m
              [0mTasks[0m
            [36m</button>[31m
          [36m</div>[31m
          [36m<div[31m
            [33mclass[31m=[32m"space-y-4"[31m
          [36m>[31m
            [36m<h2[31m
              [33mclass[31m=[32m"text-xl sm:text-2xl font-bold text-white mb-4"[31m
            [36m>[31m
              [0mAll Users ([0m
              [0m0[0m
              [0m)[0m
            [36m</h2>[31m
            [36m<div[31m
              [33mclass[31m=[32m"bg-slate-800 bg-opacity-60 backdrop-blur-xl p-6 sm:p-8 rounded-3xl border border-slate-700 border-opacity-50 text-center"[31m
            [36m>[31m
              [36m<p[31m
                [33mclass[31m=[32m"text-slate-400 text-sm sm:text-base"[31m
              [36m>[31m
                [0mNo users found[0m
              [36m</p>[31m
            [36m</div>[31m
          [36m</div>[31m
        [36m</div>[31m
      [36m</div>[31m
    [36m</div>[31m
  [36m</body>[31m
[36m</html>[31m[39m
[31m   [31m├ù[31m AdminDashboard Component[2m > [22mshould display responsive user card layout[33m 1010[2mms[22m[31m[39m
[31m     ΓåÆ expected 0 to be greater than 0

Ignored nodes: comments, script, style
[36m<html>[31m
  [36m<head />[31m
  [36m<body>[31m
    [36m<div>[31m
      [36m<div[31m
        [33mclass[31m=[32m"min-h-screen bg-gradient-to-br from-slate-900 via-slate-800 to-slate-900 p-4 sm:p-8"[31m
      [36m>[31m
        [36m<div[31m
          [33mclass[31m=[32m"max-w-6xl mx-auto"[31m
        [36m>[31m
          [36m<div[31m
            [33mclass[31m=[32m"flex flex-col sm:flex-row justify-between items-start sm:items-center mb-8 gap-4"[31m
          [36m>[31m
            [36m<h1[31m
              [33mclass[31m=[32m"text-3xl sm:text-4xl font-extrabold bg-gradient-to-r from-purple-400 to-pink-300 bg-clip-text text-transparent"[31m
            [36m>[31m
              [0mAdmin Dashboard[0m
            [36m</h1>[31m
            [36m<button[31m
              [33mclass[31m=[32m"w-full sm:w-auto bg-red-500 hover:bg-red-600 text-white font-bold py-2 px-6 rounded-2xl transition-all duration-300 text-sm sm:text-base"[31m
            [36m>[31m
              [0mLogout[0m
            [36m</button>[31m
          [36m</div>[31m
          [36m<div[31m
            [33mclass[31m=[32m"flex gap-2 sm:gap-4 mb-8 flex-wrap"[31m
          [36m>[31m
            [36m<button[31m
              [33mclass[31m=[32m"px-4 sm:px-6 py-2 sm:py-3 rounded-2xl font-bold transition-all duration-300 text-sm sm:text-base bg-gradient-to-r from-purple-600 to-pink-500 text-white shadow-lg"[31m
            [36m>[31m
              [0mUsers[0m
            [36m</button>[31m
            [36m<button[31m
              [33mclass[31m=[32m"px-4 sm:px-6 py-2 sm:py-3 rounded-2xl font-bold transition-all duration-300 text-sm sm:text-base bg-slate-700 text-slate-300 hover:bg-slate-600"[31m
            [36m>[31m
              [0mTasks[0m
            [36m</button>[31m
          [36m</div>[31m
          [36m<div[31m
            [33mclass[31m=[32m"space-y-4"[31m
          [36m>[31m
            [36m<h2[31m
              [33mclass[31m=[32m"text-xl sm:text-2xl font-bold text-white mb-4"[31m
            [36m>[31m
              [0mAll Users ([0m
              [0m0[0m
              [0m)[0m
            [36m</h2>[31m
            [36m<div[31m
              [33mclass[31m=[32m"bg-slate-800 bg-opacity-60 backdrop-blur-xl p-6 sm:p-8 rounded-3xl border border-slate-700 border-opacity-50 text-center"[31m
            [36m>[31m
              [36m<p[31m
                [33mclass[31m=[32m"text-slate-400 text-sm sm:text-base"[31m
              [36m>[31m
                [0mNo users found[0m
              [36m</p>[31m
            [36m</div>[31m
          [36m</div>[31m
        [36m</div>[31m
      [36m</div>[31m
    [36m</div>[31m
  [36m</body>[31m
[36m</html>[31m[39m
[31m   [31m├ù[31m AdminDashboard Component[2m > [22mshould display responsive task card layout[33m 1016[2mms[22m[31m[39m
[31m     ΓåÆ expected 0 to be greater than 0

Ignored nodes: comments, script, style
[36m<html>[31m
  [36m<head />[31m
  [36m<body>[31m
    [36m<div>[31m
      [36m<div[31m
        [33mclass[31m=[32m"min-h-screen bg-gradient-to-br from-slate-900 via-slate-800 to-slate-900 p-4 sm:p-8"[31m
      [36m>[31m
        [36m<div[31m
          [33mclass[31m=[32m"max-w-6xl mx-auto"[31m
        [36m>[31m
          [36m<div[31m
            [33mclass[31m=[32m"flex flex-col sm:flex-row justify-between items-start sm:items-center mb-8 gap-4"[31m
          [36m>[31m
            [36m<h1[31m
              [33mclass[31m=[32m"text-3xl sm:text-4xl font-extrabold bg-gradient-to-r from-purple-400 to-pink-300 bg-clip-text text-transparent"[31m
            [36m>[31m
              [0mAdmin Dashboard[0m
            [36m</h1>[31m
            [36m<button[31m
              [33mclass[31m=[32m"w-full sm:w-auto bg-red-500 hover:bg-red-600 text-white font-bold py-2 px-6 rounded-2xl transition-all duration-300 text-sm sm:text-base"[31m
            [36m>[31m
              [0mLogout[0m
            [36m</button>[31m
          [36m</div>[31m
          [36m<div[31m
            [33mclass[31m=[32m"flex gap-2 sm:gap-4 mb-8 flex-wrap"[31m
          [36m>[31m
            [36m<button[31m
              [33mclass[31m=[32m"px-4 sm:px-6 py-2 sm:py-3 rounded-2xl font-bold transition-all duration-300 text-sm sm:text-base bg-gradient-to-r from-purple-600 to-pink-500 text-white shadow-lg"[31m
            [36m>[31m
              [0mUsers[0m
            [36m</button>[31m
            [36m<button[31m
              [33mclass[31m=[32m"px-4 sm:px-6 py-2 sm:py-3 rounded-2xl font-bold transition-all duration-300 text-sm sm:text-base bg-slate-700 text-slate-300 hover:bg-slate-600"[31m
            [36m>[31m
              [0mTasks[0m
            [36m</button>[31m
          [36m</div>[31m
          [36m<div[31m
            [33mclass[31m=[32m"space-y-4"[31m
          [36m>[31m
            [36m<h2[31m
              [33mclass[31m=[32m"text-xl sm:text-2xl font-bold text-white mb-4"[31m
            [36m>[31m
              [0mAll Users ([0m
              [0m0[0m
              [0m)[0m
            [36m</h2>[31m
            [36m<div[31m
              [33mclass[31m=[32m"bg-slate-800 bg-opacity-60 backdrop-blur-xl p-6 sm:p-8 rounded-3xl border border-slate-700 border-opacity-50 text-center"[31m
            [36m>[31m
              [36m<p[31m
                [33mclass[31m=[32m"text-slate-400 text-sm sm:text-base"[31m
              [36m>[31m
                [0mNo users found[0m
              [36m</p>[31m
            [36m</div>[31m
          [36m</div>[31m
        [36m</div>[31m
      [36m</div>[31m
    [36m</div>[31m
  [36m</body>[31m
[36m</html>[31m[39m
[31m   [31m├ù[31m AdminDashboard Component[2m > [22mshould display user management interface[33m 1012[2mms[22m[31m[39m
[31m     ΓåÆ Unable to find an element with the text: /User One/i. This could be because the text is broken up by multiple elements. In this case, you can provide a function for your text matcher to make your matcher more flexible.

Ignored nodes: comments, script, style
[36m<body>[31m
  [36m<div>[31m
    [36m<div[31m
      [33mclass[31m=[32m"min-h-screen bg-gradient-to-br from-slate-900 via-slate-800 to-slate-900 p-4 sm:p-8"[31m
    [36m>[31m
      [36m<div[31m
        [33mclass[31m=[32m"max-w-6xl mx-auto"[31m
      [36m>[31m
        [36m<div[31m
          [33mclass[31m=[32m"flex flex-col sm:flex-row justify-between items-start sm:items-center mb-8 gap-4"[31m
        [36m>[31m
          [36m<h1[31m
            [33mclass[31m=[32m"text-3xl sm:text-4xl font-extrabold bg-gradient-to-r from-purple-400 to-pink-300 bg-clip-text text-transparent"[31m
          [36m>[31m
            [0mAdmin Dashboard[0m
          [36m</h1>[31m
          [36m<button[31m
            [33mclass[31m=[32m"w-full sm:w-auto bg-red-500 hover:bg-red-600 text-white font-bold py-2 px-6 rounded-2xl transition-all duration-300 text-sm sm:text-base"[31m
          [36m>[31m
            [0mLogout[0m
          [36m</button>[31m
        [36m</div>[31m
        [36m<div[31m
          [33mclass[31m=[32m"flex gap-2 sm:gap-4 mb-8 flex-wrap"[31m
        [36m>[31m
          [36m<button[31m
            [33mclass[31m=[32m"px-4 sm:px-6 py-2 sm:py-3 rounded-2xl font-bold transition-all duration-300 text-sm sm:text-base bg-gradient-to-r from-purple-600 to-pink-500 text-white shadow-lg"[31m
          [36m>[31m
            [0mUsers[0m
          [36m</button>[31m
          [36m<button[31m
            [33mclass[31m=[32m"px-4 sm:px-6 py-2 sm:py-3 rounded-2xl font-bold transition-all duration-300 text-sm sm:text-base bg-slate-700 text-slate-300 hover:bg-slate-600"[31m
          [36m>[31m
            [0mTasks[0m
          [36m</button>[31m
        [36m</div>[31m
        [36m<div[31m
          [33mclass[31m=[32m"space-y-4"[31m
        [36m>[31m
          [36m<h2[31m
            [33mclass[31m=[32m"text-xl sm:text-2xl font-bold text-white mb-4"[31m
          [36m>[31m
            [0mAll Users ([0m
            [0m0[0m
            [0m)[0m
          [36m</h2>[31m
          [36m<div[31m
            [33mclass[31m=[32m"bg-slate-800 bg-opacity-60 backdrop-blur-xl p-6 sm:p-8 rounded-3xl border border-slate-700 border-opacity-50 text-center"[31m
          [36m>[31m
            [36m<p[31m
              [33mclass[31m=[32m"text-slate-400 text-sm sm:text-base"[31m
            [36m>[31m
              [0mNo users found[0m
            [36m</p>[31m
          [36m</div>[31m
        [36m</div>[31m
      [36m</div>[31m
    [36m</div>[31m
  [36m</div>[31m
[36m</body>[31m

Ignored nodes: comments, script, style
[36m<html>[31m
  [36m<head />[31m
  [36m<body>[31m
    [36m<div>[31m
      [36m<div[31m
        [33mclass[31m=[32m"min-h-screen bg-gradient-to-br from-slate-900 via-slate-800 to-slate-900 p-4 sm:p-8"[31m
      [36m>[31m
        [36m<div[31m
          [33mclass[31m=[32m"max-w-6xl mx-auto"[31m
        [36m>[31m
          [36m<div[31m
            [33mclass[31m=[32m"flex flex-col sm:flex-row justify-between items-start sm:items-center mb-8 gap-4"[31m
          [36m>[31m
            [36m<h1[31m
              [33mclass[31m=[32m"text-3xl sm:text-4xl font-extrabold bg-gradient-to-r from-purple-400 to-pink-300 bg-clip-text text-transparent"[31m
            [36m>[31m
              [0mAdmin Dashboard[0m
            [36m</h1>[31m
            [36m<button[31m
              [33mclass[31m=[32m"w-full sm:w-auto bg-red-500 hover:bg-red-600 text-white font-bold py-2 px-6 rounded-2xl transition-all duration-300 text-sm sm:text-base"[31m
            [36m>[31m
              [0mLogout[0m
            [36m</button>[31m
          [36m</div>[31m
          [36m<div[31m
            [33mclass[31m=[32m"flex gap-2 sm:gap-4 mb-8 flex-wrap"[31m
          [36m>[31m
            [36m<button[31m
              [33mclass[31m=[32m"px-4 sm:px-6 py-2 sm:py-3 rounded-2xl font-bold transition-all duration-300 text-sm sm:text-base bg-gradient-to-r from-purple-600 to-pink-500 text-white shadow-lg"[31m
            [36m>[31m
              [0mUsers[0m
            [36m</button>[31m
            [36m<button[31m
              [33mclass[31m=[32m"px-4 sm:px-6 py-2 sm:py-3 rounded-2xl font-bold transition-all duration-300 text-sm sm:text-base bg-slate-700 text-slate-300 hover:bg-slate-600"[31m
            [36m>[31m
              [0mTasks[0m
            [36m</button>[31m
          [36m</div>[31m
          [36m<div[31m
            [33mclass[31m=[32m"space-y-4"[31m
          [36m>[31m
            [36m<h2[31m
              [33mclass[31m=[32m"text-xl sm:text-2xl font-bold text-white mb-4"[31m
            [36m>[31m
              [0mAll Users ([0m
              [0m0[0m
              [0m)[0m
            [36m</h2>[31m
            [36m<div[31m
              [33mclass[31m=[32m"bg-slate-800 bg-opacity-60 backdrop-blur-xl p-6 sm:p-8 rounded-3xl border border-slate-700 border-opacity-50 text-center"[31m
            [36m>[31m
              [36m<p[31m
                [33mclass[31m=[32m"text-slate-400 text-sm sm:text-base"[31m
              [36m>[31m
                [0mNo users found[0m
              [36m</p>[31m
            [36m</div>[31m
          [36m</div>[31m
        [36m</div>[31m
      [36m</div>[31m
    [36m</div>[31m
  [36m</body>[31m
[36m</html>[31m[39m
[31m   [31m├ù[31m AdminDashboard Component[2m > [22mshould display task management interface[33m 1010[2mms[22m[31m[39m
[31m     ΓåÆ Unable to find an element with the text: /Admin Task/i. This could be because the text is broken up by multiple elements. In this case, you can provide a function for your text matcher to make your matcher more flexible.

Ignored nodes: comments, script, style
[36m<body>[31m
  [36m<div>[31m
    [36m<div[31m
      [33mclass[31m=[32m"min-h-screen bg-gradient-to-br from-slate-900 via-slate-800 to-slate-900 p-4 sm:p-8"[31m
    [36m>[31m
      [36m<div[31m
        [33mclass[31m=[32m"max-w-6xl mx-auto"[31m
      [36m>[31m
        [36m<div[31m
          [33mclass[31m=[32m"flex flex-col sm:flex-row justify-between items-start sm:items-center mb-8 gap-4"[31m
        [36m>[31m
          [36m<h1[31m
            [33mclass[31m=[32m"text-3xl sm:text-4xl font-extrabold bg-gradient-to-r from-purple-400 to-pink-300 bg-clip-text text-transparent"[31m
          [36m>[31m
            [0mAdmin Dashboard[0m
          [36m</h1>[31m
          [36m<button[31m
            [33mclass[31m=[32m"w-full sm:w-auto bg-red-500 hover:bg-red-600 text-white font-bold py-2 px-6 rounded-2xl transition-all duration-300 text-sm sm:text-base"[31m
          [36m>[31m
            [0mLogout[0m
          [36m</button>[31m
        [36m</div>[31m
        [36m<div[31m
          [33mclass[31m=[32m"flex gap-2 sm:gap-4 mb-8 flex-wrap"[31m
        [36m>[31m
          [36m<button[31m
            [33mclass[31m=[32m"px-4 sm:px-6 py-2 sm:py-3 rounded-2xl font-bold transition-all duration-300 text-sm sm:text-base bg-gradient-to-r from-purple-600 to-pink-500 text-white shadow-lg"[31m
          [36m>[31m
            [0mUsers[0m
          [36m</button>[31m
          [36m<button[31m
            [33mclass[31m=[32m"px-4 sm:px-6 py-2 sm:py-3 rounded-2xl font-bold transition-all duration-300 text-sm sm:text-base bg-slate-700 text-slate-300 hover:bg-slate-600"[31m
          [36m>[31m
            [0mTasks[0m
          [36m</button>[31m
        [36m</div>[31m
        [36m<div[31m
          [33mclass[31m=[32m"space-y-4"[31m
        [36m>[31m
          [36m<h2[31m
            [33mclass[31m=[32m"text-xl sm:text-2xl font-bold text-white mb-4"[31m
          [36m>[31m
            [0mAll Users ([0m
            [0m0[0m
            [0m)[0m
          [36m</h2>[31m
          [36m<div[31m
            [33mclass[31m=[32m"bg-slate-800 bg-opacity-60 backdrop-blur-xl p-6 sm:p-8 rounded-3xl border border-slate-700 border-opacity-50 text-center"[31m
          [36m>[31m
            [36m<p[31m
              [33mclass[31m=[32m"text-slate-400 text-sm sm:text-base"[31m
            [36m>[31m
              [0mNo users found[0m
            [36m</p>[31m
          [36m</div>[31m
        [36m</div>[31m
      [36m</div>[31m
    [36m</div>[31m
  [36m</div>[31m
[36m</body>[31m

Ignored nodes: comments, script, style
[36m<html>[31m
  [36m<head />[31m
  [36m<body>[31m
    [36m<div>[31m
      [36m<div[31m
        [33mclass[31m=[32m"min-h-screen bg-gradient-to-br from-slate-900 via-slate-800 to-slate-900 p-4 sm:p-8"[31m
      [36m>[31m
        [36m<div[31m
          [33mclass[31m=[32m"max-w-6xl mx-auto"[31m
        [36m>[31m
          [36m<div[31m
            [33mclass[31m=[32m"flex flex-col sm:flex-row justify-between items-start sm:items-center mb-8 gap-4"[31m
          [36m>[31m
            [36m<h1[31m
              [33mclass[31m=[32m"text-3xl sm:text-4xl font-extrabold bg-gradient-to-r from-purple-400 to-pink-300 bg-clip-text text-transparent"[31m
            [36m>[31m
              [0mAdmin Dashboard[0m
            [36m</h1>[31m
            [36m<button[31m
              [33mclass[31m=[32m"w-full sm:w-auto bg-red-500 hover:bg-red-600 text-white font-bold py-2 px-6 rounded-2xl transition-all duration-300 text-sm sm:text-base"[31m
            [36m>[31m
              [0mLogout[0m
            [36m</button>[31m
          [36m</div>[31m
          [36m<div[31m
            [33mclass[31m=[32m"flex gap-2 sm:gap-4 mb-8 flex-wrap"[31m
          [36m>[31m
            [36m<button[31m
              [33mclass[31m=[32m"px-4 sm:px-6 py-2 sm:py-3 rounded-2xl font-bold transition-all duration-300 text-sm sm:text-base bg-gradient-to-r from-purple-600 to-pink-500 text-white shadow-lg"[31m
            [36m>[31m
              [0mUsers[0m
            [36m</button>[31m
            [36m<button[31m
              [33mclass[31m=[32m"px-4 sm:px-6 py-2 sm:py-3 rounded-2xl font-bold transition-all duration-300 text-sm sm:text-base bg-slate-700 text-slate-300 hover:bg-slate-600"[31m
            [36m>[31m
              [0mTasks[0m
            [36m</button>[31m
          [36m</div>[31m
          [36m<div[31m
            [33mclass[31m=[32m"space-y-4"[31m
          [36m>[31m
            [36m<h2[31m
              [33mclass[31m=[32m"text-xl sm:text-2xl font-bold text-white mb-4"[31m
            [36m>[31m
              [0mAll Users ([0m
              [0m0[0m
              [0m)[0m
            [36m</h2>[31m
            [36m<div[31m
              [33mclass[31m=[32m"bg-slate-800 bg-opacity-60 backdrop-blur-xl p-6 sm:p-8 rounded-3xl border border-slate-700 border-opacity-50 text-center"[31m
            [36m>[31m
              [36m<p[31m
                [33mclass[31m=[32m"text-slate-400 text-sm sm:text-base"[31m
              [36m>[31m
                [0mNo users found[0m
              [36m</p>[31m
            [36m</div>[31m
          [36m</div>[31m
        [36m</div>[31m
      [36m</div>[31m
    [36m</div>[31m
  [36m</body>[31m
[36m</html>[31m[39m
[31m   [31m├ù[31m AdminDashboard Component[2m > [22mshould handle empty user list[33m 1006[2mms[22m[31m[39m
[31m     ΓåÆ expected "spy" to be called with arguments: [ '/admin/users' ][90m

Received: 

[31m[90m

Number of calls: [1m0[22m
[31m

Ignored nodes: comments, script, style
[36m<html>[31m
  [36m<head />[31m
  [36m<body>[31m
    [36m<div>[31m
      [36m<div[31m
        [33mclass[31m=[32m"min-h-screen bg-gradient-to-br from-slate-900 via-slate-800 to-slate-900 p-4 sm:p-8"[31m
      [36m>[31m
        [36m<div[31m
          [33mclass[31m=[32m"max-w-6xl mx-auto"[31m
        [36m>[31m
          [36m<div[31m
            [33mclass[31m=[32m"flex flex-col sm:flex-row justify-between items-start sm:items-center mb-8 gap-4"[31m
          [36m>[31m
            [36m<h1[31m
              [33mclass[31m=[32m"text-3xl sm:text-4xl font-extrabold bg-gradient-to-r from-purple-400 to-pink-300 bg-clip-text text-transparent"[31m
            [36m>[31m
              [0mAdmin Dashboard[0m
            [36m</h1>[31m
            [36m<button[31m
              [33mclass[31m=[32m"w-full sm:w-auto bg-red-500 hover:bg-red-600 text-white font-bold py-2 px-6 rounded-2xl transition-all duration-300 text-sm sm:text-base"[31m
            [36m>[31m
              [0mLogout[0m
            [36m</button>[31m
          [36m</div>[31m
          [36m<div[31m
            [33mclass[31m=[32m"flex gap-2 sm:gap-4 mb-8 flex-wrap"[31m
          [36m>[31m
            [36m<button[31m
              [33mclass[31m=[32m"px-4 sm:px-6 py-2 sm:py-3 rounded-2xl font-bold transition-all duration-300 text-sm sm:text-base bg-gradient-to-r from-purple-600 to-pink-500 text-white shadow-lg"[31m
            [36m>[31m
              [0mUsers[0m
            [36m</button>[31m
            [36m<button[31m
              [33mclass[31m=[32m"px-4 sm:px-6 py-2 sm:py-3 rounded-2xl font-bold transition-all duration-300 text-sm sm:text-base bg-slate-700 text-slate-300 hover:bg-slate-600"[31m
            [36m>[31m
              [0mTasks[0m
            [36m</button>[31m
          [36m</div>[31m
          [36m<div[31m
            [33mclass[31m=[32m"space-y-4"[31m
          [36m>[31m
            [36m<h2[31m
              [33mclass[31m=[32m"text-xl sm:text-2xl font-bold text-white mb-4"[31m
            [36m>[31m
              [0mAll Users ([0m
              [0m0[0m
              [0m)[0m
            [36m</h2>[31m
            [36m<div[31m
              [33mclass[31m=[32m"bg-slate-800 bg-opacity-60 backdrop-blur-xl p-6 sm:p-8 rounded-3xl border border-slate-700 border-opacity-50 text-center"[31m
            [36m>[31m
              [36m<p[31m
                [33mclass[31m=[32m"text-slate-400 text-sm sm:text-base"[31m
              [36m>[31m
                [0mNo users found[0m
              [36m</p>[31m
            [36m</div>[31m
          [36m</div>[31m
        [36m</div>[31m
      [36m</div>[31m
    [36m</div>[31m
  [36m</body>[31m
[36m</html>[31m[39m
[31m   [31m├ù[31m AdminDashboard Component[2m > [22mshould handle empty task list[33m 1011[2mms[22m[31m[39m
[31m     ΓåÆ expected "spy" to be called with arguments: [ '/admin/tasks' ][90m

Received: 

[31m[90m

Number of calls: [1m0[22m
[31m

Ignored nodes: comments, script, style
[36m<html>[31m
  [36m<head />[31m
  [36m<body>[31m
    [36m<div>[31m
      [36m<div[31m
        [33mclass[31m=[32m"min-h-screen bg-gradient-to-br from-slate-900 via-slate-800 to-slate-900 p-4 sm:p-8"[31m
      [36m>[31m
        [36m<div[31m
          [33mclass[31m=[32m"max-w-6xl mx-auto"[31m
        [36m>[31m
          [36m<div[31m
            [33mclass[31m=[32m"flex flex-col sm:flex-row justify-between items-start sm:items-center mb-8 gap-4"[31m
          [36m>[31m
            [36m<h1[31m
              [33mclass[31m=[32m"text-3xl sm:text-4xl font-extrabold bg-gradient-to-r from-purple-400 to-pink-300 bg-clip-text text-transparent"[31m
            [36m>[31m
              [0mAdmin Dashboard[0m
            [36m</h1>[31m
            [36m<button[31m
              [33mclass[31m=[32m"w-full sm:w-auto bg-red-500 hover:bg-red-600 text-white font-bold py-2 px-6 rounded-2xl transition-all duration-300 text-sm sm:text-base"[31m
            [36m>[31m
              [0mLogout[0m
            [36m</button>[31m
          [36m</div>[31m
          [36m<div[31m
            [33mclass[31m=[32m"flex gap-2 sm:gap-4 mb-8 flex-wrap"[31m
          [36m>[31m
            [36m<button[31m
              [33mclass[31m=[32m"px-4 sm:px-6 py-2 sm:py-3 rounded-2xl font-bold transition-all duration-300 text-sm sm:text-base bg-gradient-to-r from-purple-600 to-pink-500 text-white shadow-lg"[31m
            [36m>[31m
              [0mUsers[0m
            [36m</button>[31m
            [36m<button[31m
              [33mclass[31m=[32m"px-4 sm:px-6 py-2 sm:py-3 rounded-2xl font-bold transition-all duration-300 text-sm sm:text-base bg-slate-700 text-slate-300 hover:bg-slate-600"[31m
            [36m>[31m
              [0mTasks[0m
            [36m</button>[31m
          [36m</div>[31m
          [36m<div[31m
            [33mclass[31m=[32m"space-y-4"[31m
          [36m>[31m
            [36m<h2[31m
              [33mclass[31m=[32m"text-xl sm:text-2xl font-bold text-white mb-4"[31m
            [36m>[31m
              [0mAll Users ([0m
              [0m0[0m
              [0m)[0m
            [36m</h2>[31m
            [36m<div[31m
              [33mclass[31m=[32m"bg-slate-800 bg-opacity-60 backdrop-blur-xl p-6 sm:p-8 rounded-3xl border border-slate-700 border-opacity-50 text-center"[31m
            [36m>[31m
              [36m<p[31m
                [33mclass[31m=[32m"text-slate-400 text-sm sm:text-base"[31m
              [36m>[31m
                [0mNo users found[0m
              [36m</p>[31m
            [36m</div>[31m
          [36m</div>[31m
        [36m</div>[31m
      [36m</div>[31m
    [36m</div>[31m
  [36m</body>[31m
[36m</html>[31m[39m
[31m   [31m├ù[31m AdminDashboard Component[2m > [22mshould handle API errors gracefully[33m 1008[2mms[22m[31m[39m
[31m     ΓåÆ expected "spy" to be called at least once

Ignored nodes: comments, script, style
[36m<html>[31m
  [36m<head />[31m
  [36m<body>[31m
    [36m<div>[31m
      [36m<div[31m
        [33mclass[31m=[32m"min-h-screen bg-gradient-to-br from-slate-900 via-slate-800 to-slate-900 p-4 sm:p-8"[31m
      [36m>[31m
        [36m<div[31m
          [33mclass[31m=[32m"max-w-6xl mx-auto"[31m
        [36m>[31m
          [36m<div[31m
            [33mclass[31m=[32m"flex flex-col sm:flex-row justify-between items-start sm:items-center mb-8 gap-4"[31m
          [36m>[31m
            [36m<h1[31m
              [33mclass[31m=[32m"text-3xl sm:text-4xl font-extrabold bg-gradient-to-r from-purple-400 to-pink-300 bg-clip-text text-transparent"[31m
            [36m>[31m
              [0mAdmin Dashboard[0m
            [36m</h1>[31m
            [36m<button[31m
              [33mclass[31m=[32m"w-full sm:w-auto bg-red-500 hover:bg-red-600 text-white font-bold py-2 px-6 rounded-2xl transition-all duration-300 text-sm sm:text-base"[31m
            [36m>[31m
              [0mLogout[0m
            [36m</button>[31m
          [36m</div>[31m
          [36m<div[31m
            [33mclass[31m=[32m"flex gap-2 sm:gap-4 mb-8 flex-wrap"[31m
          [36m>[31m
            [36m<button[31m
              [33mclass[31m=[32m"px-4 sm:px-6 py-2 sm:py-3 rounded-2xl font-bold transition-all duration-300 text-sm sm:text-base bg-gradient-to-r from-purple-600 to-pink-500 text-white shadow-lg"[31m
            [36m>[31m
              [0mUsers[0m
            [36m</button>[31m
            [36m<button[31m
              [33mclass[31m=[32m"px-4 sm:px-6 py-2 sm:py-3 rounded-2xl font-bold transition-all duration-300 text-sm sm:text-base bg-slate-700 text-slate-300 hover:bg-slate-600"[31m
            [36m>[31m
              [0mTasks[0m
            [36m</button>[31m
          [36m</div>[31m
          [36m<div[31m
            [33mclass[31m=[32m"space-y-4"[31m
          [36m>[31m
            [36m<h2[31m
              [33mclass[31m=[32m"text-xl sm:text-2xl font-bold text-white mb-4"[31m
            [36m>[31m
              [0mAll Users ([0m
              [0m0[0m
              [0m)[0m
            [36m</h2>[31m
            [36m<div[31m
              [33mclass[31m=[32m"bg-slate-800 bg-opacity-60 backdrop-blur-xl p-6 sm:p-8 rounded-3xl border border-slate-700 border-opacity-50 text-center"[31m
            [36m>[31m
              [36m<p[31m
                [33mclass[31m=[32m"text-slate-400 text-sm sm:text-base"[31m
              [36m>[31m
                [0mNo users found[0m
              [36m</p>[31m
            [36m</div>[31m
          [36m</div>[31m
        [36m</div>[31m
      [36m</div>[31m
    [36m</div>[31m
  [36m</body>[31m
[36m</html>[31m[39m
[31m   [31m├ù[31m AdminDashboard Component[2m > [22mshould show password field in user edit interface[33m 1004[2mms[22m[31m[39m
[31m     ΓåÆ Unable to find an element with the text: /User One/i. This could be because the text is broken up by multiple elements. In this case, you can provide a function for your text matcher to make your matcher more flexible.

Ignored nodes: comments, script, style
[36m<body>[31m
  [36m<div>[31m
    [36m<div[31m
      [33mclass[31m=[32m"min-h-screen bg-gradient-to-br from-slate-900 via-slate-800 to-slate-900 p-4 sm:p-8"[31m
    [36m>[31m
      [36m<div[31m
        [33mclass[31m=[32m"max-w-6xl mx-auto"[31m
      [36m>[31m
        [36m<div[31m
          [33mclass[31m=[32m"flex flex-col sm:flex-row justify-between items-start sm:items-center mb-8 gap-4"[31m
        [36m>[31m
          [36m<h1[31m
            [33mclass[31m=[32m"text-3xl sm:text-4xl font-extrabold bg-gradient-to-r from-purple-400 to-pink-300 bg-clip-text text-transparent"[31m
          [36m>[31m
            [0mAdmin Dashboard[0m
          [36m</h1>[31m
          [36m<button[31m
            [33mclass[31m=[32m"w-full sm:w-auto bg-red-500 hover:bg-red-600 text-white font-bold py-2 px-6 rounded-2xl transition-all duration-300 text-sm sm:text-base"[31m
          [36m>[31m
            [0mLogout[0m
          [36m</button>[31m
        [36m</div>[31m
        [36m<div[31m
          [33mclass[31m=[32m"flex gap-2 sm:gap-4 mb-8 flex-wrap"[31m
        [36m>[31m
          [36m<button[31m
            [33mclass[31m=[32m"px-4 sm:px-6 py-2 sm:py-3 rounded-2xl font-bold transition-all duration-300 text-sm sm:text-base bg-gradient-to-r from-purple-600 to-pink-500 text-white shadow-lg"[31m
          [36m>[31m
            [0mUsers[0m
          [36m</button>[31m
          [36m<button[31m
            [33mclass[31m=[32m"px-4 sm:px-6 py-2 sm:py-3 rounded-2xl font-bold transition-all duration-300 text-sm sm:text-base bg-slate-700 text-slate-300 hover:bg-slate-600"[31m
          [36m>[31m
            [0mTasks[0m
          [36m</button>[31m
        [36m</div>[31m
        [36m<div[31m
          [33mclass[31m=[32m"space-y-4"[31m
        [36m>[31m
          [36m<h2[31m
            [33mclass[31m=[32m"text-xl sm:text-2xl font-bold text-white mb-4"[31m
          [36m>[31m
            [0mAll Users ([0m
            [0m0[0m
            [0m)[0m
          [36m</h2>[31m
          [36m<div[31m
            [33mclass[31m=[32m"bg-slate-800 bg-opacity-60 backdrop-blur-xl p-6 sm:p-8 rounded-3xl border border-slate-700 border-opacity-50 text-center"[31m
          [36m>[31m
            [36m<p[31m
              [33mclass[31m=[32m"text-slate-400 text-sm sm:text-base"[31m
            [36m>[31m
              [0mNo users found[0m
            [36m</p>[31m
          [36m</div>[31m
        [36m</div>[31m
      [36m</div>[31m
    [36m</div>[31m
  [36m</div>[31m
[36m</body>[31m

Ignored nodes: comments, script, style
[36m<html>[31m
  [36m<head />[31m
  [36m<body>[31m
    [36m<div>[31m
      [36m<div[31m
        [33mclass[31m=[32m"min-h-screen bg-gradient-to-br from-slate-900 via-slate-800 to-slate-900 p-4 sm:p-8"[31m
      [36m>[31m
        [36m<div[31m
          [33mclass[31m=[32m"max-w-6xl mx-auto"[31m
        [36m>[31m
          [36m<div[31m
            [33mclass[31m=[32m"flex flex-col sm:flex-row justify-between items-start sm:items-center mb-8 gap-4"[31m
          [36m>[31m
            [36m<h1[31m
              [33mclass[31m=[32m"text-3xl sm:text-4xl font-extrabold bg-gradient-to-r from-purple-400 to-pink-300 bg-clip-text text-transparent"[31m
            [36m>[31m
              [0mAdmin Dashboard[0m
            [36m</h1>[31m
            [36m<button[31m
              [33mclass[31m=[32m"w-full sm:w-auto bg-red-500 hover:bg-red-600 text-white font-bold py-2 px-6 rounded-2xl transition-all duration-300 text-sm sm:text-base"[31m
            [36m>[31m
              [0mLogout[0m
            [36m</button>[31m
          [36m</div>[31m
          [36m<div[31m
            [33mclass[31m=[32m"flex gap-2 sm:gap-4 mb-8 flex-wrap"[31m
          [36m>[31m
            [36m<button[31m
              [33mclass[31m=[32m"px-4 sm:px-6 py-2 sm:py-3 rounded-2xl font-bold transition-all duration-300 text-sm sm:text-base bg-gradient-to-r from-purple-600 to-pink-500 text-white shadow-lg"[31m
            [36m>[31m
              [0mUsers[0m
            [36m</button>[31m
            [36m<button[31m
              [33mclass[31m=[32m"px-4 sm:px-6 py-2 sm:py-3 rounded-2xl font-bold transition-all duration-300 text-sm sm:text-base bg-slate-700 text-slate-300 hover:bg-slate-600"[31m
            [36m>[31m
              [0mTasks[0m
            [36m</button>[31m
          [36m</div>[31m
          [36m<div[31m
            [33mclass[31m=[32m"space-y-4"[31m
          [36m>[31m
            [36m<h2[31m
              [33mclass[31m=[32m"text-xl sm:text-2xl font-bold text-white mb-4"[31m
            [36m>[31m
              [0mAll Users ([0m
              [0m0[0m
              [0m)[0m
            [36m</h2>[31m
            [36m<div[31m
              [33mclass[31m=[32m"bg-slate-800 bg-opacity-60 backdrop-blur-xl p-6 sm:p-8 rounded-3xl border border-slate-700 border-opacity-50 text-center"[31m
            [36m>[31m
              [36m<p[31m
                [33mclass[31m=[32m"text-slate-400 text-sm sm:text-base"[31m
              [36m>[31m
                [0mNo users found[0m
              [36m</p>[31m
            [36m</div>[31m
          [36m</div>[31m
        [36m</div>[31m
      [36m</div>[31m
    [36m</div>[31m
  [36m</body>[31m
[36m</html>[31m[39m
[31m   [31m├ù[31m AdminDashboard Component[2m > [22mshould display user email field[33m 1011[2mms[22m[31m[39m
[31m     ΓåÆ Unable to find an element with the text: /user1@example.com/i. This could be because the text is broken up by multiple elements. In this case, you can provide a function for your text matcher to make your matcher more flexible.

Ignored nodes: comments, script, style
[36m<body>[31m
  [36m<div>[31m
    [36m<div[31m
      [33mclass[31m=[32m"min-h-screen bg-gradient-to-br from-slate-900 via-slate-800 to-slate-900 p-4 sm:p-8"[31m
    [36m>[31m
      [36m<div[31m
        [33mclass[31m=[32m"max-w-6xl mx-auto"[31m
      [36m>[31m
        [36m<div[31m
          [33mclass[31m=[32m"flex flex-col sm:flex-row justify-between items-start sm:items-center mb-8 gap-4"[31m
        [36m>[31m
          [36m<h1[31m
            [33mclass[31m=[32m"text-3xl sm:text-4xl font-extrabold bg-gradient-to-r from-purple-400 to-pink-300 bg-clip-text text-transparent"[31m
          [36m>[31m
            [0mAdmin Dashboard[0m
          [36m</h1>[31m
          [36m<button[31m
            [33mclass[31m=[32m"w-full sm:w-auto bg-red-500 hover:bg-red-600 text-white font-bold py-2 px-6 rounded-2xl transition-all duration-300 text-sm sm:text-base"[31m
          [36m>[31m
            [0mLogout[0m
          [36m</button>[31m
        [36m</div>[31m
        [36m<div[31m
          [33mclass[31m=[32m"flex gap-2 sm:gap-4 mb-8 flex-wrap"[31m
        [36m>[31m
          [36m<button[31m
            [33mclass[31m=[32m"px-4 sm:px-6 py-2 sm:py-3 rounded-2xl font-bold transition-all duration-300 text-sm sm:text-base bg-gradient-to-r from-purple-600 to-pink-500 text-white shadow-lg"[31m
          [36m>[31m
            [0mUsers[0m
          [36m</button>[31m
          [36m<button[31m
            [33mclass[31m=[32m"px-4 sm:px-6 py-2 sm:py-3 rounded-2xl font-bold transition-all duration-300 text-sm sm:text-base bg-slate-700 text-slate-300 hover:bg-slate-600"[31m
          [36m>[31m
            [0mTasks[0m
          [36m</button>[31m
        [36m</div>[31m
        [36m<div[31m
          [33mclass[31m=[32m"space-y-4"[31m
        [36m>[31m
          [36m<h2[31m
            [33mclass[31m=[32m"text-xl sm:text-2xl font-bold text-white mb-4"[31m
          [36m>[31m
            [0mAll Users ([0m
            [0m0[0m
            [0m)[0m
          [36m</h2>[31m
          [36m<div[31m
            [33mclass[31m=[32m"bg-slate-800 bg-opacity-60 backdrop-blur-xl p-6 sm:p-8 rounded-3xl border border-slate-700 border-opacity-50 text-center"[31m
          [36m>[31m
            [36m<p[31m
              [33mclass[31m=[32m"text-slate-400 text-sm sm:text-base"[31m
            [36m>[31m
              [0mNo users found[0m
            [36m</p>[31m
          [36m</div>[31m
        [36m</div>[31m
      [36m</div>[31m
    [36m</div>[31m
  [36m</div>[31m
[36m</body>[31m

Ignored nodes: comments, script, style
[36m<html>[31m
  [36m<head />[31m
  [36m<body>[31m
    [36m<div>[31m
      [36m<div[31m
        [33mclass[31m=[32m"min-h-screen bg-gradient-to-br from-slate-900 via-slate-800 to-slate-900 p-4 sm:p-8"[31m
      [36m>[31m
        [36m<div[31m
          [33mclass[31m=[32m"max-w-6xl mx-auto"[31m
        [36m>[31m
          [36m<div[31m
            [33mclass[31m=[32m"flex flex-col sm:flex-row justify-between items-start sm:items-center mb-8 gap-4"[31m
          [36m>[31m
            [36m<h1[31m
              [33mclass[31m=[32m"text-3xl sm:text-4xl font-extrabold bg-gradient-to-r from-purple-400 to-pink-300 bg-clip-text text-transparent"[31m
            [36m>[31m
              [0mAdmin Dashboard[0m
            [36m</h1>[31m
            [36m<button[31m
              [33mclass[31m=[32m"w-full sm:w-auto bg-red-500 hover:bg-red-600 text-white font-bold py-2 px-6 rounded-2xl transition-all duration-300 text-sm sm:text-base"[31m
            [36m>[31m
              [0mLogout[0m
            [36m</button>[31m
          [36m</div>[31m
          [36m<div[31m
            [33mclass[31m=[32m"flex gap-2 sm:gap-4 mb-8 flex-wrap"[31m
          [36m>[31m
            [36m<button[31m
              [33mclass[31m=[32m"px-4 sm:px-6 py-2 sm:py-3 rounded-2xl font-bold transition-all duration-300 text-sm sm:text-base bg-gradient-to-r from-purple-600 to-pink-500 text-white shadow-lg"[31m
            [36m>[31m
              [0mUsers[0m
            [36m</button>[31m
            [36m<button[31m
              [33mclass[31m=[32m"px-4 sm:px-6 py-2 sm:py-3 rounded-2xl font-bold transition-all duration-300 text-sm sm:text-base bg-slate-700 text-slate-300 hover:bg-slate-600"[31m
            [36m>[31m
              [0mTasks[0m
            [36m</button>[31m
          [36m</div>[31m
          [36m<div[31m
            [33mclass[31m=[32m"space-y-4"[31m
          [36m>[31m
            [36m<h2[31m
              [33mclass[31m=[32m"text-xl sm:text-2xl font-bold text-white mb-4"[31m
            [36m>[31m
              [0mAll Users ([0m
              [0m0[0m
              [0m)[0m
            [36m</h2>[31m
            [36m<div[31m
              [33mclass[31m=[32m"bg-slate-800 bg-opacity-60 backdrop-blur-xl p-6 sm:p-8 rounded-3xl border border-slate-700 border-opacity-50 text-center"[31m
            [36m>[31m
              [36m<p[31m
                [33mclass[31m=[32m"text-slate-400 text-sm sm:text-base"[31m
              [36m>[31m
                [0mNo users found[0m
              [36m</p>[31m
            [36m</div>[31m
          [36m</div>[31m
        [36m</div>[31m
      [36m</div>[31m
    [36m</div>[31m
  [36m</body>[31m
[36m</html>[31m[39m
[31m   [31m├ù[31m AdminDashboard Component[2m > [22mshould have grid layout for task cards[33m 1006[2mms[22m[31m[39m
[31m     ΓåÆ expected null to be truthy

Ignored nodes: comments, script, style
[36m<html>[31m
  [36m<head />[31m
  [36m<body>[31m
    [36m<div>[31m
      [36m<div[31m
        [33mclass[31m=[32m"min-h-screen bg-gradient-to-br from-slate-900 via-slate-800 to-slate-900 p-4 sm:p-8"[31m
      [36m>[31m
        [36m<div[31m
          [33mclass[31m=[32m"max-w-6xl mx-auto"[31m
        [36m>[31m
          [36m<div[31m
            [33mclass[31m=[32m"flex flex-col sm:flex-row justify-between items-start sm:items-center mb-8 gap-4"[31m
          [36m>[31m
            [36m<h1[31m
              [33mclass[31m=[32m"text-3xl sm:text-4xl font-extrabold bg-gradient-to-r from-purple-400 to-pink-300 bg-clip-text text-transparent"[31m
            [36m>[31m
              [0mAdmin Dashboard[0m
            [36m</h1>[31m
            [36m<button[31m
              [33mclass[31m=[32m"w-full sm:w-auto bg-red-500 hover:bg-red-600 text-white font-bold py-2 px-6 rounded-2xl transition-all duration-300 text-sm sm:text-base"[31m
            [36m>[31m
              [0mLogout[0m
            [36m</button>[31m
          [36m</div>[31m
          [36m<div[31m
            [33mclass[31m=[32m"flex gap-2 sm:gap-4 mb-8 flex-wrap"[31m
          [36m>[31m
            [36m<button[31m
              [33mclass[31m=[32m"px-4 sm:px-6 py-2 sm:py-3 rounded-2xl font-bold transition-all duration-300 text-sm sm:text-base bg-gradient-to-r from-purple-600 to-pink-500 text-white shadow-lg"[31m
            [36m>[31m
              [0mUsers[0m
            [36m</button>[31m
            [36m<button[31m
              [33mclass[31m=[32m"px-4 sm:px-6 py-2 sm:py-3 rounded-2xl font-bold transition-all duration-300 text-sm sm:text-base bg-slate-700 text-slate-300 hover:bg-slate-600"[31m
            [36m>[31m
              [0mTasks[0m
            [36m</button>[31m
          [36m</div>[31m
          [36m<div[31m
            [33mclass[31m=[32m"space-y-4"[31m
          [36m>[31m
            [36m<h2[31m
              [33mclass[31m=[32m"text-xl sm:text-2xl font-bold text-white mb-4"[31m
            [36m>[31m
              [0mAll Users ([0m
              [0m0[0m
              [0m)[0m
            [36m</h2>[31m
            [36m<div[31m
              [33mclass[31m=[32m"bg-slate-800 bg-opacity-60 backdrop-blur-xl p-6 sm:p-8 rounded-3xl border border-slate-700 border-opacity-50 text-center"[31m
            [36m>[31m
              [36m<p[31m
                [33mclass[31m=[32m"text-slate-400 text-sm sm:text-base"[31m
              [36m>[31m
                [0mNo users found[0m
              [36m</p>[31m
            [36m</div>[31m
          [36m</div>[31m
        [36m</div>[31m
      [36m</div>[31m
    [36m</div>[31m
  [36m</body>[31m
[36m</html>[31m[39m

[31mΓÄ»ΓÄ»ΓÄ»ΓÄ»ΓÄ»ΓÄ»[1m[7m Failed Tests 46 [27m[22mΓÄ»ΓÄ»ΓÄ»ΓÄ»ΓÄ»ΓÄ»ΓÄ»[39m

[31m[1m[7m FAIL [27m[22m[39m src/tests/AdminDashboard.test.jsx[2m > [22mAdminDashboard Component[2m > [22mshould 
display Users tab
[31m[1mTestingLibraryElementError[22m: Found multiple elements with the text: /Users|users/i

Here are the matching elements:

Ignored nodes: comments, script, style
[36m<button[31m
  [33mclass[31m=[32m"px-4 sm:px-6 py-2 sm:py-3 rounded-2xl font-bold transition-all duration-300 text-sm sm:text-base 
bg-gradient-to-r from-purple-600 to-pink-500 text-white shadow-lg"[31m
[36m>[31m
  [0mUsers[0m
[36m</button>[31m

Ignored nodes: comments, script, style
[36m<h2[31m
  [33mclass[31m=[32m"text-xl sm:text-2xl font-bold text-white mb-4"[31m
[36m>[31m
  [0mAll Users ([0m
  [0m0[0m
  [0m)[0m
[36m</h2>[31m

Ignored nodes: comments, script, style
[36m<p[31m
  [33mclass[31m=[32m"text-slate-400 text-sm sm:text-base"[31m
[36m>[31m
  [0mNo users found[0m
[36m</p>[31m

(If this is intentional, then use the `*AllBy*` variant of the query (like `queryAllByText`, `getAllByText`, or 
`findAllByText`)).

Ignored nodes: comments, script, style
[36m<body>[31m
  [36m<div>[31m
    [36m<div[31m
      [33mclass[31m=[32m"min-h-screen bg-gradient-to-br from-slate-900 via-slate-800 to-slate-900 p-4 sm:p-8"[31m
    [36m>[31m
      [36m<div[31m
        [33mclass[31m=[32m"max-w-6xl mx-auto"[31m
      [36m>[31m
        [36m<div[31m
          [33mclass[31m=[32m"flex flex-col sm:flex-row justify-between items-start sm:items-center mb-8 gap-4"[31m
        [36m>[31m
          [36m<h1[31m
            [33mclass[31m=[32m"text-3xl sm:text-4xl font-extrabold bg-gradient-to-r from-purple-400 to-pink-300 
bg-clip-text text-transparent"[31m
          [36m>[31m
            [0mAdmin Dashboard[0m
          [36m</h1>[31m
          [36m<button[31m
            [33mclass[31m=[32m"w-full sm:w-auto bg-red-500 hover:bg-red-600 text-white font-bold py-2 px-6 rounded-2xl 
transition-all duration-300 text-sm sm:text-base"[31m
          [36m>[31m
            [0mLogout[0m
          [36m</button>[31m
        [36m</div>[31m
        [36m<div[31m
          [33mclass[31m=[32m"flex gap-2 sm:gap-4 mb-8 flex-wrap"[31m
        [36m>[31m
          [36m<button[31m
            [33mclass[31m=[32m"px-4 sm:px-6 py-2 sm:py-3 rounded-2xl font-bold transition-all duration-300 text-sm 
sm:text-base bg-gradient-to-r from-purple-600 to-pink-500 text-white shadow-lg"[31m
          [36m>[31m
            [0mUsers[0m
          [36m</button>[31m
          [36m<button[31m
            [33mclass[31m=[32m"px-4 sm:px-6 py-2 sm:py-3 rounded-2xl font-bold transition-all duration-300 text-sm 
sm:text-base bg-slate-700 text-slate-300 hover:bg-slate-600"[31m
          [36m>[31m
            [0mTasks[0m
          [36m</button>[31m
        [36m</div>[31m
        [36m<div[31m
          [33mclass[31m=[32m"space-y-4"[31m
        [36m>[31m
          [36m<h2[31m
            [33mclass[31m=[32m"text-xl sm:text-2xl font-bold text-white mb-4"[31m
          [36m>[31m
            [0mAll Users ([0m
            [0m0[0m
            [0m)[0m
          [36m</h2>[31m
          [36m<div[31m
            [33mclass[31m=[32m"bg-slate-800 bg-opacity-60 backdrop-blur-xl p-6 sm:p-8 rounded-3xl border border-slate-700 
border-opacity-50 text-center"[31m
          [36m>[31m
            [36m<p[31m
              [33mclass[31m=[32m"text-slate-400 text-sm sm:text-base"[31m
            [36m>[31m
              [0mNo users found[0m
            [36m</p>[31m
          [36m</div>[31m
        [36m</div>[31m
      [36m</div>[31m
    [36m</div>[31m
  [36m</div>[31m
[36m</body>[31m[39m
[90m [2mΓ¥»[22m Object.getElementError node_modules/@testing-library/dom/dist/config.js:[2m37:19[22m[39m
[90m [2mΓ¥»[22m getElementError node_modules/@testing-library/dom/dist/query-helpers.js:[2m20:35[22m[39m
[90m [2mΓ¥»[22m getMultipleElementsFoundError node_modules/@testing-library/dom/dist/query-helpers.js:[2m23:10[22m[39m
[90m [2mΓ¥»[22m node_modules/@testing-library/dom/dist/query-helpers.js:[2m55:13[22m[39m
[90m [2mΓ¥»[22m node_modules/@testing-library/dom/dist/query-helpers.js:[2m95:19[22m[39m
[36m [2mΓ¥»[22m src/tests/AdminDashboard.test.jsx:[2m90:29[22m[39m
    [90m 88| [39m    [34mrenderWithRouter[39m([33m<[39m[33mAdminDashboard[39m [33m/[39m[33m>[39m)[33m;[39m
    [90m 89| [39m
    [90m 90| [39m    [35mconst[39m usersTab [33m=[39m 
screen[33m.[39m[34mqueryByText[39m([36m/Users|users/i[39m)[33m;[39m
    [90m   | [39m                            [31m^[39m
    [90m 91| [39m    [34mexpect[39m(usersTab)[33m.[39m[34mtoBeTruthy[39m()[33m;[39m
    [90m 92| [39m  })[33m;[39m

[31m[2mΓÄ»ΓÄ»ΓÄ»ΓÄ»ΓÄ»ΓÄ»ΓÄ»ΓÄ»ΓÄ»ΓÄ»ΓÄ»ΓÄ»ΓÄ»ΓÄ»ΓÄ»ΓÄ»ΓÄ»ΓÄ»ΓÄ»ΓÄ»ΓÄ»ΓÄ»ΓÄ»[1/46]ΓÄ»[22m[39m

[31m[1m[7m FAIL [27m[22m[39m src/tests/AdminDashboard.test.jsx[2m > [22mAdminDashboard Component[2m > [22mshould 
fetch users on mount
[31m[1mAssertionError[22m: expected "spy" to be called with arguments: [ '/admin/users' ][90m

Received: 

[31m[90m

Number of calls: [1m0[22m
[31m

Ignored nodes: comments, script, style
[36m<html>[31m
  [36m<head />[31m
  [36m<body>[31m
    [36m<div>[31m
      [36m<div[31m
        [33mclass[31m=[32m"min-h-screen bg-gradient-to-br from-slate-900 via-slate-800 to-slate-900 p-4 sm:p-8"[31m
      [36m>[31m
        [36m<div[31m
          [33mclass[31m=[32m"max-w-6xl mx-auto"[31m
        [36m>[31m
          [36m<div[31m
            [33mclass[31m=[32m"flex flex-col sm:flex-row justify-between items-start sm:items-center mb-8 gap-4"[31m
          [36m>[31m
            [36m<h1[31m
              [33mclass[31m=[32m"text-3xl sm:text-4xl font-extrabold bg-gradient-to-r from-purple-400 to-pink-300 
bg-clip-text text-transparent"[31m
            [36m>[31m
              [0mAdmin Dashboard[0m
            [36m</h1>[31m
            [36m<button[31m
              [33mclass[31m=[32m"w-full sm:w-auto bg-red-500 hover:bg-red-600 text-white font-bold py-2 px-6 rounded-2xl 
transition-all duration-300 text-sm sm:text-base"[31m
            [36m>[31m
              [0mLogout[0m
            [36m</button>[31m
          [36m</div>[31m
          [36m<div[31m
            [33mclass[31m=[32m"flex gap-2 sm:gap-4 mb-8 flex-wrap"[31m
          [36m>[31m
            [36m<button[31m
              [33mclass[31m=[32m"px-4 sm:px-6 py-2 sm:py-3 rounded-2xl font-bold transition-all duration-300 text-sm 
sm:text-base bg-gradient-to-r from-purple-600 to-pink-500 text-white shadow-lg"[31m
            [36m>[31m
              [0mUsers[0m
            [36m</button>[31m
            [36m<button[31m
              [33mclass[31m=[32m"px-4 sm:px-6 py-2 sm:py-3 rounded-2xl font-bold transition-all duration-300 text-sm 
sm:text-base bg-slate-700 text-slate-300 hover:bg-slate-600"[31m
            [36m>[31m
              [0mTasks[0m
            [36m</button>[31m
          [36m</div>[31m
          [36m<div[31m
            [33mclass[31m=[32m"space-y-4"[31m
          [36m>[31m
            [36m<h2[31m
              [33mclass[31m=[32m"text-xl sm:text-2xl font-bold text-white mb-4"[31m
            [36m>[31m
              [0mAll Users ([0m
              [0m0[0m
              [0m)[0m
            [36m</h2>[31m
            [36m<div[31m
              [33mclass[31m=[32m"bg-slate-800 bg-opacity-60 backdrop-blur-xl p-6 sm:p-8 rounded-3xl border border-slate-700 
border-opacity-50 text-center"[31m
            [36m>[31m
              [36m<p[31m
                [33mclass[31m=[32m"text-slate-400 text-sm sm:text-base"[31m
              [36m>[31m
                [0mNo users found[0m
              [36m</p>[31m
            [36m</div>[31m
          [36m</div>[31m
        [36m</div>[31m
      [36m</div>[31m
    [36m</div>[31m
  [36m</body>[31m
[36m</html>[31m[39m
[36m [2mΓ¥»[22m src/tests/AdminDashboard.test.jsx:[2m105:23[22m[39m
    [90m103| [39m
    [90m104| [39m    [35mawait[39m [34mwaitFor[39m(() [33m=>[39m {
    [90m105| [39m      [34mexpect[39m([33mAPI[39m[33m.[39m[35mget[39m)[33m.[39m[34mtoHaveBeenCalledWith[39m([32m
'/admin/users'[39m)[33m;[39m
    [90m   | [39m                      [31m^[39m
    [90m106| [39m    })[33m;[39m
    [90m107| [39m  })[33m;[39m
[90m [2mΓ¥»[22m runWithExpensiveErrorDiagnosticsDisabled 
node_modules/@testing-library/dom/dist/config.js:[2m47:12[22m[39m
[90m [2mΓ¥»[22m checkCallback node_modules/@testing-library/dom/dist/wait-for.js:[2m124:77[22m[39m
[90m [2mΓ¥»[22m Timeout.checkRealTimersCallback node_modules/@testing-library/dom/dist/wait-for.js:[2m118:16[22m[39m

[31m[2mΓÄ»ΓÄ»ΓÄ»ΓÄ»ΓÄ»ΓÄ»ΓÄ»ΓÄ»ΓÄ»ΓÄ»ΓÄ»ΓÄ»ΓÄ»ΓÄ»ΓÄ»ΓÄ»ΓÄ»ΓÄ»ΓÄ»ΓÄ»ΓÄ»ΓÄ»ΓÄ»[2/46]ΓÄ»[22m[39m

[31m[1m[7m FAIL [27m[22m[39m src/tests/AdminDashboard.test.jsx[2m > [22mAdminDashboard Component[2m > [22mshould 
fetch tasks on mount
[31m[1mAssertionError[22m: expected "spy" to be called with arguments: [ '/admin/tasks' ][90m

Received: 

[31m[90m

Number of calls: [1m0[22m
[31m

Ignored nodes: comments, script, style
[36m<html>[31m
  [36m<head />[31m
  [36m<body>[31m
    [36m<div>[31m
      [36m<div[31m
        [33mclass[31m=[32m"min-h-screen bg-gradient-to-br from-slate-900 via-slate-800 to-slate-900 p-4 sm:p-8"[31m
      [36m>[31m
        [36m<div[31m
          [33mclass[31m=[32m"max-w-6xl mx-auto"[31m
        [36m>[31m
          [36m<div[31m
            [33mclass[31m=[32m"flex flex-col sm:flex-row justify-between items-start sm:items-center mb-8 gap-4"[31m
          [36m>[31m
            [36m<h1[31m
              [33mclass[31m=[32m"text-3xl sm:text-4xl font-extrabold bg-gradient-to-r from-purple-400 to-pink-300 
bg-clip-text text-transparent"[31m
            [36m>[31m
              [0mAdmin Dashboard[0m
            [36m</h1>[31m
            [36m<button[31m
              [33mclass[31m=[32m"w-full sm:w-auto bg-red-500 hover:bg-red-600 text-white font-bold py-2 px-6 rounded-2xl 
transition-all duration-300 text-sm sm:text-base"[31m
            [36m>[31m
              [0mLogout[0m
            [36m</button>[31m
          [36m</div>[31m
          [36m<div[31m
            [33mclass[31m=[32m"flex gap-2 sm:gap-4 mb-8 flex-wrap"[31m
          [36m>[31m
            [36m<button[31m
              [33mclass[31m=[32m"px-4 sm:px-6 py-2 sm:py-3 rounded-2xl font-bold transition-all duration-300 text-sm 
sm:text-base bg-gradient-to-r from-purple-600 to-pink-500 text-white shadow-lg"[31m
            [36m>[31m
              [0mUsers[0m
            [36m</button>[31m
            [36m<button[31m
              [33mclass[31m=[32m"px-4 sm:px-6 py-2 sm:py-3 rounded-2xl font-bold transition-all duration-300 text-sm 
sm:text-base bg-slate-700 text-slate-300 hover:bg-slate-600"[31m
            [36m>[31m
              [0mTasks[0m
            [36m</button>[31m
          [36m</div>[31m
          [36m<div[31m
            [33mclass[31m=[32m"space-y-4"[31m
          [36m>[31m
            [36m<h2[31m
              [33mclass[31m=[32m"text-xl sm:text-2xl font-bold text-white mb-4"[31m
            [36m>[31m
              [0mAll Users ([0m
              [0m0[0m
              [0m)[0m
            [36m</h2>[31m
            [36m<div[31m
              [33mclass[31m=[32m"bg-slate-800 bg-opacity-60 backdrop-blur-xl p-6 sm:p-8 rounded-3xl border border-slate-700 
border-opacity-50 text-center"[31m
            [36m>[31m
              [36m<p[31m
                [33mclass[31m=[32m"text-slate-400 text-sm sm:text-base"[31m
              [36m>[31m
                [0mNo users found[0m
              [36m</p>[31m
            [36m</div>[31m
          [36m</div>[31m
        [36m</div>[31m
      [36m</div>[31m
    [36m</div>[31m
  [36m</body>[31m
[36m</html>[31m[39m
[36m [2mΓ¥»[22m src/tests/AdminDashboard.test.jsx:[2m113:23[22m[39m
    [90m111| [39m
    [90m112| [39m    [35mawait[39m [34mwaitFor[39m(() [33m=>[39m {
    [90m113| [39m      [34mexpect[39m([33mAPI[39m[33m.[39m[35mget[39m)[33m.[39m[34mtoHaveBeenCalledWith[39m([32m
'/admin/tasks'[39m)[33m;[39m
    [90m   | [39m                      [31m^[39m
    [90m114| [39m    })[33m;[39m
    [90m115| [39m  })[33m;[39m
[90m [2mΓ¥»[22m runWithExpensiveErrorDiagnosticsDisabled 
node_modules/@testing-library/dom/dist/config.js:[2m47:12[22m[39m
[90m [2mΓ¥»[22m checkCallback node_modules/@testing-library/dom/dist/wait-for.js:[2m124:77[22m[39m
[90m [2mΓ¥»[22m Timeout.checkRealTimersCallback node_modules/@testing-library/dom/dist/wait-for.js:[2m118:16[22m[39m

[31m[2mΓÄ»ΓÄ»ΓÄ»ΓÄ»ΓÄ»ΓÄ»ΓÄ»ΓÄ»ΓÄ»ΓÄ»ΓÄ»ΓÄ»ΓÄ»ΓÄ»ΓÄ»ΓÄ»ΓÄ»ΓÄ»ΓÄ»ΓÄ»ΓÄ»ΓÄ»ΓÄ»[3/46]ΓÄ»[22m[39m

[31m[1m[7m FAIL [27m[22m[39m src/tests/AdminDashboard.test.jsx[2m > [22mAdminDashboard Component[2m > [22mshould 
display users in Users tab
[31m[1mTestingLibraryElementError[22m[39m: Unable to find an element with the text: /User One/i. This could be because the 
text is broken up by multiple elements. In this case, you can provide a function for your text matcher to make your matcher 
more flexible.

Ignored nodes: comments, script, style
[36m<body>[39m
  [36m<div>[39m
    [36m<div[39m
      [33mclass[39m=[32m"min-h-screen bg-gradient-to-br from-slate-900 via-slate-800 to-slate-900 p-4 sm:p-8"[39m
    [36m>[39m
      [36m<div[39m
        [33mclass[39m=[32m"max-w-6xl mx-auto"[39m
      [36m>[39m
        [36m<div[39m
          [33mclass[39m=[32m"flex flex-col sm:flex-row justify-between items-start sm:items-center mb-8 gap-4"[39m
        [36m>[39m
          [36m<h1[39m
            [33mclass[39m=[32m"text-3xl sm:text-4xl font-extrabold bg-gradient-to-r from-purple-400 to-pink-300 
bg-clip-text text-transparent"[39m
          [36m>[39m
            [0mAdmin Dashboard[0m
          [36m</h1>[39m
          [36m<button[39m
            [33mclass[39m=[32m"w-full sm:w-auto bg-red-500 hover:bg-red-600 text-white font-bold py-2 px-6 rounded-2xl 
transition-all duration-300 text-sm sm:text-base"[39m
          [36m>[39m
            [0mLogout[0m
          [36m</button>[39m
        [36m</div>[39m
        [36m<div[39m
          [33mclass[39m=[32m"flex gap-2 sm:gap-4 mb-8 flex-wrap"[39m
        [36m>[39m
          [36m<button[39m
            [33mclass[39m=[32m"px-4 sm:px-6 py-2 sm:py-3 rounded-2xl font-bold transition-all duration-300 text-sm 
sm:text-base bg-gradient-to-r from-purple-600 to-pink-500 text-white shadow-lg"[39m
          [36m>[39m
            [0mUsers[0m
          [36m</button>[39m
          [36m<button[39m
            [33mclass[39m=[32m"px-4 sm:px-6 py-2 sm:py-3 rounded-2xl font-bold transition-all duration-300 text-sm 
sm:text-base bg-slate-700 text-slate-300 hover:bg-slate-600"[39m
          [36m>[39m
            [0mTasks[0m
          [36m</button>[39m
        [36m</div>[39m
        [36m<div[39m
          [33mclass[39m=[32m"space-y-4"[39m
        [36m>[39m
          [36m<h2[39m
            [33mclass[39m=[32m"text-xl sm:text-2xl font-bold text-white mb-4"[39m
          [36m>[39m
            [0mAll Users ([0m
            [0m0[0m
            [0m)[0m
          [36m</h2>[39m
          [36m<div[39m
            [33mclass[39m=[32m"bg-slate-800 bg-opacity-60 backdrop-blur-xl p-6 sm:p-8 rounded-3xl border border-slate-700 
border-opacity-50 text-center"[39m
          [36m>[39m
            [36m<p[39m
              [33mclass[39m=[32m"text-slate-400 text-sm sm:text-base"[39m
            [36m>[39m
              [0mNo users found[0m
            [36m</p>[39m
          [36m</div>[39m
        [36m</div>[39m
      [36m</div>[39m
    [36m</div>[39m
  [36m</div>[39m
[36m</body>[39m

Ignored nodes: comments, script, style
[36m<html>[39m
  [36m<head />[39m
  [36m<body>[39m
    [36m<div>[39m
      [36m<div[39m
        [33mclass[39m=[32m"min-h-screen bg-gradient-to-br from-slate-900 via-slate-800 to-slate-900 p-4 sm:p-8"[39m
      [36m>[39m
        [36m<div[39m
          [33mclass[39m=[32m"max-w-6xl mx-auto"[39m
        [36m>[39m
          [36m<div[39m
            [33mclass[39m=[32m"flex flex-col sm:flex-row justify-between items-start sm:items-center mb-8 gap-4"[39m
          [36m>[39m
            [36m<h1[39m
              [33mclass[39m=[32m"text-3xl sm:text-4xl font-extrabold bg-gradient-to-r from-purple-400 to-pink-300 
bg-clip-text text-transparent"[39m
            [36m>[39m
              [0mAdmin Dashboard[0m
            [36m</h1>[39m
            [36m<button[39m
              [33mclass[39m=[32m"w-full sm:w-auto bg-red-500 hover:bg-red-600 text-white font-bold py-2 px-6 rounded-2xl 
transition-all duration-300 text-sm sm:text-base"[39m
            [36m>[39m
              [0mLogout[0m
            [36m</button>[39m
          [36m</div>[39m
          [36m<div[39m
            [33mclass[39m=[32m"flex gap-2 sm:gap-4 mb-8 flex-wrap"[39m
          [36m>[39m
            [36m<button[39m
              [33mclass[39m=[32m"px-4 sm:px-6 py-2 sm:py-3 rounded-2xl font-bold transition-all duration-300 text-sm 
sm:text-base bg-gradient-to-r from-purple-600 to-pink-500 text-white shadow-lg"[39m
            [36m>[39m
              [0mUsers[0m
            [36m</button>[39m
            [36m<button[39m
              [33mclass[39m=[32m"px-4 sm:px-6 py-2 sm:py-3 rounded-2xl font-bold transition-all duration-300 text-sm 
sm:text-base bg-slate-700 text-slate-300 hover:bg-slate-600"[39m
            [36m>[39m
              [0mTasks[0m
            [36m</button>[39m
          [36m</div>[39m
          [36m<div[39m
            [33mclass[39m=[32m"space-y-4"[39m
          [36m>[39m
            [36m<h2[39m
              [33mclass[39m=[32m"text-xl sm:text-2xl font-bold text-white mb-4"[39m
            [36m>[39m
              [0mAll Users ([0m
              [0m0[0m
              [0m)[0m
            [36m</h2>[39m
            [36m<div[39m
              [33mclass[39m=[32m"bg-slate-800 bg-opacity-60 backdrop-blur-xl p-6 sm:p-8 rounded-3xl border border-slate-700 
border-opacity-50 text-center"[39m
            [36m>[39m
              [36m<p[39m
                [33mclass[39m=[32m"text-slate-400 text-sm sm:text-base"[39m
              [36m>[39m
                [0mNo users found[0m
              [36m</p>[39m
            [36m</div>[39m
          [36m</div>[39m
        [36m</div>[39m
      [36m</div>[39m
    [36m</div>[39m
  [36m</body>[39m
[36m</html>[39m
[90m [2mΓ¥»[22m Proxy.waitForWrapper node_modules/@testing-library/dom/dist/wait-for.js:[2m163:27[22m[39m
[36m [2mΓ¥»[22m src/tests/AdminDashboard.test.jsx:[2m120:11[22m[39m
    [90m118| [39m    [34mrenderWithRouter[39m([33m<[39m[33mAdminDashboard[39m [33m/[39m[33m>[39m)[33m;[39m
    [90m119| [39m
    [90m120| [39m    [35mawait[39m [34mwaitFor[39m(() [33m=>[39m {
    [90m   | [39m          [31m^[39m
    [90m121| [39m      [34mexpect[39m(screen[33m.[39m[34mgetByText[39m([36m/User 
One/i[39m))[33m.[39m[34mtoBeTruthy[39m()[33m;[39m
    [90m122| [39m    })[33m;[39m

[31m[2mΓÄ»ΓÄ»ΓÄ»ΓÄ»ΓÄ»ΓÄ»ΓÄ»ΓÄ»ΓÄ»ΓÄ»ΓÄ»ΓÄ»ΓÄ»ΓÄ»ΓÄ»ΓÄ»ΓÄ»ΓÄ»ΓÄ»ΓÄ»ΓÄ»ΓÄ»ΓÄ»[4/46]ΓÄ»[22m[39m

[31m[1m[7m FAIL [27m[22m[39m src/tests/AdminDashboard.test.jsx[2m > [22mAdminDashboard Component[2m > [22mshould 
display user email in Users tab
[31m[1mTestingLibraryElementError[22m[39m: Unable to find an element with the text: /user1@example.com/i. This could be 
because the text is broken up by multiple elements. In this case, you can provide a function for your text matcher to make 
your matcher more flexible.

Ignored nodes: comments, script, style
[36m<body>[39m
  [36m<div>[39m
    [36m<div[39m
      [33mclass[39m=[32m"min-h-screen bg-gradient-to-br from-slate-900 via-slate-800 to-slate-900 p-4 sm:p-8"[39m
    [36m>[39m
      [36m<div[39m
        [33mclass[39m=[32m"max-w-6xl mx-auto"[39m
      [36m>[39m
        [36m<div[39m
          [33mclass[39m=[32m"flex flex-col sm:flex-row justify-between items-start sm:items-center mb-8 gap-4"[39m
        [36m>[39m
          [36m<h1[39m
            [33mclass[39m=[32m"text-3xl sm:text-4xl font-extrabold bg-gradient-to-r from-purple-400 to-pink-300 
bg-clip-text text-transparent"[39m
          [36m>[39m
            [0mAdmin Dashboard[0m
          [36m</h1>[39m
          [36m<button[39m
            [33mclass[39m=[32m"w-full sm:w-auto bg-red-500 hover:bg-red-600 text-white font-bold py-2 px-6 rounded-2xl 
transition-all duration-300 text-sm sm:text-base"[39m
          [36m>[39m
            [0mLogout[0m
          [36m</button>[39m
        [36m</div>[39m
        [36m<div[39m
          [33mclass[39m=[32m"flex gap-2 sm:gap-4 mb-8 flex-wrap"[39m
        [36m>[39m
          [36m<button[39m
            [33mclass[39m=[32m"px-4 sm:px-6 py-2 sm:py-3 rounded-2xl font-bold transition-all duration-300 text-sm 
sm:text-base bg-gradient-to-r from-purple-600 to-pink-500 text-white shadow-lg"[39m
          [36m>[39m
            [0mUsers[0m
          [36m</button>[39m
          [36m<button[39m
            [33mclass[39m=[32m"px-4 sm:px-6 py-2 sm:py-3 rounded-2xl font-bold transition-all duration-300 text-sm 
sm:text-base bg-slate-700 text-slate-300 hover:bg-slate-600"[39m
          [36m>[39m
            [0mTasks[0m
          [36m</button>[39m
        [36m</div>[39m
        [36m<div[39m
          [33mclass[39m=[32m"space-y-4"[39m
        [36m>[39m
          [36m<h2[39m
            [33mclass[39m=[32m"text-xl sm:text-2xl font-bold text-white mb-4"[39m
          [36m>[39m
            [0mAll Users ([0m
            [0m0[0m
            [0m)[0m
          [36m</h2>[39m
          [36m<div[39m
            [33mclass[39m=[32m"bg-slate-800 bg-opacity-60 backdrop-blur-xl p-6 sm:p-8 rounded-3xl border border-slate-700 
border-opacity-50 text-center"[39m
          [36m>[39m
            [36m<p[39m
              [33mclass[39m=[32m"text-slate-400 text-sm sm:text-base"[39m
            [36m>[39m
              [0mNo users found[0m
            [36m</p>[39m
          [36m</div>[39m
        [36m</div>[39m
      [36m</div>[39m
    [36m</div>[39m
  [36m</div>[39m
[36m</body>[39m

Ignored nodes: comments, script, style
[36m<html>[39m
  [36m<head />[39m
  [36m<body>[39m
    [36m<div>[39m
      [36m<div[39m
        [33mclass[39m=[32m"min-h-screen bg-gradient-to-br from-slate-900 via-slate-800 to-slate-900 p-4 sm:p-8"[39m
      [36m>[39m
        [36m<div[39m
          [33mclass[39m=[32m"max-w-6xl mx-auto"[39m
        [36m>[39m
          [36m<div[39m
            [33mclass[39m=[32m"flex flex-col sm:flex-row justify-between items-start sm:items-center mb-8 gap-4"[39m
          [36m>[39m
            [36m<h1[39m
              [33mclass[39m=[32m"text-3xl sm:text-4xl font-extrabold bg-gradient-to-r from-purple-400 to-pink-300 
bg-clip-text text-transparent"[39m
            [36m>[39m
              [0mAdmin Dashboard[0m
            [36m</h1>[39m
            [36m<button[39m
              [33mclass[39m=[32m"w-full sm:w-auto bg-red-500 hover:bg-red-600 text-white font-bold py-2 px-6 rounded-2xl 
transition-all duration-300 text-sm sm:text-base"[39m
            [36m>[39m
              [0mLogout[0m
            [36m</button>[39m
          [36m</div>[39m
          [36m<div[39m
            [33mclass[39m=[32m"flex gap-2 sm:gap-4 mb-8 flex-wrap"[39m
          [36m>[39m
            [36m<button[39m
              [33mclass[39m=[32m"px-4 sm:px-6 py-2 sm:py-3 rounded-2xl font-bold transition-all duration-300 text-sm 
sm:text-base bg-gradient-to-r from-purple-600 to-pink-500 text-white shadow-lg"[39m
            [36m>[39m
              [0mUsers[0m
            [36m</button>[39m
            [36m<button[39m
              [33mclass[39m=[32m"px-4 sm:px-6 py-2 sm:py-3 rounded-2xl font-bold transition-all duration-300 text-sm 
sm:text-base bg-slate-700 text-slate-300 hover:bg-slate-600"[39m
            [36m>[39m
              [0mTasks[0m
            [36m</button>[39m
          [36m</div>[39m
          [36m<div[39m
            [33mclass[39m=[32m"space-y-4"[39m
          [36m>[39m
            [36m<h2[39m
              [33mclass[39m=[32m"text-xl sm:text-2xl font-bold text-white mb-4"[39m
            [36m>[39m
              [0mAll Users ([0m
              [0m0[0m
              [0m)[0m
            [36m</h2>[39m
            [36m<div[39m
              [33mclass[39m=[32m"bg-slate-800 bg-opacity-60 backdrop-blur-xl p-6 sm:p-8 rounded-3xl border border-slate-700 
border-opacity-50 text-center"[39m
            [36m>[39m
              [36m<p[39m
                [33mclass[39m=[32m"text-slate-400 text-sm sm:text-base"[39m
              [36m>[39m
                [0mNo users found[0m
              [36m</p>[39m
            [36m</div>[39m
          [36m</div>[39m
        [36m</div>[39m
      [36m</div>[39m
    [36m</div>[39m
  [36m</body>[39m
[36m</html>[39m
[90m [2mΓ¥»[22m Proxy.waitForWrapper node_modules/@testing-library/dom/dist/wait-for.js:[2m163:27[22m[39m
[36m [2mΓ¥»[22m src/tests/AdminDashboard.test.jsx:[2m133:11[22m[39m
    [90m131| [39m    [34mrenderWithRouter[39m([33m<[39m[33mAdminDashboard[39m [33m/[39m[33m>[39m)[33m;[39m
    [90m132| [39m
    [90m133| [39m    [35mawait[39m [34mwaitFor[39m(() [33m=>[39m {
    [90m   | [39m          [31m^[39m
    [90m134| [39m      [34mexpect[39m(screen[33m.[39m[34mgetByText[39m([36m/user1@example.com/i[39m))[33m.[39m[34m
toBeTruthy[39m()[33m;[39m
    [90m135| [39m    })[33m;[39m

[31m[2mΓÄ»ΓÄ»ΓÄ»ΓÄ»ΓÄ»ΓÄ»ΓÄ»ΓÄ»ΓÄ»ΓÄ»ΓÄ»ΓÄ»ΓÄ»ΓÄ»ΓÄ»ΓÄ»ΓÄ»ΓÄ»ΓÄ»ΓÄ»ΓÄ»ΓÄ»ΓÄ»[5/46]ΓÄ»[22m[39m

[31m[1m[7m FAIL [27m[22m[39m src/tests/AdminDashboard.test.jsx[2m > [22mAdminDashboard Component[2m > [22mshould 
have edit button for each user
[31m[1mAssertionError[22m: expected 0 to be greater than 0

Ignored nodes: comments, script, style
[36m<html>[31m
  [36m<head />[31m
  [36m<body>[31m
    [36m<div>[31m
      [36m<div[31m
        [33mclass[31m=[32m"min-h-screen bg-gradient-to-br from-slate-900 via-slate-800 to-slate-900 p-4 sm:p-8"[31m
      [36m>[31m
        [36m<div[31m
          [33mclass[31m=[32m"max-w-6xl mx-auto"[31m
        [36m>[31m
          [36m<div[31m
            [33mclass[31m=[32m"flex flex-col sm:flex-row justify-between items-start sm:items-center mb-8 gap-4"[31m
          [36m>[31m
            [36m<h1[31m
              [33mclass[31m=[32m"text-3xl sm:text-4xl font-extrabold bg-gradient-to-r from-purple-400 to-pink-300 
bg-clip-text text-transparent"[31m
            [36m>[31m
              [0mAdmin Dashboard[0m
            [36m</h1>[31m
            [36m<button[31m
              [33mclass[31m=[32m"w-full sm:w-auto bg-red-500 hover:bg-red-600 text-white font-bold py-2 px-6 rounded-2xl 
transition-all duration-300 text-sm sm:text-base"[31m
            [36m>[31m
              [0mLogout[0m
            [36m</button>[31m
          [36m</div>[31m
          [36m<div[31m
            [33mclass[31m=[32m"flex gap-2 sm:gap-4 mb-8 flex-wrap"[31m
          [36m>[31m
            [36m<button[31m
              [33mclass[31m=[32m"px-4 sm:px-6 py-2 sm:py-3 rounded-2xl font-bold transition-all duration-300 text-sm 
sm:text-base bg-gradient-to-r from-purple-600 to-pink-500 text-white shadow-lg"[31m
            [36m>[31m
              [0mUsers[0m
            [36m</button>[31m
            [36m<button[31m
              [33mclass[31m=[32m"px-4 sm:px-6 py-2 sm:py-3 rounded-2xl font-bold transition-all duration-300 text-sm 
sm:text-base bg-slate-700 text-slate-300 hover:bg-slate-600"[31m
            [36m>[31m
              [0mTasks[0m
            [36m</button>[31m
          [36m</div>[31m
          [36m<div[31m
            [33mclass[31m=[32m"space-y-4"[31m
          [36m>[31m
            [36m<h2[31m
              [33mclass[31m=[32m"text-xl sm:text-2xl font-bold text-white mb-4"[31m
            [36m>[31m
              [0mAll Users ([0m
              [0m0[0m
              [0m)[0m
            [36m</h2>[31m
            [36m<div[31m
              [33mclass[31m=[32m"bg-slate-800 bg-opacity-60 backdrop-blur-xl p-6 sm:p-8 rounded-3xl border border-slate-700 
border-opacity-50 text-center"[31m
            [36m>[31m
              [36m<p[31m
                [33mclass[31m=[32m"text-slate-400 text-sm sm:text-base"[31m
              [36m>[31m
                [0mNo users found[0m
              [36m</p>[31m
            [36m</div>[31m
          [36m</div>[31m
        [36m</div>[31m
      [36m</div>[31m
    [36m</div>[31m
  [36m</body>[31m
[36m</html>[31m[39m
[36m [2mΓ¥»[22m src/tests/AdminDashboard.test.jsx:[2m143:34[22m[39m
    [90m141| [39m    [35mawait[39m [34mwaitFor[39m(() [33m=>[39m {
    [90m142| [39m      [35mconst[39m editButtons [33m=[39m 
screen[33m.[39m[34mqueryAllByText[39m([36m/Edit|edit/i[39m)[33m;[39m
    [90m143| [39m      
[34mexpect[39m(editButtons[33m.[39mlength)[33m.[39m[34mtoBeGreaterThan[39m([34m0[39m)[33m;[39m
    [90m   | [39m                                 [31m^[39m
    [90m144| [39m    })[33m;[39m
    [90m145| [39m  })[33m;[39m
[90m [2mΓ¥»[22m runWithExpensiveErrorDiagnosticsDisabled 
node_modules/@testing-library/dom/dist/config.js:[2m47:12[22m[39m
[90m [2mΓ¥»[22m checkCallback node_modules/@testing-library/dom/dist/wait-for.js:[2m124:77[22m[39m
[90m [2mΓ¥»[22m Timeout.checkRealTimersCallback node_modules/@testing-library/dom/dist/wait-for.js:[2m118:16[22m[39m

[31m[2mΓÄ»ΓÄ»ΓÄ»ΓÄ»ΓÄ»ΓÄ»ΓÄ»ΓÄ»ΓÄ»ΓÄ»ΓÄ»ΓÄ»ΓÄ»ΓÄ»ΓÄ»ΓÄ»ΓÄ»ΓÄ»ΓÄ»ΓÄ»ΓÄ»ΓÄ»ΓÄ»[6/46]ΓÄ»[22m[39m

[31m[1m[7m FAIL [27m[22m[39m src/tests/AdminDashboard.test.jsx[2m > [22mAdminDashboard Component[2m > [22mshould 
have delete button for each user
[31m[1mAssertionError[22m: expected 0 to be greater than 0

Ignored nodes: comments, script, style
[36m<html>[31m
  [36m<head />[31m
  [36m<body>[31m
    [36m<div>[31m
      [36m<div[31m
        [33mclass[31m=[32m"min-h-screen bg-gradient-to-br from-slate-900 via-slate-800 to-slate-900 p-4 sm:p-8"[31m
      [36m>[31m
        [36m<div[31m
          [33mclass[31m=[32m"max-w-6xl mx-auto"[31m
        [36m>[31m
          [36m<div[31m
            [33mclass[31m=[32m"flex flex-col sm:flex-row justify-between items-start sm:items-center mb-8 gap-4"[31m
          [36m>[31m
            [36m<h1[31m
              [33mclass[31m=[32m"text-3xl sm:text-4xl font-extrabold bg-gradient-to-r from-purple-400 to-pink-300 
bg-clip-text text-transparent"[31m
            [36m>[31m
              [0mAdmin Dashboard[0m
            [36m</h1>[31m
            [36m<button[31m
              [33mclass[31m=[32m"w-full sm:w-auto bg-red-500 hover:bg-red-600 text-white font-bold py-2 px-6 rounded-2xl 
transition-all duration-300 text-sm sm:text-base"[31m
            [36m>[31m
              [0mLogout[0m
            [36m</button>[31m
          [36m</div>[31m
          [36m<div[31m
            [33mclass[31m=[32m"flex gap-2 sm:gap-4 mb-8 flex-wrap"[31m
          [36m>[31m
            [36m<button[31m
              [33mclass[31m=[32m"px-4 sm:px-6 py-2 sm:py-3 rounded-2xl font-bold transition-all duration-300 text-sm 
sm:text-base bg-gradient-to-r from-purple-600 to-pink-500 text-white shadow-lg"[31m
            [36m>[31m
              [0mUsers[0m
            [36m</button>[31m
            [36m<button[31m
              [33mclass[31m=[32m"px-4 sm:px-6 py-2 sm:py-3 rounded-2xl font-bold transition-all duration-300 text-sm 
sm:text-base bg-slate-700 text-slate-300 hover:bg-slate-600"[31m
            [36m>[31m
              [0mTasks[0m
            [36m</button>[31m
          [36m</div>[31m
          [36m<div[31m
            [33mclass[31m=[32m"space-y-4"[31m
          [36m>[31m
            [36m<h2[31m
              [33mclass[31m=[32m"text-xl sm:text-2xl font-bold text-white mb-4"[31m
            [36m>[31m
              [0mAll Users ([0m
              [0m0[0m
              [0m)[0m
            [36m</h2>[31m
            [36m<div[31m
              [33mclass[31m=[32m"bg-slate-800 bg-opacity-60 backdrop-blur-xl p-6 sm:p-8 rounded-3xl border border-slate-700 
border-opacity-50 text-center"[31m
            [36m>[31m
              [36m<p[31m
                [33mclass[31m=[32m"text-slate-400 text-sm sm:text-base"[31m
              [36m>[31m
                [0mNo users found[0m
              [36m</p>[31m
            [36m</div>[31m
          [36m</div>[31m
        [36m</div>[31m
      [36m</div>[31m
    [36m</div>[31m
  [36m</body>[31m
[36m</html>[31m[39m
[36m [2mΓ¥»[22m src/tests/AdminDashboard.test.jsx:[2m152:36[22m[39m
    [90m150| [39m    [35mawait[39m [34mwaitFor[39m(() [33m=>[39m {
    [90m151| [39m      [35mconst[39m deleteButtons [33m=[39m 
screen[33m.[39m[34mqueryAllByText[39m([36m/Delete|delete/i[39m)[33m;[39m
    [90m152| [39m      
[34mexpect[39m(deleteButtons[33m.[39mlength)[33m.[39m[34mtoBeGreaterThan[39m([34m0[39m)[33m;[39m
    [90m   | [39m                                   [31m^[39m
    [90m153| [39m    })[33m;[39m
    [90m154| [39m  })[33m;[39m
[90m [2mΓ¥»[22m runWithExpensiveErrorDiagnosticsDisabled 
node_modules/@testing-library/dom/dist/config.js:[2m47:12[22m[39m
[90m [2mΓ¥»[22m checkCallback node_modules/@testing-library/dom/dist/wait-for.js:[2m124:77[22m[39m
[90m [2mΓ¥»[22m Timeout.checkRealTimersCallback node_modules/@testing-library/dom/dist/wait-for.js:[2m118:16[22m[39m

[31m[2mΓÄ»ΓÄ»ΓÄ»ΓÄ»ΓÄ»ΓÄ»ΓÄ»ΓÄ»ΓÄ»ΓÄ»ΓÄ»ΓÄ»ΓÄ»ΓÄ»ΓÄ»ΓÄ»ΓÄ»ΓÄ»ΓÄ»ΓÄ»ΓÄ»ΓÄ»ΓÄ»[7/46]ΓÄ»[22m[39m

[31m[1m[7m FAIL [27m[22m[39m src/tests/AdminDashboard.test.jsx[2m > [22mAdminDashboard Component[2m > [22mshould 
display tasks in Tasks tab
[31m[1mTestingLibraryElementError[22m[39m: Unable to find an element with the text: /Admin Task 1/i. This could be because 
the text is broken up by multiple elements. In this case, you can provide a function for your text matcher to make your 
matcher more flexible.

Ignored nodes: comments, script, style
[36m<body>[39m
  [36m<div>[39m
    [36m<div[39m
      [33mclass[39m=[32m"min-h-screen bg-gradient-to-br from-slate-900 via-slate-800 to-slate-900 p-4 sm:p-8"[39m
    [36m>[39m
      [36m<div[39m
        [33mclass[39m=[32m"max-w-6xl mx-auto"[39m
      [36m>[39m
        [36m<div[39m
          [33mclass[39m=[32m"flex flex-col sm:flex-row justify-between items-start sm:items-center mb-8 gap-4"[39m
        [36m>[39m
          [36m<h1[39m
            [33mclass[39m=[32m"text-3xl sm:text-4xl font-extrabold bg-gradient-to-r from-purple-400 to-pink-300 
bg-clip-text text-transparent"[39m
          [36m>[39m
            [0mAdmin Dashboard[0m
          [36m</h1>[39m
          [36m<button[39m
            [33mclass[39m=[32m"w-full sm:w-auto bg-red-500 hover:bg-red-600 text-white font-bold py-2 px-6 rounded-2xl 
transition-all duration-300 text-sm sm:text-base"[39m
          [36m>[39m
            [0mLogout[0m
          [36m</button>[39m
        [36m</div>[39m
        [36m<div[39m
          [33mclass[39m=[32m"flex gap-2 sm:gap-4 mb-8 flex-wrap"[39m
        [36m>[39m
          [36m<button[39m
            [33mclass[39m=[32m"px-4 sm:px-6 py-2 sm:py-3 rounded-2xl font-bold transition-all duration-300 text-sm 
sm:text-base bg-gradient-to-r from-purple-600 to-pink-500 text-white shadow-lg"[39m
          [36m>[39m
            [0mUsers[0m
          [36m</button>[39m
          [36m<button[39m
            [33mclass[39m=[32m"px-4 sm:px-6 py-2 sm:py-3 rounded-2xl font-bold transition-all duration-300 text-sm 
sm:text-base bg-slate-700 text-slate-300 hover:bg-slate-600"[39m
          [36m>[39m
            [0mTasks[0m
          [36m</button>[39m
        [36m</div>[39m
        [36m<div[39m
          [33mclass[39m=[32m"space-y-4"[39m
        [36m>[39m
          [36m<h2[39m
            [33mclass[39m=[32m"text-xl sm:text-2xl font-bold text-white mb-4"[39m
          [36m>[39m
            [0mAll Users ([0m
            [0m0[0m
            [0m)[0m
          [36m</h2>[39m
          [36m<div[39m
            [33mclass[39m=[32m"bg-slate-800 bg-opacity-60 backdrop-blur-xl p-6 sm:p-8 rounded-3xl border border-slate-700 
border-opacity-50 text-center"[39m
          [36m>[39m
            [36m<p[39m
              [33mclass[39m=[32m"text-slate-400 text-sm sm:text-base"[39m
            [36m>[39m
              [0mNo users found[0m
            [36m</p>[39m
          [36m</div>[39m
        [36m</div>[39m
      [36m</div>[39m
    [36m</div>[39m
  [36m</div>[39m
[36m</body>[39m

Ignored nodes: comments, script, style
[36m<html>[39m
  [36m<head />[39m
  [36m<body>[39m
    [36m<div>[39m
      [36m<div[39m
        [33mclass[39m=[32m"min-h-screen bg-gradient-to-br from-slate-900 via-slate-800 to-slate-900 p-4 sm:p-8"[39m
      [36m>[39m
        [36m<div[39m
          [33mclass[39m=[32m"max-w-6xl mx-auto"[39m
        [36m>[39m
          [36m<div[39m
            [33mclass[39m=[32m"flex flex-col sm:flex-row justify-between items-start sm:items-center mb-8 gap-4"[39m
          [36m>[39m
            [36m<h1[39m
              [33mclass[39m=[32m"text-3xl sm:text-4xl font-extrabold bg-gradient-to-r from-purple-400 to-pink-300 
bg-clip-text text-transparent"[39m
            [36m>[39m
              [0mAdmin Dashboard[0m
            [36m</h1>[39m
            [36m<button[39m
              [33mclass[39m=[32m"w-full sm:w-auto bg-red-500 hover:bg-red-600 text-white font-bold py-2 px-6 rounded-2xl 
transition-all duration-300 text-sm sm:text-base"[39m
            [36m>[39m
              [0mLogout[0m
            [36m</button>[39m
          [36m</div>[39m
          [36m<div[39m
            [33mclass[39m=[32m"flex gap-2 sm:gap-4 mb-8 flex-wrap"[39m
          [36m>[39m
            [36m<button[39m
              [33mclass[39m=[32m"px-4 sm:px-6 py-2 sm:py-3 rounded-2xl font-bold transition-all duration-300 text-sm 
sm:text-base bg-gradient-to-r from-purple-600 to-pink-500 text-white shadow-lg"[39m
            [36m>[39m
              [0mUsers[0m
            [36m</button>[39m
            [36m<button[39m
              [33mclass[39m=[32m"px-4 sm:px-6 py-2 sm:py-3 rounded-2xl font-bold transition-all duration-300 text-sm 
sm:text-base bg-slate-700 text-slate-300 hover:bg-slate-600"[39m
            [36m>[39m
              [0mTasks[0m
            [36m</button>[39m
          [36m</div>[39m
          [36m<div[39m
            [33mclass[39m=[32m"space-y-4"[39m
          [36m>[39m
            [36m<h2[39m
              [33mclass[39m=[32m"text-xl sm:text-2xl font-bold text-white mb-4"[39m
            [36m>[39m
              [0mAll Users ([0m
              [0m0[0m
              [0m)[0m
            [36m</h2>[39m
            [36m<div[39m
              [33mclass[39m=[32m"bg-slate-800 bg-opacity-60 backdrop-blur-xl p-6 sm:p-8 rounded-3xl border border-slate-700 
border-opacity-50 text-center"[39m
            [36m>[39m
              [36m<p[39m
                [33mclass[39m=[32m"text-slate-400 text-sm sm:text-base"[39m
              [36m>[39m
                [0mNo users found[0m
              [36m</p>[39m
            [36m</div>[39m
          [36m</div>[39m
        [36m</div>[39m
      [36m</div>[39m
    [36m</div>[39m
  [36m</body>[39m
[36m</html>[39m
[90m [2mΓ¥»[22m Proxy.waitForWrapper node_modules/@testing-library/dom/dist/wait-for.js:[2m163:27[22m[39m
[36m [2mΓ¥»[22m src/tests/AdminDashboard.test.jsx:[2m168:11[22m[39m
    [90m166| [39m    [34mrenderWithRouter[39m([33m<[39m[33mAdminDashboard[39m [33m/[39m[33m>[39m)[33m;[39m
    [90m167| [39m
    [90m168| [39m    [35mawait[39m [34mwaitFor[39m(() [33m=>[39m {
    [90m   | [39m          [31m^[39m
    [90m169| [39m      [34mexpect[39m(screen[33m.[39m[34mgetByText[39m([36m/Admin Task 
1/i[39m))[33m.[39m[34mtoBeTruthy[39m()[33m;[39m
    [90m170| [39m    })[33m;[39m

[31m[2mΓÄ»ΓÄ»ΓÄ»ΓÄ»ΓÄ»ΓÄ»ΓÄ»ΓÄ»ΓÄ»ΓÄ»ΓÄ»ΓÄ»ΓÄ»ΓÄ»ΓÄ»ΓÄ»ΓÄ»ΓÄ»ΓÄ»ΓÄ»ΓÄ»ΓÄ»ΓÄ»[8/46]ΓÄ»[22m[39m

[31m[1m[7m FAIL [27m[22m[39m src/tests/AdminDashboard.test.jsx[2m > [22mAdminDashboard Component[2m > [22mshould 
have edit button for each task
[31m[1mAssertionError[22m: expected 0 to be greater than 0

Ignored nodes: comments, script, style
[36m<html>[31m
  [36m<head />[31m
  [36m<body>[31m
    [36m<div>[31m
      [36m<div[31m
        [33mclass[31m=[32m"min-h-screen bg-gradient-to-br from-slate-900 via-slate-800 to-slate-900 p-4 sm:p-8"[31m
      [36m>[31m
        [36m<div[31m
          [33mclass[31m=[32m"max-w-6xl mx-auto"[31m
        [36m>[31m
          [36m<div[31m
            [33mclass[31m=[32m"flex flex-col sm:flex-row justify-between items-start sm:items-center mb-8 gap-4"[31m
          [36m>[31m
            [36m<h1[31m
              [33mclass[31m=[32m"text-3xl sm:text-4xl font-extrabold bg-gradient-to-r from-purple-400 to-pink-300 
bg-clip-text text-transparent"[31m
            [36m>[31m
              [0mAdmin Dashboard[0m
            [36m</h1>[31m
            [36m<button[31m
              [33mclass[31m=[32m"w-full sm:w-auto bg-red-500 hover:bg-red-600 text-white font-bold py-2 px-6 rounded-2xl 
transition-all duration-300 text-sm sm:text-base"[31m
            [36m>[31m
              [0mLogout[0m
            [36m</button>[31m
          [36m</div>[31m
          [36m<div[31m
            [33mclass[31m=[32m"flex gap-2 sm:gap-4 mb-8 flex-wrap"[31m
          [36m>[31m
            [36m<button[31m
              [33mclass[31m=[32m"px-4 sm:px-6 py-2 sm:py-3 rounded-2xl font-bold transition-all duration-300 text-sm 
sm:text-base bg-gradient-to-r from-purple-600 to-pink-500 text-white shadow-lg"[31m
            [36m>[31m
              [0mUsers[0m
            [36m</button>[31m
            [36m<button[31m
              [33mclass[31m=[32m"px-4 sm:px-6 py-2 sm:py-3 rounded-2xl font-bold transition-all duration-300 text-sm 
sm:text-base bg-slate-700 text-slate-300 hover:bg-slate-600"[31m
            [36m>[31m
              [0mTasks[0m
            [36m</button>[31m
          [36m</div>[31m
          [36m<div[31m
            [33mclass[31m=[32m"space-y-4"[31m
          [36m>[31m
            [36m<h2[31m
              [33mclass[31m=[32m"text-xl sm:text-2xl font-bold text-white mb-4"[31m
            [36m>[31m
              [0mAll Users ([0m
              [0m0[0m
              [0m)[0m
            [36m</h2>[31m
            [36m<div[31m
              [33mclass[31m=[32m"bg-slate-800 bg-opacity-60 backdrop-blur-xl p-6 sm:p-8 rounded-3xl border border-slate-700 
border-opacity-50 text-center"[31m
            [36m>[31m
              [36m<p[31m
                [33mclass[31m=[32m"text-slate-400 text-sm sm:text-base"[31m
              [36m>[31m
                [0mNo users found[0m
              [36m</p>[31m
            [36m</div>[31m
          [36m</div>[31m
        [36m</div>[31m
      [36m</div>[31m
    [36m</div>[31m
  [36m</body>[31m
[36m</html>[31m[39m
[36m [2mΓ¥»[22m src/tests/AdminDashboard.test.jsx:[2m188:34[22m[39m
    [90m186| [39m    [35mawait[39m [34mwaitFor[39m(() [33m=>[39m {
    [90m187| [39m      [35mconst[39m editButtons [33m=[39m 
screen[33m.[39m[34mqueryAllByText[39m([36m/Edit|edit/i[39m)[33m;[39m
    [90m188| [39m      
[34mexpect[39m(editButtons[33m.[39mlength)[33m.[39m[34mtoBeGreaterThan[39m([34m0[39m)[33m;[39m
    [90m   | [39m                                 [31m^[39m
    [90m189| [39m    })[33m;[39m
    [90m190| [39m  })[33m;[39m
[90m [2mΓ¥»[22m runWithExpensiveErrorDiagnosticsDisabled 
node_modules/@testing-library/dom/dist/config.js:[2m47:12[22m[39m
[90m [2mΓ¥»[22m checkCallback node_modules/@testing-library/dom/dist/wait-for.js:[2m124:77[22m[39m
[90m [2mΓ¥»[22m Timeout.checkRealTimersCallback node_modules/@testing-library/dom/dist/wait-for.js:[2m118:16[22m[39m

[31m[2mΓÄ»ΓÄ»ΓÄ»ΓÄ»ΓÄ»ΓÄ»ΓÄ»ΓÄ»ΓÄ»ΓÄ»ΓÄ»ΓÄ»ΓÄ»ΓÄ»ΓÄ»ΓÄ»ΓÄ»ΓÄ»ΓÄ»ΓÄ»ΓÄ»ΓÄ»ΓÄ»[9/46]ΓÄ»[22m[39m

[31m[1m[7m FAIL [27m[22m[39m src/tests/AdminDashboard.test.jsx[2m > [22mAdminDashboard Component[2m > [22mshould 
have delete button for each task
[31m[1mAssertionError[22m: expected 0 to be greater than 0

Ignored nodes: comments, script, style
[36m<html>[31m
  [36m<head />[31m
  [36m<body>[31m
    [36m<div>[31m
      [36m<div[31m
        [33mclass[31m=[32m"min-h-screen bg-gradient-to-br from-slate-900 via-slate-800 to-slate-900 p-4 sm:p-8"[31m
      [36m>[31m
        [36m<div[31m
          [33mclass[31m=[32m"max-w-6xl mx-auto"[31m
        [36m>[31m
          [36m<div[31m
            [33mclass[31m=[32m"flex flex-col sm:flex-row justify-between items-start sm:items-center mb-8 gap-4"[31m
          [36m>[31m
            [36m<h1[31m
              [33mclass[31m=[32m"text-3xl sm:text-4xl font-extrabold bg-gradient-to-r from-purple-400 to-pink-300 
bg-clip-text text-transparent"[31m
            [36m>[31m
              [0mAdmin Dashboard[0m
            [36m</h1>[31m
            [36m<button[31m
              [33mclass[31m=[32m"w-full sm:w-auto bg-red-500 hover:bg-red-600 text-white font-bold py-2 px-6 rounded-2xl 
transition-all duration-300 text-sm sm:text-base"[31m
            [36m>[31m
              [0mLogout[0m
            [36m</button>[31m
          [36m</div>[31m
          [36m<div[31m
            [33mclass[31m=[32m"flex gap-2 sm:gap-4 mb-8 flex-wrap"[31m
          [36m>[31m
            [36m<button[31m
              [33mclass[31m=[32m"px-4 sm:px-6 py-2 sm:py-3 rounded-2xl font-bold transition-all duration-300 text-sm 
sm:text-base bg-gradient-to-r from-purple-600 to-pink-500 text-white shadow-lg"[31m
            [36m>[31m
              [0mUsers[0m
            [36m</button>[31m
            [36m<button[31m
              [33mclass[31m=[32m"px-4 sm:px-6 py-2 sm:py-3 rounded-2xl font-bold transition-all duration-300 text-sm 
sm:text-base bg-slate-700 text-slate-300 hover:bg-slate-600"[31m
            [36m>[31m
              [0mTasks[0m
            [36m</button>[31m
          [36m</div>[31m
          [36m<div[31m
            [33mclass[31m=[32m"space-y-4"[31m
          [36m>[31m
            [36m<h2[31m
              [33mclass[31m=[32m"text-xl sm:text-2xl font-bold text-white mb-4"[31m
            [36m>[31m
              [0mAll Users ([0m
              [0m0[0m
              [0m)[0m
            [36m</h2>[31m
            [36m<div[31m
              [33mclass[31m=[32m"bg-slate-800 bg-opacity-60 backdrop-blur-xl p-6 sm:p-8 rounded-3xl border border-slate-700 
border-opacity-50 text-center"[31m
            [36m>[31m
              [36m<p[31m
                [33mclass[31m=[32m"text-slate-400 text-sm sm:text-base"[31m
              [36m>[31m
                [0mNo users found[0m
              [36m</p>[31m
            [36m</div>[31m
          [36m</div>[31m
        [36m</div>[31m
      [36m</div>[31m
    [36m</div>[31m
  [36m</body>[31m
[36m</html>[31m[39m
[36m [2mΓ¥»[22m src/tests/AdminDashboard.test.jsx:[2m197:36[22m[39m
    [90m195| [39m    [35mawait[39m [34mwaitFor[39m(() [33m=>[39m {
    [90m196| [39m      [35mconst[39m deleteButtons [33m=[39m 
screen[33m.[39m[34mqueryAllByText[39m([36m/Delete|delete/i[39m)[33m;[39m
    [90m197| [39m      
[34mexpect[39m(deleteButtons[33m.[39mlength)[33m.[39m[34mtoBeGreaterThan[39m([34m0[39m)[33m;[39m
    [90m   | [39m                                   [31m^[39m
    [90m198| [39m    })[33m;[39m
    [90m199| [39m  })[33m;[39m
[90m [2mΓ¥»[22m runWithExpensiveErrorDiagnosticsDisabled 
node_modules/@testing-library/dom/dist/config.js:[2m47:12[22m[39m
[90m [2mΓ¥»[22m checkCallback node_modules/@testing-library/dom/dist/wait-for.js:[2m124:77[22m[39m
[90m [2mΓ¥»[22m Timeout.checkRealTimersCallback node_modules/@testing-library/dom/dist/wait-for.js:[2m118:16[22m[39m

[31m[2mΓÄ»ΓÄ»ΓÄ»ΓÄ»ΓÄ»ΓÄ»ΓÄ»ΓÄ»ΓÄ»ΓÄ»ΓÄ»ΓÄ»ΓÄ»ΓÄ»ΓÄ»ΓÄ»ΓÄ»ΓÄ»ΓÄ»ΓÄ»ΓÄ»ΓÄ»[10/46]ΓÄ»[22m[39m

[31m[1m[7m FAIL [27m[22m[39m src/tests/AdminDashboard.test.jsx[2m > [22mAdminDashboard Component[2m > [22mshould 
switch between Users and Tasks tabs
[31m[1mTestingLibraryElementError[22m[39m: Unable to find an element with the text: /User One/i. This could be because the 
text is broken up by multiple elements. In this case, you can provide a function for your text matcher to make your matcher 
more flexible.

Ignored nodes: comments, script, style
[36m<body>[39m
  [36m<div>[39m
    [36m<div[39m
      [33mclass[39m=[32m"min-h-screen bg-gradient-to-br from-slate-900 via-slate-800 to-slate-900 p-4 sm:p-8"[39m
    [36m>[39m
      [36m<div[39m
        [33mclass[39m=[32m"max-w-6xl mx-auto"[39m
      [36m>[39m
        [36m<div[39m
          [33mclass[39m=[32m"flex flex-col sm:flex-row justify-between items-start sm:items-center mb-8 gap-4"[39m
        [36m>[39m
          [36m<h1[39m
            [33mclass[39m=[32m"text-3xl sm:text-4xl font-extrabold bg-gradient-to-r from-purple-400 to-pink-300 
bg-clip-text text-transparent"[39m
          [36m>[39m
            [0mAdmin Dashboard[0m
          [36m</h1>[39m
          [36m<button[39m
            [33mclass[39m=[32m"w-full sm:w-auto bg-red-500 hover:bg-red-600 text-white font-bold py-2 px-6 rounded-2xl 
transition-all duration-300 text-sm sm:text-base"[39m
          [36m>[39m
            [0mLogout[0m
          [36m</button>[39m
        [36m</div>[39m
        [36m<div[39m
          [33mclass[39m=[32m"flex gap-2 sm:gap-4 mb-8 flex-wrap"[39m
        [36m>[39m
          [36m<button[39m
            [33mclass[39m=[32m"px-4 sm:px-6 py-2 sm:py-3 rounded-2xl font-bold transition-all duration-300 text-sm 
sm:text-base bg-gradient-to-r from-purple-600 to-pink-500 text-white shadow-lg"[39m
          [36m>[39m
            [0mUsers[0m
          [36m</button>[39m
          [36m<button[39m
            [33mclass[39m=[32m"px-4 sm:px-6 py-2 sm:py-3 rounded-2xl font-bold transition-all duration-300 text-sm 
sm:text-base bg-slate-700 text-slate-300 hover:bg-slate-600"[39m
          [36m>[39m
            [0mTasks[0m
          [36m</button>[39m
        [36m</div>[39m
        [36m<div[39m
          [33mclass[39m=[32m"space-y-4"[39m
        [36m>[39m
          [36m<h2[39m
            [33mclass[39m=[32m"text-xl sm:text-2xl font-bold text-white mb-4"[39m
          [36m>[39m
            [0mAll Users ([0m
            [0m0[0m
            [0m)[0m
          [36m</h2>[39m
          [36m<div[39m
            [33mclass[39m=[32m"bg-slate-800 bg-opacity-60 backdrop-blur-xl p-6 sm:p-8 rounded-3xl border border-slate-700 
border-opacity-50 text-center"[39m
          [36m>[39m
            [36m<p[39m
              [33mclass[39m=[32m"text-slate-400 text-sm sm:text-base"[39m
            [36m>[39m
              [0mNo users found[0m
            [36m</p>[39m
          [36m</div>[39m
        [36m</div>[39m
      [36m</div>[39m
    [36m</div>[39m
  [36m</div>[39m
[36m</body>[39m

Ignored nodes: comments, script, style
[36m<html>[39m
  [36m<head />[39m
  [36m<body>[39m
    [36m<div>[39m
      [36m<div[39m
        [33mclass[39m=[32m"min-h-screen bg-gradient-to-br from-slate-900 via-slate-800 to-slate-900 p-4 sm:p-8"[39m
      [36m>[39m
        [36m<div[39m
          [33mclass[39m=[32m"max-w-6xl mx-auto"[39m
        [36m>[39m
          [36m<div[39m
            [33mclass[39m=[32m"flex flex-col sm:flex-row justify-between items-start sm:items-center mb-8 gap-4"[39m
          [36m>[39m
            [36m<h1[39m
              [33mclass[39m=[32m"text-3xl sm:text-4xl font-extrabold bg-gradient-to-r from-purple-400 to-pink-300 
bg-clip-text text-transparent"[39m
            [36m>[39m
              [0mAdmin Dashboard[0m
            [36m</h1>[39m
            [36m<button[39m
              [33mclass[39m=[32m"w-full sm:w-auto bg-red-500 hover:bg-red-600 text-white font-bold py-2 px-6 rounded-2xl 
transition-all duration-300 text-sm sm:text-base"[39m
            [36m>[39m
              [0mLogout[0m
            [36m</button>[39m
          [36m</div>[39m
          [36m<div[39m
            [33mclass[39m=[32m"flex gap-2 sm:gap-4 mb-8 flex-wrap"[39m
          [36m>[39m
            [36m<button[39m
              [33mclass[39m=[32m"px-4 sm:px-6 py-2 sm:py-3 rounded-2xl font-bold transition-all duration-300 text-sm 
sm:text-base bg-gradient-to-r from-purple-600 to-pink-500 text-white shadow-lg"[39m
            [36m>[39m
              [0mUsers[0m
            [36m</button>[39m
            [36m<button[39m
              [33mclass[39m=[32m"px-4 sm:px-6 py-2 sm:py-3 rounded-2xl font-bold transition-all duration-300 text-sm 
sm:text-base bg-slate-700 text-slate-300 hover:bg-slate-600"[39m
            [36m>[39m
              [0mTasks[0m
            [36m</button>[39m
          [36m</div>[39m
          [36m<div[39m
            [33mclass[39m=[32m"space-y-4"[39m
          [36m>[39m
            [36m<h2[39m
              [33mclass[39m=[32m"text-xl sm:text-2xl font-bold text-white mb-4"[39m
            [36m>[39m
              [0mAll Users ([0m
              [0m0[0m
              [0m)[0m
            [36m</h2>[39m
            [36m<div[39m
              [33mclass[39m=[32m"bg-slate-800 bg-opacity-60 backdrop-blur-xl p-6 sm:p-8 rounded-3xl border border-slate-700 
border-opacity-50 text-center"[39m
            [36m>[39m
              [36m<p[39m
                [33mclass[39m=[32m"text-slate-400 text-sm sm:text-base"[39m
              [36m>[39m
                [0mNo users found[0m
              [36m</p>[39m
            [36m</div>[39m
          [36m</div>[39m
        [36m</div>[39m
      [36m</div>[39m
    [36m</div>[39m
  [36m</body>[39m
[36m</html>[39m
[90m [2mΓ¥»[22m Proxy.waitForWrapper node_modules/@testing-library/dom/dist/wait-for.js:[2m163:27[22m[39m
[36m [2mΓ¥»[22m src/tests/AdminDashboard.test.jsx:[2m204:11[22m[39m
    [90m202| [39m    [34mrenderWithRouter[39m([33m<[39m[33mAdminDashboard[39m [33m/[39m[33m>[39m)[33m;[39m
    [90m203| [39m
    [90m204| [39m    [35mawait[39m [34mwaitFor[39m(() [33m=>[39m {
    [90m   | [39m          [31m^[39m
    [90m205| [39m      [34mexpect[39m(screen[33m.[39m[34mgetByText[39m([36m/User 
One/i[39m))[33m.[39m[34mtoBeTruthy[39m()[33m;[39m
    [90m206| [39m    })[33m;[39m

[31m[2mΓÄ»ΓÄ»ΓÄ»ΓÄ»ΓÄ»ΓÄ»ΓÄ»ΓÄ»ΓÄ»ΓÄ»ΓÄ»ΓÄ»ΓÄ»ΓÄ»ΓÄ»ΓÄ»ΓÄ»ΓÄ»ΓÄ»ΓÄ»ΓÄ»ΓÄ»[11/46]ΓÄ»[22m[39m

[31m[1m[7m FAIL [27m[22m[39m src/tests/AdminDashboard.test.jsx[2m > [22mAdminDashboard Component[2m > [22mshould 
display responsive user card layout
[31m[1mAssertionError[22m: expected 0 to be greater than 0

Ignored nodes: comments, script, style
[36m<html>[31m
  [36m<head />[31m
  [36m<body>[31m
    [36m<div>[31m
      [36m<div[31m
        [33mclass[31m=[32m"min-h-screen bg-gradient-to-br from-slate-900 via-slate-800 to-slate-900 p-4 sm:p-8"[31m
      [36m>[31m
        [36m<div[31m
          [33mclass[31m=[32m"max-w-6xl mx-auto"[31m
        [36m>[31m
          [36m<div[31m
            [33mclass[31m=[32m"flex flex-col sm:flex-row justify-between items-start sm:items-center mb-8 gap-4"[31m
          [36m>[31m
            [36m<h1[31m
              [33mclass[31m=[32m"text-3xl sm:text-4xl font-extrabold bg-gradient-to-r from-purple-400 to-pink-300 
bg-clip-text text-transparent"[31m
            [36m>[31m
              [0mAdmin Dashboard[0m
            [36m</h1>[31m
            [36m<button[31m
              [33mclass[31m=[32m"w-full sm:w-auto bg-red-500 hover:bg-red-600 text-white font-bold py-2 px-6 rounded-2xl 
transition-all duration-300 text-sm sm:text-base"[31m
            [36m>[31m
              [0mLogout[0m
            [36m</button>[31m
          [36m</div>[31m
          [36m<div[31m
            [33mclass[31m=[32m"flex gap-2 sm:gap-4 mb-8 flex-wrap"[31m
          [36m>[31m
            [36m<button[31m
              [33mclass[31m=[32m"px-4 sm:px-6 py-2 sm:py-3 rounded-2xl font-bold transition-all duration-300 text-sm 
sm:text-base bg-gradient-to-r from-purple-600 to-pink-500 text-white shadow-lg"[31m
            [36m>[31m
              [0mUsers[0m
            [36m</button>[31m
            [36m<button[31m
              [33mclass[31m=[32m"px-4 sm:px-6 py-2 sm:py-3 rounded-2xl font-bold transition-all duration-300 text-sm 
sm:text-base bg-slate-700 text-slate-300 hover:bg-slate-600"[31m
            [36m>[31m
              [0mTasks[0m
            [36m</button>[31m
          [36m</div>[31m
          [36m<div[31m
            [33mclass[31m=[32m"space-y-4"[31m
          [36m>[31m
            [36m<h2[31m
              [33mclass[31m=[32m"text-xl sm:text-2xl font-bold text-white mb-4"[31m
            [36m>[31m
              [0mAll Users ([0m
              [0m0[0m
              [0m)[0m
            [36m</h2>[31m
            [36m<div[31m
              [33mclass[31m=[32m"bg-slate-800 bg-opacity-60 backdrop-blur-xl p-6 sm:p-8 rounded-3xl border border-slate-700 
border-opacity-50 text-center"[31m
            [36m>[31m
              [36m<p[31m
                [33mclass[31m=[32m"text-slate-400 text-sm sm:text-base"[31m
              [36m>[31m
                [0mNo users found[0m
              [36m</p>[31m
            [36m</div>[31m
          [36m</div>[31m
        [36m</div>[31m
      [36m</div>[31m
    [36m</div>[31m
  [36m</body>[31m
[36m</html>[31m[39m
[36m [2mΓ¥»[22m src/tests/AdminDashboard.test.jsx:[2m223:28[22m[39m
    [90m221| [39m                   container[33m.[39m[34mquerySelectorAll[39m([32m'[class*="border"]'[39m) 
[33m||[39m
    [90m222| [39m                   container[33m.[39m[34mquerySelectorAll[39m([32m'[class*="p-"]'[39m)[33m;[39m
    [90m223| [39m      [34mexpect[39m(cards[33m.[39mlength)[33m.[39m[34mtoBeGreaterThan[39m([34m0[39m)[33m;[39m
    [90m   | [39m                           [31m^[39m
    [90m224| [39m    })[33m;[39m
    [90m225| [39m  })[33m;[39m
[90m [2mΓ¥»[22m runWithExpensiveErrorDiagnosticsDisabled 
node_modules/@testing-library/dom/dist/config.js:[2m47:12[22m[39m
[90m [2mΓ¥»[22m checkCallback node_modules/@testing-library/dom/dist/wait-for.js:[2m124:77[22m[39m
[90m [2mΓ¥»[22m Timeout.checkRealTimersCallback node_modules/@testing-library/dom/dist/wait-for.js:[2m118:16[22m[39m

[31m[2mΓÄ»ΓÄ»ΓÄ»ΓÄ»ΓÄ»ΓÄ»ΓÄ»ΓÄ»ΓÄ»ΓÄ»ΓÄ»ΓÄ»ΓÄ»ΓÄ»ΓÄ»ΓÄ»ΓÄ»ΓÄ»ΓÄ»ΓÄ»ΓÄ»ΓÄ»[12/46]ΓÄ»[22m[39m

[31m[1m[7m FAIL [27m[22m[39m src/tests/AdminDashboard.test.jsx[2m > [22mAdminDashboard Component[2m > [22mshould 
display responsive task card layout
[31m[1mAssertionError[22m: expected 0 to be greater than 0

Ignored nodes: comments, script, style
[36m<html>[31m
  [36m<head />[31m
  [36m<body>[31m
    [36m<div>[31m
      [36m<div[31m
        [33mclass[31m=[32m"min-h-screen bg-gradient-to-br from-slate-900 via-slate-800 to-slate-900 p-4 sm:p-8"[31m
      [36m>[31m
        [36m<div[31m
          [33mclass[31m=[32m"max-w-6xl mx-auto"[31m
        [36m>[31m
          [36m<div[31m
            [33mclass[31m=[32m"flex flex-col sm:flex-row justify-between items-start sm:items-center mb-8 gap-4"[31m
          [36m>[31m
            [36m<h1[31m
              [33mclass[31m=[32m"text-3xl sm:text-4xl font-extrabold bg-gradient-to-r from-purple-400 to-pink-300 
bg-clip-text text-transparent"[31m
            [36m>[31m
              [0mAdmin Dashboard[0m
            [36m</h1>[31m
            [36m<button[31m
              [33mclass[31m=[32m"w-full sm:w-auto bg-red-500 hover:bg-red-600 text-white font-bold py-2 px-6 rounded-2xl 
transition-all duration-300 text-sm sm:text-base"[31m
            [36m>[31m
              [0mLogout[0m
            [36m</button>[31m
          [36m</div>[31m
          [36m<div[31m
            [33mclass[31m=[32m"flex gap-2 sm:gap-4 mb-8 flex-wrap"[31m
          [36m>[31m
            [36m<button[31m
              [33mclass[31m=[32m"px-4 sm:px-6 py-2 sm:py-3 rounded-2xl font-bold transition-all duration-300 text-sm 
sm:text-base bg-gradient-to-r from-purple-600 to-pink-500 text-white shadow-lg"[31m
            [36m>[31m
              [0mUsers[0m
            [36m</button>[31m
            [36m<button[31m
              [33mclass[31m=[32m"px-4 sm:px-6 py-2 sm:py-3 rounded-2xl font-bold transition-all duration-300 text-sm 
sm:text-base bg-slate-700 text-slate-300 hover:bg-slate-600"[31m
            [36m>[31m
              [0mTasks[0m
            [36m</button>[31m
          [36m</div>[31m
          [36m<div[31m
            [33mclass[31m=[32m"space-y-4"[31m
          [36m>[31m
            [36m<h2[31m
              [33mclass[31m=[32m"text-xl sm:text-2xl font-bold text-white mb-4"[31m
            [36m>[31m
              [0mAll Users ([0m
              [0m0[0m
              [0m)[0m
            [36m</h2>[31m
            [36m<div[31m
              [33mclass[31m=[32m"bg-slate-800 bg-opacity-60 backdrop-blur-xl p-6 sm:p-8 rounded-3xl border border-slate-700 
border-opacity-50 text-center"[31m
            [36m>[31m
              [36m<p[31m
                [33mclass[31m=[32m"text-slate-400 text-sm sm:text-base"[31m
              [36m>[31m
                [0mNo users found[0m
              [36m</p>[31m
            [36m</div>[31m
          [36m</div>[31m
        [36m</div>[31m
      [36m</div>[31m
    [36m</div>[31m
  [36m</body>[31m
[36m</html>[31m[39m
[36m [2mΓ¥»[22m src/tests/AdminDashboard.test.jsx:[2m233:28[22m[39m
    [90m231| [39m      [35mconst[39m cards [33m=[39m 
container[33m.[39m[34mquerySelectorAll[39m([32m'[class*="card"]'[39m) [33m||[39m
    [90m232| [39m                   container[33m.[39m[34mquerySelectorAll[39m([32m'[class*="border"]'[39m)[33m;[39m
    [90m233| [39m      [34mexpect[39m(cards[33m.[39mlength)[33m.[39m[34mtoBeGreaterThan[39m([34m0[39m)[33m;[39m
    [90m   | [39m                           [31m^[39m
    [90m234| [39m    })[33m;[39m
    [90m235| [39m  })[33m;[39m
[90m [2mΓ¥»[22m runWithExpensiveErrorDiagnosticsDisabled 
node_modules/@testing-library/dom/dist/config.js:[2m47:12[22m[39m
[90m [2mΓ¥»[22m checkCallback node_modules/@testing-library/dom/dist/wait-for.js:[2m124:77[22m[39m
[90m [2mΓ¥»[22m Timeout.checkRealTimersCallback node_modules/@testing-library/dom/dist/wait-for.js:[2m118:16[22m[39m

[31m[2mΓÄ»ΓÄ»ΓÄ»ΓÄ»ΓÄ»ΓÄ»ΓÄ»ΓÄ»ΓÄ»ΓÄ»ΓÄ»ΓÄ»ΓÄ»ΓÄ»ΓÄ»ΓÄ»ΓÄ»ΓÄ»ΓÄ»ΓÄ»ΓÄ»ΓÄ»[13/46]ΓÄ»[22m[39m

[31m[1m[7m FAIL [27m[22m[39m src/tests/AdminDashboard.test.jsx[2m > [22mAdminDashboard Component[2m > [22mshould 
display user management interface
[31m[1mTestingLibraryElementError[22m[39m: Unable to find an element with the text: /User One/i. This could be because the 
text is broken up by multiple elements. In this case, you can provide a function for your text matcher to make your matcher 
more flexible.

Ignored nodes: comments, script, style
[36m<body>[39m
  [36m<div>[39m
    [36m<div[39m
      [33mclass[39m=[32m"min-h-screen bg-gradient-to-br from-slate-900 via-slate-800 to-slate-900 p-4 sm:p-8"[39m
    [36m>[39m
      [36m<div[39m
        [33mclass[39m=[32m"max-w-6xl mx-auto"[39m
      [36m>[39m
        [36m<div[39m
          [33mclass[39m=[32m"flex flex-col sm:flex-row justify-between items-start sm:items-center mb-8 gap-4"[39m
        [36m>[39m
          [36m<h1[39m
            [33mclass[39m=[32m"text-3xl sm:text-4xl font-extrabold bg-gradient-to-r from-purple-400 to-pink-300 
bg-clip-text text-transparent"[39m
          [36m>[39m
            [0mAdmin Dashboard[0m
          [36m</h1>[39m
          [36m<button[39m
            [33mclass[39m=[32m"w-full sm:w-auto bg-red-500 hover:bg-red-600 text-white font-bold py-2 px-6 rounded-2xl 
transition-all duration-300 text-sm sm:text-base"[39m
          [36m>[39m
            [0mLogout[0m
          [36m</button>[39m
        [36m</div>[39m
        [36m<div[39m
          [33mclass[39m=[32m"flex gap-2 sm:gap-4 mb-8 flex-wrap"[39m
        [36m>[39m
          [36m<button[39m
            [33mclass[39m=[32m"px-4 sm:px-6 py-2 sm:py-3 rounded-2xl font-bold transition-all duration-300 text-sm 
sm:text-base bg-gradient-to-r from-purple-600 to-pink-500 text-white shadow-lg"[39m
          [36m>[39m
            [0mUsers[0m
          [36m</button>[39m
          [36m<button[39m
            [33mclass[39m=[32m"px-4 sm:px-6 py-2 sm:py-3 rounded-2xl font-bold transition-all duration-300 text-sm 
sm:text-base bg-slate-700 text-slate-300 hover:bg-slate-600"[39m
          [36m>[39m
            [0mTasks[0m
          [36m</button>[39m
        [36m</div>[39m
        [36m<div[39m
          [33mclass[39m=[32m"space-y-4"[39m
        [36m>[39m
          [36m<h2[39m
            [33mclass[39m=[32m"text-xl sm:text-2xl font-bold text-white mb-4"[39m
          [36m>[39m
            [0mAll Users ([0m
            [0m0[0m
            [0m)[0m
          [36m</h2>[39m
          [36m<div[39m
            [33mclass[39m=[32m"bg-slate-800 bg-opacity-60 backdrop-blur-xl p-6 sm:p-8 rounded-3xl border border-slate-700 
border-opacity-50 text-center"[39m
          [36m>[39m
            [36m<p[39m
              [33mclass[39m=[32m"text-slate-400 text-sm sm:text-base"[39m
            [36m>[39m
              [0mNo users found[0m
            [36m</p>[39m
          [36m</div>[39m
        [36m</div>[39m
      [36m</div>[39m
    [36m</div>[39m
  [36m</div>[39m
[36m</body>[39m

Ignored nodes: comments, script, style
[36m<html>[39m
  [36m<head />[39m
  [36m<body>[39m
    [36m<div>[39m
      [36m<div[39m
        [33mclass[39m=[32m"min-h-screen bg-gradient-to-br from-slate-900 via-slate-800 to-slate-900 p-4 sm:p-8"[39m
      [36m>[39m
        [36m<div[39m
          [33mclass[39m=[32m"max-w-6xl mx-auto"[39m
        [36m>[39m
          [36m<div[39m
            [33mclass[39m=[32m"flex flex-col sm:flex-row justify-between items-start sm:items-center mb-8 gap-4"[39m
          [36m>[39m
            [36m<h1[39m
              [33mclass[39m=[32m"text-3xl sm:text-4xl font-extrabold bg-gradient-to-r from-purple-400 to-pink-300 
bg-clip-text text-transparent"[39m
            [36m>[39m
              [0mAdmin Dashboard[0m
            [36m</h1>[39m
            [36m<button[39m
              [33mclass[39m=[32m"w-full sm:w-auto bg-red-500 hover:bg-red-600 text-white font-bold py-2 px-6 rounded-2xl 
transition-all duration-300 text-sm sm:text-base"[39m
            [36m>[39m
              [0mLogout[0m
            [36m</button>[39m
          [36m</div>[39m
          [36m<div[39m
            [33mclass[39m=[32m"flex gap-2 sm:gap-4 mb-8 flex-wrap"[39m
          [36m>[39m
            [36m<button[39m
              [33mclass[39m=[32m"px-4 sm:px-6 py-2 sm:py-3 rounded-2xl font-bold transition-all duration-300 text-sm 
sm:text-base bg-gradient-to-r from-purple-600 to-pink-500 text-white shadow-lg"[39m
            [36m>[39m
              [0mUsers[0m
            [36m</button>[39m
            [36m<button[39m
              [33mclass[39m=[32m"px-4 sm:px-6 py-2 sm:py-3 rounded-2xl font-bold transition-all duration-300 text-sm 
sm:text-base bg-slate-700 text-slate-300 hover:bg-slate-600"[39m
            [36m>[39m
              [0mTasks[0m
            [36m</button>[39m
          [36m</div>[39m
          [36m<div[39m
            [33mclass[39m=[32m"space-y-4"[39m
          [36m>[39m
            [36m<h2[39m
              [33mclass[39m=[32m"text-xl sm:text-2xl font-bold text-white mb-4"[39m
            [36m>[39m
              [0mAll Users ([0m
              [0m0[0m
              [0m)[0m
            [36m</h2>[39m
            [36m<div[39m
              [33mclass[39m=[32m"bg-slate-800 bg-opacity-60 backdrop-blur-xl p-6 sm:p-8 rounded-3xl border border-slate-700 
border-opacity-50 text-center"[39m
            [36m>[39m
              [36m<p[39m
                [33mclass[39m=[32m"text-slate-400 text-sm sm:text-base"[39m
              [36m>[39m
                [0mNo users found[0m
              [36m</p>[39m
            [36m</div>[39m
          [36m</div>[39m
        [36m</div>[39m
      [36m</div>[39m
    [36m</div>[39m
  [36m</body>[39m
[36m</html>[39m
[90m [2mΓ¥»[22m Proxy.waitForWrapper node_modules/@testing-library/dom/dist/wait-for.js:[2m163:27[22m[39m
[36m [2mΓ¥»[22m src/tests/AdminDashboard.test.jsx:[2m247:11[22m[39m
    [90m245| [39m    [35mconst[39m { container } [33m=[39m 
[34mrenderWithRouter[39m([33m<[39m[33mAdminDashboard[39m [33m/[39m[33m>[39m)[33m;[39m
    [90m246| [39m
    [90m247| [39m    [35mawait[39m [34mwaitFor[39m(() [33m=>[39m {
    [90m   | [39m          [31m^[39m
    [90m248| [39m      [35mconst[39m userSection [33m=[39m 
container[33m.[39m[34mquerySelector[39m([32m'[class*="user"]'[39m) [33m||[39m
    [90m249| [39m                         screen[33m.[39m[34mgetByText[39m([36m/User One/i[39m)[33m;[39m

[31m[2mΓÄ»ΓÄ»ΓÄ»ΓÄ»ΓÄ»ΓÄ»ΓÄ»ΓÄ»ΓÄ»ΓÄ»ΓÄ»ΓÄ»ΓÄ»ΓÄ»ΓÄ»ΓÄ»ΓÄ»ΓÄ»ΓÄ»ΓÄ»ΓÄ»ΓÄ»[14/46]ΓÄ»[22m[39m

[31m[1m[7m FAIL [27m[22m[39m src/tests/AdminDashboard.test.jsx[2m > [22mAdminDashboard Component[2m > [22mshould 
display task management interface
[31m[1mTestingLibraryElementError[22m[39m: Unable to find an element with the text: /Admin Task/i. This could be because 
the text is broken up by multiple elements. In this case, you can provide a function for your text matcher to make your 
matcher more flexible.

Ignored nodes: comments, script, style
[36m<body>[39m
  [36m<div>[39m
    [36m<div[39m
      [33mclass[39m=[32m"min-h-screen bg-gradient-to-br from-slate-900 via-slate-800 to-slate-900 p-4 sm:p-8"[39m
    [36m>[39m
      [36m<div[39m
        [33mclass[39m=[32m"max-w-6xl mx-auto"[39m
      [36m>[39m
        [36m<div[39m
          [33mclass[39m=[32m"flex flex-col sm:flex-row justify-between items-start sm:items-center mb-8 gap-4"[39m
        [36m>[39m
          [36m<h1[39m
            [33mclass[39m=[32m"text-3xl sm:text-4xl font-extrabold bg-gradient-to-r from-purple-400 to-pink-300 
bg-clip-text text-transparent"[39m
          [36m>[39m
            [0mAdmin Dashboard[0m
          [36m</h1>[39m
          [36m<button[39m
            [33mclass[39m=[32m"w-full sm:w-auto bg-red-500 hover:bg-red-600 text-white font-bold py-2 px-6 rounded-2xl 
transition-all duration-300 text-sm sm:text-base"[39m
          [36m>[39m
            [0mLogout[0m
          [36m</button>[39m
        [36m</div>[39m
        [36m<div[39m
          [33mclass[39m=[32m"flex gap-2 sm:gap-4 mb-8 flex-wrap"[39m
        [36m>[39m
          [36m<button[39m
            [33mclass[39m=[32m"px-4 sm:px-6 py-2 sm:py-3 rounded-2xl font-bold transition-all duration-300 text-sm 
sm:text-base bg-gradient-to-r from-purple-600 to-pink-500 text-white shadow-lg"[39m
          [36m>[39m
            [0mUsers[0m
          [36m</button>[39m
          [36m<button[39m
            [33mclass[39m=[32m"px-4 sm:px-6 py-2 sm:py-3 rounded-2xl font-bold transition-all duration-300 text-sm 
sm:text-base bg-slate-700 text-slate-300 hover:bg-slate-600"[39m
          [36m>[39m
            [0mTasks[0m
          [36m</button>[39m
        [36m</div>[39m
        [36m<div[39m
          [33mclass[39m=[32m"space-y-4"[39m
        [36m>[39m
          [36m<h2[39m
            [33mclass[39m=[32m"text-xl sm:text-2xl font-bold text-white mb-4"[39m
          [36m>[39m
            [0mAll Users ([0m
            [0m0[0m
            [0m)[0m
          [36m</h2>[39m
          [36m<div[39m
            [33mclass[39m=[32m"bg-slate-800 bg-opacity-60 backdrop-blur-xl p-6 sm:p-8 rounded-3xl border border-slate-700 
border-opacity-50 text-center"[39m
          [36m>[39m
            [36m<p[39m
              [33mclass[39m=[32m"text-slate-400 text-sm sm:text-base"[39m
            [36m>[39m
              [0mNo users found[0m
            [36m</p>[39m
          [36m</div>[39m
        [36m</div>[39m
      [36m</div>[39m
    [36m</div>[39m
  [36m</div>[39m
[36m</body>[39m

Ignored nodes: comments, script, style
[36m<html>[39m
  [36m<head />[39m
  [36m<body>[39m
    [36m<div>[39m
      [36m<div[39m
        [33mclass[39m=[32m"min-h-screen bg-gradient-to-br from-slate-900 via-slate-800 to-slate-900 p-4 sm:p-8"[39m
      [36m>[39m
        [36m<div[39m
          [33mclass[39m=[32m"max-w-6xl mx-auto"[39m
        [36m>[39m
          [36m<div[39m
            [33mclass[39m=[32m"flex flex-col sm:flex-row justify-between items-start sm:items-center mb-8 gap-4"[39m
          [36m>[39m
            [36m<h1[39m
              [33mclass[39m=[32m"text-3xl sm:text-4xl font-extrabold bg-gradient-to-r from-purple-400 to-pink-300 
bg-clip-text text-transparent"[39m
            [36m>[39m
              [0mAdmin Dashboard[0m
            [36m</h1>[39m
            [36m<button[39m
              [33mclass[39m=[32m"w-full sm:w-auto bg-red-500 hover:bg-red-600 text-white font-bold py-2 px-6 rounded-2xl 
transition-all duration-300 text-sm sm:text-base"[39m
            [36m>[39m
              [0mLogout[0m
            [36m</button>[39m
          [36m</div>[39m
          [36m<div[39m
            [33mclass[39m=[32m"flex gap-2 sm:gap-4 mb-8 flex-wrap"[39m
          [36m>[39m
            [36m<button[39m
              [33mclass[39m=[32m"px-4 sm:px-6 py-2 sm:py-3 rounded-2xl font-bold transition-all duration-300 text-sm 
sm:text-base bg-gradient-to-r from-purple-600 to-pink-500 text-white shadow-lg"[39m
            [36m>[39m
              [0mUsers[0m
            [36m</button>[39m
            [36m<button[39m
              [33mclass[39m=[32m"px-4 sm:px-6 py-2 sm:py-3 rounded-2xl font-bold transition-all duration-300 text-sm 
sm:text-base bg-slate-700 text-slate-300 hover:bg-slate-600"[39m
            [36m>[39m
              [0mTasks[0m
            [36m</button>[39m
          [36m</div>[39m
          [36m<div[39m
            [33mclass[39m=[32m"space-y-4"[39m
          [36m>[39m
            [36m<h2[39m
              [33mclass[39m=[32m"text-xl sm:text-2xl font-bold text-white mb-4"[39m
            [36m>[39m
              [0mAll Users ([0m
              [0m0[0m
              [0m)[0m
            [36m</h2>[39m
            [36m<div[39m
              [33mclass[39m=[32m"bg-slate-800 bg-opacity-60 backdrop-blur-xl p-6 sm:p-8 rounded-3xl border border-slate-700 
border-opacity-50 text-center"[39m
            [36m>[39m
              [36m<p[39m
                [33mclass[39m=[32m"text-slate-400 text-sm sm:text-base"[39m
              [36m>[39m
                [0mNo users found[0m
              [36m</p>[39m
            [36m</div>[39m
          [36m</div>[39m
        [36m</div>[39m
      [36m</div>[39m
    [36m</div>[39m
  [36m</body>[39m
[36m</html>[39m
[90m [2mΓ¥»[22m Proxy.waitForWrapper node_modules/@testing-library/dom/dist/wait-for.js:[2m163:27[22m[39m
[36m [2mΓ¥»[22m src/tests/AdminDashboard.test.jsx:[2m257:11[22m[39m
    [90m255| [39m    [35mconst[39m { container } [33m=[39m 
[34mrenderWithRouter[39m([33m<[39m[33mAdminDashboard[39m [33m/[39m[33m>[39m)[33m;[39m
    [90m256| [39m
    [90m257| [39m    [35mawait[39m [34mwaitFor[39m(() [33m=>[39m {
    [90m   | [39m          [31m^[39m
    [90m258| [39m      [35mconst[39m taskSection [33m=[39m 
container[33m.[39m[34mquerySelector[39m([32m'[class*="task"]'[39m) [33m||[39m
    [90m259| [39m                         screen[33m.[39m[34mgetByText[39m([36m/Admin Task/i[39m)[33m;[39m

[31m[2mΓÄ»ΓÄ»ΓÄ»ΓÄ»ΓÄ»ΓÄ»ΓÄ»ΓÄ»ΓÄ»ΓÄ»ΓÄ»ΓÄ»ΓÄ»ΓÄ»ΓÄ»ΓÄ»ΓÄ»ΓÄ»ΓÄ»ΓÄ»ΓÄ»ΓÄ»[15/46]ΓÄ»[22m[39m

[31m[1m[7m FAIL [27m[22m[39m src/tests/AdminDashboard.test.jsx[2m > [22mAdminDashboard Component[2m > [22mshould 
handle empty user list
[31m[1mAssertionError[22m: expected "spy" to be called with arguments: [ '/admin/users' ][90m

Received: 

[31m[90m

Number of calls: [1m0[22m
[31m

Ignored nodes: comments, script, style
[36m<html>[31m
  [36m<head />[31m
  [36m<body>[31m
    [36m<div>[31m
      [36m<div[31m
        [33mclass[31m=[32m"min-h-screen bg-gradient-to-br from-slate-900 via-slate-800 to-slate-900 p-4 sm:p-8"[31m
      [36m>[31m
        [36m<div[31m
          [33mclass[31m=[32m"max-w-6xl mx-auto"[31m
        [36m>[31m
          [36m<div[31m
            [33mclass[31m=[32m"flex flex-col sm:flex-row justify-between items-start sm:items-center mb-8 gap-4"[31m
          [36m>[31m
            [36m<h1[31m
              [33mclass[31m=[32m"text-3xl sm:text-4xl font-extrabold bg-gradient-to-r from-purple-400 to-pink-300 
bg-clip-text text-transparent"[31m
            [36m>[31m
              [0mAdmin Dashboard[0m
            [36m</h1>[31m
            [36m<button[31m
              [33mclass[31m=[32m"w-full sm:w-auto bg-red-500 hover:bg-red-600 text-white font-bold py-2 px-6 rounded-2xl 
transition-all duration-300 text-sm sm:text-base"[31m
            [36m>[31m
              [0mLogout[0m
            [36m</button>[31m
          [36m</div>[31m
          [36m<div[31m
            [33mclass[31m=[32m"flex gap-2 sm:gap-4 mb-8 flex-wrap"[31m
          [36m>[31m
            [36m<button[31m
              [33mclass[31m=[32m"px-4 sm:px-6 py-2 sm:py-3 rounded-2xl font-bold transition-all duration-300 text-sm 
sm:text-base bg-gradient-to-r from-purple-600 to-pink-500 text-white shadow-lg"[31m
            [36m>[31m
              [0mUsers[0m
            [36m</button>[31m
            [36m<button[31m
              [33mclass[31m=[32m"px-4 sm:px-6 py-2 sm:py-3 rounded-2xl font-bold transition-all duration-300 text-sm 
sm:text-base bg-slate-700 text-slate-300 hover:bg-slate-600"[31m
            [36m>[31m
              [0mTasks[0m
            [36m</button>[31m
          [36m</div>[31m
          [36m<div[31m
            [33mclass[31m=[32m"space-y-4"[31m
          [36m>[31m
            [36m<h2[31m
              [33mclass[31m=[32m"text-xl sm:text-2xl font-bold text-white mb-4"[31m
            [36m>[31m
              [0mAll Users ([0m
              [0m0[0m
              [0m)[0m
            [36m</h2>[31m
            [36m<div[31m
              [33mclass[31m=[32m"bg-slate-800 bg-opacity-60 backdrop-blur-xl p-6 sm:p-8 rounded-3xl border border-slate-700 
border-opacity-50 text-center"[31m
            [36m>[31m
              [36m<p[31m
                [33mclass[31m=[32m"text-slate-400 text-sm sm:text-base"[31m
              [36m>[31m
                [0mNo users found[0m
              [36m</p>[31m
            [36m</div>[31m
          [36m</div>[31m
        [36m</div>[31m
      [36m</div>[31m
    [36m</div>[31m
  [36m</body>[31m
[36m</html>[31m[39m
[36m [2mΓ¥»[22m src/tests/AdminDashboard.test.jsx:[2m275:23[22m[39m
    [90m273| [39m
    [90m274| [39m    [35mawait[39m [34mwaitFor[39m(() [33m=>[39m {
    [90m275| [39m      [34mexpect[39m([33mAPI[39m[33m.[39m[35mget[39m)[33m.[39m[34mtoHaveBeenCalledWith[39m([32m
'/admin/users'[39m)[33m;[39m
    [90m   | [39m                      [31m^[39m
    [90m276| [39m    })[33m;[39m
    [90m277| [39m  })[33m;[39m
[90m [2mΓ¥»[22m runWithExpensiveErrorDiagnosticsDisabled 
node_modules/@testing-library/dom/dist/config.js:[2m47:12[22m[39m
[90m [2mΓ¥»[22m checkCallback node_modules/@testing-library/dom/dist/wait-for.js:[2m124:77[22m[39m
[90m [2mΓ¥»[22m Timeout.checkRealTimersCallback node_modules/@testing-library/dom/dist/wait-for.js:[2m118:16[22m[39m

[31m[2mΓÄ»ΓÄ»ΓÄ»ΓÄ»ΓÄ»ΓÄ»ΓÄ»ΓÄ»ΓÄ»ΓÄ»ΓÄ»ΓÄ»ΓÄ»ΓÄ»ΓÄ»ΓÄ»ΓÄ»ΓÄ»ΓÄ»ΓÄ»ΓÄ»ΓÄ»[16/46]ΓÄ»[22m[39m

[31m[1m[7m FAIL [27m[22m[39m src/tests/AdminDashboard.test.jsx[2m > [22mAdminDashboard Component[2m > [22mshould 
handle empty task list
[31m[1mAssertionError[22m: expected "spy" to be called with arguments: [ '/admin/tasks' ][90m

Received: 

[31m[90m

Number of calls: [1m0[22m
[31m

Ignored nodes: comments, script, style
[36m<html>[31m
  [36m<head />[31m
  [36m<body>[31m
    [36m<div>[31m
      [36m<div[31m
        [33mclass[31m=[32m"min-h-screen bg-gradient-to-br from-slate-900 via-slate-800 to-slate-900 p-4 sm:p-8"[31m
      [36m>[31m
        [36m<div[31m
          [33mclass[31m=[32m"max-w-6xl mx-auto"[31m
        [36m>[31m
          [36m<div[31m
            [33mclass[31m=[32m"flex flex-col sm:flex-row justify-between items-start sm:items-center mb-8 gap-4"[31m
          [36m>[31m
            [36m<h1[31m
              [33mclass[31m=[32m"text-3xl sm:text-4xl font-extrabold bg-gradient-to-r from-purple-400 to-pink-300 
bg-clip-text text-transparent"[31m
            [36m>[31m
              [0mAdmin Dashboard[0m
            [36m</h1>[31m
            [36m<button[31m
              [33mclass[31m=[32m"w-full sm:w-auto bg-red-500 hover:bg-red-600 text-white font-bold py-2 px-6 rounded-2xl 
transition-all duration-300 text-sm sm:text-base"[31m
            [36m>[31m
              [0mLogout[0m
            [36m</button>[31m
          [36m</div>[31m
          [36m<div[31m
            [33mclass[31m=[32m"flex gap-2 sm:gap-4 mb-8 flex-wrap"[31m
          [36m>[31m
            [36m<button[31m
              [33mclass[31m=[32m"px-4 sm:px-6 py-2 sm:py-3 rounded-2xl font-bold transition-all duration-300 text-sm 
sm:text-base bg-gradient-to-r from-purple-600 to-pink-500 text-white shadow-lg"[31m
            [36m>[31m
              [0mUsers[0m
            [36m</button>[31m
            [36m<button[31m
              [33mclass[31m=[32m"px-4 sm:px-6 py-2 sm:py-3 rounded-2xl font-bold transition-all duration-300 text-sm 
sm:text-base bg-slate-700 text-slate-300 hover:bg-slate-600"[31m
            [36m>[31m
              [0mTasks[0m
            [36m</button>[31m
          [36m</div>[31m
          [36m<div[31m
            [33mclass[31m=[32m"space-y-4"[31m
          [36m>[31m
            [36m<h2[31m
              [33mclass[31m=[32m"text-xl sm:text-2xl font-bold text-white mb-4"[31m
            [36m>[31m
              [0mAll Users ([0m
              [0m0[0m
              [0m)[0m
            [36m</h2>[31m
            [36m<div[31m
              [33mclass[31m=[32m"bg-slate-800 bg-opacity-60 backdrop-blur-xl p-6 sm:p-8 rounded-3xl border border-slate-700 
border-opacity-50 text-center"[31m
            [36m>[31m
              [36m<p[31m
                [33mclass[31m=[32m"text-slate-400 text-sm sm:text-base"[31m
              [36m>[31m
                [0mNo users found[0m
              [36m</p>[31m
            [36m</div>[31m
          [36m</div>[31m
        [36m</div>[31m
      [36m</div>[31m
    [36m</div>[31m
  [36m</body>[31m
[36m</html>[31m[39m
[36m [2mΓ¥»[22m src/tests/AdminDashboard.test.jsx:[2m293:23[22m[39m
    [90m291| [39m
    [90m292| [39m    [35mawait[39m [34mwaitFor[39m(() [33m=>[39m {
    [90m293| [39m      [34mexpect[39m([33mAPI[39m[33m.[39m[35mget[39m)[33m.[39m[34mtoHaveBeenCalledWith[39m([32m
'/admin/tasks'[39m)[33m;[39m
    [90m   | [39m                      [31m^[39m
    [90m294| [39m    })[33m;[39m
    [90m295| [39m  })[33m;[39m
[90m [2mΓ¥»[22m runWithExpensiveErrorDiagnosticsDisabled 
node_modules/@testing-library/dom/dist/config.js:[2m47:12[22m[39m
[90m [2mΓ¥»[22m checkCallback node_modules/@testing-library/dom/dist/wait-for.js:[2m124:77[22m[39m
[90m [2mΓ¥»[22m Timeout.checkRealTimersCallback node_modules/@testing-library/dom/dist/wait-for.js:[2m118:16[22m[39m

[31m[2mΓÄ»ΓÄ»ΓÄ»ΓÄ»ΓÄ»ΓÄ»ΓÄ»ΓÄ»ΓÄ»ΓÄ»ΓÄ»ΓÄ»ΓÄ»ΓÄ»ΓÄ»ΓÄ»ΓÄ»ΓÄ»ΓÄ»ΓÄ»ΓÄ»ΓÄ»[17/46]ΓÄ»[22m[39m

[31m[1m[7m FAIL [27m[22m[39m src/tests/AdminDashboard.test.jsx[2m > [22mAdminDashboard Component[2m > [22mshould 
handle API errors gracefully
[31m[1mAssertionError[22m: expected "spy" to be called at least once

Ignored nodes: comments, script, style
[36m<html>[31m
  [36m<head />[31m
  [36m<body>[31m
    [36m<div>[31m
      [36m<div[31m
        [33mclass[31m=[32m"min-h-screen bg-gradient-to-br from-slate-900 via-slate-800 to-slate-900 p-4 sm:p-8"[31m
      [36m>[31m
        [36m<div[31m
          [33mclass[31m=[32m"max-w-6xl mx-auto"[31m
        [36m>[31m
          [36m<div[31m
            [33mclass[31m=[32m"flex flex-col sm:flex-row justify-between items-start sm:items-center mb-8 gap-4"[31m
          [36m>[31m
            [36m<h1[31m
              [33mclass[31m=[32m"text-3xl sm:text-4xl font-extrabold bg-gradient-to-r from-purple-400 to-pink-300 
bg-clip-text text-transparent"[31m
            [36m>[31m
              [0mAdmin Dashboard[0m
            [36m</h1>[31m
            [36m<button[31m
              [33mclass[31m=[32m"w-full sm:w-auto bg-red-500 hover:bg-red-600 text-white font-bold py-2 px-6 rounded-2xl 
transition-all duration-300 text-sm sm:text-base"[31m
            [36m>[31m
              [0mLogout[0m
            [36m</button>[31m
          [36m</div>[31m
          [36m<div[31m
            [33mclass[31m=[32m"flex gap-2 sm:gap-4 mb-8 flex-wrap"[31m
          [36m>[31m
            [36m<button[31m
              [33mclass[31m=[32m"px-4 sm:px-6 py-2 sm:py-3 rounded-2xl font-bold transition-all duration-300 text-sm 
sm:text-base bg-gradient-to-r from-purple-600 to-pink-500 text-white shadow-lg"[31m
            [36m>[31m
              [0mUsers[0m
            [36m</button>[31m
            [36m<button[31m
              [33mclass[31m=[32m"px-4 sm:px-6 py-2 sm:py-3 rounded-2xl font-bold transition-all duration-300 text-sm 
sm:text-base bg-slate-700 text-slate-300 hover:bg-slate-600"[31m
            [36m>[31m
              [0mTasks[0m
            [36m</button>[31m
          [36m</div>[31m
          [36m<div[31m
            [33mclass[31m=[32m"space-y-4"[31m
          [36m>[31m
            [36m<h2[31m
              [33mclass[31m=[32m"text-xl sm:text-2xl font-bold text-white mb-4"[31m
            [36m>[31m
              [0mAll Users ([0m
              [0m0[0m
              [0m)[0m
            [36m</h2>[31m
            [36m<div[31m
              [33mclass[31m=[32m"bg-slate-800 bg-opacity-60 backdrop-blur-xl p-6 sm:p-8 rounded-3xl border border-slate-700 
border-opacity-50 text-center"[31m
            [36m>[31m
              [36m<p[31m
                [33mclass[31m=[32m"text-slate-400 text-sm sm:text-base"[31m
              [36m>[31m
                [0mNo users found[0m
              [36m</p>[31m
            [36m</div>[31m
          [36m</div>[31m
        [36m</div>[31m
      [36m</div>[31m
    [36m</div>[31m
  [36m</body>[31m
[36m</html>[31m[39m
[36m [2mΓ¥»[22m src/tests/AdminDashboard.test.jsx:[2m303:23[22m[39m
    [90m301| [39m
    [90m302| [39m    [35mawait[39m [34mwaitFor[39m(() [33m=>[39m {
    [90m303| [39m      
[34mexpect[39m([33mAPI[39m[33m.[39m[35mget[39m)[33m.[39m[34mtoHaveBeenCalled[39m()[33m;[39m
    [90m   | [39m                      [31m^[39m
    [90m304| [39m    })[33m;[39m
    [90m305| [39m  })[33m;[39m
[90m [2mΓ¥»[22m runWithExpensiveErrorDiagnosticsDisabled 
node_modules/@testing-library/dom/dist/config.js:[2m47:12[22m[39m
[90m [2mΓ¥»[22m checkCallback node_modules/@testing-library/dom/dist/wait-for.js:[2m124:77[22m[39m
[90m [2mΓ¥»[22m Timeout.checkRealTimersCallback node_modules/@testing-library/dom/dist/wait-for.js:[2m118:16[22m[39m

[31m[2mΓÄ»ΓÄ»ΓÄ»ΓÄ»ΓÄ»ΓÄ»ΓÄ»ΓÄ»ΓÄ»ΓÄ»ΓÄ»ΓÄ»ΓÄ»ΓÄ»ΓÄ»ΓÄ»ΓÄ»ΓÄ»ΓÄ»ΓÄ»ΓÄ»ΓÄ»[18/46]ΓÄ»[22m[39m

[31m[1m[7m FAIL [27m[22m[39m src/tests/AdminDashboard.test.jsx[2m > [22mAdminDashboard Component[2m > [22mshould 
show password field in user edit interface
[31m[1mTestingLibraryElementError[22m[39m: Unable to find an element with the text: /User One/i. This could be because the 
text is broken up by multiple elements. In this case, you can provide a function for your text matcher to make your matcher 
more flexible.

Ignored nodes: comments, script, style
[36m<body>[39m
  [36m<div>[39m
    [36m<div[39m
      [33mclass[39m=[32m"min-h-screen bg-gradient-to-br from-slate-900 via-slate-800 to-slate-900 p-4 sm:p-8"[39m
    [36m>[39m
      [36m<div[39m
        [33mclass[39m=[32m"max-w-6xl mx-auto"[39m
      [36m>[39m
        [36m<div[39m
          [33mclass[39m=[32m"flex flex-col sm:flex-row justify-between items-start sm:items-center mb-8 gap-4"[39m
        [36m>[39m
          [36m<h1[39m
            [33mclass[39m=[32m"text-3xl sm:text-4xl font-extrabold bg-gradient-to-r from-purple-400 to-pink-300 
bg-clip-text text-transparent"[39m
          [36m>[39m
            [0mAdmin Dashboard[0m
          [36m</h1>[39m
          [36m<button[39m
            [33mclass[39m=[32m"w-full sm:w-auto bg-red-500 hover:bg-red-600 text-white font-bold py-2 px-6 rounded-2xl 
transition-all duration-300 text-sm sm:text-base"[39m
          [36m>[39m
            [0mLogout[0m
          [36m</button>[39m
        [36m</div>[39m
        [36m<div[39m
          [33mclass[39m=[32m"flex gap-2 sm:gap-4 mb-8 flex-wrap"[39m
        [36m>[39m
          [36m<button[39m
            [33mclass[39m=[32m"px-4 sm:px-6 py-2 sm:py-3 rounded-2xl font-bold transition-all duration-300 text-sm 
sm:text-base bg-gradient-to-r from-purple-600 to-pink-500 text-white shadow-lg"[39m
          [36m>[39m
            [0mUsers[0m
          [36m</button>[39m
          [36m<button[39m
            [33mclass[39m=[32m"px-4 sm:px-6 py-2 sm:py-3 rounded-2xl font-bold transition-all duration-300 text-sm 
sm:text-base bg-slate-700 text-slate-300 hover:bg-slate-600"[39m
          [36m>[39m
            [0mTasks[0m
          [36m</button>[39m
        [36m</div>[39m
        [36m<div[39m
          [33mclass[39m=[32m"space-y-4"[39m
        [36m>[39m
          [36m<h2[39m
            [33mclass[39m=[32m"text-xl sm:text-2xl font-bold text-white mb-4"[39m
          [36m>[39m
            [0mAll Users ([0m
            [0m0[0m
            [0m)[0m
          [36m</h2>[39m
          [36m<div[39m
            [33mclass[39m=[32m"bg-slate-800 bg-opacity-60 backdrop-blur-xl p-6 sm:p-8 rounded-3xl border border-slate-700 
border-opacity-50 text-center"[39m
          [36m>[39m
            [36m<p[39m
              [33mclass[39m=[32m"text-slate-400 text-sm sm:text-base"[39m
            [36m>[39m
              [0mNo users found[0m
            [36m</p>[39m
          [36m</div>[39m
        [36m</div>[39m
      [36m</div>[39m
    [36m</div>[39m
  [36m</div>[39m
[36m</body>[39m

Ignored nodes: comments, script, style
[36m<html>[39m
  [36m<head />[39m
  [36m<body>[39m
    [36m<div>[39m
      [36m<div[39m
        [33mclass[39m=[32m"min-h-screen bg-gradient-to-br from-slate-900 via-slate-800 to-slate-900 p-4 sm:p-8"[39m
      [36m>[39m
        [36m<div[39m
          [33mclass[39m=[32m"max-w-6xl mx-auto"[39m
        [36m>[39m
          [36m<div[39m
            [33mclass[39m=[32m"flex flex-col sm:flex-row justify-between items-start sm:items-center mb-8 gap-4"[39m
          [36m>[39m
            [36m<h1[39m
              [33mclass[39m=[32m"text-3xl sm:text-4xl font-extrabold bg-gradient-to-r from-purple-400 to-pink-300 
bg-clip-text text-transparent"[39m
            [36m>[39m
              [0mAdmin Dashboard[0m
            [36m</h1>[39m
            [36m<button[39m
              [33mclass[39m=[32m"w-full sm:w-auto bg-red-500 hover:bg-red-600 text-white font-bold py-2 px-6 rounded-2xl 
transition-all duration-300 text-sm sm:text-base"[39m
            [36m>[39m
              [0mLogout[0m
            [36m</button>[39m
          [36m</div>[39m
          [36m<div[39m
            [33mclass[39m=[32m"flex gap-2 sm:gap-4 mb-8 flex-wrap"[39m
          [36m>[39m
            [36m<button[39m
              [33mclass[39m=[32m"px-4 sm:px-6 py-2 sm:py-3 rounded-2xl font-bold transition-all duration-300 text-sm 
sm:text-base bg-gradient-to-r from-purple-600 to-pink-500 text-white shadow-lg"[39m
            [36m>[39m
              [0mUsers[0m
            [36m</button>[39m
            [36m<button[39m
              [33mclass[39m=[32m"px-4 sm:px-6 py-2 sm:py-3 rounded-2xl font-bold transition-all duration-300 text-sm 
sm:text-base bg-slate-700 text-slate-300 hover:bg-slate-600"[39m
            [36m>[39m
              [0mTasks[0m
            [36m</button>[39m
          [36m</div>[39m
          [36m<div[39m
            [33mclass[39m=[32m"space-y-4"[39m
          [36m>[39m
            [36m<h2[39m
              [33mclass[39m=[32m"text-xl sm:text-2xl font-bold text-white mb-4"[39m
            [36m>[39m
              [0mAll Users ([0m
              [0m0[0m
              [0m)[0m
            [36m</h2>[39m
            [36m<div[39m
              [33mclass[39m=[32m"bg-slate-800 bg-opacity-60 backdrop-blur-xl p-6 sm:p-8 rounded-3xl border border-slate-700 
border-opacity-50 text-center"[39m
            [36m>[39m
              [36m<p[39m
                [33mclass[39m=[32m"text-slate-400 text-sm sm:text-base"[39m
              [36m>[39m
                [0mNo users found[0m
              [36m</p>[39m
            [36m</div>[39m
          [36m</div>[39m
        [36m</div>[39m
      [36m</div>[39m
    [36m</div>[39m
  [36m</body>[39m
[36m</html>[39m
[90m [2mΓ¥»[22m Proxy.waitForWrapper node_modules/@testing-library/dom/dist/wait-for.js:[2m163:27[22m[39m
[36m [2mΓ¥»[22m src/tests/AdminDashboard.test.jsx:[2m319:11[22m[39m
    [90m317| [39m    [34mrenderWithRouter[39m([33m<[39m[33mAdminDashboard[39m [33m/[39m[33m>[39m)[33m;[39m
    [90m318| [39m
    [90m319| [39m    [35mawait[39m [34mwaitFor[39m(() [33m=>[39m {
    [90m   | [39m          [31m^[39m
    [90m320| [39m      [34mexpect[39m(screen[33m.[39m[34mgetByText[39m([36m/User 
One/i[39m))[33m.[39m[34mtoBeTruthy[39m()[33m;[39m
    [90m321| [39m    })[33m;[39m

[31m[2mΓÄ»ΓÄ»ΓÄ»ΓÄ»ΓÄ»ΓÄ»ΓÄ»ΓÄ»ΓÄ»ΓÄ»ΓÄ»ΓÄ»ΓÄ»ΓÄ»ΓÄ»ΓÄ»ΓÄ»ΓÄ»ΓÄ»ΓÄ»ΓÄ»ΓÄ»[19/46]ΓÄ»[22m[39m

[31m[1m[7m FAIL [27m[22m[39m src/tests/AdminDashboard.test.jsx[2m > [22mAdminDashboard Component[2m > [22mshould 
display user email field
[31m[1mTestingLibraryElementError[22m[39m: Unable to find an element with the text: /user1@example.com/i. This could be 
because the text is broken up by multiple elements. In this case, you can provide a function for your text matcher to make 
your matcher more flexible.

Ignored nodes: comments, script, style
[36m<body>[39m
  [36m<div>[39m
    [36m<div[39m
      [33mclass[39m=[32m"min-h-screen bg-gradient-to-br from-slate-900 via-slate-800 to-slate-900 p-4 sm:p-8"[39m
    [36m>[39m
      [36m<div[39m
        [33mclass[39m=[32m"max-w-6xl mx-auto"[39m
      [36m>[39m
        [36m<div[39m
          [33mclass[39m=[32m"flex flex-col sm:flex-row justify-between items-start sm:items-center mb-8 gap-4"[39m
        [36m>[39m
          [36m<h1[39m
            [33mclass[39m=[32m"text-3xl sm:text-4xl font-extrabold bg-gradient-to-r from-purple-400 to-pink-300 
bg-clip-text text-transparent"[39m
          [36m>[39m
            [0mAdmin Dashboard[0m
          [36m</h1>[39m
          [36m<button[39m
            [33mclass[39m=[32m"w-full sm:w-auto bg-red-500 hover:bg-red-600 text-white font-bold py-2 px-6 rounded-2xl 
transition-all duration-300 text-sm sm:text-base"[39m
          [36m>[39m
            [0mLogout[0m
          [36m</button>[39m
        [36m</div>[39m
        [36m<div[39m
          [33mclass[39m=[32m"flex gap-2 sm:gap-4 mb-8 flex-wrap"[39m
        [36m>[39m
          [36m<button[39m
            [33mclass[39m=[32m"px-4 sm:px-6 py-2 sm:py-3 rounded-2xl font-bold transition-all duration-300 text-sm 
sm:text-base bg-gradient-to-r from-purple-600 to-pink-500 text-white shadow-lg"[39m
          [36m>[39m
            [0mUsers[0m
          [36m</button>[39m
          [36m<button[39m
            [33mclass[39m=[32m"px-4 sm:px-6 py-2 sm:py-3 rounded-2xl font-bold transition-all duration-300 text-sm 
sm:text-base bg-slate-700 text-slate-300 hover:bg-slate-600"[39m
          [36m>[39m
            [0mTasks[0m
          [36m</button>[39m
        [36m</div>[39m
        [36m<div[39m
          [33mclass[39m=[32m"space-y-4"[39m
        [36m>[39m
          [36m<h2[39m
            [33mclass[39m=[32m"text-xl sm:text-2xl font-bold text-white mb-4"[39m
          [36m>[39m
            [0mAll Users ([0m
            [0m0[0m
            [0m)[0m
          [36m</h2>[39m
          [36m<div[39m
            [33mclass[39m=[32m"bg-slate-800 bg-opacity-60 backdrop-blur-xl p-6 sm:p-8 rounded-3xl border border-slate-700 
border-opacity-50 text-center"[39m
          [36m>[39m
            [36m<p[39m
              [33mclass[39m=[32m"text-slate-400 text-sm sm:text-base"[39m
            [36m>[39m
              [0mNo users found[0m
            [36m</p>[39m
          [36m</div>[39m
        [36m</div>[39m
      [36m</div>[39m
    [36m</div>[39m
  [36m</div>[39m
[36m</body>[39m

Ignored nodes: comments, script, style
[36m<html>[39m
  [36m<head />[39m
  [36m<body>[39m
    [36m<div>[39m
      [36m<div[39m
        [33mclass[39m=[32m"min-h-screen bg-gradient-to-br from-slate-900 via-slate-800 to-slate-900 p-4 sm:p-8"[39m
      [36m>[39m
        [36m<div[39m
          [33mclass[39m=[32m"max-w-6xl mx-auto"[39m
        [36m>[39m
          [36m<div[39m
            [33mclass[39m=[32m"flex flex-col sm:flex-row justify-between items-start sm:items-center mb-8 gap-4"[39m
          [36m>[39m
            [36m<h1[39m
              [33mclass[39m=[32m"text-3xl sm:text-4xl font-extrabold bg-gradient-to-r from-purple-400 to-pink-300 
bg-clip-text text-transparent"[39m
            [36m>[39m
              [0mAdmin Dashboard[0m
            [36m</h1>[39m
            [36m<button[39m
              [33mclass[39m=[32m"w-full sm:w-auto bg-red-500 hover:bg-red-600 text-white font-bold py-2 px-6 rounded-2xl 
transition-all duration-300 text-sm sm:text-base"[39m
            [36m>[39m
              [0mLogout[0m
            [36m</button>[39m
          [36m</div>[39m
          [36m<div[39m
            [33mclass[39m=[32m"flex gap-2 sm:gap-4 mb-8 flex-wrap"[39m
          [36m>[39m
            [36m<button[39m
              [33mclass[39m=[32m"px-4 sm:px-6 py-2 sm:py-3 rounded-2xl font-bold transition-all duration-300 text-sm 
sm:text-base bg-gradient-to-r from-purple-600 to-pink-500 text-white shadow-lg"[39m
            [36m>[39m
              [0mUsers[0m
            [36m</button>[39m
            [36m<button[39m
              [33mclass[39m=[32m"px-4 sm:px-6 py-2 sm:py-3 rounded-2xl font-bold transition-all duration-300 text-sm 
sm:text-base bg-slate-700 text-slate-300 hover:bg-slate-600"[39m
            [36m>[39m
              [0mTasks[0m
            [36m</button>[39m
          [36m</div>[39m
          [36m<div[39m
            [33mclass[39m=[32m"space-y-4"[39m
          [36m>[39m
            [36m<h2[39m
              [33mclass[39m=[32m"text-xl sm:text-2xl font-bold text-white mb-4"[39m
            [36m>[39m
              [0mAll Users ([0m
              [0m0[0m
              [0m)[0m
            [36m</h2>[39m
            [36m<div[39m
              [33mclass[39m=[32m"bg-slate-800 bg-opacity-60 backdrop-blur-xl p-6 sm:p-8 rounded-3xl border border-slate-700 
border-opacity-50 text-center"[39m
            [36m>[39m
              [36m<p[39m
                [33mclass[39m=[32m"text-slate-400 text-sm sm:text-base"[39m
              [36m>[39m
                [0mNo users found[0m
              [36m</p>[39m
            [36m</div>[39m
          [36m</div>[39m
        [36m</div>[39m
      [36m</div>[39m
    [36m</div>[39m
  [36m</body>[39m
[36m</html>[39m
[90m [2mΓ¥»[22m Proxy.waitForWrapper node_modules/@testing-library/dom/dist/wait-for.js:[2m163:27[22m[39m
[36m [2mΓ¥»[22m src/tests/AdminDashboard.test.jsx:[2m331:11[22m[39m
    [90m329| [39m    [34mrenderWithRouter[39m([33m<[39m[33mAdminDashboard[39m [33m/[39m[33m>[39m)[33m;[39m
    [90m330| [39m
    [90m331| [39m    [35mawait[39m [34mwaitFor[39m(() [33m=>[39m {
    [90m   | [39m          [31m^[39m
    [90m332| [39m      [34mexpect[39m(screen[33m.[39m[34mgetByText[39m([36m/user1@example.com/i[39m))[33m.[39m[34m
toBeTruthy[39m()[33m;[39m
    [90m333| [39m    })[33m;[39m

[31m[2mΓÄ»ΓÄ»ΓÄ»ΓÄ»ΓÄ»ΓÄ»ΓÄ»ΓÄ»ΓÄ»ΓÄ»ΓÄ»ΓÄ»ΓÄ»ΓÄ»ΓÄ»ΓÄ»ΓÄ»ΓÄ»ΓÄ»ΓÄ»ΓÄ»ΓÄ»[20/46]ΓÄ»[22m[39m

[31m[1m[7m FAIL [27m[22m[39m src/tests/AdminDashboard.test.jsx[2m > [22mAdminDashboard Component[2m > [22mshould 
have grid layout for task cards
[31m[1mAssertionError[22m: expected null to be truthy

Ignored nodes: comments, script, style
[36m<html>[31m
  [36m<head />[31m
  [36m<body>[31m
    [36m<div>[31m
      [36m<div[31m
        [33mclass[31m=[32m"min-h-screen bg-gradient-to-br from-slate-900 via-slate-800 to-slate-900 p-4 sm:p-8"[31m
      [36m>[31m
        [36m<div[31m
          [33mclass[31m=[32m"max-w-6xl mx-auto"[31m
        [36m>[31m
          [36m<div[31m
            [33mclass[31m=[32m"flex flex-col sm:flex-row justify-between items-start sm:items-center mb-8 gap-4"[31m
          [36m>[31m
            [36m<h1[31m
              [33mclass[31m=[32m"text-3xl sm:text-4xl font-extrabold bg-gradient-to-r from-purple-400 to-pink-300 
bg-clip-text text-transparent"[31m
            [36m>[31m
              [0mAdmin Dashboard[0m
            [36m</h1>[31m
            [36m<button[31m
              [33mclass[31m=[32m"w-full sm:w-auto bg-red-500 hover:bg-red-600 text-white font-bold py-2 px-6 rounded-2xl 
transition-all duration-300 text-sm sm:text-base"[31m
            [36m>[31m
              [0mLogout[0m
            [36m</button>[31m
          [36m</div>[31m
          [36m<div[31m
            [33mclass[31m=[32m"flex gap-2 sm:gap-4 mb-8 flex-wrap"[31m
          [36m>[31m
            [36m<button[31m
              [33mclass[31m=[32m"px-4 sm:px-6 py-2 sm:py-3 rounded-2xl font-bold transition-all duration-300 text-sm 
sm:text-base bg-gradient-to-r from-purple-600 to-pink-500 text-white shadow-lg"[31m
            [36m>[31m
              [0mUsers[0m
            [36m</button>[31m
            [36m<button[31m
              [33mclass[31m=[32m"px-4 sm:px-6 py-2 sm:py-3 rounded-2xl font-bold transition-all duration-300 text-sm 
sm:text-base bg-slate-700 text-slate-300 hover:bg-slate-600"[31m
            [36m>[31m
              [0mTasks[0m
            [36m</button>[31m
          [36m</div>[31m
          [36m<div[31m
            [33mclass[31m=[32m"space-y-4"[31m
          [36m>[31m
            [36m<h2[31m
              [33mclass[31m=[32m"text-xl sm:text-2xl font-bold text-white mb-4"[31m
            [36m>[31m
              [0mAll Users ([0m
              [0m0[0m
              [0m)[0m
            [36m</h2>[31m
            [36m<div[31m
              [33mclass[31m=[32m"bg-slate-800 bg-opacity-60 backdrop-blur-xl p-6 sm:p-8 rounded-3xl border border-slate-700 
border-opacity-50 text-center"[31m
            [36m>[31m
              [36m<p[31m
                [33mclass[31m=[32m"text-slate-400 text-sm sm:text-base"[31m
              [36m>[31m
                [0mNo users found[0m
              [36m</p>[31m
            [36m</div>[31m
          [36m</div>[31m
        [36m</div>[31m
      [36m</div>[31m
    [36m</div>[31m
  [36m</body>[31m
[36m</html>[31m[39m

[32m- Expected:[39m 
true

[31m+ Received:[39m 
null

[36m [2mΓ¥»[22m src/tests/AdminDashboard.test.jsx:[2m346:20[22m[39m
    [90m344| [39m    [35mawait[39m [34mwaitFor[39m(() [33m=>[39m {
    [90m345| [39m      [35mconst[39m grid [33m=[39m 
container[33m.[39m[34mquerySelector[39m([32m'[class*="grid"]'[39m)[33m;[39m
    [90m346| [39m      [34mexpect[39m(grid)[33m.[39m[34mtoBeTruthy[39m()[33m;[39m
    [90m   | [39m                   [31m^[39m
    [90m347| [39m    })[33m;[39m
    [90m348| [39m  })[33m;[39m
[90m [2mΓ¥»[22m runWithExpensiveErrorDiagnosticsDisabled 
node_modules/@testing-library/dom/dist/config.js:[2m47:12[22m[39m
[90m [2mΓ¥»[22m checkCallback node_modules/@testing-library/dom/dist/wait-for.js:[2m124:77[22m[39m
[90m [2mΓ¥»[22m Timeout.checkRealTimersCallback node_modules/@testing-library/dom/dist/wait-for.js:[2m118:16[22m[39m

[31m[2mΓÄ»ΓÄ»ΓÄ»ΓÄ»ΓÄ»ΓÄ»ΓÄ»ΓÄ»ΓÄ»ΓÄ»ΓÄ»ΓÄ»ΓÄ»ΓÄ»ΓÄ»ΓÄ»ΓÄ»ΓÄ»ΓÄ»ΓÄ»ΓÄ»ΓÄ»[21/46]ΓÄ»[22m[39m

[31m[1m[7m FAIL [27m[22m[39m src/tests/API.test.js[2m > [22mAPI Configuration[2m > [22mshould add authorization 
header when token exists
[31m[1mAssertionError[22m: expected undefined to be 'test-token-12345' // Object.is equality[39m

[32m- Expected:[39m 
"test-token-12345"

[31m+ Received:[39m 
undefined

[36m [2mΓ¥»[22m src/tests/API.test.js:[2m38:43[22m[39m
    [90m 36| [39m    
    [90m 37| [39m    [90m// The API should have the token in localStorage[39m
    [90m 38| [39m    
[34mexpect[39m(localStorage[33m.[39m[34mgetItem[39m([32m'token'[39m))[33m.[39m[34mtoBe[39m(token)[33m;[39m
    [90m   | [39m                                          [31m^[39m
    [90m 39| [39m  })[33m;[39m
    [90m 40| [39m

[31m[2mΓÄ»ΓÄ»ΓÄ»ΓÄ»ΓÄ»ΓÄ»ΓÄ»ΓÄ»ΓÄ»ΓÄ»ΓÄ»ΓÄ»ΓÄ»ΓÄ»ΓÄ»ΓÄ»ΓÄ»ΓÄ»ΓÄ»ΓÄ»ΓÄ»ΓÄ»[22/46]ΓÄ»[22m[39m

[31m[1m[7m FAIL [27m[22m[39m src/tests/API.test.js[2m > [22mAPI Configuration[2m > [22mshould not add authorization 
header when token is missing
[31m[1mAssertionError[22m: expected undefined to be null[39m

[32m- Expected:[39m 
null

[31m+ Received:[39m 
undefined

[36m [2mΓ¥»[22m src/tests/API.test.js:[2m46:43[22m[39m
    [90m 44| [39m    [35mconst[39m { [35mdefault[39m[33m:[39m [33mAPI[39m } [33m=[39m [35mawait[39m 
[35mimport[39m([32m'../api/api.js'[39m)[33m;[39m
    [90m 45| [39m    
    [90m 46| [39m    
[34mexpect[39m(localStorage[33m.[39m[34mgetItem[39m([32m'token'[39m))[33m.[39m[34mtoBeNull[39m()[33m;[39m
    [90m   | [39m                                          [31m^[39m
    [90m 47| [39m  })[33m;[39m
    [90m 48| [39m})[33m;[39m

[31m[2mΓÄ»ΓÄ»ΓÄ»ΓÄ»ΓÄ»ΓÄ»ΓÄ»ΓÄ»ΓÄ»ΓÄ»ΓÄ»ΓÄ»ΓÄ»ΓÄ»ΓÄ»ΓÄ»ΓÄ»ΓÄ»ΓÄ»ΓÄ»ΓÄ»ΓÄ»[23/46]ΓÄ»[22m[39m

[31m[1m[7m FAIL [27m[22m[39m src/tests/Navbar.test.jsx[2m > [22mNavbar Component[2m > [22mshould render navbar when 
authenticated as user
[31m[1mTestingLibraryElementError[22m: Unable to find an element with the text: My Login. This could be because the text is 
broken up by multiple elements. In this case, you can provide a function for your text matcher to make your matcher more 
flexible.

Ignored nodes: comments, script, style
[36m<body>[31m
  [36m<div />[31m
[36m</body>[31m[39m
[90m [2mΓ¥»[22m Object.getElementError node_modules/@testing-library/dom/dist/config.js:[2m37:19[22m[39m
[90m [2mΓ¥»[22m node_modules/@testing-library/dom/dist/query-helpers.js:[2m76:38[22m[39m
[90m [2mΓ¥»[22m node_modules/@testing-library/dom/dist/query-helpers.js:[2m52:17[22m[39m
[90m [2mΓ¥»[22m node_modules/@testing-library/dom/dist/query-helpers.js:[2m95:19[22m[39m
[36m [2mΓ¥»[22m src/tests/Navbar.test.jsx:[2m37:19[22m[39m
    [90m 35| [39m    [34mrenderNavbar[39m([35mfalse[39m)[33m;[39m
    [90m 36| [39m    
    [90m 37| [39m    [34mexpect[39m(screen[33m.[39m[34mgetByText[39m([32m'My 
Login'[39m))[33m.[39m[34mtoBeInTheDocument[39m()[33m;[39m
    [90m   | [39m                  [31m^[39m
    [90m 38| [39m    [34mexpect[39m(screen[33m.[39m[34mgetByRole[39m([32m'link'[39m[33m,[39m { name[33m:[39m 
[36m/profile/i[39m }))[33m.[39m[34mtoBeInTheDo[39mΓÇª
    [90m 39| [39m    [34mexpect[39m(screen[33m.[39m[34mgetByRole[39m([32m'link'[39m[33m,[39m { name[33m:[39m 
[36m/tasks/i[39m }))[33m.[39m[34mtoBeInTheDocu[39mΓÇª

[31m[2mΓÄ»ΓÄ»ΓÄ»ΓÄ»ΓÄ»ΓÄ»ΓÄ»ΓÄ»ΓÄ»ΓÄ»ΓÄ»ΓÄ»ΓÄ»ΓÄ»ΓÄ»ΓÄ»ΓÄ»ΓÄ»ΓÄ»ΓÄ»ΓÄ»ΓÄ»[24/46]ΓÄ»[22m[39m

[31m[1m[7m FAIL [27m[22m[39m src/tests/Navbar.test.jsx[2m > [22mNavbar Component[2m > [22mshould render admin link 
when authenticated as admin
[31m[1mTestingLibraryElementError[22m: Unable to find an element with the text: My Login. This could be because the text is 
broken up by multiple elements. In this case, you can provide a function for your text matcher to make your matcher more 
flexible.

Ignored nodes: comments, script, style
[36m<body>[31m
  [36m<div />[31m
[36m</body>[31m[39m
[90m [2mΓ¥»[22m Object.getElementError node_modules/@testing-library/dom/dist/config.js:[2m37:19[22m[39m
[90m [2mΓ¥»[22m node_modules/@testing-library/dom/dist/query-helpers.js:[2m76:38[22m[39m
[90m [2mΓ¥»[22m node_modules/@testing-library/dom/dist/query-helpers.js:[2m52:17[22m[39m
[90m [2mΓ¥»[22m node_modules/@testing-library/dom/dist/query-helpers.js:[2m95:19[22m[39m
[36m [2mΓ¥»[22m src/tests/Navbar.test.jsx:[2m45:19[22m[39m
    [90m 43| [39m    [34mrenderNavbar[39m([35mtrue[39m)[33m;[39m
    [90m 44| [39m    
    [90m 45| [39m    [34mexpect[39m(screen[33m.[39m[34mgetByText[39m([32m'My 
Login'[39m))[33m.[39m[34mtoBeInTheDocument[39m()[33m;[39m
    [90m   | [39m                  [31m^[39m
    [90m 46| [39m    [34mexpect[39m(screen[33m.[39m[34mgetByRole[39m([32m'link'[39m[33m,[39m { name[33m:[39m 
[36m/admin/i[39m }))[33m.[39m[34mtoBeInTheDocu[39mΓÇª
    [90m 47| [39m  })[33m;[39m

[31m[2mΓÄ»ΓÄ»ΓÄ»ΓÄ»ΓÄ»ΓÄ»ΓÄ»ΓÄ»ΓÄ»ΓÄ»ΓÄ»ΓÄ»ΓÄ»ΓÄ»ΓÄ»ΓÄ»ΓÄ»ΓÄ»ΓÄ»ΓÄ»ΓÄ»ΓÄ»[25/46]ΓÄ»[22m[39m

[31m[1m[7m FAIL [27m[22m[39m src/tests/Navbar.test.jsx[2m > [22mNavbar Component[2m > [22mshould have logout button
[31m[1mTestingLibraryElementError[22m: Unable to find an accessible element with the role "button" and name `/logout/i`

There are no accessible roles. But there might be some inaccessible roles. If you wish to access them, then set the `hidden` 
option to `true`. Learn more about this here: https://testing-library.com/docs/dom-testing-library/api-queries#byrole

Ignored nodes: comments, script, style
[36m<body>[31m
  [36m<div />[31m
[36m</body>[31m[39m
[90m [2mΓ¥»[22m Object.getElementError node_modules/@testing-library/dom/dist/config.js:[2m37:19[22m[39m
[90m [2mΓ¥»[22m node_modules/@testing-library/dom/dist/query-helpers.js:[2m76:38[22m[39m
[90m [2mΓ¥»[22m node_modules/@testing-library/dom/dist/query-helpers.js:[2m52:17[22m[39m
[90m [2mΓ¥»[22m node_modules/@testing-library/dom/dist/query-helpers.js:[2m95:19[22m[39m
[36m [2mΓ¥»[22m src/tests/Navbar.test.jsx:[2m59:19[22m[39m
    [90m 57| [39m    [34mrenderNavbar[39m([35mfalse[39m)[33m;[39m
    [90m 58| [39m    
    [90m 59| [39m    [34mexpect[39m(screen[33m.[39m[34mgetByRole[39m([32m'button'[39m[33m,[39m { name[33m:[39m 
[36m/logout/i[39m }))[33m.[39m[34mtoBeInTheD[39mΓÇª
    [90m   | [39m                  [31m^[39m
    [90m 60| [39m  })[33m;[39m
    [90m 61| [39m

[31m[2mΓÄ»ΓÄ»ΓÄ»ΓÄ»ΓÄ»ΓÄ»ΓÄ»ΓÄ»ΓÄ»ΓÄ»ΓÄ»ΓÄ»ΓÄ»ΓÄ»ΓÄ»ΓÄ»ΓÄ»ΓÄ»ΓÄ»ΓÄ»ΓÄ»ΓÄ»[26/46]ΓÄ»[22m[39m

[31m[1m[7m FAIL [27m[22m[39m src/tests/Navbar.test.jsx[2m > [22mNavbar Component[2m > [22mshould have hamburger menu 
on mobile
[31m[1mTestingLibraryElementError[22m: Unable to find an accessible element with the role "button"

There are no accessible roles. But there might be some inaccessible roles. If you wish to access them, then set the `hidden` 
option to `true`. Learn more about this here: https://testing-library.com/docs/dom-testing-library/api-queries#byrole

Ignored nodes: comments, script, style
[36m<body>[31m
  [36m<div />[31m
[36m</body>[31m[39m
[90m [2mΓ¥»[22m Object.getElementError node_modules/@testing-library/dom/dist/config.js:[2m37:19[22m[39m
[90m [2mΓ¥»[22m node_modules/@testing-library/dom/dist/query-helpers.js:[2m76:38[22m[39m
[90m [2mΓ¥»[22m node_modules/@testing-library/dom/dist/query-helpers.js:[2m109:15[22m[39m
[36m [2mΓ¥»[22m src/tests/Navbar.test.jsx:[2m65:31[22m[39m
    [90m 63| [39m    [34mrenderNavbar[39m([35mfalse[39m)[33m;[39m
    [90m 64| [39m    
    [90m 65| [39m    [35mconst[39m menuButton [33m=[39m 
screen[33m.[39m[34mgetAllByRole[39m([32m'button'[39m)[33m.[39m[34mfind[39m(btn [33m=>[39m 
    [90m   | [39m                              [31m^[39m
    [90m 66| [39m      btn[33m.[39m[34mquerySelector[39m([32m'svg'[39m) [33m&&[39m 
[33m![39mbtn[33m.[39mtextContent[33m.[39m[34mincludes[39m([32m'Logout'[39m)
    [90m 67| [39m    )[33m;[39m

[31m[2mΓÄ»ΓÄ»ΓÄ»ΓÄ»ΓÄ»ΓÄ»ΓÄ»ΓÄ»ΓÄ»ΓÄ»ΓÄ»ΓÄ»ΓÄ»ΓÄ»ΓÄ»ΓÄ»ΓÄ»ΓÄ»ΓÄ»ΓÄ»ΓÄ»ΓÄ»[27/46]ΓÄ»[22m[39m

[31m[1m[7m FAIL [27m[22m[39m src/tests/Navbar.test.jsx[2m > [22mNavbar Component[2m > [22mshould toggle mobile menu
[31m[1mTestingLibraryElementError[22m: Unable to find an accessible element with the role "button"

There are no accessible roles. But there might be some inaccessible roles. If you wish to access them, then set the `hidden` 
option to `true`. Learn more about this here: https://testing-library.com/docs/dom-testing-library/api-queries#byrole

Ignored nodes: comments, script, style
[36m<body>[31m
  [36m<div />[31m
[36m</body>[31m[39m
[90m [2mΓ¥»[22m Object.getElementError node_modules/@testing-library/dom/dist/config.js:[2m37:19[22m[39m
[90m [2mΓ¥»[22m node_modules/@testing-library/dom/dist/query-helpers.js:[2m76:38[22m[39m
[90m [2mΓ¥»[22m node_modules/@testing-library/dom/dist/query-helpers.js:[2m109:15[22m[39m
[36m [2mΓ¥»[22m src/tests/Navbar.test.jsx:[2m75:31[22m[39m
    [90m 73| [39m    [34mrenderNavbar[39m([35mfalse[39m)[33m;[39m
    [90m 74| [39m    
    [90m 75| [39m    [35mconst[39m menuButton [33m=[39m 
screen[33m.[39m[34mgetAllByRole[39m([32m'button'[39m)[33m.[39m[34mfind[39m(btn [33m=>[39m 
    [90m   | [39m                              [31m^[39m
    [90m 76| [39m      btn[33m.[39m[34mquerySelector[39m([32m'svg'[39m) [33m&&[39m 
[33m![39mbtn[33m.[39mtextContent[33m.[39m[34mincludes[39m([32m'Logout'[39m)
    [90m 77| [39m    )[33m;[39m

[31m[2mΓÄ»ΓÄ»ΓÄ»ΓÄ»ΓÄ»ΓÄ»ΓÄ»ΓÄ»ΓÄ»ΓÄ»ΓÄ»ΓÄ»ΓÄ»ΓÄ»ΓÄ»ΓÄ»ΓÄ»ΓÄ»ΓÄ»ΓÄ»ΓÄ»ΓÄ»[28/46]ΓÄ»[22m[39m

[31m[1m[7m FAIL [27m[22m[39m src/tests/Navbar.test.jsx[2m > [22mNavbar Component[2m > [22mshould clear localStorage 
on logout
[31m[1mTestingLibraryElementError[22m: Unable to find an accessible element with the role "button" and name `/logout/i`

There are no accessible roles. But there might be some inaccessible roles. If you wish to access them, then set the `hidden` 
option to `true`. Learn more about this here: https://testing-library.com/docs/dom-testing-library/api-queries#byrole

Ignored nodes: comments, script, style
[36m<body>[31m
  [36m<div />[31m
[36m</body>[31m[39m
[90m [2mΓ¥»[22m Object.getElementError node_modules/@testing-library/dom/dist/config.js:[2m37:19[22m[39m
[90m [2mΓ¥»[22m node_modules/@testing-library/dom/dist/query-helpers.js:[2m76:38[22m[39m
[90m [2mΓ¥»[22m node_modules/@testing-library/dom/dist/query-helpers.js:[2m52:17[22m[39m
[90m [2mΓ¥»[22m node_modules/@testing-library/dom/dist/query-helpers.js:[2m95:19[22m[39m
[36m [2mΓ¥»[22m src/tests/Navbar.test.jsx:[2m88:33[22m[39m
    [90m 86| [39m    [34mrenderNavbar[39m([35mfalse[39m)[33m;[39m
    [90m 87| [39m    
    [90m 88| [39m    [35mconst[39m logoutButton [33m=[39m 
screen[33m.[39m[34mgetByRole[39m([32m'button'[39m[33m,[39m { name[33m:[39m [36m/logout/i[39m ΓÇª
    [90m   | [39m                                [31m^[39m
    [90m 89| [39m    fireEvent[33m.[39m[34mclick[39m(logoutButton)[33m;[39m
    [90m 90| [39m    

[31m[2mΓÄ»ΓÄ»ΓÄ»ΓÄ»ΓÄ»ΓÄ»ΓÄ»ΓÄ»ΓÄ»ΓÄ»ΓÄ»ΓÄ»ΓÄ»ΓÄ»ΓÄ»ΓÄ»ΓÄ»ΓÄ»ΓÄ»ΓÄ»ΓÄ»ΓÄ»[29/46]ΓÄ»[22m[39m

[31m[1m[7m FAIL [27m[22m[39m src/tests/Profile.test.jsx[2m > [22mProfile Component[2m > [22mshould display user name 
when profile data loads
[31m[1mTestingLibraryElementError[22m[39m: Unable to find an element with the text: /John Doe/i. This could be because the 
text is broken up by multiple elements. In this case, you can provide a function for your text matcher to make your matcher 
more flexible.

Ignored nodes: comments, script, style
[36m<body>[39m
  [36m<div>[39m
    [36m<div[39m
      [33mclass[39m=[32m"min-h-screen bg-gradient-to-br from-slate-900 via-slate-800 to-slate-900 p-4 sm:p-8"[39m
    [36m>[39m
      [36m<div[39m
        [33mclass[39m=[32m"max-w-2xl mx-auto"[39m
      [36m>[39m
        [36m<div[39m
          [33mclass[39m=[32m"bg-slate-800 bg-opacity-60 backdrop-blur-xl p-6 sm:p-8 rounded-3xl border border-slate-700 
border-opacity-50 shadow-2xl mb-6"[39m
        [36m>[39m
          [36m<h2[39m
            [33mclass[39m=[32m"text-3xl sm:text-4xl font-extrabold bg-gradient-to-r from-purple-400 to-pink-300 
bg-clip-text text-transparent mb-6"[39m
          [36m>[39m
            [0mYour Profile[0m
          [36m</h2>[39m
          [36m<div[39m
            [33mclass[39m=[32m"space-y-4"[39m
          [36m>[39m
            [36m<div[39m
              [33mclass[39m=[32m"bg-slate-700 bg-opacity-50 p-4 rounded-2xl border border-slate-600"[39m
            [36m>[39m
              [36m<p[39m
                [33mclass[39m=[32m"text-slate-400 text-xs sm:text-sm"[39m
              [36m>[39m
                [0mName[0m
              [36m</p>[39m
              [36m<p[39m
                [33mclass[39m=[32m"text-white text-base sm:text-lg font-semibold"[39m
              [36m/>[39m
            [36m</div>[39m
            [36m<div[39m
              [33mclass[39m=[32m"bg-slate-700 bg-opacity-50 p-4 rounded-2xl border border-slate-600"[39m
            [36m>[39m
              [36m<p[39m
                [33mclass[39m=[32m"text-slate-400 text-xs sm:text-sm"[39m
              [36m>[39m
                [0mEmail[0m
              [36m</p>[39m
              [36m<p[39m
                [33mclass[39m=[32m"text-white text-base sm:text-lg font-semibold break-all"[39m
              [36m/>[39m
            [36m</div>[39m
            [36m<div[39m
              [33mclass[39m=[32m"bg-slate-700 bg-opacity-50 p-4 rounded-2xl border border-slate-600"[39m
            [36m>[39m
              [36m<p[39m
                [33mclass[39m=[32m"text-slate-400 text-xs sm:text-sm"[39m
              [36m>[39m
                [0mStatus[0m
              [36m</p>[39m
              [36m<p[39m
                [33mclass[39m=[32m"text-white text-base sm:text-lg font-semibold"[39m
              [36m>[39m
                [0mUser[0m
              [36m</p>[39m
            [36m</div>[39m
          [36m</div>[39m
          [36m<div[39m
            [33mclass[39m=[32m"mt-8 flex flex-col sm:flex-row gap-3"[39m
          [36m>[39m
            [36m<button[39m
              [33mclass[39m=[32m"flex-1 bg-gradient-to-r from-purple-600 to-pink-500 hover:from-purple-700 
hover:to-pink-600 text-white font-bold py-3 rounded-2xl transition-all duration-300 shadow-lg hover:shadow-pink-500/50 text-sm 
sm:text-base"[39m
            [36m>[39m
              [0mView Tasks[0m
            [36m</button>[39m
            [36m<button[39m
              [33mclass[39m=[32m"flex-1 bg-slate-700 hover:bg-slate-600 text-white font-bold py-3 rounded-2xl 
transition-all duration-300 text-sm sm:text-base"[39m
            [36m>[39m
              [0mLogout[0m
            [36m</button>[39m
          [36m</div>[39m
        [36m</div>[39m
      [36m</div>[39m
    [36m</div>[39m
  [36m</div>[39m
[36m</body>[39m

Ignored nodes: comments, script, style
[36m<html>[39m
  [36m<head />[39m
  [36m<body>[39m
    [36m<div>[39m
      [36m<div[39m
        [33mclass[39m=[32m"min-h-screen bg-gradient-to-br from-slate-900 via-slate-800 to-slate-900 p-4 sm:p-8"[39m
      [36m>[39m
        [36m<div[39m
          [33mclass[39m=[32m"max-w-2xl mx-auto"[39m
        [36m>[39m
          [36m<div[39m
            [33mclass[39m=[32m"bg-slate-800 bg-opacity-60 backdrop-blur-xl p-6 sm:p-8 rounded-3xl border border-slate-700 
border-opacity-50 shadow-2xl mb-6"[39m
          [36m>[39m
            [36m<h2[39m
              [33mclass[39m=[32m"text-3xl sm:text-4xl font-extrabold bg-gradient-to-r from-purple-400 to-pink-300 
bg-clip-text text-transparent mb-6"[39m
            [36m>[39m
              [0mYour Profile[0m
            [36m</h2>[39m
            [36m<div[39m
              [33mclass[39m=[32m"space-y-4"[39m
            [36m>[39m
              [36m<div[39m
                [33mclass[39m=[32m"bg-slate-700 bg-opacity-50 p-4 rounded-2xl border border-slate-600"[39m
              [36m>[39m
                [36m<p[39m
                  [33mclass[39m=[32m"text-slate-400 text-xs sm:text-sm"[39m
                [36m>[39m
                  [0mName[0m
                [36m</p>[39m
                [36m<p[39m
                  [33mclass[39m=[32m"text-white text-base sm:text-lg font-semibold"[39m
                [36m/>[39m
              [36m</div>[39m
              [36m<div[39m
                [33mclass[39m=[32m"bg-slate-700 bg-opacity-50 p-4 rounded-2xl border border-slate-600"[39m
              [36m>[39m
                [36m<p[39m
                  [33mclass[39m=[32m"text-slate-400 text-xs sm:text-sm"[39m
                [36m>[39m
                  [0mEmail[0m
                [36m</p>[39m
                [36m<p[39m
                  [33mclass[39m=[32m"text-white text-base sm:text-lg font-semibold break-all"[39m
                [36m/>[39m
              [36m</div>[39m
              [36m<div[39m
                [33mclass[39m=[32m"bg-slate-700 bg-opacity-50 p-4 rounded-2xl border border-slate-600"[39m
              [36m>[39m
                [36m<p[39m
                  [33mclass[39m=[32m"text-slate-400 text-xs sm:text-sm"[39m
                [36m>[39m
                  [0mStatus[0m
                [36m</p>[39m
                [36m<p[39m
                  [33mclass[39m=[32m"text-white text-base sm:text-lg font-semibold"[39m
                [36m>[39m
                  [0mUser[0m
                [36m</p>[39m
              [36m</div>[39m
            [36m</div>[39m
            [36m<div[39m
              [33mclass[39m=[32m"mt-8 flex flex-col sm:flex-row gap-3"[39m
            [36m>[39m
              [36m<button[39m
                [33mclass[39m=[32m"flex-1 bg-gradient-to-r from-purple-600 to-pink-500 hover:from-purple-700 
hover:to-pink-600 text-white font-bold py-3 rounded-2xl transition-all duration-300 shadow-lg hover:shadow-pink-500/50 text-sm 
sm:text-base"[39m
              [36m>[39m
                [0mView Tasks[0m
              [36m</button>[39m
              [36m<button[39m
                [33mclass[39m=[32m"flex-1 bg-slate-700 hover:bg-slate-600 text-white font-bold py-3 rounded-2xl 
transition-all duration-300 text-sm sm:text-base"[39m
              [36m>[39m
                [0mLogout[0m
              [36m</button>[39m
            [36m</div>[39m
          [36m</div>[39m
        [36m</div>[39m
      [36m</div>[39m
    [36m</div>[39m
  [36m</body>[39m
[36m</html>[39m
[90m [2mΓ¥»[22m Proxy.waitForWrapper node_modules/@testing-library/dom/dist/wait-for.js:[2m163:27[22m[39m
[36m [2mΓ¥»[22m src/tests/Profile.test.jsx:[2m68:11[22m[39m
    [90m 66| [39m    [34mrenderWithRouter[39m([33m<[39m[33mProfile[39m [33m/[39m[33m>[39m)[33m;[39m
    [90m 67| [39m
    [90m 68| [39m    [35mawait[39m [34mwaitFor[39m(() [33m=>[39m {
    [90m   | [39m          [31m^[39m
    [90m 69| [39m      [34mexpect[39m(screen[33m.[39m[34mgetByText[39m([36m/John 
Doe/i[39m))[33m.[39m[34mtoBeTruthy[39m()[33m;[39m
    [90m 70| [39m    })[33m;[39m

[31m[2mΓÄ»ΓÄ»ΓÄ»ΓÄ»ΓÄ»ΓÄ»ΓÄ»ΓÄ»ΓÄ»ΓÄ»ΓÄ»ΓÄ»ΓÄ»ΓÄ»ΓÄ»ΓÄ»ΓÄ»ΓÄ»ΓÄ»ΓÄ»ΓÄ»ΓÄ»[30/46]ΓÄ»[22m[39m

[31m[1m[7m FAIL [27m[22m[39m src/tests/Profile.test.jsx[2m > [22mProfile Component[2m > [22mshould display user email
[31m[1mTestingLibraryElementError[22m[39m: Unable to find an element with the text: /john@example.com/i. This could be 
because the text is broken up by multiple elements. In this case, you can provide a function for your text matcher to make 
your matcher more flexible.

Ignored nodes: comments, script, style
[36m<body>[39m
  [36m<div>[39m
    [36m<div[39m
      [33mclass[39m=[32m"min-h-screen bg-gradient-to-br from-slate-900 via-slate-800 to-slate-900 p-4 sm:p-8"[39m
    [36m>[39m
      [36m<div[39m
        [33mclass[39m=[32m"max-w-2xl mx-auto"[39m
      [36m>[39m
        [36m<div[39m
          [33mclass[39m=[32m"bg-slate-800 bg-opacity-60 backdrop-blur-xl p-6 sm:p-8 rounded-3xl border border-slate-700 
border-opacity-50 shadow-2xl mb-6"[39m
        [36m>[39m
          [36m<h2[39m
            [33mclass[39m=[32m"text-3xl sm:text-4xl font-extrabold bg-gradient-to-r from-purple-400 to-pink-300 
bg-clip-text text-transparent mb-6"[39m
          [36m>[39m
            [0mYour Profile[0m
          [36m</h2>[39m
          [36m<div[39m
            [33mclass[39m=[32m"space-y-4"[39m
          [36m>[39m
            [36m<div[39m
              [33mclass[39m=[32m"bg-slate-700 bg-opacity-50 p-4 rounded-2xl border border-slate-600"[39m
            [36m>[39m
              [36m<p[39m
                [33mclass[39m=[32m"text-slate-400 text-xs sm:text-sm"[39m
              [36m>[39m
                [0mName[0m
              [36m</p>[39m
              [36m<p[39m
                [33mclass[39m=[32m"text-white text-base sm:text-lg font-semibold"[39m
              [36m/>[39m
            [36m</div>[39m
            [36m<div[39m
              [33mclass[39m=[32m"bg-slate-700 bg-opacity-50 p-4 rounded-2xl border border-slate-600"[39m
            [36m>[39m
              [36m<p[39m
                [33mclass[39m=[32m"text-slate-400 text-xs sm:text-sm"[39m
              [36m>[39m
                [0mEmail[0m
              [36m</p>[39m
              [36m<p[39m
                [33mclass[39m=[32m"text-white text-base sm:text-lg font-semibold break-all"[39m
              [36m/>[39m
            [36m</div>[39m
            [36m<div[39m
              [33mclass[39m=[32m"bg-slate-700 bg-opacity-50 p-4 rounded-2xl border border-slate-600"[39m
            [36m>[39m
              [36m<p[39m
                [33mclass[39m=[32m"text-slate-400 text-xs sm:text-sm"[39m
              [36m>[39m
                [0mStatus[0m
              [36m</p>[39m
              [36m<p[39m
                [33mclass[39m=[32m"text-white text-base sm:text-lg font-semibold"[39m
              [36m>[39m
                [0mUser[0m
              [36m</p>[39m
            [36m</div>[39m
          [36m</div>[39m
          [36m<div[39m
            [33mclass[39m=[32m"mt-8 flex flex-col sm:flex-row gap-3"[39m
          [36m>[39m
            [36m<button[39m
              [33mclass[39m=[32m"flex-1 bg-gradient-to-r from-purple-600 to-pink-500 hover:from-purple-700 
hover:to-pink-600 text-white font-bold py-3 rounded-2xl transition-all duration-300 shadow-lg hover:shadow-pink-500/50 text-sm 
sm:text-base"[39m
            [36m>[39m
              [0mView Tasks[0m
            [36m</button>[39m
            [36m<button[39m
              [33mclass[39m=[32m"flex-1 bg-slate-700 hover:bg-slate-600 text-white font-bold py-3 rounded-2xl 
transition-all duration-300 text-sm sm:text-base"[39m
            [36m>[39m
              [0mLogout[0m
            [36m</button>[39m
          [36m</div>[39m
        [36m</div>[39m
      [36m</div>[39m
    [36m</div>[39m
  [36m</div>[39m
[36m</body>[39m

Ignored nodes: comments, script, style
[36m<html>[39m
  [36m<head />[39m
  [36m<body>[39m
    [36m<div>[39m
      [36m<div[39m
        [33mclass[39m=[32m"min-h-screen bg-gradient-to-br from-slate-900 via-slate-800 to-slate-900 p-4 sm:p-8"[39m
      [36m>[39m
        [36m<div[39m
          [33mclass[39m=[32m"max-w-2xl mx-auto"[39m
        [36m>[39m
          [36m<div[39m
            [33mclass[39m=[32m"bg-slate-800 bg-opacity-60 backdrop-blur-xl p-6 sm:p-8 rounded-3xl border border-slate-700 
border-opacity-50 shadow-2xl mb-6"[39m
          [36m>[39m
            [36m<h2[39m
              [33mclass[39m=[32m"text-3xl sm:text-4xl font-extrabold bg-gradient-to-r from-purple-400 to-pink-300 
bg-clip-text text-transparent mb-6"[39m
            [36m>[39m
              [0mYour Profile[0m
            [36m</h2>[39m
            [36m<div[39m
              [33mclass[39m=[32m"space-y-4"[39m
            [36m>[39m
              [36m<div[39m
                [33mclass[39m=[32m"bg-slate-700 bg-opacity-50 p-4 rounded-2xl border border-slate-600"[39m
              [36m>[39m
                [36m<p[39m
                  [33mclass[39m=[32m"text-slate-400 text-xs sm:text-sm"[39m
                [36m>[39m
                  [0mName[0m
                [36m</p>[39m
                [36m<p[39m
                  [33mclass[39m=[32m"text-white text-base sm:text-lg font-semibold"[39m
                [36m/>[39m
              [36m</div>[39m
              [36m<div[39m
                [33mclass[39m=[32m"bg-slate-700 bg-opacity-50 p-4 rounded-2xl border border-slate-600"[39m
              [36m>[39m
                [36m<p[39m
                  [33mclass[39m=[32m"text-slate-400 text-xs sm:text-sm"[39m
                [36m>[39m
                  [0mEmail[0m
                [36m</p>[39m
                [36m<p[39m
                  [33mclass[39m=[32m"text-white text-base sm:text-lg font-semibold break-all"[39m
                [36m/>[39m
              [36m</div>[39m
              [36m<div[39m
                [33mclass[39m=[32m"bg-slate-700 bg-opacity-50 p-4 rounded-2xl border border-slate-600"[39m
              [36m>[39m
                [36m<p[39m
                  [33mclass[39m=[32m"text-slate-400 text-xs sm:text-sm"[39m
                [36m>[39m
                  [0mStatus[0m
                [36m</p>[39m
                [36m<p[39m
                  [33mclass[39m=[32m"text-white text-base sm:text-lg font-semibold"[39m
                [36m>[39m
                  [0mUser[0m
                [36m</p>[39m
              [36m</div>[39m
            [36m</div>[39m
            [36m<div[39m
              [33mclass[39m=[32m"mt-8 flex flex-col sm:flex-row gap-3"[39m
            [36m>[39m
              [36m<button[39m
                [33mclass[39m=[32m"flex-1 bg-gradient-to-r from-purple-600 to-pink-500 hover:from-purple-700 
hover:to-pink-600 text-white font-bold py-3 rounded-2xl transition-all duration-300 shadow-lg hover:shadow-pink-500/50 text-sm 
sm:text-base"[39m
              [36m>[39m
                [0mView Tasks[0m
              [36m</button>[39m
              [36m<button[39m
                [33mclass[39m=[32m"flex-1 bg-slate-700 hover:bg-slate-600 text-white font-bold py-3 rounded-2xl 
transition-all duration-300 text-sm sm:text-base"[39m
              [36m>[39m
                [0mLogout[0m
              [36m</button>[39m
            [36m</div>[39m
          [36m</div>[39m
        [36m</div>[39m
      [36m</div>[39m
    [36m</div>[39m
  [36m</body>[39m
[36m</html>[39m
[90m [2mΓ¥»[22m Proxy.waitForWrapper node_modules/@testing-library/dom/dist/wait-for.js:[2m163:27[22m[39m
[36m [2mΓ¥»[22m src/tests/Profile.test.jsx:[2m85:11[22m[39m
    [90m 83| [39m    [34mrenderWithRouter[39m([33m<[39m[33mProfile[39m [33m/[39m[33m>[39m)[33m;[39m
    [90m 84| [39m
    [90m 85| [39m    [35mawait[39m [34mwaitFor[39m(() [33m=>[39m {
    [90m   | [39m          [31m^[39m
    [90m 86| [39m      [34mexpect[39m(screen[33m.[39m[34mgetByText[39m([36m/john@example.com/i[39m))[33m.[39m[34mt
oBeTruthy[39m()[33m;[39m
    [90m 87| [39m    })[33m;[39m

[31m[2mΓÄ»ΓÄ»ΓÄ»ΓÄ»ΓÄ»ΓÄ»ΓÄ»ΓÄ»ΓÄ»ΓÄ»ΓÄ»ΓÄ»ΓÄ»ΓÄ»ΓÄ»ΓÄ»ΓÄ»ΓÄ»ΓÄ»ΓÄ»ΓÄ»ΓÄ»[31/46]ΓÄ»[22m[39m

[31m[1m[7m FAIL [27m[22m[39m src/tests/Profile.test.jsx[2m > [22mProfile Component[2m > [22mshould display admin 
status when user is admin
[31m[1mAssertionError[22m: expected null to be truthy

Ignored nodes: comments, script, style
[36m<html>[31m
  [36m<head />[31m
  [36m<body>[31m
    [36m<div>[31m
      [36m<div[31m
        [33mclass[31m=[32m"min-h-screen bg-gradient-to-br from-slate-900 via-slate-800 to-slate-900 p-4 sm:p-8"[31m
      [36m>[31m
        [36m<div[31m
          [33mclass[31m=[32m"max-w-2xl mx-auto"[31m
        [36m>[31m
          [36m<div[31m
            [33mclass[31m=[32m"bg-slate-800 bg-opacity-60 backdrop-blur-xl p-6 sm:p-8 rounded-3xl border border-slate-700 
border-opacity-50 shadow-2xl mb-6"[31m
          [36m>[31m
            [36m<h2[31m
              [33mclass[31m=[32m"text-3xl sm:text-4xl font-extrabold bg-gradient-to-r from-purple-400 to-pink-300 
bg-clip-text text-transparent mb-6"[31m
            [36m>[31m
              [0mYour Profile[0m
            [36m</h2>[31m
            [36m<div[31m
              [33mclass[31m=[32m"space-y-4"[31m
            [36m>[31m
              [36m<div[31m
                [33mclass[31m=[32m"bg-slate-700 bg-opacity-50 p-4 rounded-2xl border border-slate-600"[31m
              [36m>[31m
                [36m<p[31m
                  [33mclass[31m=[32m"text-slate-400 text-xs sm:text-sm"[31m
                [36m>[31m
                  [0mName[0m
                [36m</p>[31m
                [36m<p[31m
                  [33mclass[31m=[32m"text-white text-base sm:text-lg font-semibold"[31m
                [36m/>[31m
              [36m</div>[31m
              [36m<div[31m
                [33mclass[31m=[32m"bg-slate-700 bg-opacity-50 p-4 rounded-2xl border border-slate-600"[31m
              [36m>[31m
                [36m<p[31m
                  [33mclass[31m=[32m"text-slate-400 text-xs sm:text-sm"[31m
                [36m>[31m
                  [0mEmail[0m
                [36m</p>[31m
                [36m<p[31m
                  [33mclass[31m=[32m"text-white text-base sm:text-lg font-semibold break-all"[31m
                [36m/>[31m
              [36m</div>[31m
              [36m<div[31m
                [33mclass[31m=[32m"bg-slate-700 bg-opacity-50 p-4 rounded-2xl border border-slate-600"[31m
              [36m>[31m
                [36m<p[31m
                  [33mclass[31m=[32m"text-slate-400 text-xs sm:text-sm"[31m
                [36m>[31m
                  [0mStatus[0m
                [36m</p>[31m
                [36m<p[31m
                  [33mclass[31m=[32m"text-white text-base sm:text-lg font-semibold"[31m
                [36m>[31m
                  [0mUser[0m
                [36m</p>[31m
              [36m</div>[31m
            [36m</div>[31m
            [36m<div[31m
              [33mclass[31m=[32m"mt-8 flex flex-col sm:flex-row gap-3"[31m
            [36m>[31m
              [36m<button[31m
                [33mclass[31m=[32m"flex-1 bg-gradient-to-r from-purple-600 to-pink-500 hover:from-purple-700 
hover:to-pink-600 text-white font-bold py-3 rounded-2xl transition-all duration-300 shadow-lg hover:shadow-pink-500/50 text-sm 
sm:text-base"[31m
              [36m>[31m
                [0mView Tasks[0m
              [36m</button>[31m
              [36m<button[31m
                [33mclass[31m=[32m"flex-1 bg-slate-700 hover:bg-slate-600 text-white font-bold py-3 rounded-2xl 
transition-all duration-300 text-sm sm:text-base"[31m
              [36m>[31m
                [0mLogout[0m
              [36m</button>[31m
            [36m</div>[31m
          [36m</div>[31m
        [36m</div>[31m
      [36m</div>[31m
    [36m</div>[31m
  [36m</body>[31m
[36m</html>[31m[39m

[32m- Expected:[39m 
true

[31m+ Received:[39m 
null

[36m [2mΓ¥»[22m src/tests/Profile.test.jsx:[2m104:27[22m[39m
    [90m102| [39m    [35mawait[39m [34mwaitFor[39m(() [33m=>[39m {
    [90m103| [39m      [35mconst[39m adminStatus [33m=[39m 
screen[33m.[39m[34mqueryByText[39m([36m/admin|role/i[39m)[33m;[39m
    [90m104| [39m      [34mexpect[39m(adminStatus)[33m.[39m[34mtoBeTruthy[39m()[33m;[39m
    [90m   | [39m                          [31m^[39m
    [90m105| [39m    })[33m;[39m
    [90m106| [39m  })[33m;[39m
[90m [2mΓ¥»[22m runWithExpensiveErrorDiagnosticsDisabled 
node_modules/@testing-library/dom/dist/config.js:[2m47:12[22m[39m
[90m [2mΓ¥»[22m checkCallback node_modules/@testing-library/dom/dist/wait-for.js:[2m124:77[22m[39m
[90m [2mΓ¥»[22m Timeout.checkRealTimersCallback node_modules/@testing-library/dom/dist/wait-for.js:[2m118:16[22m[39m

[31m[2mΓÄ»ΓÄ»ΓÄ»ΓÄ»ΓÄ»ΓÄ»ΓÄ»ΓÄ»ΓÄ»ΓÄ»ΓÄ»ΓÄ»ΓÄ»ΓÄ»ΓÄ»ΓÄ»ΓÄ»ΓÄ»ΓÄ»ΓÄ»ΓÄ»ΓÄ»[32/46]ΓÄ»[22m[39m

[31m[1m[7m FAIL [27m[22m[39m src/tests/Profile.test.jsx[2m > [22mProfile Component[2m > [22mshould fetch profile 
data on component mount
[31m[1mAssertionError[22m: expected "spy" to be called with arguments: [ '/auth/profile' ][90m

Received: 

[31m[90m

Number of calls: [1m0[22m
[31m

Ignored nodes: comments, script, style
[36m<html>[31m
  [36m<head />[31m
  [36m<body>[31m
    [36m<div>[31m
      [36m<div[31m
        [33mclass[31m=[32m"min-h-screen bg-gradient-to-br from-slate-900 via-slate-800 to-slate-900 p-4 sm:p-8"[31m
      [36m>[31m
        [36m<div[31m
          [33mclass[31m=[32m"max-w-2xl mx-auto"[31m
        [36m>[31m
          [36m<div[31m
            [33mclass[31m=[32m"bg-slate-800 bg-opacity-60 backdrop-blur-xl p-6 sm:p-8 rounded-3xl border border-slate-700 
border-opacity-50 shadow-2xl mb-6"[31m
          [36m>[31m
            [36m<h2[31m
              [33mclass[31m=[32m"text-3xl sm:text-4xl font-extrabold bg-gradient-to-r from-purple-400 to-pink-300 
bg-clip-text text-transparent mb-6"[31m
            [36m>[31m
              [0mYour Profile[0m
            [36m</h2>[31m
            [36m<div[31m
              [33mclass[31m=[32m"space-y-4"[31m
            [36m>[31m
              [36m<div[31m
                [33mclass[31m=[32m"bg-slate-700 bg-opacity-50 p-4 rounded-2xl border border-slate-600"[31m
              [36m>[31m
                [36m<p[31m
                  [33mclass[31m=[32m"text-slate-400 text-xs sm:text-sm"[31m
                [36m>[31m
                  [0mName[0m
                [36m</p>[31m
                [36m<p[31m
                  [33mclass[31m=[32m"text-white text-base sm:text-lg font-semibold"[31m
                [36m/>[31m
              [36m</div>[31m
              [36m<div[31m
                [33mclass[31m=[32m"bg-slate-700 bg-opacity-50 p-4 rounded-2xl border border-slate-600"[31m
              [36m>[31m
                [36m<p[31m
                  [33mclass[31m=[32m"text-slate-400 text-xs sm:text-sm"[31m
                [36m>[31m
                  [0mEmail[0m
                [36m</p>[31m
                [36m<p[31m
                  [33mclass[31m=[32m"text-white text-base sm:text-lg font-semibold break-all"[31m
                [36m/>[31m
              [36m</div>[31m
              [36m<div[31m
                [33mclass[31m=[32m"bg-slate-700 bg-opacity-50 p-4 rounded-2xl border border-slate-600"[31m
              [36m>[31m
                [36m<p[31m
                  [33mclass[31m=[32m"text-slate-400 text-xs sm:text-sm"[31m
                [36m>[31m
                  [0mStatus[0m
                [36m</p>[31m
                [36m<p[31m
                  [33mclass[31m=[32m"text-white text-base sm:text-lg font-semibold"[31m
                [36m>[31m
                  [0mUser[0m
                [36m</p>[31m
              [36m</div>[31m
            [36m</div>[31m
            [36m<div[31m
              [33mclass[31m=[32m"mt-8 flex flex-col sm:flex-row gap-3"[31m
            [36m>[31m
              [36m<button[31m
                [33mclass[31m=[32m"flex-1 bg-gradient-to-r from-purple-600 to-pink-500 hover:from-purple-700 
hover:to-pink-600 text-white font-bold py-3 rounded-2xl transition-all duration-300 shadow-lg hover:shadow-pink-500/50 text-sm 
sm:text-base"[31m
              [36m>[31m
                [0mView Tasks[0m
              [36m</button>[31m
              [36m<button[31m
                [33mclass[31m=[32m"flex-1 bg-slate-700 hover:bg-slate-600 text-white font-bold py-3 rounded-2xl 
transition-all duration-300 text-sm sm:text-base"[31m
              [36m>[31m
                [0mLogout[0m
              [36m</button>[31m
            [36m</div>[31m
          [36m</div>[31m
        [36m</div>[31m
      [36m</div>[31m
    [36m</div>[31m
  [36m</body>[31m
[36m</html>[31m[39m
[36m [2mΓ¥»[22m src/tests/Profile.test.jsx:[2m175:23[22m[39m
    [90m173| [39m
    [90m174| [39m    [35mawait[39m [34mwaitFor[39m(() [33m=>[39m {
    [90m175| [39m      [34mexpect[39m([33mAPI[39m[33m.[39m[35mget[39m)[33m.[39m[34mtoHaveBeenCalledWith[39m([32m
'/auth/profile'[39m)[33m;[39m
    [90m   | [39m                      [31m^[39m
    [90m176| [39m    })[33m;[39m
    [90m177| [39m  })[33m;[39m
[90m [2mΓ¥»[22m runWithExpensiveErrorDiagnosticsDisabled 
node_modules/@testing-library/dom/dist/config.js:[2m47:12[22m[39m
[90m [2mΓ¥»[22m checkCallback node_modules/@testing-library/dom/dist/wait-for.js:[2m124:77[22m[39m
[90m [2mΓ¥»[22m Timeout.checkRealTimersCallback node_modules/@testing-library/dom/dist/wait-for.js:[2m118:16[22m[39m

[31m[2mΓÄ»ΓÄ»ΓÄ»ΓÄ»ΓÄ»ΓÄ»ΓÄ»ΓÄ»ΓÄ»ΓÄ»ΓÄ»ΓÄ»ΓÄ»ΓÄ»ΓÄ»ΓÄ»ΓÄ»ΓÄ»ΓÄ»ΓÄ»ΓÄ»ΓÄ»[33/46]ΓÄ»[22m[39m

[31m[1m[7m FAIL [27m[22m[39m src/tests/Profile.test.jsx[2m > [22mProfile Component[2m > [22mshould handle API errors 
gracefully
[31m[1mAssertionError[22m: expected "spy" to be called at least once

Ignored nodes: comments, script, style
[36m<html>[31m
  [36m<head />[31m
  [36m<body>[31m
    [36m<div>[31m
      [36m<div[31m
        [33mclass[31m=[32m"min-h-screen bg-gradient-to-br from-slate-900 via-slate-800 to-slate-900 p-4 sm:p-8"[31m
      [36m>[31m
        [36m<div[31m
          [33mclass[31m=[32m"max-w-2xl mx-auto"[31m
        [36m>[31m
          [36m<div[31m
            [33mclass[31m=[32m"bg-slate-800 bg-opacity-60 backdrop-blur-xl p-6 sm:p-8 rounded-3xl border border-slate-700 
border-opacity-50 shadow-2xl mb-6"[31m
          [36m>[31m
            [36m<h2[31m
              [33mclass[31m=[32m"text-3xl sm:text-4xl font-extrabold bg-gradient-to-r from-purple-400 to-pink-300 
bg-clip-text text-transparent mb-6"[31m
            [36m>[31m
              [0mYour Profile[0m
            [36m</h2>[31m
            [36m<div[31m
              [33mclass[31m=[32m"space-y-4"[31m
            [36m>[31m
              [36m<div[31m
                [33mclass[31m=[32m"bg-slate-700 bg-opacity-50 p-4 rounded-2xl border border-slate-600"[31m
              [36m>[31m
                [36m<p[31m
                  [33mclass[31m=[32m"text-slate-400 text-xs sm:text-sm"[31m
                [36m>[31m
                  [0mName[0m
                [36m</p>[31m
                [36m<p[31m
                  [33mclass[31m=[32m"text-white text-base sm:text-lg font-semibold"[31m
                [36m/>[31m
              [36m</div>[31m
              [36m<div[31m
                [33mclass[31m=[32m"bg-slate-700 bg-opacity-50 p-4 rounded-2xl border border-slate-600"[31m
              [36m>[31m
                [36m<p[31m
                  [33mclass[31m=[32m"text-slate-400 text-xs sm:text-sm"[31m
                [36m>[31m
                  [0mEmail[0m
                [36m</p>[31m
                [36m<p[31m
                  [33mclass[31m=[32m"text-white text-base sm:text-lg font-semibold break-all"[31m
                [36m/>[31m
              [36m</div>[31m
              [36m<div[31m
                [33mclass[31m=[32m"bg-slate-700 bg-opacity-50 p-4 rounded-2xl border border-slate-600"[31m
              [36m>[31m
                [36m<p[31m
                  [33mclass[31m=[32m"text-slate-400 text-xs sm:text-sm"[31m
                [36m>[31m
                  [0mStatus[0m
                [36m</p>[31m
                [36m<p[31m
                  [33mclass[31m=[32m"text-white text-base sm:text-lg font-semibold"[31m
                [36m>[31m
                  [0mUser[0m
                [36m</p>[31m
              [36m</div>[31m
            [36m</div>[31m
            [36m<div[31m
              [33mclass[31m=[32m"mt-8 flex flex-col sm:flex-row gap-3"[31m
            [36m>[31m
              [36m<button[31m
                [33mclass[31m=[32m"flex-1 bg-gradient-to-r from-purple-600 to-pink-500 hover:from-purple-700 
hover:to-pink-600 text-white font-bold py-3 rounded-2xl transition-all duration-300 shadow-lg hover:shadow-pink-500/50 text-sm 
sm:text-base"[31m
              [36m>[31m
                [0mView Tasks[0m
              [36m</button>[31m
              [36m<button[31m
                [33mclass[31m=[32m"flex-1 bg-slate-700 hover:bg-slate-600 text-white font-bold py-3 rounded-2xl 
transition-all duration-300 text-sm sm:text-base"[31m
              [36m>[31m
                [0mLogout[0m
              [36m</button>[31m
            [36m</div>[31m
          [36m</div>[31m
        [36m</div>[31m
      [36m</div>[31m
    [36m</div>[31m
  [36m</body>[31m
[36m</html>[31m[39m
[36m [2mΓ¥»[22m src/tests/Profile.test.jsx:[2m186:23[22m[39m
    [90m184| [39m    [90m// Component should not crash[39m
    [90m185| [39m    [35mawait[39m [34mwaitFor[39m(() [33m=>[39m {
    [90m186| [39m      
[34mexpect[39m([33mAPI[39m[33m.[39m[35mget[39m)[33m.[39m[34mtoHaveBeenCalled[39m()[33m;[39m
    [90m   | [39m                      [31m^[39m
    [90m187| [39m    })[33m;[39m
    [90m188| [39m  })[33m;[39m
[90m [2mΓ¥»[22m runWithExpensiveErrorDiagnosticsDisabled 
node_modules/@testing-library/dom/dist/config.js:[2m47:12[22m[39m
[90m [2mΓ¥»[22m checkCallback node_modules/@testing-library/dom/dist/wait-for.js:[2m124:77[22m[39m
[90m [2mΓ¥»[22m Timeout.checkRealTimersCallback node_modules/@testing-library/dom/dist/wait-for.js:[2m118:16[22m[39m

[31m[2mΓÄ»ΓÄ»ΓÄ»ΓÄ»ΓÄ»ΓÄ»ΓÄ»ΓÄ»ΓÄ»ΓÄ»ΓÄ»ΓÄ»ΓÄ»ΓÄ»ΓÄ»ΓÄ»ΓÄ»ΓÄ»ΓÄ»ΓÄ»ΓÄ»ΓÄ»[34/46]ΓÄ»[22m[39m

[31m[1m[7m FAIL [27m[22m[39m src/tests/Profile.test.jsx[2m > [22mProfile Component[2m > [22mshould clear 
localStorage on logout
[31m[1mAssertionError[22m: expected undefined to be 'test-token' // Object.is equality[39m

[32m- Expected:[39m 
"test-token"

[31m+ Received:[39m 
undefined

[36m [2mΓ¥»[22m src/tests/Profile.test.jsx:[2m203:43[22m[39m
    [90m201| [39m    [34mrenderWithRouter[39m([33m<[39m[33mProfile[39m [33m/[39m[33m>[39m)[33m;[39m
    [90m202| [39m
    [90m203| [39m    [34mexpect[39m(localStorage[33m.[39m[34mgetItem[39m([32m'token'[39m))[33m.[39m[34mtoBe[39m(
[32m'test-token'[39m)[33m;[39m
    [90m   | [39m                                          [31m^[39m
    [90m204| [39m  })[33m;[39m
    [90m205| [39m

[31m[2mΓÄ»ΓÄ»ΓÄ»ΓÄ»ΓÄ»ΓÄ»ΓÄ»ΓÄ»ΓÄ»ΓÄ»ΓÄ»ΓÄ»ΓÄ»ΓÄ»ΓÄ»ΓÄ»ΓÄ»ΓÄ»ΓÄ»ΓÄ»ΓÄ»ΓÄ»[35/46]ΓÄ»[22m[39m

[31m[1m[7m FAIL [27m[22m[39m src/tests/Signup.test.jsx[2m > [22mSignup Component[2m > [22mshould render create 
account heading
[31m[1mTestingLibraryElementError[22m[39m: Found multiple elements with the text: Create Account

Here are the matching elements:

Ignored nodes: comments, script, style
[36m<h2[39m
  [33mclass[39m=[32m"text-2xl sm:text-4xl font-extrabold bg-gradient-to-r from-purple-400 to-pink-300 bg-clip-text 
text-transparent"[39m
[36m>[39m
  [0mCreate Account[0m
[36m</h2>[39m

Ignored nodes: comments, script, style
[36m<button[39m
  [33mclass[39m=[32m"w-full mt-6 sm:mt-8 bg-gradient-to-r from-purple-600 to-pink-500 hover:from-purple-700 
hover:to-pink-600 text-white font-bold py-3 sm:py-4 rounded-2xl transition-all duration-300 shadow-lg hover:shadow-pink-500/50 
text-sm sm:text-base"[39m
[36m>[39m
  [0mCreate Account[0m
[36m</button>[39m

(If this is intentional, then use the `*AllBy*` variant of the query (like `queryAllByText`, `getAllByText`, or 
`findAllByText`)).

Ignored nodes: comments, script, style
[36m<body>[39m
  [36m<div>[39m
    [36m<div[39m
      [33mclass[39m=[32m"flex items-center justify-center min-h-screen bg-gradient-to-br from-slate-900 via-slate-800 
to-slate-900 relative overflow-hidden p-4"[39m
    [36m>[39m
      [36m<div[39m
        [33mclass[39m=[32m"absolute top-0 left-0 w-48 h-48 sm:w-96 sm:h-96 bg-purple-500 opacity-10 rounded-full blur-3xl 
-translate-x-1/2 -translate-y-1/2 animate-pulse"[39m
      [36m/>[39m
      [36m<div[39m
        [33mclass[39m=[32m"absolute bottom-0 right-0 w-48 h-48 sm:w-96 sm:h-96 bg-pink-500 opacity-10 rounded-full blur-3xl 
translate-x-1/2 translate-y-1/2 animate-pulse"[39m
      [36m/>[39m
      [36m<form[39m
        [33mclass[39m=[32m"relative bg-slate-800 bg-opacity-60 backdrop-blur-xl p-6 sm:p-10 rounded-3xl border 
border-slate-700 border-opacity-50 shadow-2xl w-full sm:w-96 hover:scale-105 transition-transform duration-500"[39m
      [36m>[39m
        [36m<div[39m
          [33mclass[39m=[32m"mb-6 sm:mb-8 text-center"[39m
        [36m>[39m
          [36m<h2[39m
            [33mclass[39m=[32m"text-2xl sm:text-4xl font-extrabold bg-gradient-to-r from-purple-400 to-pink-300 
bg-clip-text text-transparent"[39m
          [36m>[39m
            [0mCreate Account[0m
          [36m</h2>[39m
          [36m<p[39m
            [33mclass[39m=[32m"text-slate-400 text-xs sm:text-sm mt-2"[39m
          [36m>[39m
            [0mJoin us and unlock amazing features[0m
          [36m</p>[39m
        [36m</div>[39m
        [36m<div[39m
          [33mclass[39m=[32m"space-y-4 sm:space-y-5"[39m
        [36m>[39m
          [36m<input[39m
            [33mclass[39m=[32m"w-full px-4 sm:px-5 py-3 sm:py-4 bg-slate-700 bg-opacity-50 border border-slate-600 
rounded-2xl text-white placeholder-slate-400 focus:outline-none focus:ring-2 focus:ring-purple-500 transition duration-300 
text-sm sm:text-base"[39m
            [33mplaceholder[39m=[32m"Full Name"[39m
            [33mrequired[39m=[32m""[39m
            [33mtype[39m=[32m"text"[39m
            [33mvalue[39m=[32m""[39m
          [36m/>[39m
          [36m<input[39m
            [33mclass[39m=[32m"w-full px-4 sm:px-5 py-3 sm:py-4 bg-slate-700 bg-opacity-50 border border-slate-600 
rounded-2xl text-white placeholder-slate-400 focus:outline-none focus:ring-2 focus:ring-purple-500 transition duration-300 
text-sm sm:text-base"[39m
            [33mplaceholder[39m=[32m"Email Address"[39m
            [33mrequired[39m=[32m""[39m
            [33mtype[39m=[32m"email"[39m
            [33mvalue[39m=[32m""[39m
          [36m/>[39m
          [36m<div[39m
            [33mclass[39m=[32m"relative"[39m
          [36m>[39m
            [36m<input[39m
              [33mclass[39m=[32m"w-full px-4 sm:px-5 py-3 sm:py-4 bg-slate-700 bg-opacity-50 border border-slate-600 
rounded-2xl text-white placeholder-slate-400 focus:outline-none focus:ring-2 focus:ring-purple-500 transition duration-300 
text-sm sm:text-base"[39m
              [33mplaceholder[39m=[32m"Password"[39m
              [33mrequired[39m=[32m""[39m
              [33mtype[39m=[32m"password"[39m
              [33mvalue[39m=[32m""[39m
            [36m/>[39m
            [36m<button[39m
              [33mclass[39m=[32m"absolute right-4 top-1/2 -translate-y-1/2 text-slate-400 hover:text-white transition"[39m
              [33mtype[39m=[32m"button"[39m
            [36m>[39m
              [36m<svg[39m
                [33mclass[39m=[32m"w-5 h-5"[39m
                [33mfill[39m=[32m"currentColor"[39m
                [33mviewBox[39m=[32m"0 0 20 20"[39m
              [36m>[39m
                [36m<path[39m
                  [33mclip-rule[39m=[32m"evenodd"[39m
                  [33md[39m=[32m"M3.707 2.293a1 1 0 00-1.414 1.414l14 14a1 1 0 001.414-1.414l-1.473-1.473A10.014 10.014 0 
0019.542 10C18.268 5.943 14.478 3 10 3a9.958 9.958 0 00-4.512 1.074l-1.78-1.781zm4.261 4.26l1.514 1.515a2.003 2.003 0 012.45 
2.45l1.514 1.514a4 4 0 00-5.478-5.478z"[39m
                  [33mfill-rule[39m=[32m"evenodd"[39m
                [36m/>[39m
                [36m<path[39m
                  [33md[39m=[32m"M15.171 13.576l1.473 1.473A10.014 10.014 0 0019.542 10c-1.274-4.057-5.064-7-9.542-7a9.958 
9.958 0 00-4.512 1.074l1.473 1.473C9.773 3.645 9.88 3.645 10 3.645a4 4 0 014 4v.17l1.171 1.171z"[39m
                [36m/>[39m
              [36m</svg>[39m
            [36m</button>[39m
          [36m</div>[39m
        [36m</div>[39m
        [36m<button[39m
          [33mclass[39m=[32m"w-full mt-6 sm:mt-8 bg-gradient-to-r from-purple-600 to-pink-500 hover:from-purple-700 
hover:to-pink-600 text-white font-bold py-3 sm:py-4 rounded-2xl transition-all duration-300 shadow-lg hover:shadow-pink-500/50 
text-sm sm:text-base"[39m
        [36m>[39m
          [0mCreate Account[0m
        [36m</button>[39m
        [36m<p[39m
          [33mclass[39m=[32m"mt-4 sm:mt-6 text-center text-slate-400 text-xs sm:text-sm"[39m
        [36m>[39m
          [0mAlready have an account?[0m
          [0m [0m
          [36m<a[39m
            [33mclass[39m=[32m"text-purple-400 font-semibold hover:text-purple-300 transition"[39m
            [33mdata-discover[39m=[32m"true"[39m
            [33mhref[39m=[32m"/login"[39m
          [36m>[39m
            [0mSign In[0m
          [36m</a>[39m
        [36m</p>[39m
      [36m</form>[39m
    [36m</div>[39m
  [36m</div>[39m
[36m</body>[39m
[90m [2mΓ¥»[22m Object.getElementError node_modules/@testing-library/dom/dist/config.js:[2m37:19[22m[39m
[90m [2mΓ¥»[22m getElementError node_modules/@testing-library/dom/dist/query-helpers.js:[2m20:35[22m[39m
[90m [2mΓ¥»[22m getMultipleElementsFoundError node_modules/@testing-library/dom/dist/query-helpers.js:[2m23:10[22m[39m
[90m [2mΓ¥»[22m node_modules/@testing-library/dom/dist/query-helpers.js:[2m55:13[22m[39m
[90m [2mΓ¥»[22m node_modules/@testing-library/dom/dist/query-helpers.js:[2m95:19[22m[39m
[36m [2mΓ¥»[22m src/tests/Signup.test.jsx:[2m40:19[22m[39m
    [90m 38| [39m    [34mrenderSignup[39m()[33m;[39m
    [90m 39| [39m    
    [90m 40| [39m    [34mexpect[39m(screen[33m.[39m[34mgetByText[39m([32m'Create 
Account'[39m))[33m.[39m[34mtoBeInTheDocument[39m()[33m;[39m
    [90m   | [39m                  [31m^[39m
    [90m 41| [39m    [34mexpect[39m(screen[33m.[39m[34mgetByText[39m([32m'Join us and unlock amazing 
features'[39m))[33m.[39m[34mto[39mΓÇª
    [90m 42| [39m  })[33m;[39m

[31m[2mΓÄ»ΓÄ»ΓÄ»ΓÄ»ΓÄ»ΓÄ»ΓÄ»ΓÄ»ΓÄ»ΓÄ»ΓÄ»ΓÄ»ΓÄ»ΓÄ»ΓÄ»ΓÄ»ΓÄ»ΓÄ»ΓÄ»ΓÄ»ΓÄ»ΓÄ»[36/46]ΓÄ»[22m[39m

[31m[1m[7m FAIL [27m[22m[39m src/tests/Tasks.test.jsx[2m > [22mTasks Component[2m > [22mshould render Tasks page 
with heading
[31m[1mTestingLibraryElementError[22m[39m: Found multiple elements with the text: /tasks|Task/i

Here are the matching elements:

Ignored nodes: comments, script, style
[36m<h2[39m
  [33mclass[39m=[32m"text-3xl sm:text-4xl font-extrabold bg-gradient-to-r from-purple-400 to-pink-300 bg-clip-text 
text-transparent"[39m
[36m>[39m
  [0mYour Tasks[0m
[36m</h2>[39m

Ignored nodes: comments, script, style
[36m<h3[39m
  [33mclass[39m=[32m"text-lg sm:text-xl font-bold text-white mb-4"[39m
[36m>[39m
  [0mCreate New Task[0m
[36m</h3>[39m

Ignored nodes: comments, script, style
[36m<button[39m
  [33mclass[39m=[32m"flex-1 bg-gradient-to-r from-purple-600 to-pink-500 hover:from-purple-700 hover:to-pink-600 text-white 
font-bold py-2 sm:py-3 rounded-2xl transition-all duration-300 shadow-lg hover:shadow-pink-500/50 text-sm sm:text-base"[39m
  [33mtype[39m=[32m"submit"[39m
[36m>[39m
  [0mCreate Task[0m
[36m</button>[39m

Ignored nodes: comments, script, style
[36m<p[39m
  [33mclass[39m=[32m"text-slate-400 text-base sm:text-lg"[39m
[36m>[39m
  [0mNo tasks yet. Create your first task above![0m
[36m</p>[39m

(If this is intentional, then use the `*AllBy*` variant of the query (like `queryAllByText`, `getAllByText`, or 
`findAllByText`)).

Ignored nodes: comments, script, style
[36m<body>[39m
  [36m<div>[39m
    [36m<div[39m
      [33mclass[39m=[32m"min-h-screen bg-gradient-to-br from-slate-900 via-slate-800 to-slate-900 p-4 sm:p-8"[39m
    [36m>[39m
      [36m<div[39m
        [33mclass[39m=[32m"max-w-4xl mx-auto"[39m
      [36m>[39m
        [36m<div[39m
          [33mclass[39m=[32m"flex flex-col sm:flex-row justify-between items-start sm:items-center mb-8 gap-4"[39m
        [36m>[39m
          [36m<h2[39m
            [33mclass[39m=[32m"text-3xl sm:text-4xl font-extrabold bg-gradient-to-r from-purple-400 to-pink-300 
bg-clip-text text-transparent"[39m
          [36m>[39m
            [0mYour Tasks[0m
          [36m</h2>[39m
          [36m<button[39m
            [33mclass[39m=[32m"w-full sm:w-auto bg-slate-700 hover:bg-slate-600 text-white font-semibold py-2 px-4 
rounded-2xl transition-all duration-300 text-sm sm:text-base"[39m
          [36m>[39m
            [0mBack to Profile[0m
          [36m</button>[39m
        [36m</div>[39m
        [36m<form[39m
          [33mclass[39m=[32m"bg-slate-800 bg-opacity-60 backdrop-blur-xl p-4 sm:p-6 rounded-3xl border border-slate-700 
border-opacity-50 shadow-2xl mb-8"[39m
        [36m>[39m
          [36m<h3[39m
            [33mclass[39m=[32m"text-lg sm:text-xl font-bold text-white mb-4"[39m
          [36m>[39m
            [0mCreate New Task[0m
          [36m</h3>[39m
          [36m<div[39m
            [33mclass[39m=[32m"space-y-4"[39m
          [36m>[39m
            [36m<input[39m
              [33mclass[39m=[32m"w-full px-4 sm:px-5 py-2 sm:py-3 bg-slate-700 bg-opacity-50 border border-slate-600 
rounded-2xl text-white placeholder-slate-400 focus:outline-none focus:ring-2 focus:ring-purple-500 transition duration-300 
text-sm sm:text-base"[39m
              [33mplaceholder[39m=[32m"Task Title"[39m
              [33mrequired[39m=[32m""[39m
              [33mtype[39m=[32m"text"[39m
              [33mvalue[39m=[32m""[39m
            [36m/>[39m
            [36m<textarea[39m
              [33mclass[39m=[32m"w-full px-4 sm:px-5 py-2 sm:py-3 bg-slate-700 bg-opacity-50 border border-slate-600 
rounded-2xl text-white placeholder-slate-400 focus:outline-none focus:ring-2 focus:ring-purple-500 transition duration-300 
resize-none h-20 sm:h-24 text-sm sm:text-base"[39m
              [33mplaceholder[39m=[32m"Task Description (optional)"[39m
            [36m/>[39m
            [36m<div[39m
              [33mclass[39m=[32m"flex flex-col sm:flex-row gap-3"[39m
            [36m>[39m
              [36m<button[39m
                [33mclass[39m=[32m"flex-1 bg-gradient-to-r from-purple-600 to-pink-500 hover:from-purple-700 
hover:to-pink-600 text-white font-bold py-2 sm:py-3 rounded-2xl transition-all duration-300 shadow-lg hover:shadow-pink-500/50 
text-sm sm:text-base"[39m
                [33mtype[39m=[32m"submit"[39m
              [36m>[39m
                [0mCreate Task[0m
              [36m</button>[39m
            [36m</div>[39m
          [36m</div>[39m
        [36m</form>[39m
        [36m<div[39m
          [33mclass[39m=[32m"space-y-4"[39m
        [36m>[39m
          [36m<div[39m
            [33mclass[39m=[32m"bg-slate-800 bg-opacity-60 backdrop-blur-xl p-6 sm:p-8 rounded-3xl border border-slate-700 
border-opacity-50 shadow-2xl text-center"[39m
          [36m>[39m
            [36m<p[39m
              [33mclass[39m=[32m"text-slate-400 text-base sm:text-lg"[39m
            [36m>[39m
              [0mNo tasks yet. Create your first task above![0m
            [36m</p>[39m
          [36m</div>[39m
        [36m</div>[39m
      [36m</div>[39m
    [36m</div>[39m
  [36m</div>[39m
[36m</body>[39m
[90m [2mΓ¥»[22m Object.getElementError node_modules/@testing-library/dom/dist/config.js:[2m37:19[22m[39m
[90m [2mΓ¥»[22m getElementError node_modules/@testing-library/dom/dist/query-helpers.js:[2m20:35[22m[39m
[90m [2mΓ¥»[22m getMultipleElementsFoundError node_modules/@testing-library/dom/dist/query-helpers.js:[2m23:10[22m[39m
[90m [2mΓ¥»[22m node_modules/@testing-library/dom/dist/query-helpers.js:[2m55:13[22m[39m
[90m [2mΓ¥»[22m node_modules/@testing-library/dom/dist/query-helpers.js:[2m95:19[22m[39m
[36m [2mΓ¥»[22m src/tests/Tasks.test.jsx:[2m60:28[22m[39m
    [90m 58| [39m    [34mrenderWithRouter[39m([33m<[39m[33mTasks[39m [33m/[39m[33m>[39m)[33m;[39m
    [90m 59| [39m    
    [90m 60| [39m    [35mconst[39m heading [33m=[39m 
screen[33m.[39m[34mqueryByText[39m([36m/tasks|Task/i[39m)[33m;[39m
    [90m   | [39m                           [31m^[39m
    [90m 61| [39m    [34mexpect[39m(heading)[33m.[39m[34mtoBeTruthy[39m()[33m;[39m
    [90m 62| [39m  })[33m;[39m

[31m[2mΓÄ»ΓÄ»ΓÄ»ΓÄ»ΓÄ»ΓÄ»ΓÄ»ΓÄ»ΓÄ»ΓÄ»ΓÄ»ΓÄ»ΓÄ»ΓÄ»ΓÄ»ΓÄ»ΓÄ»ΓÄ»ΓÄ»ΓÄ»ΓÄ»ΓÄ»[37/46]ΓÄ»[22m[39m

[31m[1m[7m FAIL [27m[22m[39m src/tests/Tasks.test.jsx[2m > [22mTasks Component[2m > [22mshould have Add Task or 
Create button
[31m[1mTestingLibraryElementError[22m: Found multiple elements with the text: /Add|Create|add task|create task/i

Here are the matching elements:

Ignored nodes: comments, script, style
[36m<h3[31m
  [33mclass[31m=[32m"text-lg sm:text-xl font-bold text-white mb-4"[31m
[36m>[31m
  [0mCreate New Task[0m
[36m</h3>[31m

Ignored nodes: comments, script, style
[36m<button[31m
  [33mclass[31m=[32m"flex-1 bg-gradient-to-r from-purple-600 to-pink-500 hover:from-purple-700 hover:to-pink-600 text-white 
font-bold py-2 sm:py-3 rounded-2xl transition-all duration-300 shadow-lg hover:shadow-pink-500/50 text-sm sm:text-base"[31m
  [33mtype[31m=[32m"submit"[31m
[36m>[31m
  [0mCreate Task[0m
[36m</button>[31m

Ignored nodes: comments, script, style
[36m<p[31m
  [33mclass[31m=[32m"text-slate-400 text-base sm:text-lg"[31m
[36m>[31m
  [0mNo tasks yet. Create your first task above![0m
[36m</p>[31m

(If this is intentional, then use the `*AllBy*` variant of the query (like `queryAllByText`, `getAllByText`, or 
`findAllByText`)).

Ignored nodes: comments, script, style
[36m<body>[31m
  [36m<div>[31m
    [36m<div[31m
      [33mclass[31m=[32m"min-h-screen bg-gradient-to-br from-slate-900 via-slate-800 to-slate-900 p-4 sm:p-8"[31m
    [36m>[31m
      [36m<div[31m
        [33mclass[31m=[32m"max-w-4xl mx-auto"[31m
      [36m>[31m
        [36m<div[31m
          [33mclass[31m=[32m"flex flex-col sm:flex-row justify-between items-start sm:items-center mb-8 gap-4"[31m
        [36m>[31m
          [36m<h2[31m
            [33mclass[31m=[32m"text-3xl sm:text-4xl font-extrabold bg-gradient-to-r from-purple-400 to-pink-300 
bg-clip-text text-transparent"[31m
          [36m>[31m
            [0mYour Tasks[0m
          [36m</h2>[31m
          [36m<button[31m
            [33mclass[31m=[32m"w-full sm:w-auto bg-slate-700 hover:bg-slate-600 text-white font-semibold py-2 px-4 
rounded-2xl transition-all duration-300 text-sm sm:text-base"[31m
          [36m>[31m
            [0mBack to Profile[0m
          [36m</button>[31m
        [36m</div>[31m
        [36m<form[31m
          [33mclass[31m=[32m"bg-slate-800 bg-opacity-60 backdrop-blur-xl p-4 sm:p-6 rounded-3xl border border-slate-700 
border-opacity-50 shadow-2xl mb-8"[31m
        [36m>[31m
          [36m<h3[31m
            [33mclass[31m=[32m"text-lg sm:text-xl font-bold text-white mb-4"[31m
          [36m>[31m
            [0mCreate New Task[0m
          [36m</h3>[31m
          [36m<div[31m
            [33mclass[31m=[32m"space-y-4"[31m
          [36m>[31m
            [36m<input[31m
              [33mclass[31m=[32m"w-full px-4 sm:px-5 py-2 sm:py-3 bg-slate-700 bg-opacity-50 border border-slate-600 
rounded-2xl text-white placeholder-slate-400 focus:outline-none focus:ring-2 focus:ring-purple-500 transition duration-300 
text-sm sm:text-base"[31m
              [33mplaceholder[31m=[32m"Task Title"[31m
              [33mrequired[31m=[32m""[31m
              [33mtype[31m=[32m"text"[31m
              [33mvalue[31m=[32m""[31m
            [36m/>[31m
            [36m<textarea[31m
              [33mclass[31m=[32m"w-full px-4 sm:px-5 py-2 sm:py-3 bg-slate-700 bg-opacity-50 border border-slate-600 
rounded-2xl text-white placeholder-slate-400 focus:outline-none focus:ring-2 focus:ring-purple-500 transition duration-300 
resize-none h-20 sm:h-24 text-sm sm:text-base"[31m
              [33mplaceholder[31m=[32m"Task Description (optional)"[31m
            [36m/>[31m
            [36m<div[31m
              [33mclass[31m=[32m"flex flex-col sm:flex-row gap-3"[31m
            [36m>[31m
              [36m<button[31m
                [33mclass[31m=[32m"flex-1 bg-gradient-to-r from-purple-600 to-pink-500 hover:from-purple-700 
hover:to-pink-600 text-white font-bold py-2 sm:py-3 rounded-2xl transition-all duration-300 shadow-lg hover:shadow-pink-500/50 
text-sm sm:text-base"[31m
                [33mtype[31m=[32m"submit"[31m
              [36m>[31m
                [0mCreate Task[0m
              [36m</button>[31m
            [36m</div>[31m
          [36m</div>[31m
        [36m</form>[31m
        [36m<div[31m
          [33mclass[31m=[32m"space-y-4"[31m
        [36m>[31m
          [36m<div[31m
            [33mclass[31m=[32m"bg-slate-800 bg-opacity-60 backdrop-blur-xl p-6 sm:p-8 rounded-3xl border border-slate-700 
border-opacity-50 shadow-2xl text-center"[31m
          [36m>[31m
            [36m<p[31m
              [33mclass[31m=[32m"text-slate-400 text-base sm:text-lg"[31m
            [36m>[31m
              [0mNo tasks yet. Create your first task above![0m
            [36m</p>[31m
          [36m</div>[31m
        [36m</div>[31m
      [36m</div>[31m
    [36m</div>[31m
  [36m</div>[31m
[36m</body>[31m[39m
[90m [2mΓ¥»[22m Object.getElementError node_modules/@testing-library/dom/dist/config.js:[2m37:19[22m[39m
[90m [2mΓ¥»[22m getElementError node_modules/@testing-library/dom/dist/query-helpers.js:[2m20:35[22m[39m
[90m [2mΓ¥»[22m getMultipleElementsFoundError node_modules/@testing-library/dom/dist/query-helpers.js:[2m23:10[22m[39m
[90m [2mΓ¥»[22m node_modules/@testing-library/dom/dist/query-helpers.js:[2m55:13[22m[39m
[90m [2mΓ¥»[22m node_modules/@testing-library/dom/dist/query-helpers.js:[2m95:19[22m[39m
[36m [2mΓ¥»[22m src/tests/Tasks.test.jsx:[2m81:27[22m[39m
    [90m 79| [39m    [34mrenderWithRouter[39m([33m<[39m[33mTasks[39m [33m/[39m[33m>[39m)[33m;[39m
    [90m 80| [39m
    [90m 81| [39m    [35mconst[39m addBtn [33m=[39m screen[33m.[39m[34mqueryByText[39m([36m/Add|Create|add 
task|create task[39mΓÇª
    [90m   | [39m                          [31m^[39m
    [90m 82| [39m    [34mexpect[39m(addBtn)[33m.[39m[34mtoBeTruthy[39m()[33m;[39m
    [90m 83| [39m  })[33m;[39m

[31m[2mΓÄ»ΓÄ»ΓÄ»ΓÄ»ΓÄ»ΓÄ»ΓÄ»ΓÄ»ΓÄ»ΓÄ»ΓÄ»ΓÄ»ΓÄ»ΓÄ»ΓÄ»ΓÄ»ΓÄ»ΓÄ»ΓÄ»ΓÄ»ΓÄ»ΓÄ»[38/46]ΓÄ»[22m[39m

[31m[1m[7m FAIL [27m[22m[39m src/tests/Tasks.test.jsx[2m > [22mTasks Component[2m > [22mshould fetch user tasks on 
mount
[31m[1mAssertionError[22m: expected "spy" to be called with arguments: [ '/tasks' ][90m

Received: 

[31m[90m

Number of calls: [1m0[22m
[31m

Ignored nodes: comments, script, style
[36m<html>[31m
  [36m<head />[31m
  [36m<body>[31m
    [36m<div>[31m
      [36m<div[31m
        [33mclass[31m=[32m"min-h-screen bg-gradient-to-br from-slate-900 via-slate-800 to-slate-900 p-4 sm:p-8"[31m
      [36m>[31m
        [36m<div[31m
          [33mclass[31m=[32m"max-w-4xl mx-auto"[31m
        [36m>[31m
          [36m<div[31m
            [33mclass[31m=[32m"flex flex-col sm:flex-row justify-between items-start sm:items-center mb-8 gap-4"[31m
          [36m>[31m
            [36m<h2[31m
              [33mclass[31m=[32m"text-3xl sm:text-4xl font-extrabold bg-gradient-to-r from-purple-400 to-pink-300 
bg-clip-text text-transparent"[31m
            [36m>[31m
              [0mYour Tasks[0m
            [36m</h2>[31m
            [36m<button[31m
              [33mclass[31m=[32m"w-full sm:w-auto bg-slate-700 hover:bg-slate-600 text-white font-semibold py-2 px-4 
rounded-2xl transition-all duration-300 text-sm sm:text-base"[31m
            [36m>[31m
              [0mBack to Profile[0m
            [36m</button>[31m
          [36m</div>[31m
          [36m<form[31m
            [33mclass[31m=[32m"bg-slate-800 bg-opacity-60 backdrop-blur-xl p-4 sm:p-6 rounded-3xl border border-slate-700 
border-opacity-50 shadow-2xl mb-8"[31m
          [36m>[31m
            [36m<h3[31m
              [33mclass[31m=[32m"text-lg sm:text-xl font-bold text-white mb-4"[31m
            [36m>[31m
              [0mCreate New Task[0m
            [36m</h3>[31m
            [36m<div[31m
              [33mclass[31m=[32m"space-y-4"[31m
            [36m>[31m
              [36m<input[31m
                [33mclass[31m=[32m"w-full px-4 sm:px-5 py-2 sm:py-3 bg-slate-700 bg-opacity-50 border border-slate-600 
rounded-2xl text-white placeholder-slate-400 focus:outline-none focus:ring-2 focus:ring-purple-500 transition duration-300 
text-sm sm:text-base"[31m
                [33mplaceholder[31m=[32m"Task Title"[31m
                [33mrequired[31m=[32m""[31m
                [33mtype[31m=[32m"text"[31m
                [33mvalue[31m=[32m""[31m
              [36m/>[31m
              [36m<textarea[31m
                [33mclass[31m=[32m"w-full px-4 sm:px-5 py-2 sm:py-3 bg-slate-700 bg-opacity-50 border border-slate-600 
rounded-2xl text-white placeholder-slate-400 focus:outline-none focus:ring-2 focus:ring-purple-500 transition duration-300 
resize-none h-20 sm:h-24 text-sm sm:text-base"[31m
                [33mplaceholder[31m=[32m"Task Description (optional)"[31m
              [36m/>[31m
              [36m<div[31m
                [33mclass[31m=[32m"flex flex-col sm:flex-row gap-3"[31m
              [36m>[31m
                [36m<button[31m
                  [33mclass[31m=[32m"flex-1 bg-gradient-to-r from-purple-600 to-pink-500 hover:from-purple-700 
hover:to-pink-600 text-white font-bold py-2 sm:py-3 rounded-2xl transition-all duration-300 shadow-lg hover:shadow-pink-500/50 
text-sm sm:text-base"[31m
                  [33mtype[31m=[32m"submit"[31m
                [36m>[31m
                  [0mCreate Task[0m
                [36m</button>[31m
              [36m</div>[31m
            [36m</div>[31m
          [36m</form>[31m
          [36m<div[31m
            [33mclass[31m=[32m"space-y-4"[31m
          [36m>[31m
            [36m<div[31m
              [33mclass[31m=[32m"bg-slate-800 bg-opacity-60 backdrop-blur-xl p-6 sm:p-8 rounded-3xl border border-slate-700 
border-opacity-50 shadow-2xl text-center"[31m
            [36m>[31m
              [36m<p[31m
                [33mclass[31m=[32m"text-slate-400 text-base sm:text-lg"[31m
              [36m>[31m
                [0mNo tasks yet. Create your first task above![0m
              [36m</p>[31m
            [36m</div>[31m
          [36m</div>[31m
        [36m</div>[31m
      [36m</div>[31m
    [36m</div>[31m
  [36m</body>[31m
[36m</html>[31m[39m
[36m [2mΓ¥»[22m src/tests/Tasks.test.jsx:[2m89:23[22m[39m
    [90m 87| [39m
    [90m 88| [39m    [35mawait[39m [34mwaitFor[39m(() [33m=>[39m {
    [90m 89| [39m      
[34mexpect[39m([33mAPI[39m[33m.[39m[35mget[39m)[33m.[39m[34mtoHaveBeenCalledWith[39m([32m'/tasks'[39m)[33m;[39m
    [90m   | [39m                      [31m^[39m
    [90m 90| [39m    })[33m;[39m
    [90m 91| [39m  })[33m;[39m
[90m [2mΓ¥»[22m runWithExpensiveErrorDiagnosticsDisabled 
node_modules/@testing-library/dom/dist/config.js:[2m47:12[22m[39m
[90m [2mΓ¥»[22m checkCallback node_modules/@testing-library/dom/dist/wait-for.js:[2m124:77[22m[39m
[90m [2mΓ¥»[22m Timeout.checkRealTimersCallback node_modules/@testing-library/dom/dist/wait-for.js:[2m118:16[22m[39m

[31m[2mΓÄ»ΓÄ»ΓÄ»ΓÄ»ΓÄ»ΓÄ»ΓÄ»ΓÄ»ΓÄ»ΓÄ»ΓÄ»ΓÄ»ΓÄ»ΓÄ»ΓÄ»ΓÄ»ΓÄ»ΓÄ»ΓÄ»ΓÄ»ΓÄ»ΓÄ»[39/46]ΓÄ»[22m[39m

[31m[1m[7m FAIL [27m[22m[39m src/tests/Tasks.test.jsx[2m > [22mTasks Component[2m > [22mshould display task list
[31m[1mTestingLibraryElementError[22m[39m: Unable to find an element with the text: /Task 1/i. This could be because the 
text is broken up by multiple elements. In this case, you can provide a function for your text matcher to make your matcher 
more flexible.

Ignored nodes: comments, script, style
[36m<body>[39m
  [36m<div>[39m
    [36m<div[39m
      [33mclass[39m=[32m"min-h-screen bg-gradient-to-br from-slate-900 via-slate-800 to-slate-900 p-4 sm:p-8"[39m
    [36m>[39m
      [36m<div[39m
        [33mclass[39m=[32m"max-w-4xl mx-auto"[39m
      [36m>[39m
        [36m<div[39m
          [33mclass[39m=[32m"flex flex-col sm:flex-row justify-between items-start sm:items-center mb-8 gap-4"[39m
        [36m>[39m
          [36m<h2[39m
            [33mclass[39m=[32m"text-3xl sm:text-4xl font-extrabold bg-gradient-to-r from-purple-400 to-pink-300 
bg-clip-text text-transparent"[39m
          [36m>[39m
            [0mYour Tasks[0m
          [36m</h2>[39m
          [36m<button[39m
            [33mclass[39m=[32m"w-full sm:w-auto bg-slate-700 hover:bg-slate-600 text-white font-semibold py-2 px-4 
rounded-2xl transition-all duration-300 text-sm sm:text-base"[39m
          [36m>[39m
            [0mBack to Profile[0m
          [36m</button>[39m
        [36m</div>[39m
        [36m<form[39m
          [33mclass[39m=[32m"bg-slate-800 bg-opacity-60 backdrop-blur-xl p-4 sm:p-6 rounded-3xl border border-slate-700 
border-opacity-50 shadow-2xl mb-8"[39m
        [36m>[39m
          [36m<h3[39m
            [33mclass[39m=[32m"text-lg sm:text-xl font-bold text-white mb-4"[39m
          [36m>[39m
            [0mCreate New Task[0m
          [36m</h3>[39m
          [36m<div[39m
            [33mclass[39m=[32m"space-y-4"[39m
          [36m>[39m
            [36m<input[39m
              [33mclass[39m=[32m"w-full px-4 sm:px-5 py-2 sm:py-3 bg-slate-700 bg-opacity-50 border border-slate-600 
rounded-2xl text-white placeholder-slate-400 focus:outline-none focus:ring-2 focus:ring-purple-500 transition duration-300 
text-sm sm:text-base"[39m
              [33mplaceholder[39m=[32m"Task Title"[39m
              [33mrequired[39m=[32m""[39m
              [33mtype[39m=[32m"text"[39m
              [33mvalue[39m=[32m""[39m
            [36m/>[39m
            [36m<textarea[39m
              [33mclass[39m=[32m"w-full px-4 sm:px-5 py-2 sm:py-3 bg-slate-700 bg-opacity-50 border border-slate-600 
rounded-2xl text-white placeholder-slate-400 focus:outline-none focus:ring-2 focus:ring-purple-500 transition duration-300 
resize-none h-20 sm:h-24 text-sm sm:text-base"[39m
              [33mplaceholder[39m=[32m"Task Description (optional)"[39m
            [36m/>[39m
            [36m<div[39m
              [33mclass[39m=[32m"flex flex-col sm:flex-row gap-3"[39m
            [36m>[39m
              [36m<button[39m
                [33mclass[39m=[32m"flex-1 bg-gradient-to-r from-purple-600 to-pink-500 hover:from-purple-700 
hover:to-pink-600 text-white font-bold py-2 sm:py-3 rounded-2xl transition-all duration-300 shadow-lg hover:shadow-pink-500/50 
text-sm sm:text-base"[39m
                [33mtype[39m=[32m"submit"[39m
              [36m>[39m
                [0mCreate Task[0m
              [36m</button>[39m
            [36m</div>[39m
          [36m</div>[39m
        [36m</form>[39m
        [36m<div[39m
          [33mclass[39m=[32m"space-y-4"[39m
        [36m>[39m
          [36m<div[39m
            [33mclass[39m=[32m"bg-slate-800 bg-opacity-60 backdrop-blur-xl p-6 sm:p-8 rounded-3xl border border-slate-700 
border-opacity-50 shadow-2xl text-center"[39m
          [36m>[39m
            [36m<p[39m
              [33mclass[39m=[32m"text-slate-400 text-base sm:text-lg"[39m
            [36m>[39m
              [0mNo tasks yet. Create your first task above![0m
            [36m</p>[39m
          [36m</div>[39m
        [36m</div>[39m
      [36m</div>[39m
    [36m</div>[39m
  [36m</div>[39m
[36m</body>[39m

Ignored nodes: comments, script, style
[36m<html>[39m
  [36m<head />[39m
  [36m<body>[39m
    [36m<div>[39m
      [36m<div[39m
        [33mclass[39m=[32m"min-h-screen bg-gradient-to-br from-slate-900 via-slate-800 to-slate-900 p-4 sm:p-8"[39m
      [36m>[39m
        [36m<div[39m
          [33mclass[39m=[32m"max-w-4xl mx-auto"[39m
        [36m>[39m
          [36m<div[39m
            [33mclass[39m=[32m"flex flex-col sm:flex-row justify-between items-start sm:items-center mb-8 gap-4"[39m
          [36m>[39m
            [36m<h2[39m
              [33mclass[39m=[32m"text-3xl sm:text-4xl font-extrabold bg-gradient-to-r from-purple-400 to-pink-300 
bg-clip-text text-transparent"[39m
            [36m>[39m
              [0mYour Tasks[0m
            [36m</h2>[39m
            [36m<button[39m
              [33mclass[39m=[32m"w-full sm:w-auto bg-slate-700 hover:bg-slate-600 text-white font-semibold py-2 px-4 
rounded-2xl transition-all duration-300 text-sm sm:text-base"[39m
            [36m>[39m
              [0mBack to Profile[0m
            [36m</button>[39m
          [36m</div>[39m
          [36m<form[39m
            [33mclass[39m=[32m"bg-slate-800 bg-opacity-60 backdrop-blur-xl p-4 sm:p-6 rounded-3xl border border-slate-700 
border-opacity-50 shadow-2xl mb-8"[39m
          [36m>[39m
            [36m<h3[39m
              [33mclass[39m=[32m"text-lg sm:text-xl font-bold text-white mb-4"[39m
            [36m>[39m
              [0mCreate New Task[0m
            [36m</h3>[39m
            [36m<div[39m
              [33mclass[39m=[32m"space-y-4"[39m
            [36m>[39m
              [36m<input[39m
                [33mclass[39m=[32m"w-full px-4 sm:px-5 py-2 sm:py-3 bg-slate-700 bg-opacity-50 border border-slate-600 
rounded-2xl text-white placeholder-slate-400 focus:outline-none focus:ring-2 focus:ring-purple-500 transition duration-300 
text-sm sm:text-base"[39m
                [33mplaceholder[39m=[32m"Task Title"[39m
                [33mrequired[39m=[32m""[39m
                [33mtype[39m=[32m"text"[39m
                [33mvalue[39m=[32m""[39m
              [36m/>[39m
              [36m<textarea[39m
                [33mclass[39m=[32m"w-full px-4 sm:px-5 py-2 sm:py-3 bg-slate-700 bg-opacity-50 border border-slate-600 
rounded-2xl text-white placeholder-slate-400 focus:outline-none focus:ring-2 focus:ring-purple-500 transition duration-300 
resize-none h-20 sm:h-24 text-sm sm:text-base"[39m
                [33mplaceholder[39m=[32m"Task Description (optional)"[39m
              [36m/>[39m
              [36m<div[39m
                [33mclass[39m=[32m"flex flex-col sm:flex-row gap-3"[39m
              [36m>[39m
                [36m<button[39m
                  [33mclass[39m=[32m"flex-1 bg-gradient-to-r from-purple-600 to-pink-500 hover:from-purple-700 
hover:to-pink-600 text-white font-bold py-2 sm:py-3 rounded-2xl transition-all duration-300 shadow-lg hover:shadow-pink-500/50 
text-sm sm:text-base"[39m
                  [33mtype[39m=[32m"submit"[39m
                [36m>[39m
                  [0mCreate Task[0m
                [36m</button>[39m
              [36m</div>[39m
            [36m</div>[39m
          [36m</form>[39m
          [36m<div[39m
            [33mclass[39m=[32m"space-y-4"[39m
          [36m>[39m
            [36m<div[39m
              [33mclass[39m=[32m"bg-slate-800 bg-opacity-60 backdrop-blur-xl p-6 sm:p-8 rounded-3xl border border-slate-700 
border-opacity-50 shadow-2xl text-center"[39m
            [36m>[39m
              [36m<p[39m
                [33mclass[39m=[32m"text-slate-400 text-base sm:text-lg"[39m
              [36m>[39m
                [0mNo tasks yet. Create your first task above![0m
              [36m</p>[39m
            [36m</div>[39m
          [36m</div>[39m
        [36m</div>[39m
      [36m</div>[39m
    [36m</div>[39m
  [36m</body>[39m
[36m</html>[39m
[90m [2mΓ¥»[22m Proxy.waitForWrapper node_modules/@testing-library/dom/dist/wait-for.js:[2m163:27[22m[39m
[36m [2mΓ¥»[22m src/tests/Tasks.test.jsx:[2m96:11[22m[39m
    [90m 94| [39m    [34mrenderWithRouter[39m([33m<[39m[33mTasks[39m [33m/[39m[33m>[39m)[33m;[39m
    [90m 95| [39m
    [90m 96| [39m    [35mawait[39m [34mwaitFor[39m(() [33m=>[39m {
    [90m   | [39m          [31m^[39m
    [90m 97| [39m      [34mexpect[39m(screen[33m.[39m[34mgetByText[39m([36m/Task 
1/i[39m))[33m.[39m[34mtoBeTruthy[39m()[33m;[39m
    [90m 98| [39m    })[33m;[39m

[31m[2mΓÄ»ΓÄ»ΓÄ»ΓÄ»ΓÄ»ΓÄ»ΓÄ»ΓÄ»ΓÄ»ΓÄ»ΓÄ»ΓÄ»ΓÄ»ΓÄ»ΓÄ»ΓÄ»ΓÄ»ΓÄ»ΓÄ»ΓÄ»ΓÄ»ΓÄ»[40/46]ΓÄ»[22m[39m

[31m[1m[7m FAIL [27m[22m[39m src/tests/Tasks.test.jsx[2m > [22mTasks Component[2m > [22mshould have delete button 
for each task
[31m[1mAssertionError[22m: expected 0 to be greater than 0

Ignored nodes: comments, script, style
[36m<html>[31m
  [36m<head />[31m
  [36m<body>[31m
    [36m<div>[31m
      [36m<div[31m
        [33mclass[31m=[32m"min-h-screen bg-gradient-to-br from-slate-900 via-slate-800 to-slate-900 p-4 sm:p-8"[31m
      [36m>[31m
        [36m<div[31m
          [33mclass[31m=[32m"max-w-4xl mx-auto"[31m
        [36m>[31m
          [36m<div[31m
            [33mclass[31m=[32m"flex flex-col sm:flex-row justify-between items-start sm:items-center mb-8 gap-4"[31m
          [36m>[31m
            [36m<h2[31m
              [33mclass[31m=[32m"text-3xl sm:text-4xl font-extrabold bg-gradient-to-r from-purple-400 to-pink-300 
bg-clip-text text-transparent"[31m
            [36m>[31m
              [0mYour Tasks[0m
            [36m</h2>[31m
            [36m<button[31m
              [33mclass[31m=[32m"w-full sm:w-auto bg-slate-700 hover:bg-slate-600 text-white font-semibold py-2 px-4 
rounded-2xl transition-all duration-300 text-sm sm:text-base"[31m
            [36m>[31m
              [0mBack to Profile[0m
            [36m</button>[31m
          [36m</div>[31m
          [36m<form[31m
            [33mclass[31m=[32m"bg-slate-800 bg-opacity-60 backdrop-blur-xl p-4 sm:p-6 rounded-3xl border border-slate-700 
border-opacity-50 shadow-2xl mb-8"[31m
          [36m>[31m
            [36m<h3[31m
              [33mclass[31m=[32m"text-lg sm:text-xl font-bold text-white mb-4"[31m
            [36m>[31m
              [0mCreate New Task[0m
            [36m</h3>[31m
            [36m<div[31m
              [33mclass[31m=[32m"space-y-4"[31m
            [36m>[31m
              [36m<input[31m
                [33mclass[31m=[32m"w-full px-4 sm:px-5 py-2 sm:py-3 bg-slate-700 bg-opacity-50 border border-slate-600 
rounded-2xl text-white placeholder-slate-400 focus:outline-none focus:ring-2 focus:ring-purple-500 transition duration-300 
text-sm sm:text-base"[31m
                [33mplaceholder[31m=[32m"Task Title"[31m
                [33mrequired[31m=[32m""[31m
                [33mtype[31m=[32m"text"[31m
                [33mvalue[31m=[32m""[31m
              [36m/>[31m
              [36m<textarea[31m
                [33mclass[31m=[32m"w-full px-4 sm:px-5 py-2 sm:py-3 bg-slate-700 bg-opacity-50 border border-slate-600 
rounded-2xl text-white placeholder-slate-400 focus:outline-none focus:ring-2 focus:ring-purple-500 transition duration-300 
resize-none h-20 sm:h-24 text-sm sm:text-base"[31m
                [33mplaceholder[31m=[32m"Task Description (optional)"[31m
              [36m/>[31m
              [36m<div[31m
                [33mclass[31m=[32m"flex flex-col sm:flex-row gap-3"[31m
              [36m>[31m
                [36m<button[31m
                  [33mclass[31m=[32m"flex-1 bg-gradient-to-r from-purple-600 to-pink-500 hover:from-purple-700 
hover:to-pink-600 text-white font-bold py-2 sm:py-3 rounded-2xl transition-all duration-300 shadow-lg hover:shadow-pink-500/50 
text-sm sm:text-base"[31m
                  [33mtype[31m=[32m"submit"[31m
                [36m>[31m
                  [0mCreate Task[0m
                [36m</button>[31m
              [36m</div>[31m
            [36m</div>[31m
          [36m</form>[31m
          [36m<div[31m
            [33mclass[31m=[32m"space-y-4"[31m
          [36m>[31m
            [36m<div[31m
              [33mclass[31m=[32m"bg-slate-800 bg-opacity-60 backdrop-blur-xl p-6 sm:p-8 rounded-3xl border border-slate-700 
border-opacity-50 shadow-2xl text-center"[31m
            [36m>[31m
              [36m<p[31m
                [33mclass[31m=[32m"text-slate-400 text-base sm:text-lg"[31m
              [36m>[31m
                [0mNo tasks yet. Create your first task above![0m
              [36m</p>[31m
            [36m</div>[31m
          [36m</div>[31m
        [36m</div>[31m
      [36m</div>[31m
    [36m</div>[31m
  [36m</body>[31m
[36m</html>[31m[39m
[36m [2mΓ¥»[22m src/tests/Tasks.test.jsx:[2m126:36[22m[39m
    [90m124| [39m    [35mawait[39m [34mwaitFor[39m(() [33m=>[39m {
    [90m125| [39m      [35mconst[39m deleteButtons [33m=[39m 
screen[33m.[39m[34mqueryAllByText[39m([36m/Delete|delete|Remov[39mΓÇª
    [90m126| [39m      
[34mexpect[39m(deleteButtons[33m.[39mlength)[33m.[39m[34mtoBeGreaterThan[39m([34m0[39m)[33m;[39m
    [90m   | [39m                                   [31m^[39m
    [90m127| [39m    })[33m;[39m
    [90m128| [39m  })[33m;[39m
[90m [2mΓ¥»[22m runWithExpensiveErrorDiagnosticsDisabled 
node_modules/@testing-library/dom/dist/config.js:[2m47:12[22m[39m
[90m [2mΓ¥»[22m checkCallback node_modules/@testing-library/dom/dist/wait-for.js:[2m124:77[22m[39m
[90m [2mΓ¥»[22m Timeout.checkRealTimersCallback node_modules/@testing-library/dom/dist/wait-for.js:[2m118:16[22m[39m

[31m[2mΓÄ»ΓÄ»ΓÄ»ΓÄ»ΓÄ»ΓÄ»ΓÄ»ΓÄ»ΓÄ»ΓÄ»ΓÄ»ΓÄ»ΓÄ»ΓÄ»ΓÄ»ΓÄ»ΓÄ»ΓÄ»ΓÄ»ΓÄ»ΓÄ»ΓÄ»[41/46]ΓÄ»[22m[39m

[31m[1m[7m FAIL [27m[22m[39m src/tests/Tasks.test.jsx[2m > [22mTasks Component[2m > [22mshould have edit button for 
each task
[31m[1mAssertionError[22m: expected 0 to be greater than 0

Ignored nodes: comments, script, style
[36m<html>[31m
  [36m<head />[31m
  [36m<body>[31m
    [36m<div>[31m
      [36m<div[31m
        [33mclass[31m=[32m"min-h-screen bg-gradient-to-br from-slate-900 via-slate-800 to-slate-900 p-4 sm:p-8"[31m
      [36m>[31m
        [36m<div[31m
          [33mclass[31m=[32m"max-w-4xl mx-auto"[31m
        [36m>[31m
          [36m<div[31m
            [33mclass[31m=[32m"flex flex-col sm:flex-row justify-between items-start sm:items-center mb-8 gap-4"[31m
          [36m>[31m
            [36m<h2[31m
              [33mclass[31m=[32m"text-3xl sm:text-4xl font-extrabold bg-gradient-to-r from-purple-400 to-pink-300 
bg-clip-text text-transparent"[31m
            [36m>[31m
              [0mYour Tasks[0m
            [36m</h2>[31m
            [36m<button[31m
              [33mclass[31m=[32m"w-full sm:w-auto bg-slate-700 hover:bg-slate-600 text-white font-semibold py-2 px-4 
rounded-2xl transition-all duration-300 text-sm sm:text-base"[31m
            [36m>[31m
              [0mBack to Profile[0m
            [36m</button>[31m
          [36m</div>[31m
          [36m<form[31m
            [33mclass[31m=[32m"bg-slate-800 bg-opacity-60 backdrop-blur-xl p-4 sm:p-6 rounded-3xl border border-slate-700 
border-opacity-50 shadow-2xl mb-8"[31m
          [36m>[31m
            [36m<h3[31m
              [33mclass[31m=[32m"text-lg sm:text-xl font-bold text-white mb-4"[31m
            [36m>[31m
              [0mCreate New Task[0m
            [36m</h3>[31m
            [36m<div[31m
              [33mclass[31m=[32m"space-y-4"[31m
            [36m>[31m
              [36m<input[31m
                [33mclass[31m=[32m"w-full px-4 sm:px-5 py-2 sm:py-3 bg-slate-700 bg-opacity-50 border border-slate-600 
rounded-2xl text-white placeholder-slate-400 focus:outline-none focus:ring-2 focus:ring-purple-500 transition duration-300 
text-sm sm:text-base"[31m
                [33mplaceholder[31m=[32m"Task Title"[31m
                [33mrequired[31m=[32m""[31m
                [33mtype[31m=[32m"text"[31m
                [33mvalue[31m=[32m""[31m
              [36m/>[31m
              [36m<textarea[31m
                [33mclass[31m=[32m"w-full px-4 sm:px-5 py-2 sm:py-3 bg-slate-700 bg-opacity-50 border border-slate-600 
rounded-2xl text-white placeholder-slate-400 focus:outline-none focus:ring-2 focus:ring-purple-500 transition duration-300 
resize-none h-20 sm:h-24 text-sm sm:text-base"[31m
                [33mplaceholder[31m=[32m"Task Description (optional)"[31m
              [36m/>[31m
              [36m<div[31m
                [33mclass[31m=[32m"flex flex-col sm:flex-row gap-3"[31m
              [36m>[31m
                [36m<button[31m
                  [33mclass[31m=[32m"flex-1 bg-gradient-to-r from-purple-600 to-pink-500 hover:from-purple-700 
hover:to-pink-600 text-white font-bold py-2 sm:py-3 rounded-2xl transition-all duration-300 shadow-lg hover:shadow-pink-500/50 
text-sm sm:text-base"[31m
                  [33mtype[31m=[32m"submit"[31m
                [36m>[31m
                  [0mCreate Task[0m
                [36m</button>[31m
              [36m</div>[31m
            [36m</div>[31m
          [36m</form>[31m
          [36m<div[31m
            [33mclass[31m=[32m"space-y-4"[31m
          [36m>[31m
            [36m<div[31m
              [33mclass[31m=[32m"bg-slate-800 bg-opacity-60 backdrop-blur-xl p-6 sm:p-8 rounded-3xl border border-slate-700 
border-opacity-50 shadow-2xl text-center"[31m
            [36m>[31m
              [36m<p[31m
                [33mclass[31m=[32m"text-slate-400 text-base sm:text-lg"[31m
              [36m>[31m
                [0mNo tasks yet. Create your first task above![0m
              [36m</p>[31m
            [36m</div>[31m
          [36m</div>[31m
        [36m</div>[31m
      [36m</div>[31m
    [36m</div>[31m
  [36m</body>[31m
[36m</html>[31m[39m
[36m [2mΓ¥»[22m src/tests/Tasks.test.jsx:[2m135:34[22m[39m
    [90m133| [39m    [35mawait[39m [34mwaitFor[39m(() [33m=>[39m {
    [90m134| [39m      [35mconst[39m editButtons [33m=[39m 
screen[33m.[39m[34mqueryAllByText[39m([36m/Edit|edit/i[39m)[33m;[39m
    [90m135| [39m      
[34mexpect[39m(editButtons[33m.[39mlength)[33m.[39m[34mtoBeGreaterThan[39m([34m0[39m)[33m;[39m
    [90m   | [39m                                 [31m^[39m
    [90m136| [39m    })[33m;[39m
    [90m137| [39m  })[33m;[39m
[90m [2mΓ¥»[22m runWithExpensiveErrorDiagnosticsDisabled 
node_modules/@testing-library/dom/dist/config.js:[2m47:12[22m[39m
[90m [2mΓ¥»[22m checkCallback node_modules/@testing-library/dom/dist/wait-for.js:[2m124:77[22m[39m
[90m [2mΓ¥»[22m Timeout.checkRealTimersCallback node_modules/@testing-library/dom/dist/wait-for.js:[2m118:16[22m[39m

[31m[2mΓÄ»ΓÄ»ΓÄ»ΓÄ»ΓÄ»ΓÄ»ΓÄ»ΓÄ»ΓÄ»ΓÄ»ΓÄ»ΓÄ»ΓÄ»ΓÄ»ΓÄ»ΓÄ»ΓÄ»ΓÄ»ΓÄ»ΓÄ»ΓÄ»ΓÄ»[42/46]ΓÄ»[22m[39m

[31m[1m[7m FAIL [27m[22m[39m src/tests/Tasks.test.jsx[2m > [22mTasks Component[2m > [22mshould handle empty task list
[31m[1mAssertionError[22m: expected "spy" to be called with arguments: [ '/tasks' ][90m

Received: 

[31m[90m

Number of calls: [1m0[22m
[31m

Ignored nodes: comments, script, style
[36m<html>[31m
  [36m<head />[31m
  [36m<body>[31m
    [36m<div>[31m
      [36m<div[31m
        [33mclass[31m=[32m"min-h-screen bg-gradient-to-br from-slate-900 via-slate-800 to-slate-900 p-4 sm:p-8"[31m
      [36m>[31m
        [36m<div[31m
          [33mclass[31m=[32m"max-w-4xl mx-auto"[31m
        [36m>[31m
          [36m<div[31m
            [33mclass[31m=[32m"flex flex-col sm:flex-row justify-between items-start sm:items-center mb-8 gap-4"[31m
          [36m>[31m
            [36m<h2[31m
              [33mclass[31m=[32m"text-3xl sm:text-4xl font-extrabold bg-gradient-to-r from-purple-400 to-pink-300 
bg-clip-text text-transparent"[31m
            [36m>[31m
              [0mYour Tasks[0m
            [36m</h2>[31m
            [36m<button[31m
              [33mclass[31m=[32m"w-full sm:w-auto bg-slate-700 hover:bg-slate-600 text-white font-semibold py-2 px-4 
rounded-2xl transition-all duration-300 text-sm sm:text-base"[31m
            [36m>[31m
              [0mBack to Profile[0m
            [36m</button>[31m
          [36m</div>[31m
          [36m<form[31m
            [33mclass[31m=[32m"bg-slate-800 bg-opacity-60 backdrop-blur-xl p-4 sm:p-6 rounded-3xl border border-slate-700 
border-opacity-50 shadow-2xl mb-8"[31m
          [36m>[31m
            [36m<h3[31m
              [33mclass[31m=[32m"text-lg sm:text-xl font-bold text-white mb-4"[31m
            [36m>[31m
              [0mCreate New Task[0m
            [36m</h3>[31m
            [36m<div[31m
              [33mclass[31m=[32m"space-y-4"[31m
            [36m>[31m
              [36m<input[31m
                [33mclass[31m=[32m"w-full px-4 sm:px-5 py-2 sm:py-3 bg-slate-700 bg-opacity-50 border border-slate-600 
rounded-2xl text-white placeholder-slate-400 focus:outline-none focus:ring-2 focus:ring-purple-500 transition duration-300 
text-sm sm:text-base"[31m
                [33mplaceholder[31m=[32m"Task Title"[31m
                [33mrequired[31m=[32m""[31m
                [33mtype[31m=[32m"text"[31m
                [33mvalue[31m=[32m""[31m
              [36m/>[31m
              [36m<textarea[31m
                [33mclass[31m=[32m"w-full px-4 sm:px-5 py-2 sm:py-3 bg-slate-700 bg-opacity-50 border border-slate-600 
rounded-2xl text-white placeholder-slate-400 focus:outline-none focus:ring-2 focus:ring-purple-500 transition duration-300 
resize-none h-20 sm:h-24 text-sm sm:text-base"[31m
                [33mplaceholder[31m=[32m"Task Description (optional)"[31m
              [36m/>[31m
              [36m<div[31m
                [33mclass[31m=[32m"flex flex-col sm:flex-row gap-3"[31m
              [36m>[31m
                [36m<button[31m
                  [33mclass[31m=[32m"flex-1 bg-gradient-to-r from-purple-600 to-pink-500 hover:from-purple-700 
hover:to-pink-600 text-white font-bold py-2 sm:py-3 rounded-2xl transition-all duration-300 shadow-lg hover:shadow-pink-500/50 
text-sm sm:text-base"[31m
                  [33mtype[31m=[32m"submit"[31m
                [36m>[31m
                  [0mCreate Task[0m
                [36m</button>[31m
              [36m</div>[31m
            [36m</div>[31m
          [36m</form>[31m
          [36m<div[31m
            [33mclass[31m=[32m"space-y-4"[31m
          [36m>[31m
            [36m<div[31m
              [33mclass[31m=[32m"bg-slate-800 bg-opacity-60 backdrop-blur-xl p-6 sm:p-8 rounded-3xl border border-slate-700 
border-opacity-50 shadow-2xl text-center"[31m
            [36m>[31m
              [36m<p[31m
                [33mclass[31m=[32m"text-slate-400 text-base sm:text-lg"[31m
              [36m>[31m
                [0mNo tasks yet. Create your first task above![0m
              [36m</p>[31m
            [36m</div>[31m
          [36m</div>[31m
        [36m</div>[31m
      [36m</div>[31m
    [36m</div>[31m
  [36m</body>[31m
[36m</html>[31m[39m
[36m [2mΓ¥»[22m src/tests/Tasks.test.jsx:[2m150:23[22m[39m
    [90m148| [39m
    [90m149| [39m    [35mawait[39m [34mwaitFor[39m(() [33m=>[39m {
    [90m150| [39m      
[34mexpect[39m([33mAPI[39m[33m.[39m[35mget[39m)[33m.[39m[34mtoHaveBeenCalledWith[39m([32m'/tasks'[39m)[33m;[39m
    [90m   | [39m                      [31m^[39m
    [90m151| [39m    })[33m;[39m
    [90m152| [39m  })[33m;[39m
[90m [2mΓ¥»[22m runWithExpensiveErrorDiagnosticsDisabled 
node_modules/@testing-library/dom/dist/config.js:[2m47:12[22m[39m
[90m [2mΓ¥»[22m checkCallback node_modules/@testing-library/dom/dist/wait-for.js:[2m124:77[22m[39m
[90m [2mΓ¥»[22m Timeout.checkRealTimersCallback node_modules/@testing-library/dom/dist/wait-for.js:[2m118:16[22m[39m

[31m[2mΓÄ»ΓÄ»ΓÄ»ΓÄ»ΓÄ»ΓÄ»ΓÄ»ΓÄ»ΓÄ»ΓÄ»ΓÄ»ΓÄ»ΓÄ»ΓÄ»ΓÄ»ΓÄ»ΓÄ»ΓÄ»ΓÄ»ΓÄ»ΓÄ»ΓÄ»[43/46]ΓÄ»[22m[39m

[31m[1m[7m FAIL [27m[22m[39m src/tests/Tasks.test.jsx[2m > [22mTasks Component[2m > [22mshould display task cards in 
responsive layout
[31m[1mAssertionError[22m: expected 0 to be greater than 0

Ignored nodes: comments, script, style
[36m<html>[31m
  [36m<head />[31m
  [36m<body>[31m
    [36m<div>[31m
      [36m<div[31m
        [33mclass[31m=[32m"min-h-screen bg-gradient-to-br from-slate-900 via-slate-800 to-slate-900 p-4 sm:p-8"[31m
      [36m>[31m
        [36m<div[31m
          [33mclass[31m=[32m"max-w-4xl mx-auto"[31m
        [36m>[31m
          [36m<div[31m
            [33mclass[31m=[32m"flex flex-col sm:flex-row justify-between items-start sm:items-center mb-8 gap-4"[31m
          [36m>[31m
            [36m<h2[31m
              [33mclass[31m=[32m"text-3xl sm:text-4xl font-extrabold bg-gradient-to-r from-purple-400 to-pink-300 
bg-clip-text text-transparent"[31m
            [36m>[31m
              [0mYour Tasks[0m
            [36m</h2>[31m
            [36m<button[31m
              [33mclass[31m=[32m"w-full sm:w-auto bg-slate-700 hover:bg-slate-600 text-white font-semibold py-2 px-4 
rounded-2xl transition-all duration-300 text-sm sm:text-base"[31m
            [36m>[31m
              [0mBack to Profile[0m
            [36m</button>[31m
          [36m</div>[31m
          [36m<form[31m
            [33mclass[31m=[32m"bg-slate-800 bg-opacity-60 backdrop-blur-xl p-4 sm:p-6 rounded-3xl border border-slate-700 
border-opacity-50 shadow-2xl mb-8"[31m
          [36m>[31m
            [36m<h3[31m
              [33mclass[31m=[32m"text-lg sm:text-xl font-bold text-white mb-4"[31m
            [36m>[31m
              [0mCreate New Task[0m
            [36m</h3>[31m
            [36m<div[31m
              [33mclass[31m=[32m"space-y-4"[31m
            [36m>[31m
              [36m<input[31m
                [33mclass[31m=[32m"w-full px-4 sm:px-5 py-2 sm:py-3 bg-slate-700 bg-opacity-50 border border-slate-600 
rounded-2xl text-white placeholder-slate-400 focus:outline-none focus:ring-2 focus:ring-purple-500 transition duration-300 
text-sm sm:text-base"[31m
                [33mplaceholder[31m=[32m"Task Title"[31m
                [33mrequired[31m=[32m""[31m
                [33mtype[31m=[32m"text"[31m
                [33mvalue[31m=[32m""[31m
              [36m/>[31m
              [36m<textarea[31m
                [33mclass[31m=[32m"w-full px-4 sm:px-5 py-2 sm:py-3 bg-slate-700 bg-opacity-50 border border-slate-600 
rounded-2xl text-white placeholder-slate-400 focus:outline-none focus:ring-2 focus:ring-purple-500 transition duration-300 
resize-none h-20 sm:h-24 text-sm sm:text-base"[31m
                [33mplaceholder[31m=[32m"Task Description (optional)"[31m
              [36m/>[31m
              [36m<div[31m
                [33mclass[31m=[32m"flex flex-col sm:flex-row gap-3"[31m
              [36m>[31m
                [36m<button[31m
                  [33mclass[31m=[32m"flex-1 bg-gradient-to-r from-purple-600 to-pink-500 hover:from-purple-700 
hover:to-pink-600 text-white font-bold py-2 sm:py-3 rounded-2xl transition-all duration-300 shadow-lg hover:shadow-pink-500/50 
text-sm sm:text-base"[31m
                  [33mtype[31m=[32m"submit"[31m
                [36m>[31m
                  [0mCreate Task[0m
                [36m</button>[31m
              [36m</div>[31m
            [36m</div>[31m
          [36m</form>[31m
          [36m<div[31m
            [33mclass[31m=[32m"space-y-4"[31m
          [36m>[31m
            [36m<div[31m
              [33mclass[31m=[32m"bg-slate-800 bg-opacity-60 backdrop-blur-xl p-6 sm:p-8 rounded-3xl border border-slate-700 
border-opacity-50 shadow-2xl text-center"[31m
            [36m>[31m
              [36m<p[31m
                [33mclass[31m=[32m"text-slate-400 text-base sm:text-lg"[31m
              [36m>[31m
                [0mNo tasks yet. Create your first task above![0m
              [36m</p>[31m
            [36m</div>[31m
          [36m</div>[31m
        [36m</div>[31m
      [36m</div>[31m
    [36m</div>[31m
  [36m</body>[31m
[36m</html>[31m[39m
[36m [2mΓ¥»[22m src/tests/Tasks.test.jsx:[2m161:32[22m[39m
    [90m159| [39m                       container[33m.[39m[34mquerySelectorAll[39m([32m'[class*="task"]'[39m) 
[33m||[39m
    [90m160| [39m                       
container[33m.[39m[34mquerySelectorAll[39m([32m'[class*="border"]'[39m)[33m;[39m
    [90m161| [39m      
[34mexpect[39m(taskCards[33m.[39mlength)[33m.[39m[34mtoBeGreaterThan[39m([34m0[39m)[33m;[39m
    [90m   | [39m                               [31m^[39m
    [90m162| [39m    })[33m;[39m
    [90m163| [39m  })[33m;[39m
[90m [2mΓ¥»[22m runWithExpensiveErrorDiagnosticsDisabled 
node_modules/@testing-library/dom/dist/config.js:[2m47:12[22m[39m
[90m [2mΓ¥»[22m checkCallback node_modules/@testing-library/dom/dist/wait-for.js:[2m124:77[22m[39m
[90m [2mΓ¥»[22m Timeout.checkRealTimersCallback node_modules/@testing-library/dom/dist/wait-for.js:[2m118:16[22m[39m

[31m[2mΓÄ»ΓÄ»ΓÄ»ΓÄ»ΓÄ»ΓÄ»ΓÄ»ΓÄ»ΓÄ»ΓÄ»ΓÄ»ΓÄ»ΓÄ»ΓÄ»ΓÄ»ΓÄ»ΓÄ»ΓÄ»ΓÄ»ΓÄ»ΓÄ»ΓÄ»[44/46]ΓÄ»[22m[39m

[31m[1m[7m FAIL [27m[22m[39m src/tests/Tasks.test.jsx[2m > [22mTasks Component[2m > [22mshould fetch tasks after 
successful creation
[31m[1mAssertionError[22m: expected "spy" to be called with arguments: [ '/tasks' ][90m

Received: 

[31m[90m

Number of calls: [1m0[22m
[31m

Ignored nodes: comments, script, style
[36m<html>[31m
  [36m<head />[31m
  [36m<body>[31m
    [36m<div>[31m
      [36m<div[31m
        [33mclass[31m=[32m"min-h-screen bg-gradient-to-br from-slate-900 via-slate-800 to-slate-900 p-4 sm:p-8"[31m
      [36m>[31m
        [36m<div[31m
          [33mclass[31m=[32m"max-w-4xl mx-auto"[31m
        [36m>[31m
          [36m<div[31m
            [33mclass[31m=[32m"flex flex-col sm:flex-row justify-between items-start sm:items-center mb-8 gap-4"[31m
          [36m>[31m
            [36m<h2[31m
              [33mclass[31m=[32m"text-3xl sm:text-4xl font-extrabold bg-gradient-to-r from-purple-400 to-pink-300 
bg-clip-text text-transparent"[31m
            [36m>[31m
              [0mYour Tasks[0m
            [36m</h2>[31m
            [36m<button[31m
              [33mclass[31m=[32m"w-full sm:w-auto bg-slate-700 hover:bg-slate-600 text-white font-semibold py-2 px-4 
rounded-2xl transition-all duration-300 text-sm sm:text-base"[31m
            [36m>[31m
              [0mBack to Profile[0m
            [36m</button>[31m
          [36m</div>[31m
          [36m<form[31m
            [33mclass[31m=[32m"bg-slate-800 bg-opacity-60 backdrop-blur-xl p-4 sm:p-6 rounded-3xl border border-slate-700 
border-opacity-50 shadow-2xl mb-8"[31m
          [36m>[31m
            [36m<h3[31m
              [33mclass[31m=[32m"text-lg sm:text-xl font-bold text-white mb-4"[31m
            [36m>[31m
              [0mCreate New Task[0m
            [36m</h3>[31m
            [36m<div[31m
              [33mclass[31m=[32m"space-y-4"[31m
            [36m>[31m
              [36m<input[31m
                [33mclass[31m=[32m"w-full px-4 sm:px-5 py-2 sm:py-3 bg-slate-700 bg-opacity-50 border border-slate-600 
rounded-2xl text-white placeholder-slate-400 focus:outline-none focus:ring-2 focus:ring-purple-500 transition duration-300 
text-sm sm:text-base"[31m
                [33mplaceholder[31m=[32m"Task Title"[31m
                [33mrequired[31m=[32m""[31m
                [33mtype[31m=[32m"text"[31m
                [33mvalue[31m=[32m""[31m
              [36m/>[31m
              [36m<textarea[31m
                [33mclass[31m=[32m"w-full px-4 sm:px-5 py-2 sm:py-3 bg-slate-700 bg-opacity-50 border border-slate-600 
rounded-2xl text-white placeholder-slate-400 focus:outline-none focus:ring-2 focus:ring-purple-500 transition duration-300 
resize-none h-20 sm:h-24 text-sm sm:text-base"[31m
                [33mplaceholder[31m=[32m"Task Description (optional)"[31m
              [36m/>[31m
              [36m<div[31m
                [33mclass[31m=[32m"flex flex-col sm:flex-row gap-3"[31m
              [36m>[31m
                [36m<button[31m
                  [33mclass[31m=[32m"flex-1 bg-gradient-to-r from-purple-600 to-pink-500 hover:from-purple-700 
hover:to-pink-600 text-white font-bold py-2 sm:py-3 rounded-2xl transition-all duration-300 shadow-lg hover:shadow-pink-500/50 
text-sm sm:text-base"[31m
                  [33mtype[31m=[32m"submit"[31m
                [36m>[31m
                  [0mCreate Task[0m
                [36m</button>[31m
              [36m</div>[31m
            [36m</div>[31m
          [36m</form>[31m
          [36m<div[31m
            [33mclass[31m=[32m"space-y-4"[31m
[2m Test Files [22m [1m[31m6 failed[39m[22m[2m | [22m[1m[32m1 passed[39m[22m[90m (7)[39m
[2m      Tests [22m [1m[31m46 failed[39m[22m[2m | [22m[1m[32m45 passed[39m[22m[90m (91)[39m
[2m   Start at [22m 12:56:08
[2m   Duration [22m 23.03s[2m (transform 741ms, setup 1.58s, collect 3.48s, tests 36.05s, environment 8.13s, prepare 1.56s)[22m

          [36m>[31m
            [36m<div[31m
              [33mclass[31m=[32m"bg-slate-800 bg-opacity-60 backdrop-blur-xl p-6 sm:p-8 rounded-3xl border border-slate-700 
border-opacity-50 shadow-2xl text-center"[31m
            [36m>[31m
              [36m<p[31m
                [33mclass[31m=[32m"text-slate-400 text-base sm:text-lg"[31m
              [36m>[31m
                [0mNo tasks yet. Create your first task above![0m
              [36m</p>[31m
            [36m</div>[31m
          [36m</div>[31m
        [36m</div>[31m
      [36m</div>[31m
    [36m</div>[31m
  [36m</body>[31m
[36m</html>[31m[39m
[36m [2mΓ¥»[22m src/tests/Tasks.test.jsx:[2m201:23[22m[39m
    [90m199| [39m
    [90m200| [39m    [35mawait[39m [34mwaitFor[39m(() [33m=>[39m {
    [90m201| [39m      
[34mexpect[39m([33mAPI[39m[33m.[39m[35mget[39m)[33m.[39m[34mtoHaveBeenCalledWith[39m([32m'/tasks'[39m)[33m;[39m
    [90m   | [39m                      [31m^[39m
    [90m202| [39m    })[33m;[39m
    [90m203| [39m  })[33m;[39m
[90m [2mΓ¥»[22m runWithExpensiveErrorDiagnosticsDisabled 
node_modules/@testing-library/dom/dist/config.js:[2m47:12[22m[39m
[90m [2mΓ¥»[22m checkCallback node_modules/@testing-library/dom/dist/wait-for.js:[2m124:77[22m[39m
[90m [2mΓ¥»[22m Timeout.checkRealTimersCallback node_modules/@testing-library/dom/dist/wait-for.js:[2m118:16[22m[39m

[31m[2mΓÄ»ΓÄ»ΓÄ»ΓÄ»ΓÄ»ΓÄ»ΓÄ»ΓÄ»ΓÄ»ΓÄ»ΓÄ»ΓÄ»ΓÄ»ΓÄ»ΓÄ»ΓÄ»ΓÄ»ΓÄ»ΓÄ»ΓÄ»ΓÄ»ΓÄ»[45/46]ΓÄ»[22m[39m

[31m[1m[7m FAIL [27m[22m[39m src/tests/Tasks.test.jsx[2m > [22mTasks Component[2m > [22mshould handle API errors 
when fetching tasks
[31m[1mAssertionError[22m: expected "spy" to be called at least once

Ignored nodes: comments, script, style
[36m<html>[31m
  [36m<head />[31m
  [36m<body>[31m
    [36m<div>[31m
      [36m<div[31m
        [33mclass[31m=[32m"min-h-screen bg-gradient-to-br from-slate-900 via-slate-800 to-slate-900 p-4 sm:p-8"[31m
      [36m>[31m
        [36m<div[31m
          [33mclass[31m=[32m"max-w-4xl mx-auto"[31m
        [36m>[31m
          [36m<div[31m
            [33mclass[31m=[32m"flex flex-col sm:flex-row justify-between items-start sm:items-center mb-8 gap-4"[31m
          [36m>[31m
            [36m<h2[31m
              [33mclass[31m=[32m"text-3xl sm:text-4xl font-extrabold bg-gradient-to-r from-purple-400 to-pink-300 
bg-clip-text text-transparent"[31m
            [36m>[31m
              [0mYour Tasks[0m
            [36m</h2>[31m
            [36m<button[31m
              [33mclass[31m=[32m"w-full sm:w-auto bg-slate-700 hover:bg-slate-600 text-white font-semibold py-2 px-4 
rounded-2xl transition-all duration-300 text-sm sm:text-base"[31m
            [36m>[31m
              [0mBack to Profile[0m
            [36m</button>[31m
          [36m</div>[31m
          [36m<form[31m
            [33mclass[31m=[32m"bg-slate-800 bg-opacity-60 backdrop-blur-xl p-4 sm:p-6 rounded-3xl border border-slate-700 
border-opacity-50 shadow-2xl mb-8"[31m
          [36m>[31m
            [36m<h3[31m
              [33mclass[31m=[32m"text-lg sm:text-xl font-bold text-white mb-4"[31m
            [36m>[31m
              [0mCreate New Task[0m
            [36m</h3>[31m
            [36m<div[31m
              [33mclass[31m=[32m"space-y-4"[31m
            [36m>[31m
              [36m<input[31m
                [33mclass[31m=[32m"w-full px-4 sm:px-5 py-2 sm:py-3 bg-slate-700 bg-opacity-50 border border-slate-600 
rounded-2xl text-white placeholder-slate-400 focus:outline-none focus:ring-2 focus:ring-purple-500 transition duration-300 
text-sm sm:text-base"[31m
                [33mplaceholder[31m=[32m"Task Title"[31m
                [33mrequired[31m=[32m""[31m
                [33mtype[31m=[32m"text"[31m
                [33mvalue[31m=[32m""[31m
              [36m/>[31m
              [36m<textarea[31m
                [33mclass[31m=[32m"w-full px-4 sm:px-5 py-2 sm:py-3 bg-slate-700 bg-opacity-50 border border-slate-600 
rounded-2xl text-white placeholder-slate-400 focus:outline-none focus:ring-2 focus:ring-purple-500 transition duration-300 
resize-none h-20 sm:h-24 text-sm sm:text-base"[31m
                [33mplaceholder[31m=[32m"Task Description (optional)"[31m
              [36m/>[31m
              [36m<div[31m
                [33mclass[31m=[32m"flex flex-col sm:flex-row gap-3"[31m
              [36m>[31m
                [36m<button[31m
                  [33mclass[31m=[32m"flex-1 bg-gradient-to-r from-purple-600 to-pink-500 hover:from-purple-700 
hover:to-pink-600 text-white font-bold py-2 sm:py-3 rounded-2xl transition-all duration-300 shadow-lg hover:shadow-pink-500/50 
text-sm sm:text-base"[31m
                  [33mtype[31m=[32m"submit"[31m
                [36m>[31m
                  [0mCreate Task[0m
                [36m</button>[31m
              [36m</div>[31m
            [36m</div>[31m
          [36m</form>[31m
          [36m<div[31m
            [33mclass[31m=[32m"space-y-4"[31m
          [36m>[31m
            [36m<div[31m
              [33mclass[31m=[32m"bg-slate-800 bg-opacity-60 backdrop-blur-xl p-6 sm:p-8 rounded-3xl border border-slate-700 
border-opacity-50 shadow-2xl text-center"[31m
            [36m>[31m
              [36m<p[31m
                [33mclass[31m=[32m"text-slate-400 text-base sm:text-lg"[31m
              [36m>[31m
                [0mNo tasks yet. Create your first task above![0m
              [36m</p>[31m
            [36m</div>[31m
          [36m</div>[31m
        [36m</div>[31m
      [36m</div>[31m
    [36m</div>[31m
  [36m</body>[31m
[36m</html>[31m[39m
[36m [2mΓ¥»[22m src/tests/Tasks.test.jsx:[2m211:23[22m[39m
    [90m209| [39m
    [90m210| [39m    [35mawait[39m [34mwaitFor[39m(() [33m=>[39m {
    [90m211| [39m      
[34mexpect[39m([33mAPI[39m[33m.[39m[35mget[39m)[33m.[39m[34mtoHaveBeenCalled[39m()[33m;[39m
    [90m   | [39m                      [31m^[39m
    [90m212| [39m    })[33m;[39m
    [90m213| [39m  })[33m;[39m
[90m [2mΓ¥»[22m runWithExpensiveErrorDiagnosticsDisabled 
node_modules/@testing-library/dom/dist/config.js:[2m47:12[22m[39m
[90m [2mΓ¥»[22m checkCallback node_modules/@testing-library/dom/dist/wait-for.js:[2m124:77[22m[39m
[90m [2mΓ¥»[22m Timeout.checkRealTimersCallback node_modules/@testing-library/dom/dist/wait-for.js:[2m118:16[22m[39m

[31m[2mΓÄ»ΓÄ»ΓÄ»ΓÄ»ΓÄ»ΓÄ»ΓÄ»ΓÄ»ΓÄ»ΓÄ»ΓÄ»ΓÄ»ΓÄ»ΓÄ»ΓÄ»ΓÄ»ΓÄ»ΓÄ»ΓÄ»ΓÄ»ΓÄ»ΓÄ»[46/46]ΓÄ»[22m[39m

